Java HotSpot(TM) 64-Bit Server VM (25.172-b11) for windows-amd64 JRE (1.8.0_172-b11), built on Mar 28 2018 21:21:52 by "java_re" with MS VC++ 10.0 (VS2010)
Memory: 4k page, physical 33500740k(20426972k free), swap 35940852k(13620436k free)
CommandLine flags: -XX:InitialHeapSize=1598029824 -XX:MaxHeapSize=1598029824 -XX:MaxMetaspaceSize=2147483648 -XX:MetaspaceSize=2147483648 -XX:+PrintGC -XX:+PrintGCDetails -XX:+PrintGCTimeStamps -XX:+PrintHeapAtGC -XX:ThreadStackSize=134217728 -XX:+UseCompressedClassPointers -XX:+UseCompressedOops -XX:-UseLargePagesIndividualAllocation -XX:+UseParallelGC 
{Heap before GC invocations=1 (full 0):
 PSYoungGen      total 455168K, used 390144K [0x00000000e0400000, 0x0000000100000000, 0x0000000100000000)
  eden space 390144K, 100% used [0x00000000e0400000,0x00000000f8100000,0x00000000f8100000)
  from space 65024K, 0% used [0x00000000fc080000,0x00000000fc080000,0x0000000100000000)
  to   space 65024K, 0% used [0x00000000f8100000,0x00000000f8100000,0x00000000fc080000)
 ParOldGen       total 1040384K, used 0K [0x00000000a0c00000, 0x00000000e0400000, 0x00000000e0400000)
  object space 1040384K, 0% used [0x00000000a0c00000,0x00000000a0c00000,0x00000000e0400000)
 Metaspace       used 12672K, capacity 12850K, committed 13056K, reserved 1060864K
  class space    used 1465K, capacity 1501K, committed 1536K, reserved 1048576K
6.250: [GC (Allocation Failure) [PSYoungGen: 390144K->43286K(455168K)] 390144K->43366K(1495552K), 0.0264985 secs] [Times: user=0.22 sys=0.00, real=0.03 secs] 
Heap after GC invocations=1 (full 0):
 PSYoungGen      total 455168K, used 43286K [0x00000000e0400000, 0x0000000100000000, 0x0000000100000000)
  eden space 390144K, 0% used [0x00000000e0400000,0x00000000e0400000,0x00000000f8100000)
  from space 65024K, 66% used [0x00000000f8100000,0x00000000fab458d0,0x00000000fc080000)
  to   space 65024K, 0% used [0x00000000fc080000,0x00000000fc080000,0x0000000100000000)
 ParOldGen       total 1040384K, used 80K [0x00000000a0c00000, 0x00000000e0400000, 0x00000000e0400000)
  object space 1040384K, 0% used [0x00000000a0c00000,0x00000000a0c14010,0x00000000e0400000)
 Metaspace       used 12672K, capacity 12850K, committed 13056K, reserved 1060864K
  class space    used 1465K, capacity 1501K, committed 1536K, reserved 1048576K
}
{Heap before GC invocations=2 (full 0):
 PSYoungGen      total 455168K, used 433430K [0x00000000e0400000, 0x0000000100000000, 0x0000000100000000)
  eden space 390144K, 100% used [0x00000000e0400000,0x00000000f8100000,0x00000000f8100000)
  from space 65024K, 66% used [0x00000000f8100000,0x00000000fab458d0,0x00000000fc080000)
  to   space 65024K, 0% used [0x00000000fc080000,0x00000000fc080000,0x0000000100000000)
 ParOldGen       total 1040384K, used 80K [0x00000000a0c00000, 0x00000000e0400000, 0x00000000e0400000)
  object space 1040384K, 0% used [0x00000000a0c00000,0x00000000a0c14010,0x00000000e0400000)
 Metaspace       used 12720K, capacity 12914K, committed 13056K, reserved 1060864K
  class space    used 1465K, capacity 1501K, committed 1536K, reserved 1048576K
12.026: [GC (Allocation Failure) [PSYoungGen: 433430K->39697K(455168K)] 433510K->39785K(1495552K), 0.0261726 secs] [Times: user=0.08 sys=0.02, real=0.03 secs] 
Heap after GC invocations=2 (full 0):
 PSYoungGen      total 455168K, used 39697K [0x00000000e0400000, 0x0000000100000000, 0x0000000100000000)
  eden space 390144K, 0% used [0x00000000e0400000,0x00000000e0400000,0x00000000f8100000)
  from space 65024K, 61% used [0x00000000fc080000,0x00000000fe744458,0x0000000100000000)
  to   space 65024K, 0% used [0x00000000f8100000,0x00000000f8100000,0x00000000fc080000)
 ParOldGen       total 1040384K, used 88K [0x00000000a0c00000, 0x00000000e0400000, 0x00000000e0400000)
  object space 1040384K, 0% used [0x00000000a0c00000,0x00000000a0c16010,0x00000000e0400000)
 Metaspace       used 12720K, capacity 12914K, committed 13056K, reserved 1060864K
  class space    used 1465K, capacity 1501K, committed 1536K, reserved 1048576K
}
{Heap before GC invocations=3 (full 0):
 PSYoungGen      total 455168K, used 429841K [0x00000000e0400000, 0x0000000100000000, 0x0000000100000000)
  eden space 390144K, 100% used [0x00000000e0400000,0x00000000f8100000,0x00000000f8100000)
  from space 65024K, 61% used [0x00000000fc080000,0x00000000fe744458,0x0000000100000000)
  to   space 65024K, 0% used [0x00000000f8100000,0x00000000f8100000,0x00000000fc080000)
 ParOldGen       total 1040384K, used 88K [0x00000000a0c00000, 0x00000000e0400000, 0x00000000e0400000)
  object space 1040384K, 0% used [0x00000000a0c00000,0x00000000a0c16010,0x00000000e0400000)
 Metaspace       used 12777K, capacity 12978K, committed 13056K, reserved 1060864K
  class space    used 1465K, capacity 1501K, committed 1536K, reserved 1048576K
17.560: [GC (Allocation Failure) [PSYoungGen: 429841K->39761K(455168K)] 429929K->39857K(1495552K), 0.0177642 secs] [Times: user=0.13 sys=0.00, real=0.02 secs] 
Heap after GC invocations=3 (full 0):
 PSYoungGen      total 455168K, used 39761K [0x00000000e0400000, 0x0000000100000000, 0x0000000100000000)
  eden space 390144K, 0% used [0x00000000e0400000,0x00000000e0400000,0x00000000f8100000)
  from space 65024K, 61% used [0x00000000f8100000,0x00000000fa7d4458,0x00000000fc080000)
  to   space 65024K, 0% used [0x00000000fc080000,0x00000000fc080000,0x0000000100000000)
 ParOldGen       total 1040384K, used 96K [0x00000000a0c00000, 0x00000000e0400000, 0x00000000e0400000)
  object space 1040384K, 0% used [0x00000000a0c00000,0x00000000a0c18010,0x00000000e0400000)
 Metaspace       used 12777K, capacity 12978K, committed 13056K, reserved 1060864K
  class space    used 1465K, capacity 1501K, committed 1536K, reserved 1048576K
}
{Heap before GC invocations=4 (full 0):
 PSYoungGen      total 455168K, used 429905K [0x00000000e0400000, 0x0000000100000000, 0x0000000100000000)
  eden space 390144K, 100% used [0x00000000e0400000,0x00000000f8100000,0x00000000f8100000)
  from space 65024K, 61% used [0x00000000f8100000,0x00000000fa7d4458,0x00000000fc080000)
  to   space 65024K, 0% used [0x00000000fc080000,0x00000000fc080000,0x0000000100000000)
 ParOldGen       total 1040384K, used 96K [0x00000000a0c00000, 0x00000000e0400000, 0x00000000e0400000)
  object space 1040384K, 0% used [0x00000000a0c00000,0x00000000a0c18010,0x00000000e0400000)
 Metaspace       used 12791K, capacity 12978K, committed 13056K, reserved 1060864K
  class space    used 1465K, capacity 1501K, committed 1536K, reserved 1048576K
23.200: [GC (Allocation Failure) [PSYoungGen: 429905K->39681K(455168K)] 430001K->39785K(1495552K), 0.0186530 secs] [Times: user=0.13 sys=0.00, real=0.02 secs] 
Heap after GC invocations=4 (full 0):
 PSYoungGen      total 455168K, used 39681K [0x00000000e0400000, 0x0000000100000000, 0x0000000100000000)
  eden space 390144K, 0% used [0x00000000e0400000,0x00000000e0400000,0x00000000f8100000)
  from space 65024K, 61% used [0x00000000fc080000,0x00000000fe740448,0x0000000100000000)
  to   space 65024K, 0% used [0x00000000f8100000,0x00000000f8100000,0x00000000fc080000)
 ParOldGen       total 1040384K, used 104K [0x00000000a0c00000, 0x00000000e0400000, 0x00000000e0400000)
  object space 1040384K, 0% used [0x00000000a0c00000,0x00000000a0c1a010,0x00000000e0400000)
 Metaspace       used 12791K, capacity 12978K, committed 13056K, reserved 1060864K
  class space    used 1465K, capacity 1501K, committed 1536K, reserved 1048576K
}
{Heap before GC invocations=5 (full 0):
 PSYoungGen      total 455168K, used 429825K [0x00000000e0400000, 0x0000000100000000, 0x0000000100000000)
  eden space 390144K, 100% used [0x00000000e0400000,0x00000000f8100000,0x00000000f8100000)
  from space 65024K, 61% used [0x00000000fc080000,0x00000000fe740448,0x0000000100000000)
  to   space 65024K, 0% used [0x00000000f8100000,0x00000000f8100000,0x00000000fc080000)
 ParOldGen       total 1040384K, used 104K [0x00000000a0c00000, 0x00000000e0400000, 0x00000000e0400000)
  object space 1040384K, 0% used [0x00000000a0c00000,0x00000000a0c1a010,0x00000000e0400000)
 Metaspace       used 12822K, capacity 12978K, committed 13056K, reserved 1060864K
  class space    used 1465K, capacity 1501K, committed 1536K, reserved 1048576K
28.736: [GC (Allocation Failure) [PSYoungGen: 429825K->39688K(455168K)] 429929K->39800K(1495552K), 0.0188430 secs] [Times: user=0.11 sys=0.00, real=0.02 secs] 
Heap after GC invocations=5 (full 0):
 PSYoungGen      total 455168K, used 39688K [0x00000000e0400000, 0x0000000100000000, 0x0000000100000000)
  eden space 390144K, 0% used [0x00000000e0400000,0x00000000e0400000,0x00000000f8100000)
  from space 65024K, 61% used [0x00000000f8100000,0x00000000fa7c2170,0x00000000fc080000)
  to   space 43520K, 0% used [0x00000000fd580000,0x00000000fd580000,0x0000000100000000)
 ParOldGen       total 1040384K, used 112K [0x00000000a0c00000, 0x00000000e0400000, 0x00000000e0400000)
  object space 1040384K, 0% used [0x00000000a0c00000,0x00000000a0c1c010,0x00000000e0400000)
 Metaspace       used 12822K, capacity 12978K, committed 13056K, reserved 1060864K
  class space    used 1465K, capacity 1501K, committed 1536K, reserved 1048576K
}
{Heap before GC invocations=6 (full 0):
 PSYoungGen      total 455168K, used 429832K [0x00000000e0400000, 0x0000000100000000, 0x0000000100000000)
  eden space 390144K, 100% used [0x00000000e0400000,0x00000000f8100000,0x00000000f8100000)
  from space 65024K, 61% used [0x00000000f8100000,0x00000000fa7c2170,0x00000000fc080000)
  to   space 43520K, 0% used [0x00000000fd580000,0x00000000fd580000,0x0000000100000000)
 ParOldGen       total 1040384K, used 112K [0x00000000a0c00000, 0x00000000e0400000, 0x00000000e0400000)
  object space 1040384K, 0% used [0x00000000a0c00000,0x00000000a0c1c010,0x00000000e0400000)
 Metaspace       used 12839K, capacity 12978K, committed 13056K, reserved 1060864K
  class space    used 1467K, capacity 1501K, committed 1536K, reserved 1048576K
34.032: [GC (Allocation Failure) [PSYoungGen: 429832K->39665K(477184K)] 429944K->39785K(1517568K), 0.0208820 secs] [Times: user=0.13 sys=0.00, real=0.02 secs] 
Heap after GC invocations=6 (full 0):
 PSYoungGen      total 477184K, used 39665K [0x00000000e0400000, 0x0000000100000000, 0x0000000100000000)
  eden space 433664K, 0% used [0x00000000e0400000,0x00000000e0400000,0x00000000fab80000)
  from space 43520K, 91% used [0x00000000fd580000,0x00000000ffc3c438,0x0000000100000000)
  to   space 43008K, 0% used [0x00000000fab80000,0x00000000fab80000,0x00000000fd580000)
 ParOldGen       total 1040384K, used 120K [0x00000000a0c00000, 0x00000000e0400000, 0x00000000e0400000)
  object space 1040384K, 0% used [0x00000000a0c00000,0x00000000a0c1e010,0x00000000e0400000)
 Metaspace       used 12839K, capacity 12978K, committed 13056K, reserved 1060864K
  class space    used 1467K, capacity 1501K, committed 1536K, reserved 1048576K
}
{Heap before GC invocations=7 (full 0):
 PSYoungGen      total 477184K, used 473329K [0x00000000e0400000, 0x0000000100000000, 0x0000000100000000)
  eden space 433664K, 100% used [0x00000000e0400000,0x00000000fab80000,0x00000000fab80000)
  from space 43520K, 91% used [0x00000000fd580000,0x00000000ffc3c438,0x0000000100000000)
  to   space 43008K, 0% used [0x00000000fab80000,0x00000000fab80000,0x00000000fd580000)
 ParOldGen       total 1040384K, used 120K [0x00000000a0c00000, 0x00000000e0400000, 0x00000000e0400000)
  object space 1040384K, 0% used [0x00000000a0c00000,0x00000000a0c1e010,0x00000000e0400000)
 Metaspace       used 12841K, capacity 12978K, committed 13056K, reserved 1060864K
  class space    used 1467K, capacity 1501K, committed 1536K, reserved 1048576K
40.255: [GC (Allocation Failure) [PSYoungGen: 473329K->672K(423424K)] 473449K->40431K(1463808K), 0.0218297 secs] [Times: user=0.11 sys=0.02, real=0.02 secs] 
Heap after GC invocations=7 (full 0):
 PSYoungGen      total 423424K, used 672K [0x00000000e0400000, 0x0000000100000000, 0x0000000100000000)
  eden space 422400K, 0% used [0x00000000e0400000,0x00000000e0400000,0x00000000fa080000)
  from space 1024K, 65% used [0x00000000fab80000,0x00000000fac28000,0x00000000fac80000)
  to   space 51712K, 0% used [0x00000000fcd80000,0x00000000fcd80000,0x0000000100000000)
 ParOldGen       total 1040384K, used 39759K [0x00000000a0c00000, 0x00000000e0400000, 0x00000000e0400000)
  object space 1040384K, 3% used [0x00000000a0c00000,0x00000000a32d3cd0,0x00000000e0400000)
 Metaspace       used 12841K, capacity 12978K, committed 13056K, reserved 1060864K
  class space    used 1467K, capacity 1501K, committed 1536K, reserved 1048576K
}
{Heap before GC invocations=8 (full 0):
 PSYoungGen      total 423424K, used 423072K [0x00000000e0400000, 0x0000000100000000, 0x0000000100000000)
  eden space 422400K, 100% used [0x00000000e0400000,0x00000000fa080000,0x00000000fa080000)
  from space 1024K, 65% used [0x00000000fab80000,0x00000000fac28000,0x00000000fac80000)
  to   space 51712K, 0% used [0x00000000fcd80000,0x00000000fcd80000,0x0000000100000000)
 ParOldGen       total 1040384K, used 39759K [0x00000000a0c00000, 0x00000000e0400000, 0x00000000e0400000)
  object space 1040384K, 3% used [0x00000000a0c00000,0x00000000a32d3cd0,0x00000000e0400000)
 Metaspace       used 12841K, capacity 12978K, committed 13056K, reserved 1060864K
  class space    used 1467K, capacity 1501K, committed 1536K, reserved 1048576K
46.087: [GC (Allocation Failure) [PSYoungGen: 423072K->192K(459264K)] 462831K->39967K(1499648K), 0.0015865 secs] [Times: user=0.00 sys=0.00, real=0.00 secs] 
Heap after GC invocations=8 (full 0):
 PSYoungGen      total 459264K, used 192K [0x00000000e0400000, 0x0000000100000000, 0x0000000100000000)
  eden space 407552K, 0% used [0x00000000e0400000,0x00000000e0400000,0x00000000f9200000)
  from space 51712K, 0% used [0x00000000fcd80000,0x00000000fcdb0000,0x0000000100000000)
  to   space 56320K, 0% used [0x00000000f9200000,0x00000000f9200000,0x00000000fc900000)
 ParOldGen       total 1040384K, used 39775K [0x00000000a0c00000, 0x00000000e0400000, 0x00000000e0400000)
  object space 1040384K, 3% used [0x00000000a0c00000,0x00000000a32d7cd0,0x00000000e0400000)
 Metaspace       used 12841K, capacity 12978K, committed 13056K, reserved 1060864K
  class space    used 1467K, capacity 1501K, committed 1536K, reserved 1048576K
}
{Heap before GC invocations=9 (full 0):
 PSYoungGen      total 459264K, used 407744K [0x00000000e0400000, 0x0000000100000000, 0x0000000100000000)
  eden space 407552K, 100% used [0x00000000e0400000,0x00000000f9200000,0x00000000f9200000)
  from space 51712K, 0% used [0x00000000fcd80000,0x00000000fcdb0000,0x0000000100000000)
  to   space 56320K, 0% used [0x00000000f9200000,0x00000000f9200000,0x00000000fc900000)
 ParOldGen       total 1040384K, used 39775K [0x00000000a0c00000, 0x00000000e0400000, 0x00000000e0400000)
  object space 1040384K, 3% used [0x00000000a0c00000,0x00000000a32d7cd0,0x00000000e0400000)
 Metaspace       used 12841K, capacity 12978K, committed 13056K, reserved 1060864K
  class space    used 1467K, capacity 1501K, committed 1536K, reserved 1048576K
51.855: [GC (Allocation Failure) [PSYoungGen: 407744K->128K(408064K)] 447519K->39935K(1448448K), 0.0017059 secs] [Times: user=0.00 sys=0.00, real=0.00 secs] 
Heap after GC invocations=9 (full 0):
 PSYoungGen      total 408064K, used 128K [0x00000000e0400000, 0x0000000100000000, 0x0000000100000000)
  eden space 407552K, 0% used [0x00000000e0400000,0x00000000e0400000,0x00000000f9200000)
  from space 512K, 25% used [0x00000000f9200000,0x00000000f9220000,0x00000000f9280000)
  to   space 59392K, 0% used [0x00000000fc600000,0x00000000fc600000,0x0000000100000000)
 ParOldGen       total 1040384K, used 39807K [0x00000000a0c00000, 0x00000000e0400000, 0x00000000e0400000)
  object space 1040384K, 3% used [0x00000000a0c00000,0x00000000a32dfcd0,0x00000000e0400000)
 Metaspace       used 12841K, capacity 12978K, committed 13056K, reserved 1060864K
  class space    used 1467K, capacity 1501K, committed 1536K, reserved 1048576K
}
{Heap before GC invocations=10 (full 0):
 PSYoungGen      total 408064K, used 407680K [0x00000000e0400000, 0x0000000100000000, 0x0000000100000000)
  eden space 407552K, 100% used [0x00000000e0400000,0x00000000f9200000,0x00000000f9200000)
  from space 512K, 25% used [0x00000000f9200000,0x00000000f9220000,0x00000000f9280000)
  to   space 59392K, 0% used [0x00000000fc600000,0x00000000fc600000,0x0000000100000000)
 ParOldGen       total 1040384K, used 39807K [0x00000000a0c00000, 0x00000000e0400000, 0x00000000e0400000)
  object space 1040384K, 3% used [0x00000000a0c00000,0x00000000a32dfcd0,0x00000000e0400000)
 Metaspace       used 12841K, capacity 12978K, committed 13056K, reserved 1060864K
  class space    used 1467K, capacity 1501K, committed 1536K, reserved 1048576K
57.526: [GC (Allocation Failure) [PSYoungGen: 407680K->160K(458752K)] 447487K->39991K(1499136K), 0.0017158 secs] [Times: user=0.00 sys=0.00, real=0.00 secs] 
Heap after GC invocations=10 (full 0):
 PSYoungGen      total 458752K, used 160K [0x00000000e0400000, 0x0000000100000000, 0x0000000100000000)
  eden space 399360K, 0% used [0x00000000e0400000,0x00000000e0400000,0x00000000f8a00000)
  from space 59392K, 0% used [0x00000000fc600000,0x00000000fc628000,0x0000000100000000)
  to   space 60416K, 0% used [0x00000000f8a00000,0x00000000f8a00000,0x00000000fc500000)
 ParOldGen       total 1040384K, used 39831K [0x00000000a0c00000, 0x00000000e0400000, 0x00000000e0400000)
  object space 1040384K, 3% used [0x00000000a0c00000,0x00000000a32e5cd0,0x00000000e0400000)
 Metaspace       used 12841K, capacity 12978K, committed 13056K, reserved 1060864K
  class space    used 1467K, capacity 1501K, committed 1536K, reserved 1048576K
}
{Heap before GC invocations=11 (full 0):
 PSYoungGen      total 458752K, used 399520K [0x00000000e0400000, 0x0000000100000000, 0x0000000100000000)
  eden space 399360K, 100% used [0x00000000e0400000,0x00000000f8a00000,0x00000000f8a00000)
  from space 59392K, 0% used [0x00000000fc600000,0x00000000fc628000,0x0000000100000000)
  to   space 60416K, 0% used [0x00000000f8a00000,0x00000000f8a00000,0x00000000fc500000)
 ParOldGen       total 1040384K, used 39831K [0x00000000a0c00000, 0x00000000e0400000, 0x00000000e0400000)
  object space 1040384K, 3% used [0x00000000a0c00000,0x00000000a32e5cd0,0x00000000e0400000)
 Metaspace       used 12842K, capacity 12978K, committed 13056K, reserved 1060864K
  class space    used 1467K, capacity 1501K, committed 1536K, reserved 1048576K
63.071: [GC (Allocation Failure) [PSYoungGen: 399520K->1920K(401408K)] 439351K->41783K(1441792K), 0.0026821 secs] [Times: user=0.00 sys=0.00, real=0.00 secs] 
Heap after GC invocations=11 (full 0):
 PSYoungGen      total 401408K, used 1920K [0x00000000e0400000, 0x0000000100000000, 0x0000000100000000)
  eden space 399360K, 0% used [0x00000000e0400000,0x00000000e0400000,0x00000000f8a00000)
  from space 2048K, 93% used [0x00000000f8a00000,0x00000000f8be0000,0x00000000f8c00000)
  to   space 60928K, 0% used [0x00000000fc480000,0x00000000fc480000,0x0000000100000000)
 ParOldGen       total 1040384K, used 39863K [0x00000000a0c00000, 0x00000000e0400000, 0x00000000e0400000)
  object space 1040384K, 3% used [0x00000000a0c00000,0x00000000a32edcd0,0x00000000e0400000)
 Metaspace       used 12842K, capacity 12978K, committed 13056K, reserved 1060864K
  class space    used 1467K, capacity 1501K, committed 1536K, reserved 1048576K
}
{Heap before GC invocations=12 (full 0):
 PSYoungGen      total 401408K, used 401280K [0x00000000e0400000, 0x0000000100000000, 0x0000000100000000)
  eden space 399360K, 100% used [0x00000000e0400000,0x00000000f8a00000,0x00000000f8a00000)
  from space 2048K, 93% used [0x00000000f8a00000,0x00000000f8be0000,0x00000000f8c00000)
  to   space 60928K, 0% used [0x00000000fc480000,0x00000000fc480000,0x0000000100000000)
 ParOldGen       total 1040384K, used 39863K [0x00000000a0c00000, 0x00000000e0400000, 0x00000000e0400000)
  object space 1040384K, 3% used [0x00000000a0c00000,0x00000000a32edcd0,0x00000000e0400000)
 Metaspace       used 12848K, capacity 12978K, committed 13056K, reserved 1060864K
  class space    used 1467K, capacity 1501K, committed 1536K, reserved 1048576K
68.637: [GC (Allocation Failure) [PSYoungGen: 401280K->160K(459264K)] 441143K->40055K(1499648K), 0.0015861 secs] [Times: user=0.00 sys=0.00, real=0.00 secs] 
Heap after GC invocations=12 (full 0):
 PSYoungGen      total 459264K, used 160K [0x00000000e0400000, 0x0000000100000000, 0x0000000100000000)
  eden space 398336K, 0% used [0x00000000e0400000,0x00000000e0400000,0x00000000f8900000)
  from space 60928K, 0% used [0x00000000fc480000,0x00000000fc4a8000,0x0000000100000000)
  to   space 60928K, 0% used [0x00000000f8900000,0x00000000f8900000,0x00000000fc480000)
 ParOldGen       total 1040384K, used 39895K [0x00000000a0c00000, 0x00000000e0400000, 0x00000000e0400000)
  object space 1040384K, 3% used [0x00000000a0c00000,0x00000000a32f5cd0,0x00000000e0400000)
 Metaspace       used 12848K, capacity 12978K, committed 13056K, reserved 1060864K
  class space    used 1467K, capacity 1501K, committed 1536K, reserved 1048576K
}
{Heap before GC invocations=13 (full 0):
 PSYoungGen      total 459264K, used 398496K [0x00000000e0400000, 0x0000000100000000, 0x0000000100000000)
  eden space 398336K, 100% used [0x00000000e0400000,0x00000000f8900000,0x00000000f8900000)
  from space 60928K, 0% used [0x00000000fc480000,0x00000000fc4a8000,0x0000000100000000)
  to   space 60928K, 0% used [0x00000000f8900000,0x00000000f8900000,0x00000000fc480000)
 ParOldGen       total 1040384K, used 39895K [0x00000000a0c00000, 0x00000000e0400000, 0x00000000e0400000)
  object space 1040384K, 3% used [0x00000000a0c00000,0x00000000a32f5cd0,0x00000000e0400000)
 Metaspace       used 12848K, capacity 12978K, committed 13056K, reserved 1060864K
  class space    used 1467K, capacity 1501K, committed 1536K, reserved 1048576K
74.185: [GC (Allocation Failure) [PSYoungGen: 398496K->160K(459264K)] 438391K->40079K(1499648K), 0.0015280 secs] [Times: user=0.00 sys=0.00, real=0.00 secs] 
Heap after GC invocations=13 (full 0):
 PSYoungGen      total 459264K, used 160K [0x00000000e0400000, 0x0000000100000000, 0x0000000100000000)
  eden space 398336K, 0% used [0x00000000e0400000,0x00000000e0400000,0x00000000f8900000)
  from space 60928K, 0% used [0x00000000f8900000,0x00000000f8928000,0x00000000fc480000)
  to   space 59904K, 0% used [0x00000000fc580000,0x00000000fc580000,0x0000000100000000)
 ParOldGen       total 1040384K, used 39919K [0x00000000a0c00000, 0x00000000e0400000, 0x00000000e0400000)
  object space 1040384K, 3% used [0x00000000a0c00000,0x00000000a32fbcd0,0x00000000e0400000)
 Metaspace       used 12848K, capacity 12978K, committed 13056K, reserved 1060864K
  class space    used 1467K, capacity 1501K, committed 1536K, reserved 1048576K
}
{Heap before GC invocations=14 (full 0):
 PSYoungGen      total 459264K, used 398496K [0x00000000e0400000, 0x0000000100000000, 0x0000000100000000)
  eden space 398336K, 100% used [0x00000000e0400000,0x00000000f8900000,0x00000000f8900000)
  from space 60928K, 0% used [0x00000000f8900000,0x00000000f8928000,0x00000000fc480000)
  to   space 59904K, 0% used [0x00000000fc580000,0x00000000fc580000,0x0000000100000000)
 ParOldGen       total 1040384K, used 39919K [0x00000000a0c00000, 0x00000000e0400000, 0x00000000e0400000)
  object space 1040384K, 3% used [0x00000000a0c00000,0x00000000a32fbcd0,0x00000000e0400000)
 Metaspace       used 12848K, capacity 12978K, committed 13056K, reserved 1060864K
  class space    used 1467K, capacity 1501K, committed 1536K, reserved 1048576K
79.708: [GC (Allocation Failure) [PSYoungGen: 398496K->160K(461312K)] 438415K->40103K(1501696K), 0.0015700 secs] [Times: user=0.11 sys=0.00, real=0.00 secs] 
Heap after GC invocations=14 (full 0):
 PSYoungGen      total 461312K, used 160K [0x00000000e0400000, 0x0000000100000000, 0x0000000100000000)
  eden space 401408K, 0% used [0x00000000e0400000,0x00000000e0400000,0x00000000f8c00000)
  from space 59904K, 0% used [0x00000000fc580000,0x00000000fc5a8000,0x0000000100000000)
  to   space 58880K, 0% used [0x00000000f8c00000,0x00000000f8c00000,0x00000000fc580000)
 ParOldGen       total 1040384K, used 39943K [0x00000000a0c00000, 0x00000000e0400000, 0x00000000e0400000)
  object space 1040384K, 3% used [0x00000000a0c00000,0x00000000a3301cd0,0x00000000e0400000)
 Metaspace       used 12848K, capacity 12978K, committed 13056K, reserved 1060864K
  class space    used 1467K, capacity 1501K, committed 1536K, reserved 1048576K
}
{Heap before GC invocations=15 (full 0):
 PSYoungGen      total 461312K, used 401568K [0x00000000e0400000, 0x0000000100000000, 0x0000000100000000)
  eden space 401408K, 100% used [0x00000000e0400000,0x00000000f8c00000,0x00000000f8c00000)
  from space 59904K, 0% used [0x00000000fc580000,0x00000000fc5a8000,0x0000000100000000)
  to   space 58880K, 0% used [0x00000000f8c00000,0x00000000f8c00000,0x00000000fc580000)
 ParOldGen       total 1040384K, used 39943K [0x00000000a0c00000, 0x00000000e0400000, 0x00000000e0400000)
  object space 1040384K, 3% used [0x00000000a0c00000,0x00000000a3301cd0,0x00000000e0400000)
 Metaspace       used 12848K, capacity 12978K, committed 13056K, reserved 1060864K
  class space    used 1467K, capacity 1501K, committed 1536K, reserved 1048576K
85.263: [GC (Allocation Failure) [PSYoungGen: 401568K->160K(460288K)] 441511K->40103K(1500672K), 0.0012932 secs] [Times: user=0.00 sys=0.00, real=0.00 secs] 
Heap after GC invocations=15 (full 0):
 PSYoungGen      total 460288K, used 160K [0x00000000e0400000, 0x0000000100000000, 0x0000000100000000)
  eden space 401408K, 0% used [0x00000000e0400000,0x00000000e0400000,0x00000000f8c00000)
  from space 58880K, 0% used [0x00000000f8c00000,0x00000000f8c28000,0x00000000fc580000)
  to   space 57344K, 0% used [0x00000000fc800000,0x00000000fc800000,0x0000000100000000)
 ParOldGen       total 1040384K, used 39943K [0x00000000a0c00000, 0x00000000e0400000, 0x00000000e0400000)
  object space 1040384K, 3% used [0x00000000a0c00000,0x00000000a3301cd0,0x00000000e0400000)
 Metaspace       used 12848K, capacity 12978K, committed 13056K, reserved 1060864K
  class space    used 1467K, capacity 1501K, committed 1536K, reserved 1048576K
}
{Heap before GC invocations=16 (full 0):
 PSYoungGen      total 460288K, used 401568K [0x00000000e0400000, 0x0000000100000000, 0x0000000100000000)
  eden space 401408K, 100% used [0x00000000e0400000,0x00000000f8c00000,0x00000000f8c00000)
  from space 58880K, 0% used [0x00000000f8c00000,0x00000000f8c28000,0x00000000fc580000)
  to   space 57344K, 0% used [0x00000000fc800000,0x00000000fc800000,0x0000000100000000)
 ParOldGen       total 1040384K, used 39943K [0x00000000a0c00000, 0x00000000e0400000, 0x00000000e0400000)
  object space 1040384K, 3% used [0x00000000a0c00000,0x00000000a3301cd0,0x00000000e0400000)
 Metaspace       used 12848K, capacity 12978K, committed 13056K, reserved 1060864K
  class space    used 1467K, capacity 1501K, committed 1536K, reserved 1048576K
90.809: [GC (Allocation Failure) [PSYoungGen: 401568K->160K(464384K)] 441511K->40103K(1504768K), 0.0017724 secs] [Times: user=0.00 sys=0.00, real=0.00 secs] 
Heap after GC invocations=16 (full 0):
 PSYoungGen      total 464384K, used 160K [0x00000000e0400000, 0x0000000100000000, 0x0000000100000000)
  eden space 407040K, 0% used [0x00000000e0400000,0x00000000e0400000,0x00000000f9180000)
  from space 57344K, 0% used [0x00000000fc800000,0x00000000fc828000,0x0000000100000000)
  to   space 55808K, 0% used [0x00000000f9180000,0x00000000f9180000,0x00000000fc800000)
 ParOldGen       total 1040384K, used 39943K [0x00000000a0c00000, 0x00000000e0400000, 0x00000000e0400000)
  object space 1040384K, 3% used [0x00000000a0c00000,0x00000000a3301cd0,0x00000000e0400000)
 Metaspace       used 12848K, capacity 12978K, committed 13056K, reserved 1060864K
  class space    used 1467K, capacity 1501K, committed 1536K, reserved 1048576K
}
{Heap before GC invocations=17 (full 0):
 PSYoungGen      total 464384K, used 407200K [0x00000000e0400000, 0x0000000100000000, 0x0000000100000000)
  eden space 407040K, 100% used [0x00000000e0400000,0x00000000f9180000,0x00000000f9180000)
  from space 57344K, 0% used [0x00000000fc800000,0x00000000fc828000,0x0000000100000000)
  to   space 55808K, 0% used [0x00000000f9180000,0x00000000f9180000,0x00000000fc800000)
 ParOldGen       total 1040384K, used 39943K [0x00000000a0c00000, 0x00000000e0400000, 0x00000000e0400000)
  object space 1040384K, 3% used [0x00000000a0c00000,0x00000000a3301cf8,0x00000000e0400000)
 Metaspace       used 12852K, capacity 12978K, committed 13056K, reserved 1060864K
  class space    used 1467K, capacity 1501K, committed 1536K, reserved 1048576K
96.304: [GC (GCLocker Initiated GC) [PSYoungGen: 407200K->1888K(462848K)] 447143K->41831K(1503232K), 0.0024551 secs] [Times: user=0.00 sys=0.00, real=0.00 secs] 
Heap after GC invocations=17 (full 0):
 PSYoungGen      total 462848K, used 1888K [0x00000000e0400000, 0x0000000100000000, 0x0000000100000000)
  eden space 407040K, 0% used [0x00000000e0400000,0x00000000e0400000,0x00000000f9180000)
  from space 55808K, 3% used [0x00000000f9180000,0x00000000f9358000,0x00000000fc800000)
  to   space 53248K, 0% used [0x00000000fcc00000,0x00000000fcc00000,0x0000000100000000)
 ParOldGen       total 1040384K, used 39943K [0x00000000a0c00000, 0x00000000e0400000, 0x00000000e0400000)
  object space 1040384K, 3% used [0x00000000a0c00000,0x00000000a3301cf8,0x00000000e0400000)
 Metaspace       used 12852K, capacity 12978K, committed 13056K, reserved 1060864K
  class space    used 1467K, capacity 1501K, committed 1536K, reserved 1048576K
}
{Heap before GC invocations=18 (full 0):
 PSYoungGen      total 462848K, used 408928K [0x00000000e0400000, 0x0000000100000000, 0x0000000100000000)
  eden space 407040K, 100% used [0x00000000e0400000,0x00000000f9180000,0x00000000f9180000)
  from space 55808K, 3% used [0x00000000f9180000,0x00000000f9358000,0x00000000fc800000)
  to   space 53248K, 0% used [0x00000000fcc00000,0x00000000fcc00000,0x0000000100000000)
 ParOldGen       total 1040384K, used 39946K [0x00000000a0c00000, 0x00000000e0400000, 0x00000000e0400000)
  object space 1040384K, 3% used [0x00000000a0c00000,0x00000000a3302b28,0x00000000e0400000)
 Metaspace       used 12853K, capacity 12978K, committed 13056K, reserved 1060864K
  class space    used 1467K, capacity 1501K, committed 1536K, reserved 1048576K
101.938: [GC (Allocation Failure) [PSYoungGen: 408928K->256K(468992K)] 448874K->40242K(1509376K), 0.0013274 secs] [Times: user=0.00 sys=0.00, real=0.00 secs] 
Heap after GC invocations=18 (full 0):
 PSYoungGen      total 468992K, used 256K [0x00000000e0400000, 0x0000000100000000, 0x0000000100000000)
  eden space 415744K, 0% used [0x00000000e0400000,0x00000000e0400000,0x00000000f9a00000)
  from space 53248K, 0% used [0x00000000fcc00000,0x00000000fcc40000,0x0000000100000000)
  to   space 51200K, 0% used [0x00000000f9a00000,0x00000000f9a00000,0x00000000fcc00000)
 ParOldGen       total 1040384K, used 39986K [0x00000000a0c00000, 0x00000000e0400000, 0x00000000e0400000)
  object space 1040384K, 3% used [0x00000000a0c00000,0x00000000a330cb28,0x00000000e0400000)
 Metaspace       used 12853K, capacity 12978K, committed 13056K, reserved 1060864K
  class space    used 1467K, capacity 1501K, committed 1536K, reserved 1048576K
}
{Heap before GC invocations=19 (full 0):
 PSYoungGen      total 468992K, used 416000K [0x00000000e0400000, 0x0000000100000000, 0x0000000100000000)
  eden space 415744K, 100% used [0x00000000e0400000,0x00000000f9a00000,0x00000000f9a00000)
  from space 53248K, 0% used [0x00000000fcc00000,0x00000000fcc40000,0x0000000100000000)
  to   space 51200K, 0% used [0x00000000f9a00000,0x00000000f9a00000,0x00000000fcc00000)
 ParOldGen       total 1040384K, used 39986K [0x00000000a0c00000, 0x00000000e0400000, 0x00000000e0400000)
  object space 1040384K, 3% used [0x00000000a0c00000,0x00000000a330cb28,0x00000000e0400000)
 Metaspace       used 12853K, capacity 12978K, committed 13056K, reserved 1060864K
  class space    used 1467K, capacity 1501K, committed 1536K, reserved 1048576K
107.917: [GC (Allocation Failure) [PSYoungGen: 416000K->192K(466944K)] 455986K->40178K(1507328K), 0.0012409 secs] [Times: user=0.00 sys=0.00, real=0.00 secs] 
Heap after GC invocations=19 (full 0):
 PSYoungGen      total 466944K, used 192K [0x00000000e0400000, 0x0000000100000000, 0x0000000100000000)
  eden space 415744K, 0% used [0x00000000e0400000,0x00000000e0400000,0x00000000f9a00000)
  from space 51200K, 0% used [0x00000000f9a00000,0x00000000f9a30000,0x00000000fcc00000)
  to   space 49152K, 0% used [0x00000000fd000000,0x00000000fd000000,0x0000000100000000)
 ParOldGen       total 1040384K, used 39986K [0x00000000a0c00000, 0x00000000e0400000, 0x00000000e0400000)
  object space 1040384K, 3% used [0x00000000a0c00000,0x00000000a330cb28,0x00000000e0400000)
 Metaspace       used 12853K, capacity 12978K, committed 13056K, reserved 1060864K
  class space    used 1467K, capacity 1501K, committed 1536K, reserved 1048576K
}
{Heap before GC invocations=20 (full 0):
 PSYoungGen      total 466944K, used 415936K [0x00000000e0400000, 0x0000000100000000, 0x0000000100000000)
  eden space 415744K, 100% used [0x00000000e0400000,0x00000000f9a00000,0x00000000f9a00000)
  from space 51200K, 0% used [0x00000000f9a00000,0x00000000f9a30000,0x00000000fcc00000)
  to   space 49152K, 0% used [0x00000000fd000000,0x00000000fd000000,0x0000000100000000)
 ParOldGen       total 1040384K, used 39986K [0x00000000a0c00000, 0x00000000e0400000, 0x00000000e0400000)
  object space 1040384K, 3% used [0x00000000a0c00000,0x00000000a330cb28,0x00000000e0400000)
 Metaspace       used 12853K, capacity 12978K, committed 13056K, reserved 1060864K
  class space    used 1467K, capacity 1501K, committed 1536K, reserved 1048576K
113.776: [GC (Allocation Failure) [PSYoungGen: 415936K->256K(473088K)] 455922K->40274K(1513472K), 0.0012754 secs] [Times: user=0.00 sys=0.00, real=0.00 secs] 
Heap after GC invocations=20 (full 0):
 PSYoungGen      total 473088K, used 256K [0x00000000e0400000, 0x0000000100000000, 0x0000000100000000)
  eden space 423936K, 0% used [0x00000000e0400000,0x00000000e0400000,0x00000000fa200000)
  from space 49152K, 0% used [0x00000000fd000000,0x00000000fd040000,0x0000000100000000)
  to   space 47104K, 0% used [0x00000000fa200000,0x00000000fa200000,0x00000000fd000000)
 ParOldGen       total 1040384K, used 40018K [0x00000000a0c00000, 0x00000000e0400000, 0x00000000e0400000)
  object space 1040384K, 3% used [0x00000000a0c00000,0x00000000a3314b28,0x00000000e0400000)
 Metaspace       used 12853K, capacity 12978K, committed 13056K, reserved 1060864K
  class space    used 1467K, capacity 1501K, committed 1536K, reserved 1048576K
}
{Heap before GC invocations=21 (full 0):
 PSYoungGen      total 473088K, used 424192K [0x00000000e0400000, 0x0000000100000000, 0x0000000100000000)
  eden space 423936K, 100% used [0x00000000e0400000,0x00000000fa200000,0x00000000fa200000)
  from space 49152K, 0% used [0x00000000fd000000,0x00000000fd040000,0x0000000100000000)
  to   space 47104K, 0% used [0x00000000fa200000,0x00000000fa200000,0x00000000fd000000)
 ParOldGen       total 1040384K, used 40018K [0x00000000a0c00000, 0x00000000e0400000, 0x00000000e0400000)
  object space 1040384K, 3% used [0x00000000a0c00000,0x00000000a3314b28,0x00000000e0400000)
 Metaspace       used 12853K, capacity 12978K, committed 13056K, reserved 1060864K
  class space    used 1467K, capacity 1501K, committed 1536K, reserved 1048576K
119.753: [GC (Allocation Failure) [PSYoungGen: 424192K->704K(471040K)] 464210K->40722K(1511424K), 0.0015743 secs] [Times: user=0.00 sys=0.00, real=0.00 secs] 
Heap after GC invocations=21 (full 0):
 PSYoungGen      total 471040K, used 704K [0x00000000e0400000, 0x0000000100000000, 0x0000000100000000)
  eden space 423936K, 0% used [0x00000000e0400000,0x00000000e0400000,0x00000000fa200000)
  from space 47104K, 1% used [0x00000000fa200000,0x00000000fa2b0000,0x00000000fd000000)
  to   space 44544K, 0% used [0x00000000fd480000,0x00000000fd480000,0x0000000100000000)
 ParOldGen       total 1040384K, used 40018K [0x00000000a0c00000, 0x00000000e0400000, 0x00000000e0400000)
  object space 1040384K, 3% used [0x00000000a0c00000,0x00000000a3314b28,0x00000000e0400000)
 Metaspace       used 12853K, capacity 12978K, committed 13056K, reserved 1060864K
  class space    used 1467K, capacity 1501K, committed 1536K, reserved 1048576K
}
{Heap before GC invocations=22 (full 0):
 PSYoungGen      total 471040K, used 424640K [0x00000000e0400000, 0x0000000100000000, 0x0000000100000000)
  eden space 423936K, 100% used [0x00000000e0400000,0x00000000fa200000,0x00000000fa200000)
  from space 47104K, 1% used [0x00000000fa200000,0x00000000fa2b0000,0x00000000fd000000)
  to   space 44544K, 0% used [0x00000000fd480000,0x00000000fd480000,0x0000000100000000)
 ParOldGen       total 1040384K, used 40018K [0x00000000a0c00000, 0x00000000e0400000, 0x00000000e0400000)
  object space 1040384K, 3% used [0x00000000a0c00000,0x00000000a3314b28,0x00000000e0400000)
 Metaspace       used 12853K, capacity 12978K, committed 13056K, reserved 1060864K
  class space    used 1467K, capacity 1501K, committed 1536K, reserved 1048576K
125.899: [GC (Allocation Failure) [PSYoungGen: 424640K->64K(478208K)] 464658K->40090K(1518592K), 0.0018337 secs] [Times: user=0.00 sys=0.00, real=0.00 secs] 
Heap after GC invocations=22 (full 0):
 PSYoungGen      total 478208K, used 64K [0x00000000e0400000, 0x0000000100000000, 0x0000000100000000)
  eden space 433664K, 0% used [0x00000000e0400000,0x00000000e0400000,0x00000000fab80000)
  from space 44544K, 0% used [0x00000000fd480000,0x00000000fd490000,0x0000000100000000)
  to   space 41984K, 0% used [0x00000000fab80000,0x00000000fab80000,0x00000000fd480000)
 ParOldGen       total 1040384K, used 40026K [0x00000000a0c00000, 0x00000000e0400000, 0x00000000e0400000)
  object space 1040384K, 3% used [0x00000000a0c00000,0x00000000a3316b28,0x00000000e0400000)
 Metaspace       used 12853K, capacity 12978K, committed 13056K, reserved 1060864K
  class space    used 1467K, capacity 1501K, committed 1536K, reserved 1048576K
}
{Heap before GC invocations=23 (full 0):
 PSYoungGen      total 478208K, used 433728K [0x00000000e0400000, 0x0000000100000000, 0x0000000100000000)
  eden space 433664K, 100% used [0x00000000e0400000,0x00000000fab80000,0x00000000fab80000)
  from space 44544K, 0% used [0x00000000fd480000,0x00000000fd490000,0x0000000100000000)
  to   space 41984K, 0% used [0x00000000fab80000,0x00000000fab80000,0x00000000fd480000)
 ParOldGen       total 1040384K, used 40026K [0x00000000a0c00000, 0x00000000e0400000, 0x00000000e0400000)
  object space 1040384K, 3% used [0x00000000a0c00000,0x00000000a3316b28,0x00000000e0400000)
 Metaspace       used 12853K, capacity 12978K, committed 13056K, reserved 1060864K
  class space    used 1467K, capacity 1501K, committed 1536K, reserved 1048576K
132.010: [GC (Allocation Failure) [PSYoungGen: 433728K->128K(475648K)] 473754K->40178K(1516032K), 0.0015753 secs] [Times: user=0.00 sys=0.00, real=0.00 secs] 
Heap after GC invocations=23 (full 0):
 PSYoungGen      total 475648K, used 128K [0x00000000e0400000, 0x0000000100000000, 0x0000000100000000)
  eden space 433664K, 0% used [0x00000000e0400000,0x00000000e0400000,0x00000000fab80000)
  from space 41984K, 0% used [0x00000000fab80000,0x00000000faba0000,0x00000000fd480000)
  to   space 39936K, 0% used [0x00000000fd900000,0x00000000fd900000,0x0000000100000000)
 ParOldGen       total 1040384K, used 40050K [0x00000000a0c00000, 0x00000000e0400000, 0x00000000e0400000)
  object space 1040384K, 3% used [0x00000000a0c00000,0x00000000a331cb28,0x00000000e0400000)
 Metaspace       used 12853K, capacity 12978K, committed 13056K, reserved 1060864K
  class space    used 1467K, capacity 1501K, committed 1536K, reserved 1048576K
}
{Heap before GC invocations=24 (full 0):
 PSYoungGen      total 475648K, used 433792K [0x00000000e0400000, 0x0000000100000000, 0x0000000100000000)
  eden space 433664K, 100% used [0x00000000e0400000,0x00000000fab80000,0x00000000fab80000)
  from space 41984K, 0% used [0x00000000fab80000,0x00000000faba0000,0x00000000fd480000)
  to   space 39936K, 0% used [0x00000000fd900000,0x00000000fd900000,0x0000000100000000)
 ParOldGen       total 1040384K, used 40050K [0x00000000a0c00000, 0x00000000e0400000, 0x00000000e0400000)
  object space 1040384K, 3% used [0x00000000a0c00000,0x00000000a331cb28,0x00000000e0400000)
 Metaspace       used 12853K, capacity 12978K, committed 13056K, reserved 1060864K
  class space    used 1467K, capacity 1501K, committed 1536K, reserved 1048576K
137.941: [GC (Allocation Failure) [PSYoungGen: 433792K->1184K(482816K)] 473842K->41234K(1523200K), 0.0019457 secs] [Times: user=0.02 sys=0.00, real=0.00 secs] 
Heap after GC invocations=24 (full 0):
 PSYoungGen      total 482816K, used 1184K [0x00000000e0400000, 0x0000000100000000, 0x0000000100000000)
  eden space 442880K, 0% used [0x00000000e0400000,0x00000000e0400000,0x00000000fb480000)
  from space 39936K, 2% used [0x00000000fd900000,0x00000000fda28000,0x0000000100000000)
  to   space 37376K, 0% used [0x00000000fb480000,0x00000000fb480000,0x00000000fd900000)
 ParOldGen       total 1040384K, used 40050K [0x00000000a0c00000, 0x00000000e0400000, 0x00000000e0400000)
  object space 1040384K, 3% used [0x00000000a0c00000,0x00000000a331cb28,0x00000000e0400000)
 Metaspace       used 12853K, capacity 12978K, committed 13056K, reserved 1060864K
  class space    used 1467K, capacity 1501K, committed 1536K, reserved 1048576K
}
{Heap before GC invocations=25 (full 0):
 PSYoungGen      total 482816K, used 444064K [0x00000000e0400000, 0x0000000100000000, 0x0000000100000000)
  eden space 442880K, 100% used [0x00000000e0400000,0x00000000fb480000,0x00000000fb480000)
  from space 39936K, 2% used [0x00000000fd900000,0x00000000fda28000,0x0000000100000000)
  to   space 37376K, 0% used [0x00000000fb480000,0x00000000fb480000,0x00000000fd900000)
 ParOldGen       total 1040384K, used 40050K [0x00000000a0c00000, 0x00000000e0400000, 0x00000000e0400000)
  object space 1040384K, 3% used [0x00000000a0c00000,0x00000000a331cb28,0x00000000e0400000)
 Metaspace       used 12853K, capacity 12978K, committed 13056K, reserved 1060864K
  class space    used 1467K, capacity 1501K, committed 1536K, reserved 1048576K
144.291: [GC (Allocation Failure) [PSYoungGen: 444064K->192K(480256K)] 484114K->40258K(1520640K), 0.0017656 secs] [Times: user=0.00 sys=0.00, real=0.00 secs] 
Heap after GC invocations=25 (full 0):
 PSYoungGen      total 480256K, used 192K [0x00000000e0400000, 0x0000000100000000, 0x0000000100000000)
  eden space 442880K, 0% used [0x00000000e0400000,0x00000000e0400000,0x00000000fb480000)
  from space 37376K, 0% used [0x00000000fb480000,0x00000000fb4b0000,0x00000000fd900000)
  to   space 35328K, 0% used [0x00000000fdd80000,0x00000000fdd80000,0x0000000100000000)
 ParOldGen       total 1040384K, used 40066K [0x00000000a0c00000, 0x00000000e0400000, 0x00000000e0400000)
  object space 1040384K, 3% used [0x00000000a0c00000,0x00000000a3320b28,0x00000000e0400000)
 Metaspace       used 12853K, capacity 12978K, committed 13056K, reserved 1060864K
  class space    used 1467K, capacity 1501K, committed 1536K, reserved 1048576K
}
{Heap before GC invocations=26 (full 0):
 PSYoungGen      total 480256K, used 443072K [0x00000000e0400000, 0x0000000100000000, 0x0000000100000000)
  eden space 442880K, 100% used [0x00000000e0400000,0x00000000fb480000,0x00000000fb480000)
  from space 37376K, 0% used [0x00000000fb480000,0x00000000fb4b0000,0x00000000fd900000)
  to   space 35328K, 0% used [0x00000000fdd80000,0x00000000fdd80000,0x0000000100000000)
 ParOldGen       total 1040384K, used 40066K [0x00000000a0c00000, 0x00000000e0400000, 0x00000000e0400000)
  object space 1040384K, 3% used [0x00000000a0c00000,0x00000000a3320b28,0x00000000e0400000)
 Metaspace       used 12854K, capacity 12978K, committed 13056K, reserved 1060864K
  class space    used 1467K, capacity 1501K, committed 1536K, reserved 1048576K
150.522: [GC (Allocation Failure) [PSYoungGen: 443072K->224K(486912K)] 483138K->40298K(1527296K), 0.0016549 secs] [Times: user=0.00 sys=0.00, real=0.00 secs] 
Heap after GC invocations=26 (full 0):
 PSYoungGen      total 486912K, used 224K [0x00000000e0400000, 0x0000000100000000, 0x0000000100000000)
  eden space 451584K, 0% used [0x00000000e0400000,0x00000000e0400000,0x00000000fbd00000)
  from space 35328K, 0% used [0x00000000fdd80000,0x00000000fddb8000,0x0000000100000000)
  to   space 33280K, 0% used [0x00000000fbd00000,0x00000000fbd00000,0x00000000fdd80000)
 ParOldGen       total 1040384K, used 40074K [0x00000000a0c00000, 0x00000000e0400000, 0x00000000e0400000)
  object space 1040384K, 3% used [0x00000000a0c00000,0x00000000a3322b28,0x00000000e0400000)
 Metaspace       used 12854K, capacity 12978K, committed 13056K, reserved 1060864K
  class space    used 1467K, capacity 1501K, committed 1536K, reserved 1048576K
}
{Heap before GC invocations=27 (full 0):
 PSYoungGen      total 486912K, used 451808K [0x00000000e0400000, 0x0000000100000000, 0x0000000100000000)
  eden space 451584K, 100% used [0x00000000e0400000,0x00000000fbd00000,0x00000000fbd00000)
  from space 35328K, 0% used [0x00000000fdd80000,0x00000000fddb8000,0x0000000100000000)
  to   space 33280K, 0% used [0x00000000fbd00000,0x00000000fbd00000,0x00000000fdd80000)
 ParOldGen       total 1040384K, used 40074K [0x00000000a0c00000, 0x00000000e0400000, 0x00000000e0400000)
  object space 1040384K, 3% used [0x00000000a0c00000,0x00000000a3322b28,0x00000000e0400000)
 Metaspace       used 12854K, capacity 12978K, committed 13056K, reserved 1060864K
  class space    used 1467K, capacity 1501K, committed 1536K, reserved 1048576K
156.763: [GC (Allocation Failure) [PSYoungGen: 451808K->160K(484864K)] 491882K->40250K(1525248K), 0.0017827 secs] [Times: user=0.00 sys=0.00, real=0.00 secs] 
Heap after GC invocations=27 (full 0):
 PSYoungGen      total 484864K, used 160K [0x00000000e0400000, 0x0000000100000000, 0x0000000100000000)
  eden space 451584K, 0% used [0x00000000e0400000,0x00000000e0400000,0x00000000fbd00000)
  from space 33280K, 0% used [0x00000000fbd00000,0x00000000fbd28000,0x00000000fdd80000)
  to   space 31232K, 0% used [0x00000000fe180000,0x00000000fe180000,0x0000000100000000)
 ParOldGen       total 1040384K, used 40090K [0x00000000a0c00000, 0x00000000e0400000, 0x00000000e0400000)
  object space 1040384K, 3% used [0x00000000a0c00000,0x00000000a3326b28,0x00000000e0400000)
 Metaspace       used 12854K, capacity 12978K, committed 13056K, reserved 1060864K
  class space    used 1467K, capacity 1501K, committed 1536K, reserved 1048576K
}
{Heap before GC invocations=28 (full 0):
 PSYoungGen      total 484864K, used 451744K [0x00000000e0400000, 0x0000000100000000, 0x0000000100000000)
  eden space 451584K, 100% used [0x00000000e0400000,0x00000000fbd00000,0x00000000fbd00000)
  from space 33280K, 0% used [0x00000000fbd00000,0x00000000fbd28000,0x00000000fdd80000)
  to   space 31232K, 0% used [0x00000000fe180000,0x00000000fe180000,0x0000000100000000)
 ParOldGen       total 1040384K, used 40090K [0x00000000a0c00000, 0x00000000e0400000, 0x00000000e0400000)
  object space 1040384K, 3% used [0x00000000a0c00000,0x00000000a3326b28,0x00000000e0400000)
 Metaspace       used 12854K, capacity 12978K, committed 13056K, reserved 1060864K
  class space    used 1467K, capacity 1501K, committed 1536K, reserved 1048576K
163.063: [GC (Allocation Failure) [PSYoungGen: 451744K->160K(491008K)] 491834K->40258K(1531392K), 0.0015662 secs] [Times: user=0.00 sys=0.00, real=0.00 secs] 
Heap after GC invocations=28 (full 0):
 PSYoungGen      total 491008K, used 160K [0x00000000e0400000, 0x0000000100000000, 0x0000000100000000)
  eden space 459776K, 0% used [0x00000000e0400000,0x00000000e0400000,0x00000000fc500000)
  from space 31232K, 0% used [0x00000000fe180000,0x00000000fe1a8000,0x0000000100000000)
  to   space 29184K, 0% used [0x00000000fc500000,0x00000000fc500000,0x00000000fe180000)
 ParOldGen       total 1040384K, used 40098K [0x00000000a0c00000, 0x00000000e0400000, 0x00000000e0400000)
  object space 1040384K, 3% used [0x00000000a0c00000,0x00000000a3328b28,0x00000000e0400000)
 Metaspace       used 12854K, capacity 12978K, committed 13056K, reserved 1060864K
  class space    used 1467K, capacity 1501K, committed 1536K, reserved 1048576K
}
{Heap before GC invocations=29 (full 0):
 PSYoungGen      total 491008K, used 459936K [0x00000000e0400000, 0x0000000100000000, 0x0000000100000000)
  eden space 459776K, 100% used [0x00000000e0400000,0x00000000fc500000,0x00000000fc500000)
  from space 31232K, 0% used [0x00000000fe180000,0x00000000fe1a8000,0x0000000100000000)
  to   space 29184K, 0% used [0x00000000fc500000,0x00000000fc500000,0x00000000fe180000)
 ParOldGen       total 1040384K, used 40098K [0x00000000a0c00000, 0x00000000e0400000, 0x00000000e0400000)
  object space 1040384K, 3% used [0x00000000a0c00000,0x00000000a3328b28,0x00000000e0400000)
 Metaspace       used 12855K, capacity 12978K, committed 13056K, reserved 1060864K
  class space    used 1467K, capacity 1501K, committed 1536K, reserved 1048576K
169.517: [GC (Allocation Failure) [PSYoungGen: 459936K->192K(488960K)] 500034K->40290K(1529344K), 0.0016583 secs] [Times: user=0.00 sys=0.00, real=0.00 secs] 
Heap after GC invocations=29 (full 0):
 PSYoungGen      total 488960K, used 192K [0x00000000e0400000, 0x0000000100000000, 0x0000000100000000)
  eden space 459776K, 0% used [0x00000000e0400000,0x00000000e0400000,0x00000000fc500000)
  from space 29184K, 0% used [0x00000000fc500000,0x00000000fc530000,0x00000000fe180000)
  to   space 27648K, 0% used [0x00000000fe500000,0x00000000fe500000,0x0000000100000000)
 ParOldGen       total 1040384K, used 40098K [0x00000000a0c00000, 0x00000000e0400000, 0x00000000e0400000)
  object space 1040384K, 3% used [0x00000000a0c00000,0x00000000a3328b28,0x00000000e0400000)
 Metaspace       used 12855K, capacity 12978K, committed 13056K, reserved 1060864K
  class space    used 1467K, capacity 1501K, committed 1536K, reserved 1048576K
}
{Heap before GC invocations=30 (full 0):
 PSYoungGen      total 488960K, used 459968K [0x00000000e0400000, 0x0000000100000000, 0x0000000100000000)
  eden space 459776K, 100% used [0x00000000e0400000,0x00000000fc500000,0x00000000fc500000)
  from space 29184K, 0% used [0x00000000fc500000,0x00000000fc530000,0x00000000fe180000)
  to   space 27648K, 0% used [0x00000000fe500000,0x00000000fe500000,0x0000000100000000)
 ParOldGen       total 1040384K, used 40098K [0x00000000a0c00000, 0x00000000e0400000, 0x00000000e0400000)
  object space 1040384K, 3% used [0x00000000a0c00000,0x00000000a3328b28,0x00000000e0400000)
 Metaspace       used 12860K, capacity 13042K, committed 13312K, reserved 1060864K
  class space    used 1467K, capacity 1501K, committed 1536K, reserved 1048576K
175.855: [GC (Allocation Failure) [PSYoungGen: 459968K->128K(494592K)] 500066K->40226K(1534976K), 0.0017547 secs] [Times: user=0.00 sys=0.00, real=0.00 secs] 
Heap after GC invocations=30 (full 0):
 PSYoungGen      total 494592K, used 128K [0x00000000e0400000, 0x0000000100000000, 0x0000000100000000)
  eden space 466944K, 0% used [0x00000000e0400000,0x00000000e0400000,0x00000000fcc00000)
  from space 27648K, 0% used [0x00000000fe500000,0x00000000fe520000,0x0000000100000000)
  to   space 25600K, 0% used [0x00000000fcc00000,0x00000000fcc00000,0x00000000fe500000)
 ParOldGen       total 1040384K, used 40098K [0x00000000a0c00000, 0x00000000e0400000, 0x00000000e0400000)
  object space 1040384K, 3% used [0x00000000a0c00000,0x00000000a3328b28,0x00000000e0400000)
 Metaspace       used 12860K, capacity 13042K, committed 13312K, reserved 1060864K
  class space    used 1467K, capacity 1501K, committed 1536K, reserved 1048576K
}
{Heap before GC invocations=31 (full 0):
 PSYoungGen      total 494592K, used 467072K [0x00000000e0400000, 0x0000000100000000, 0x0000000100000000)
  eden space 466944K, 100% used [0x00000000e0400000,0x00000000fcc00000,0x00000000fcc00000)
  from space 27648K, 0% used [0x00000000fe500000,0x00000000fe520000,0x0000000100000000)
  to   space 25600K, 0% used [0x00000000fcc00000,0x00000000fcc00000,0x00000000fe500000)
 ParOldGen       total 1040384K, used 40098K [0x00000000a0c00000, 0x00000000e0400000, 0x00000000e0400000)
  object space 1040384K, 3% used [0x00000000a0c00000,0x00000000a3328b28,0x00000000e0400000)
 Metaspace       used 12860K, capacity 13042K, committed 13312K, reserved 1060864K
  class space    used 1467K, capacity 1501K, committed 1536K, reserved 1048576K
182.306: [GC (Allocation Failure) [PSYoungGen: 467072K->224K(492544K)] 507170K->40346K(1532928K), 0.0012537 secs] [Times: user=0.00 sys=0.00, real=0.00 secs] 
Heap after GC invocations=31 (full 0):
 PSYoungGen      total 492544K, used 224K [0x00000000e0400000, 0x0000000100000000, 0x0000000100000000)
  eden space 466944K, 0% used [0x00000000e0400000,0x00000000e0400000,0x00000000fcc00000)
  from space 25600K, 0% used [0x00000000fcc00000,0x00000000fcc38000,0x00000000fe500000)
  to   space 24064K, 0% used [0x00000000fe880000,0x00000000fe880000,0x0000000100000000)
 ParOldGen       total 1040384K, used 40122K [0x00000000a0c00000, 0x00000000e0400000, 0x00000000e0400000)
  object space 1040384K, 3% used [0x00000000a0c00000,0x00000000a332eb28,0x00000000e0400000)
 Metaspace       used 12860K, capacity 13042K, committed 13312K, reserved 1060864K
  class space    used 1467K, capacity 1501K, committed 1536K, reserved 1048576K
}
{Heap before GC invocations=32 (full 0):
 PSYoungGen      total 492544K, used 467168K [0x00000000e0400000, 0x0000000100000000, 0x0000000100000000)
  eden space 466944K, 100% used [0x00000000e0400000,0x00000000fcc00000,0x00000000fcc00000)
  from space 25600K, 0% used [0x00000000fcc00000,0x00000000fcc38000,0x00000000fe500000)
  to   space 24064K, 0% used [0x00000000fe880000,0x00000000fe880000,0x0000000100000000)
 ParOldGen       total 1040384K, used 40122K [0x00000000a0c00000, 0x00000000e0400000, 0x00000000e0400000)
  object space 1040384K, 3% used [0x00000000a0c00000,0x00000000a332eb28,0x00000000e0400000)
 Metaspace       used 12861K, capacity 13042K, committed 13312K, reserved 1060864K
  class space    used 1467K, capacity 1501K, committed 1536K, reserved 1048576K
188.843: [GC (Allocation Failure) [PSYoungGen: 467168K->160K(497664K)] 507290K->40290K(1538048K), 0.0016474 secs] [Times: user=0.00 sys=0.00, real=0.00 secs] 
Heap after GC invocations=32 (full 0):
 PSYoungGen      total 497664K, used 160K [0x00000000e0400000, 0x0000000100000000, 0x0000000100000000)
  eden space 473600K, 0% used [0x00000000e0400000,0x00000000e0400000,0x00000000fd280000)
  from space 24064K, 0% used [0x00000000fe880000,0x00000000fe8a8000,0x0000000100000000)
  to   space 22528K, 0% used [0x00000000fd280000,0x00000000fd280000,0x00000000fe880000)
 ParOldGen       total 1040384K, used 40130K [0x00000000a0c00000, 0x00000000e0400000, 0x00000000e0400000)
  object space 1040384K, 3% used [0x00000000a0c00000,0x00000000a3330b28,0x00000000e0400000)
 Metaspace       used 12861K, capacity 13042K, committed 13312K, reserved 1060864K
  class space    used 1467K, capacity 1501K, committed 1536K, reserved 1048576K
}
{Heap before GC invocations=33 (full 0):
 PSYoungGen      total 497664K, used 473760K [0x00000000e0400000, 0x0000000100000000, 0x0000000100000000)
  eden space 473600K, 100% used [0x00000000e0400000,0x00000000fd280000,0x00000000fd280000)
  from space 24064K, 0% used [0x00000000fe880000,0x00000000fe8a8000,0x0000000100000000)
  to   space 22528K, 0% used [0x00000000fd280000,0x00000000fd280000,0x00000000fe880000)
 ParOldGen       total 1040384K, used 40130K [0x00000000a0c00000, 0x00000000e0400000, 0x00000000e0400000)
  object space 1040384K, 3% used [0x00000000a0c00000,0x00000000a3330b28,0x00000000e0400000)
 Metaspace       used 12861K, capacity 13042K, committed 13312K, reserved 1060864K
  class space    used 1467K, capacity 1501K, committed 1536K, reserved 1048576K
195.389: [GC (Allocation Failure) [PSYoungGen: 473760K->224K(496128K)] 513890K->40354K(1536512K), 0.0025101 secs] [Times: user=0.00 sys=0.00, real=0.00 secs] 
Heap after GC invocations=33 (full 0):
 PSYoungGen      total 496128K, used 224K [0x00000000e0400000, 0x0000000100000000, 0x0000000100000000)
  eden space 473600K, 0% used [0x00000000e0400000,0x00000000e0400000,0x00000000fd280000)
  from space 22528K, 0% used [0x00000000fd280000,0x00000000fd2b8000,0x00000000fe880000)
  to   space 20992K, 0% used [0x00000000feb80000,0x00000000feb80000,0x0000000100000000)
 ParOldGen       total 1040384K, used 40130K [0x00000000a0c00000, 0x00000000e0400000, 0x00000000e0400000)
  object space 1040384K, 3% used [0x00000000a0c00000,0x00000000a3330b28,0x00000000e0400000)
 Metaspace       used 12861K, capacity 13042K, committed 13312K, reserved 1060864K
  class space    used 1467K, capacity 1501K, committed 1536K, reserved 1048576K
}
{Heap before GC invocations=34 (full 0):
 PSYoungGen      total 496128K, used 473824K [0x00000000e0400000, 0x0000000100000000, 0x0000000100000000)
  eden space 473600K, 100% used [0x00000000e0400000,0x00000000fd280000,0x00000000fd280000)
  from space 22528K, 0% used [0x00000000fd280000,0x00000000fd2b8000,0x00000000fe880000)
  to   space 20992K, 0% used [0x00000000feb80000,0x00000000feb80000,0x0000000100000000)
 ParOldGen       total 1040384K, used 40130K [0x00000000a0c00000, 0x00000000e0400000, 0x00000000e0400000)
  object space 1040384K, 3% used [0x00000000a0c00000,0x00000000a3330bb8,0x00000000e0400000)
 Metaspace       used 12871K, capacity 13042K, committed 13312K, reserved 1060864K
  class space    used 1467K, capacity 1501K, committed 1536K, reserved 1048576K
202.027: [GC (GCLocker Initiated GC) [PSYoungGen: 473824K->1888K(501248K)] 513954K->42018K(1541632K), 0.0022940 secs] [Times: user=0.00 sys=0.00, real=0.00 secs] 
Heap after GC invocations=34 (full 0):
 PSYoungGen      total 501248K, used 1888K [0x00000000e0400000, 0x0000000100000000, 0x0000000100000000)
  eden space 480256K, 0% used [0x00000000e0400000,0x00000000e0400000,0x00000000fd900000)
  from space 20992K, 8% used [0x00000000feb80000,0x00000000fed58000,0x0000000100000000)
  to   space 18944K, 0% used [0x00000000fd900000,0x00000000fd900000,0x00000000feb80000)
 ParOldGen       total 1040384K, used 40130K [0x00000000a0c00000, 0x00000000e0400000, 0x00000000e0400000)
  object space 1040384K, 3% used [0x00000000a0c00000,0x00000000a3330bb8,0x00000000e0400000)
 Metaspace       used 12871K, capacity 13042K, committed 13312K, reserved 1060864K
  class space    used 1467K, capacity 1501K, committed 1536K, reserved 1048576K
}
{Heap before GC invocations=35 (full 0):
 PSYoungGen      total 501248K, used 482144K [0x00000000e0400000, 0x0000000100000000, 0x0000000100000000)
  eden space 480256K, 100% used [0x00000000e0400000,0x00000000fd900000,0x00000000fd900000)
  from space 20992K, 8% used [0x00000000feb80000,0x00000000fed58000,0x0000000100000000)
  to   space 18944K, 0% used [0x00000000fd900000,0x00000000fd900000,0x00000000feb80000)
 ParOldGen       total 1040384K, used 40134K [0x00000000a0c00000, 0x00000000e0400000, 0x00000000e0400000)
  object space 1040384K, 3% used [0x00000000a0c00000,0x00000000a3331988,0x00000000e0400000)
 Metaspace       used 12871K, capacity 13042K, committed 13312K, reserved 1060864K
  class space    used 1467K, capacity 1501K, committed 1536K, reserved 1048576K
208.795: [GC (Allocation Failure) [PSYoungGen: 482144K->160K(499200K)] 522278K->40302K(1539584K), 0.0014512 secs] [Times: user=0.00 sys=0.00, real=0.00 secs] 
Heap after GC invocations=35 (full 0):
 PSYoungGen      total 499200K, used 160K [0x00000000e0400000, 0x0000000100000000, 0x0000000100000000)
  eden space 480256K, 0% used [0x00000000e0400000,0x00000000e0400000,0x00000000fd900000)
  from space 18944K, 0% used [0x00000000fd900000,0x00000000fd928000,0x00000000feb80000)
  to   space 17920K, 0% used [0x00000000fee80000,0x00000000fee80000,0x0000000100000000)
 ParOldGen       total 1040384K, used 40142K [0x00000000a0c00000, 0x00000000e0400000, 0x00000000e0400000)
  object space 1040384K, 3% used [0x00000000a0c00000,0x00000000a3333988,0x00000000e0400000)
 Metaspace       used 12871K, capacity 13042K, committed 13312K, reserved 1060864K
  class space    used 1467K, capacity 1501K, committed 1536K, reserved 1048576K
}
{Heap before GC invocations=36 (full 0):
 PSYoungGen      total 499200K, used 480416K [0x00000000e0400000, 0x0000000100000000, 0x0000000100000000)
  eden space 480256K, 100% used [0x00000000e0400000,0x00000000fd900000,0x00000000fd900000)
  from space 18944K, 0% used [0x00000000fd900000,0x00000000fd928000,0x00000000feb80000)
  to   space 17920K, 0% used [0x00000000fee80000,0x00000000fee80000,0x0000000100000000)
 ParOldGen       total 1040384K, used 40142K [0x00000000a0c00000, 0x00000000e0400000, 0x00000000e0400000)
  object space 1040384K, 3% used [0x00000000a0c00000,0x00000000a3333988,0x00000000e0400000)
 Metaspace       used 12874K, capacity 13042K, committed 13312K, reserved 1060864K
  class space    used 1467K, capacity 1501K, committed 1536K, reserved 1048576K
215.451: [GC (Allocation Failure) [PSYoungGen: 480416K->736K(503808K)] 520558K->40878K(1544192K), 0.0020449 secs] [Times: user=0.00 sys=0.00, real=0.00 secs] 
Heap after GC invocations=36 (full 0):
 PSYoungGen      total 503808K, used 736K [0x00000000e0400000, 0x0000000100000000, 0x0000000100000000)
  eden space 485888K, 0% used [0x00000000e0400000,0x00000000e0400000,0x00000000fde80000)
  from space 17920K, 4% used [0x00000000fee80000,0x00000000fef38000,0x0000000100000000)
  to   space 16384K, 0% used [0x00000000fde80000,0x00000000fde80000,0x00000000fee80000)
 ParOldGen       total 1040384K, used 40142K [0x00000000a0c00000, 0x00000000e0400000, 0x00000000e0400000)
  object space 1040384K, 3% used [0x00000000a0c00000,0x00000000a3333988,0x00000000e0400000)
 Metaspace       used 12874K, capacity 13042K, committed 13312K, reserved 1060864K
  class space    used 1467K, capacity 1501K, committed 1536K, reserved 1048576K
}
{Heap before GC invocations=37 (full 0):
 PSYoungGen      total 503808K, used 486624K [0x00000000e0400000, 0x0000000100000000, 0x0000000100000000)
  eden space 485888K, 100% used [0x00000000e0400000,0x00000000fde80000,0x00000000fde80000)
  from space 17920K, 4% used [0x00000000fee80000,0x00000000fef38000,0x0000000100000000)
  to   space 16384K, 0% used [0x00000000fde80000,0x00000000fde80000,0x00000000fee80000)
 ParOldGen       total 1040384K, used 40142K [0x00000000a0c00000, 0x00000000e0400000, 0x00000000e0400000)
  object space 1040384K, 3% used [0x00000000a0c00000,0x00000000a3333988,0x00000000e0400000)
 Metaspace       used 12875K, capacity 13042K, committed 13312K, reserved 1060864K
  class space    used 1467K, capacity 1501K, committed 1536K, reserved 1048576K
222.388: [GC (Allocation Failure) [PSYoungGen: 486624K->256K(502272K)] 526766K->40414K(1542656K), 0.0012310 secs] [Times: user=0.00 sys=0.00, real=0.00 secs] 
Heap after GC invocations=37 (full 0):
 PSYoungGen      total 502272K, used 256K [0x00000000e0400000, 0x0000000100000000, 0x0000000100000000)
  eden space 485888K, 0% used [0x00000000e0400000,0x00000000e0400000,0x00000000fde80000)
  from space 16384K, 1% used [0x00000000fde80000,0x00000000fdec0000,0x00000000fee80000)
  to   space 15360K, 0% used [0x00000000ff100000,0x00000000ff100000,0x0000000100000000)
 ParOldGen       total 1040384K, used 40158K [0x00000000a0c00000, 0x00000000e0400000, 0x00000000e0400000)
  object space 1040384K, 3% used [0x00000000a0c00000,0x00000000a3337988,0x00000000e0400000)
 Metaspace       used 12875K, capacity 13042K, committed 13312K, reserved 1060864K
  class space    used 1467K, capacity 1501K, committed 1536K, reserved 1048576K
}
{Heap before GC invocations=38 (full 0):
 PSYoungGen      total 502272K, used 486144K [0x00000000e0400000, 0x0000000100000000, 0x0000000100000000)
  eden space 485888K, 100% used [0x00000000e0400000,0x00000000fde80000,0x00000000fde80000)
  from space 16384K, 1% used [0x00000000fde80000,0x00000000fdec0000,0x00000000fee80000)
  to   space 15360K, 0% used [0x00000000ff100000,0x00000000ff100000,0x0000000100000000)
 ParOldGen       total 1040384K, used 40158K [0x00000000a0c00000, 0x00000000e0400000, 0x00000000e0400000)
  object space 1040384K, 3% used [0x00000000a0c00000,0x00000000a3337988,0x00000000e0400000)
 Metaspace       used 12875K, capacity 13042K, committed 13312K, reserved 1060864K
  class space    used 1467K, capacity 1501K, committed 1536K, reserved 1048576K
229.300: [GC (Allocation Failure) [PSYoungGen: 486144K->64K(505856K)] 526302K->40222K(1546240K), 0.0022178 secs] [Times: user=0.08 sys=0.00, real=0.00 secs] 
Heap after GC invocations=38 (full 0):
 PSYoungGen      total 505856K, used 64K [0x00000000e0400000, 0x0000000100000000, 0x0000000100000000)
  eden space 490496K, 0% used [0x00000000e0400000,0x00000000e0400000,0x00000000fe300000)
  from space 15360K, 0% used [0x00000000ff100000,0x00000000ff110000,0x0000000100000000)
  to   space 14336K, 0% used [0x00000000fe300000,0x00000000fe300000,0x00000000ff100000)
 ParOldGen       total 1040384K, used 40158K [0x00000000a0c00000, 0x00000000e0400000, 0x00000000e0400000)
  object space 1040384K, 3% used [0x00000000a0c00000,0x00000000a3337988,0x00000000e0400000)
 Metaspace       used 12875K, capacity 13042K, committed 13312K, reserved 1060864K
  class space    used 1467K, capacity 1501K, committed 1536K, reserved 1048576K
}
{Heap before GC invocations=39 (full 0):
 PSYoungGen      total 505856K, used 490560K [0x00000000e0400000, 0x0000000100000000, 0x0000000100000000)
  eden space 490496K, 100% used [0x00000000e0400000,0x00000000fe300000,0x00000000fe300000)
  from space 15360K, 0% used [0x00000000ff100000,0x00000000ff110000,0x0000000100000000)
  to   space 14336K, 0% used [0x00000000fe300000,0x00000000fe300000,0x00000000ff100000)
 ParOldGen       total 1040384K, used 40158K [0x00000000a0c00000, 0x00000000e0400000, 0x00000000e0400000)
  object space 1040384K, 3% used [0x00000000a0c00000,0x00000000a3337988,0x00000000e0400000)
 Metaspace       used 12875K, capacity 13042K, committed 13312K, reserved 1060864K
  class space    used 1467K, capacity 1501K, committed 1536K, reserved 1048576K
236.429: [GC (Allocation Failure) [PSYoungGen: 490560K->736K(504832K)] 530718K->40894K(1545216K), 0.0018797 secs] [Times: user=0.00 sys=0.00, real=0.00 secs] 
Heap after GC invocations=39 (full 0):
 PSYoungGen      total 504832K, used 736K [0x00000000e0400000, 0x0000000100000000, 0x0000000100000000)
  eden space 490496K, 0% used [0x00000000e0400000,0x00000000e0400000,0x00000000fe300000)
  from space 14336K, 5% used [0x00000000fe300000,0x00000000fe3b8000,0x00000000ff100000)
  to   space 13312K, 0% used [0x00000000ff300000,0x00000000ff300000,0x0000000100000000)
 ParOldGen       total 1040384K, used 40158K [0x00000000a0c00000, 0x00000000e0400000, 0x00000000e0400000)
  object space 1040384K, 3% used [0x00000000a0c00000,0x00000000a3337988,0x00000000e0400000)
 Metaspace       used 12875K, capacity 13042K, committed 13312K, reserved 1060864K
  class space    used 1467K, capacity 1501K, committed 1536K, reserved 1048576K
}
{Heap before GC invocations=40 (full 0):
 PSYoungGen      total 504832K, used 491232K [0x00000000e0400000, 0x0000000100000000, 0x0000000100000000)
  eden space 490496K, 100% used [0x00000000e0400000,0x00000000fe300000,0x00000000fe300000)
  from space 14336K, 5% used [0x00000000fe300000,0x00000000fe3b8000,0x00000000ff100000)
  to   space 13312K, 0% used [0x00000000ff300000,0x00000000ff300000,0x0000000100000000)
 ParOldGen       total 1040384K, used 40158K [0x00000000a0c00000, 0x00000000e0400000, 0x00000000e0400000)
  object space 1040384K, 3% used [0x00000000a0c00000,0x00000000a3337988,0x00000000e0400000)
 Metaspace       used 12875K, capacity 13042K, committed 13312K, reserved 1060864K
  class space    used 1467K, capacity 1501K, committed 1536K, reserved 1048576K
243.470: [GC (Allocation Failure) [PSYoungGen: 491232K->192K(507904K)] 531390K->40350K(1548288K), 0.0016144 secs] [Times: user=0.00 sys=0.00, real=0.00 secs] 
Heap after GC invocations=40 (full 0):
 PSYoungGen      total 507904K, used 192K [0x00000000e0400000, 0x0000000100000000, 0x0000000100000000)
  eden space 494592K, 0% used [0x00000000e0400000,0x00000000e0400000,0x00000000fe700000)
  from space 13312K, 1% used [0x00000000ff300000,0x00000000ff330000,0x0000000100000000)
  to   space 12288K, 0% used [0x00000000fe700000,0x00000000fe700000,0x00000000ff300000)
 ParOldGen       total 1040384K, used 40158K [0x00000000a0c00000, 0x00000000e0400000, 0x00000000e0400000)
  object space 1040384K, 3% used [0x00000000a0c00000,0x00000000a3337988,0x00000000e0400000)
 Metaspace       used 12875K, capacity 13042K, committed 13312K, reserved 1060864K
  class space    used 1467K, capacity 1501K, committed 1536K, reserved 1048576K
}
{Heap before GC invocations=41 (full 0):
 PSYoungGen      total 507904K, used 494784K [0x00000000e0400000, 0x0000000100000000, 0x0000000100000000)
  eden space 494592K, 100% used [0x00000000e0400000,0x00000000fe700000,0x00000000fe700000)
  from space 13312K, 1% used [0x00000000ff300000,0x00000000ff330000,0x0000000100000000)
  to   space 12288K, 0% used [0x00000000fe700000,0x00000000fe700000,0x00000000ff300000)
 ParOldGen       total 1040384K, used 40158K [0x00000000a0c00000, 0x00000000e0400000, 0x00000000e0400000)
  object space 1040384K, 3% used [0x00000000a0c00000,0x00000000a3337988,0x00000000e0400000)
 Metaspace       used 12875K, capacity 13042K, committed 13312K, reserved 1060864K
  class space    used 1467K, capacity 1501K, committed 1536K, reserved 1048576K
250.299: [GC (Allocation Failure) [PSYoungGen: 494784K->192K(506880K)] 534942K->40358K(1547264K), 0.0013006 secs] [Times: user=0.00 sys=0.00, real=0.00 secs] 
Heap after GC invocations=41 (full 0):
 PSYoungGen      total 506880K, used 192K [0x00000000e0400000, 0x0000000100000000, 0x0000000100000000)
  eden space 494592K, 0% used [0x00000000e0400000,0x00000000e0400000,0x00000000fe700000)
  from space 12288K, 1% used [0x00000000fe700000,0x00000000fe730000,0x00000000ff300000)
  to   space 11776K, 0% used [0x00000000ff480000,0x00000000ff480000,0x0000000100000000)
 ParOldGen       total 1040384K, used 40166K [0x00000000a0c00000, 0x00000000e0400000, 0x00000000e0400000)
  object space 1040384K, 3% used [0x00000000a0c00000,0x00000000a3339988,0x00000000e0400000)
 Metaspace       used 12875K, capacity 13042K, committed 13312K, reserved 1060864K
  class space    used 1467K, capacity 1501K, committed 1536K, reserved 1048576K
}
{Heap before GC invocations=42 (full 0):
 PSYoungGen      total 506880K, used 494784K [0x00000000e0400000, 0x0000000100000000, 0x0000000100000000)
  eden space 494592K, 100% used [0x00000000e0400000,0x00000000fe700000,0x00000000fe700000)
  from space 12288K, 1% used [0x00000000fe700000,0x00000000fe730000,0x00000000ff300000)
  to   space 11776K, 0% used [0x00000000ff480000,0x00000000ff480000,0x0000000100000000)
 ParOldGen       total 1040384K, used 40166K [0x00000000a0c00000, 0x00000000e0400000, 0x00000000e0400000)
  object space 1040384K, 3% used [0x00000000a0c00000,0x00000000a3339988,0x00000000e0400000)
 Metaspace       used 12875K, capacity 13042K, committed 13312K, reserved 1060864K
  class space    used 1467K, capacity 1501K, committed 1536K, reserved 1048576K
257.385: [GC (Allocation Failure) [PSYoungGen: 494784K->352K(509440K)] 534950K->40518K(1549824K), 0.0017118 secs] [Times: user=0.00 sys=0.00, real=0.00 secs] 
Heap after GC invocations=42 (full 0):
 PSYoungGen      total 509440K, used 352K [0x00000000e0400000, 0x0000000100000000, 0x0000000100000000)
  eden space 497664K, 0% used [0x00000000e0400000,0x00000000e0400000,0x00000000fea00000)
  from space 11776K, 2% used [0x00000000ff480000,0x00000000ff4d8000,0x0000000100000000)
  to   space 10752K, 0% used [0x00000000fea00000,0x00000000fea00000,0x00000000ff480000)
 ParOldGen       total 1040384K, used 40166K [0x00000000a0c00000, 0x00000000e0400000, 0x00000000e0400000)
  object space 1040384K, 3% used [0x00000000a0c00000,0x00000000a3339988,0x00000000e0400000)
 Metaspace       used 12875K, capacity 13042K, committed 13312K, reserved 1060864K
  class space    used 1467K, capacity 1501K, committed 1536K, reserved 1048576K
}
{Heap before GC invocations=43 (full 0):
 PSYoungGen      total 509440K, used 498016K [0x00000000e0400000, 0x0000000100000000, 0x0000000100000000)
  eden space 497664K, 100% used [0x00000000e0400000,0x00000000fea00000,0x00000000fea00000)
  from space 11776K, 2% used [0x00000000ff480000,0x00000000ff4d8000,0x0000000100000000)
  to   space 10752K, 0% used [0x00000000fea00000,0x00000000fea00000,0x00000000ff480000)
 ParOldGen       total 1040384K, used 40166K [0x00000000a0c00000, 0x00000000e0400000, 0x00000000e0400000)
  object space 1040384K, 3% used [0x00000000a0c00000,0x00000000a3339988,0x00000000e0400000)
 Metaspace       used 12875K, capacity 13042K, committed 13312K, reserved 1060864K
  class space    used 1467K, capacity 1501K, committed 1536K, reserved 1048576K
264.442: [GC (Allocation Failure) [PSYoungGen: 498016K->224K(508416K)] 538182K->40390K(1548800K), 0.0016682 secs] [Times: user=0.11 sys=0.00, real=0.00 secs] 
Heap after GC invocations=43 (full 0):
 PSYoungGen      total 508416K, used 224K [0x00000000e0400000, 0x0000000100000000, 0x0000000100000000)
  eden space 497664K, 0% used [0x00000000e0400000,0x00000000e0400000,0x00000000fea00000)
  from space 10752K, 2% used [0x00000000fea00000,0x00000000fea38000,0x00000000ff480000)
  to   space 9728K, 0% used [0x00000000ff680000,0x00000000ff680000,0x0000000100000000)
 ParOldGen       total 1040384K, used 40166K [0x00000000a0c00000, 0x00000000e0400000, 0x00000000e0400000)
  object space 1040384K, 3% used [0x00000000a0c00000,0x00000000a3339988,0x00000000e0400000)
 Metaspace       used 12875K, capacity 13042K, committed 13312K, reserved 1060864K
  class space    used 1467K, capacity 1501K, committed 1536K, reserved 1048576K
}
{Heap before GC invocations=44 (full 0):
 PSYoungGen      total 508416K, used 497888K [0x00000000e0400000, 0x0000000100000000, 0x0000000100000000)
  eden space 497664K, 100% used [0x00000000e0400000,0x00000000fea00000,0x00000000fea00000)
  from space 10752K, 2% used [0x00000000fea00000,0x00000000fea38000,0x00000000ff480000)
  to   space 9728K, 0% used [0x00000000ff680000,0x00000000ff680000,0x0000000100000000)
 ParOldGen       total 1040384K, used 40166K [0x00000000a0c00000, 0x00000000e0400000, 0x00000000e0400000)
  object space 1040384K, 3% used [0x00000000a0c00000,0x00000000a3339988,0x00000000e0400000)
 Metaspace       used 12885K, capacity 13042K, committed 13312K, reserved 1060864K
  class space    used 1467K, capacity 1501K, committed 1536K, reserved 1048576K
271.365: [GC (Allocation Failure) [PSYoungGen: 497888K->128K(510976K)] 538054K->40302K(1551360K), 0.0019354 secs] [Times: user=0.00 sys=0.00, real=0.00 secs] 
Heap after GC invocations=44 (full 0):
 PSYoungGen      total 510976K, used 128K [0x00000000e0400000, 0x0000000100000000, 0x0000000100000000)
  eden space 501248K, 0% used [0x00000000e0400000,0x00000000e0400000,0x00000000fed80000)
  from space 9728K, 1% used [0x00000000ff680000,0x00000000ff6a0000,0x0000000100000000)
  to   space 9216K, 0% used [0x00000000fed80000,0x00000000fed80000,0x00000000ff680000)
 ParOldGen       total 1040384K, used 40174K [0x00000000a0c00000, 0x00000000e0400000, 0x00000000e0400000)
  object space 1040384K, 3% used [0x00000000a0c00000,0x00000000a333b988,0x00000000e0400000)
 Metaspace       used 12885K, capacity 13042K, committed 13312K, reserved 1060864K
  class space    used 1467K, capacity 1501K, committed 1536K, reserved 1048576K
}
{Heap before GC invocations=45 (full 0):
 PSYoungGen      total 510976K, used 501376K [0x00000000e0400000, 0x0000000100000000, 0x0000000100000000)
  eden space 501248K, 100% used [0x00000000e0400000,0x00000000fed80000,0x00000000fed80000)
  from space 9728K, 1% used [0x00000000ff680000,0x00000000ff6a0000,0x0000000100000000)
  to   space 9216K, 0% used [0x00000000fed80000,0x00000000fed80000,0x00000000ff680000)
 ParOldGen       total 1040384K, used 40174K [0x00000000a0c00000, 0x00000000e0400000, 0x00000000e0400000)
  object space 1040384K, 3% used [0x00000000a0c00000,0x00000000a333b988,0x00000000e0400000)
 Metaspace       used 12887K, capacity 13042K, committed 13312K, reserved 1060864K
  class space    used 1467K, capacity 1501K, committed 1536K, reserved 1048576K
278.496: [GC (Allocation Failure) [PSYoungGen: 501376K->128K(510464K)] 541550K->40326K(1550848K), 0.0016113 secs] [Times: user=0.00 sys=0.00, real=0.00 secs] 
Heap after GC invocations=45 (full 0):
 PSYoungGen      total 510464K, used 128K [0x00000000e0400000, 0x0000000100000000, 0x0000000100000000)
  eden space 501248K, 0% used [0x00000000e0400000,0x00000000e0400000,0x00000000fed80000)
  from space 9216K, 1% used [0x00000000fed80000,0x00000000feda0000,0x00000000ff680000)
  to   space 8704K, 0% used [0x00000000ff780000,0x00000000ff780000,0x0000000100000000)
 ParOldGen       total 1040384K, used 40198K [0x00000000a0c00000, 0x00000000e0400000, 0x00000000e0400000)
  object space 1040384K, 3% used [0x00000000a0c00000,0x00000000a3341988,0x00000000e0400000)
 Metaspace       used 12887K, capacity 13042K, committed 13312K, reserved 1060864K
  class space    used 1467K, capacity 1501K, committed 1536K, reserved 1048576K
}
{Heap before GC invocations=46 (full 0):
 PSYoungGen      total 510464K, used 501376K [0x00000000e0400000, 0x0000000100000000, 0x0000000100000000)
  eden space 501248K, 100% used [0x00000000e0400000,0x00000000fed80000,0x00000000fed80000)
  from space 9216K, 1% used [0x00000000fed80000,0x00000000feda0000,0x00000000ff680000)
  to   space 8704K, 0% used [0x00000000ff780000,0x00000000ff780000,0x0000000100000000)
 ParOldGen       total 1040384K, used 40198K [0x00000000a0c00000, 0x00000000e0400000, 0x00000000e0400000)
  object space 1040384K, 3% used [0x00000000a0c00000,0x00000000a3341988,0x00000000e0400000)
 Metaspace       used 12889K, capacity 13042K, committed 13312K, reserved 1060864K
  class space    used 1468K, capacity 1501K, committed 1536K, reserved 1048576K
285.502: [GC (Allocation Failure) [PSYoungGen: 501376K->544K(512000K)] 541574K->40750K(1552384K), 0.0017563 secs] [Times: user=0.00 sys=0.00, real=0.00 secs] 
Heap after GC invocations=46 (full 0):
 PSYoungGen      total 512000K, used 544K [0x00000000e0400000, 0x0000000100000000, 0x0000000100000000)
  eden space 503296K, 0% used [0x00000000e0400000,0x00000000e0400000,0x00000000fef80000)
  from space 8704K, 6% used [0x00000000ff780000,0x00000000ff808000,0x0000000100000000)
  to   space 8192K, 0% used [0x00000000fef80000,0x00000000fef80000,0x00000000ff780000)
 ParOldGen       total 1040384K, used 40206K [0x00000000a0c00000, 0x00000000e0400000, 0x00000000e0400000)
  object space 1040384K, 3% used [0x00000000a0c00000,0x00000000a3343988,0x00000000e0400000)
 Metaspace       used 12889K, capacity 13042K, committed 13312K, reserved 1060864K
  class space    used 1468K, capacity 1501K, committed 1536K, reserved 1048576K
}
{Heap before GC invocations=47 (full 0):
 PSYoungGen      total 512000K, used 503840K [0x00000000e0400000, 0x0000000100000000, 0x0000000100000000)
  eden space 503296K, 100% used [0x00000000e0400000,0x00000000fef80000,0x00000000fef80000)
  from space 8704K, 6% used [0x00000000ff780000,0x00000000ff808000,0x0000000100000000)
  to   space 8192K, 0% used [0x00000000fef80000,0x00000000fef80000,0x00000000ff780000)
 ParOldGen       total 1040384K, used 40206K [0x00000000a0c00000, 0x00000000e0400000, 0x00000000e0400000)
  object space 1040384K, 3% used [0x00000000a0c00000,0x00000000a3343988,0x00000000e0400000)
 Metaspace       used 12889K, capacity 13042K, committed 13312K, reserved 1060864K
  class space    used 1468K, capacity 1501K, committed 1536K, reserved 1048576K
292.464: [GC (Allocation Failure) [PSYoungGen: 503840K->224K(511488K)] 544046K->40470K(1551872K), 0.0016179 secs] [Times: user=0.00 sys=0.00, real=0.00 secs] 
Heap after GC invocations=47 (full 0):
 PSYoungGen      total 511488K, used 224K [0x00000000e0400000, 0x0000000100000000, 0x0000000100000000)
  eden space 503296K, 0% used [0x00000000e0400000,0x00000000e0400000,0x00000000fef80000)
  from space 8192K, 2% used [0x00000000fef80000,0x00000000fefb8000,0x00000000ff780000)
  to   space 7168K, 0% used [0x00000000ff900000,0x00000000ff900000,0x0000000100000000)
 ParOldGen       total 1040384K, used 40246K [0x00000000a0c00000, 0x00000000e0400000, 0x00000000e0400000)
  object space 1040384K, 3% used [0x00000000a0c00000,0x00000000a334d988,0x00000000e0400000)
 Metaspace       used 12889K, capacity 13042K, committed 13312K, reserved 1060864K
  class space    used 1468K, capacity 1501K, committed 1536K, reserved 1048576K
}
{Heap before GC invocations=48 (full 0):
 PSYoungGen      total 511488K, used 503520K [0x00000000e0400000, 0x0000000100000000, 0x0000000100000000)
  eden space 503296K, 100% used [0x00000000e0400000,0x00000000fef80000,0x00000000fef80000)
  from space 8192K, 2% used [0x00000000fef80000,0x00000000fefb8000,0x00000000ff780000)
  to   space 7168K, 0% used [0x00000000ff900000,0x00000000ff900000,0x0000000100000000)
 ParOldGen       total 1040384K, used 40246K [0x00000000a0c00000, 0x00000000e0400000, 0x00000000e0400000)
  object space 1040384K, 3% used [0x00000000a0c00000,0x00000000a334d988,0x00000000e0400000)
 Metaspace       used 12896K, capacity 13042K, committed 13312K, reserved 1060864K
  class space    used 1468K, capacity 1501K, committed 1536K, reserved 1048576K
299.229: [GC (Allocation Failure) [PSYoungGen: 503520K->160K(513536K)] 543766K->40422K(1553920K), 0.0016434 secs] [Times: user=0.00 sys=0.00, real=0.00 secs] 
Heap after GC invocations=48 (full 0):
 PSYoungGen      total 513536K, used 160K [0x00000000e0400000, 0x0000000100000000, 0x0000000100000000)
  eden space 506368K, 0% used [0x00000000e0400000,0x00000000e0400000,0x00000000ff280000)
  from space 7168K, 2% used [0x00000000ff900000,0x00000000ff928000,0x0000000100000000)
  to   space 6656K, 0% used [0x00000000ff280000,0x00000000ff280000,0x00000000ff900000)
 ParOldGen       total 1040384K, used 40262K [0x00000000a0c00000, 0x00000000e0400000, 0x00000000e0400000)
  object space 1040384K, 3% used [0x00000000a0c00000,0x00000000a3351988,0x00000000e0400000)
 Metaspace       used 12896K, capacity 13042K, committed 13312K, reserved 1060864K
  class space    used 1468K, capacity 1501K, committed 1536K, reserved 1048576K
}
{Heap before GC invocations=49 (full 0):
 PSYoungGen      total 513536K, used 506528K [0x00000000e0400000, 0x0000000100000000, 0x0000000100000000)
  eden space 506368K, 100% used [0x00000000e0400000,0x00000000ff280000,0x00000000ff280000)
  from space 7168K, 2% used [0x00000000ff900000,0x00000000ff928000,0x0000000100000000)
  to   space 6656K, 0% used [0x00000000ff280000,0x00000000ff280000,0x00000000ff900000)
 ParOldGen       total 1040384K, used 40262K [0x00000000a0c00000, 0x00000000e0400000, 0x00000000e0400000)
  object space 1040384K, 3% used [0x00000000a0c00000,0x00000000a3351988,0x00000000e0400000)
 Metaspace       used 12897K, capacity 13042K, committed 13312K, reserved 1060864K
  class space    used 1468K, capacity 1501K, committed 1536K, reserved 1048576K
306.271: [GC (Allocation Failure) [PSYoungGen: 506528K->480K(513024K)] 546790K->40742K(1553408K), 0.0014540 secs] [Times: user=0.00 sys=0.00, real=0.00 secs] 
Heap after GC invocations=49 (full 0):
 PSYoungGen      total 513024K, used 480K [0x00000000e0400000, 0x0000000100000000, 0x0000000100000000)
  eden space 506368K, 0% used [0x00000000e0400000,0x00000000e0400000,0x00000000ff280000)
  from space 6656K, 7% used [0x00000000ff280000,0x00000000ff2f8000,0x00000000ff900000)
  to   space 6144K, 0% used [0x00000000ffa00000,0x00000000ffa00000,0x0000000100000000)
 ParOldGen       total 1040384K, used 40262K [0x00000000a0c00000, 0x00000000e0400000, 0x00000000e0400000)
  object space 1040384K, 3% used [0x00000000a0c00000,0x00000000a3351988,0x00000000e0400000)
 Metaspace       used 12897K, capacity 13042K, committed 13312K, reserved 1060864K
  class space    used 1468K, capacity 1501K, committed 1536K, reserved 1048576K
}
{Heap before GC invocations=50 (full 0):
 PSYoungGen      total 513024K, used 506848K [0x00000000e0400000, 0x0000000100000000, 0x0000000100000000)
  eden space 506368K, 100% used [0x00000000e0400000,0x00000000ff280000,0x00000000ff280000)
  from space 6656K, 7% used [0x00000000ff280000,0x00000000ff2f8000,0x00000000ff900000)
  to   space 6144K, 0% used [0x00000000ffa00000,0x00000000ffa00000,0x0000000100000000)
 ParOldGen       total 1040384K, used 40262K [0x00000000a0c00000, 0x00000000e0400000, 0x00000000e0400000)
  object space 1040384K, 3% used [0x00000000a0c00000,0x00000000a3351988,0x00000000e0400000)
 Metaspace       used 12897K, capacity 13042K, committed 13312K, reserved 1060864K
  class space    used 1468K, capacity 1501K, committed 1536K, reserved 1048576K
313.341: [GC (Allocation Failure) [PSYoungGen: 506848K->160K(514048K)] 547110K->40430K(1554432K), 0.0013600 secs] [Times: user=0.00 sys=0.00, real=0.00 secs] 
Heap after GC invocations=50 (full 0):
 PSYoungGen      total 514048K, used 160K [0x00000000e0400000, 0x0000000100000000, 0x0000000100000000)
  eden space 507904K, 0% used [0x00000000e0400000,0x00000000e0400000,0x00000000ff400000)
  from space 6144K, 2% used [0x00000000ffa00000,0x00000000ffa28000,0x0000000100000000)
  to   space 6144K, 0% used [0x00000000ff400000,0x00000000ff400000,0x00000000ffa00000)
 ParOldGen       total 1040384K, used 40270K [0x00000000a0c00000, 0x00000000e0400000, 0x00000000e0400000)
  object space 1040384K, 3% used [0x00000000a0c00000,0x00000000a3353988,0x00000000e0400000)
 Metaspace       used 12897K, capacity 13042K, committed 13312K, reserved 1060864K
  class space    used 1468K, capacity 1501K, committed 1536K, reserved 1048576K
}
{Heap before GC invocations=51 (full 0):
 PSYoungGen      total 514048K, used 508064K [0x00000000e0400000, 0x0000000100000000, 0x0000000100000000)
  eden space 507904K, 100% used [0x00000000e0400000,0x00000000ff400000,0x00000000ff400000)
  from space 6144K, 2% used [0x00000000ffa00000,0x00000000ffa28000,0x0000000100000000)
  to   space 6144K, 0% used [0x00000000ff400000,0x00000000ff400000,0x00000000ffa00000)
 ParOldGen       total 1040384K, used 40270K [0x00000000a0c00000, 0x00000000e0400000, 0x00000000e0400000)
  object space 1040384K, 3% used [0x00000000a0c00000,0x00000000a3353988,0x00000000e0400000)
 Metaspace       used 12899K, capacity 13042K, committed 13312K, reserved 1060864K
  class space    used 1468K, capacity 1501K, committed 1536K, reserved 1048576K
320.453: [GC (Allocation Failure) [PSYoungGen: 508064K->96K(514048K)] 548334K->40366K(1554432K), 0.0020508 secs] [Times: user=0.00 sys=0.00, real=0.00 secs] 
Heap after GC invocations=51 (full 0):
 PSYoungGen      total 514048K, used 96K [0x00000000e0400000, 0x0000000100000000, 0x0000000100000000)
  eden space 507904K, 0% used [0x00000000e0400000,0x00000000e0400000,0x00000000ff400000)
  from space 6144K, 1% used [0x00000000ff400000,0x00000000ff418000,0x00000000ffa00000)
  to   space 5632K, 0% used [0x00000000ffa80000,0x00000000ffa80000,0x0000000100000000)
 ParOldGen       total 1040384K, used 40270K [0x00000000a0c00000, 0x00000000e0400000, 0x00000000e0400000)
  object space 1040384K, 3% used [0x00000000a0c00000,0x00000000a3353988,0x00000000e0400000)
 Metaspace       used 12899K, capacity 13042K, committed 13312K, reserved 1060864K
  class space    used 1468K, capacity 1501K, committed 1536K, reserved 1048576K
}
{Heap before GC invocations=52 (full 0):
 PSYoungGen      total 514048K, used 508000K [0x00000000e0400000, 0x0000000100000000, 0x0000000100000000)
  eden space 507904K, 100% used [0x00000000e0400000,0x00000000ff400000,0x00000000ff400000)
  from space 6144K, 1% used [0x00000000ff400000,0x00000000ff418000,0x00000000ffa00000)
  to   space 5632K, 0% used [0x00000000ffa80000,0x00000000ffa80000,0x0000000100000000)
 ParOldGen       total 1040384K, used 40270K [0x00000000a0c00000, 0x00000000e0400000, 0x00000000e0400000)
  object space 1040384K, 3% used [0x00000000a0c00000,0x00000000a3353988,0x00000000e0400000)
 Metaspace       used 12902K, capacity 13042K, committed 13312K, reserved 1060864K
  class space    used 1468K, capacity 1501K, committed 1536K, reserved 1048576K
328.016: [GC (Allocation Failure) [PSYoungGen: 508000K->160K(515072K)] 548270K->40430K(1555456K), 0.0012991 secs] [Times: user=0.00 sys=0.00, real=0.00 secs] 
Heap after GC invocations=52 (full 0):
 PSYoungGen      total 515072K, used 160K [0x00000000e0400000, 0x0000000100000000, 0x0000000100000000)
  eden space 509440K, 0% used [0x00000000e0400000,0x00000000e0400000,0x00000000ff580000)
  from space 5632K, 2% used [0x00000000ffa80000,0x00000000ffaa8000,0x0000000100000000)
  to   space 5120K, 0% used [0x00000000ff580000,0x00000000ff580000,0x00000000ffa80000)
 ParOldGen       total 1040384K, used 40270K [0x00000000a0c00000, 0x00000000e0400000, 0x00000000e0400000)
  object space 1040384K, 3% used [0x00000000a0c00000,0x00000000a3353988,0x00000000e0400000)
 Metaspace       used 12902K, capacity 13042K, committed 13312K, reserved 1060864K
  class space    used 1468K, capacity 1501K, committed 1536K, reserved 1048576K
}
{Heap before GC invocations=53 (full 0):
 PSYoungGen      total 515072K, used 509600K [0x00000000e0400000, 0x0000000100000000, 0x0000000100000000)
  eden space 509440K, 100% used [0x00000000e0400000,0x00000000ff580000,0x00000000ff580000)
  from space 5632K, 2% used [0x00000000ffa80000,0x00000000ffaa8000,0x0000000100000000)
  to   space 5120K, 0% used [0x00000000ff580000,0x00000000ff580000,0x00000000ffa80000)
 ParOldGen       total 1040384K, used 40270K [0x00000000a0c00000, 0x00000000e0400000, 0x00000000e0400000)
  object space 1040384K, 3% used [0x00000000a0c00000,0x00000000a3353988,0x00000000e0400000)
 Metaspace       used 12907K, capacity 13042K, committed 13312K, reserved 1060864K
  class space    used 1468K, capacity 1501K, committed 1536K, reserved 1048576K
335.485: [GC (Allocation Failure) [PSYoungGen: 509600K->672K(514560K)] 549870K->40942K(1554944K), 0.0018163 secs] [Times: user=0.00 sys=0.00, real=0.00 secs] 
Heap after GC invocations=53 (full 0):
 PSYoungGen      total 514560K, used 672K [0x00000000e0400000, 0x0000000100000000, 0x0000000100000000)
  eden space 509440K, 0% used [0x00000000e0400000,0x00000000e0400000,0x00000000ff580000)
  from space 5120K, 13% used [0x00000000ff580000,0x00000000ff628000,0x00000000ffa80000)
  to   space 4608K, 0% used [0x00000000ffb80000,0x00000000ffb80000,0x0000000100000000)
 ParOldGen       total 1040384K, used 40270K [0x00000000a0c00000, 0x00000000e0400000, 0x00000000e0400000)
  object space 1040384K, 3% used [0x00000000a0c00000,0x00000000a3353988,0x00000000e0400000)
 Metaspace       used 12907K, capacity 13042K, committed 13312K, reserved 1060864K
  class space    used 1468K, capacity 1501K, committed 1536K, reserved 1048576K
}
{Heap before GC invocations=54 (full 0):
 PSYoungGen      total 514560K, used 510112K [0x00000000e0400000, 0x0000000100000000, 0x0000000100000000)
  eden space 509440K, 100% used [0x00000000e0400000,0x00000000ff580000,0x00000000ff580000)
  from space 5120K, 13% used [0x00000000ff580000,0x00000000ff628000,0x00000000ffa80000)
  to   space 4608K, 0% used [0x00000000ffb80000,0x00000000ffb80000,0x0000000100000000)
 ParOldGen       total 1040384K, used 40270K [0x00000000a0c00000, 0x00000000e0400000, 0x00000000e0400000)
  object space 1040384K, 3% used [0x00000000a0c00000,0x00000000a3353988,0x00000000e0400000)
 Metaspace       used 12909K, capacity 13042K, committed 13312K, reserved 1060864K
  class space    used 1468K, capacity 1501K, committed 1536K, reserved 1048576K
342.620: [GC (Allocation Failure) [PSYoungGen: 510112K->224K(515584K)] 550382K->40502K(1555968K), 0.0012664 secs] [Times: user=0.00 sys=0.00, real=0.00 secs] 
Heap after GC invocations=54 (full 0):
 PSYoungGen      total 515584K, used 224K [0x00000000e0400000, 0x0000000100000000, 0x0000000100000000)
  eden space 510976K, 0% used [0x00000000e0400000,0x00000000e0400000,0x00000000ff700000)
  from space 4608K, 4% used [0x00000000ffb80000,0x00000000ffbb8000,0x0000000100000000)
  to   space 4608K, 0% used [0x00000000ff700000,0x00000000ff700000,0x00000000ffb80000)
 ParOldGen       total 1040384K, used 40278K [0x00000000a0c00000, 0x00000000e0400000, 0x00000000e0400000)
  object space 1040384K, 3% used [0x00000000a0c00000,0x00000000a3355988,0x00000000e0400000)
 Metaspace       used 12909K, capacity 13042K, committed 13312K, reserved 1060864K
  class space    used 1468K, capacity 1501K, committed 1536K, reserved 1048576K
}
{Heap before GC invocations=55 (full 0):
 PSYoungGen      total 515584K, used 511200K [0x00000000e0400000, 0x0000000100000000, 0x0000000100000000)
  eden space 510976K, 100% used [0x00000000e0400000,0x00000000ff700000,0x00000000ff700000)
  from space 4608K, 4% used [0x00000000ffb80000,0x00000000ffbb8000,0x0000000100000000)
  to   space 4608K, 0% used [0x00000000ff700000,0x00000000ff700000,0x00000000ffb80000)
 ParOldGen       total 1040384K, used 40278K [0x00000000a0c00000, 0x00000000e0400000, 0x00000000e0400000)
  object space 1040384K, 3% used [0x00000000a0c00000,0x00000000a3355988,0x00000000e0400000)
 Metaspace       used 12910K, capacity 13042K, committed 13312K, reserved 1060864K
  class space    used 1468K, capacity 1501K, committed 1536K, reserved 1048576K
349.702: [GC (Allocation Failure) [PSYoungGen: 511200K->192K(515584K)] 551478K->40470K(1555968K), 0.0012876 secs] [Times: user=0.00 sys=0.00, real=0.00 secs] 
Heap after GC invocations=55 (full 0):
 PSYoungGen      total 515584K, used 192K [0x00000000e0400000, 0x0000000100000000, 0x0000000100000000)
  eden space 510976K, 0% used [0x00000000e0400000,0x00000000e0400000,0x00000000ff700000)
  from space 4608K, 4% used [0x00000000ff700000,0x00000000ff730000,0x00000000ffb80000)
  to   space 4096K, 0% used [0x00000000ffc00000,0x00000000ffc00000,0x0000000100000000)
 ParOldGen       total 1040384K, used 40278K [0x00000000a0c00000, 0x00000000e0400000, 0x00000000e0400000)
  object space 1040384K, 3% used [0x00000000a0c00000,0x00000000a3355988,0x00000000e0400000)
 Metaspace       used 12910K, capacity 13042K, committed 13312K, reserved 1060864K
  class space    used 1468K, capacity 1501K, committed 1536K, reserved 1048576K
}
{Heap before GC invocations=56 (full 0):
 PSYoungGen      total 515584K, used 511168K [0x00000000e0400000, 0x0000000100000000, 0x0000000100000000)
  eden space 510976K, 100% used [0x00000000e0400000,0x00000000ff700000,0x00000000ff700000)
  from space 4608K, 4% used [0x00000000ff700000,0x00000000ff730000,0x00000000ffb80000)
  to   space 4096K, 0% used [0x00000000ffc00000,0x00000000ffc00000,0x0000000100000000)
 ParOldGen       total 1040384K, used 40278K [0x00000000a0c00000, 0x00000000e0400000, 0x00000000e0400000)
  object space 1040384K, 3% used [0x00000000a0c00000,0x00000000a3355988,0x00000000e0400000)
 Metaspace       used 12910K, capacity 13042K, committed 13312K, reserved 1060864K
  class space    used 1468K, capacity 1501K, committed 1536K, reserved 1048576K
356.793: [GC (Allocation Failure) [PSYoungGen: 511168K->96K(516608K)] 551446K->40374K(1556992K), 0.0023450 secs] [Times: user=0.00 sys=0.00, real=0.00 secs] 
Heap after GC invocations=56 (full 0):
 PSYoungGen      total 516608K, used 96K [0x00000000e0400000, 0x0000000100000000, 0x0000000100000000)
  eden space 512512K, 0% used [0x00000000e0400000,0x00000000e0400000,0x00000000ff880000)
  from space 4096K, 2% used [0x00000000ffc00000,0x00000000ffc18000,0x0000000100000000)
  to   space 3584K, 0% used [0x00000000ff880000,0x00000000ff880000,0x00000000ffc00000)
 ParOldGen       total 1040384K, used 40278K [0x00000000a0c00000, 0x00000000e0400000, 0x00000000e0400000)
  object space 1040384K, 3% used [0x00000000a0c00000,0x00000000a3355988,0x00000000e0400000)
 Metaspace       used 12910K, capacity 13042K, committed 13312K, reserved 1060864K
  class space    used 1468K, capacity 1501K, committed 1536K, reserved 1048576K
}
{Heap before GC invocations=57 (full 0):
 PSYoungGen      total 516608K, used 512608K [0x00000000e0400000, 0x0000000100000000, 0x0000000100000000)
  eden space 512512K, 100% used [0x00000000e0400000,0x00000000ff880000,0x00000000ff880000)
  from space 4096K, 2% used [0x00000000ffc00000,0x00000000ffc18000,0x0000000100000000)
  to   space 3584K, 0% used [0x00000000ff880000,0x00000000ff880000,0x00000000ffc00000)
 ParOldGen       total 1040384K, used 40278K [0x00000000a0c00000, 0x00000000e0400000, 0x00000000e0400000)
  object space 1040384K, 3% used [0x00000000a0c00000,0x00000000a3355988,0x00000000e0400000)
 Metaspace       used 12910K, capacity 13042K, committed 13312K, reserved 1060864K
  class space    used 1468K, capacity 1501K, committed 1536K, reserved 1048576K
364.085: [GC (Allocation Failure) [PSYoungGen: 512608K->608K(516096K)] 552886K->40886K(1556480K), 0.0019136 secs] [Times: user=0.00 sys=0.00, real=0.00 secs] 
Heap after GC invocations=57 (full 0):
 PSYoungGen      total 516096K, used 608K [0x00000000e0400000, 0x0000000100000000, 0x0000000100000000)
  eden space 512512K, 0% used [0x00000000e0400000,0x00000000e0400000,0x00000000ff880000)
  from space 3584K, 16% used [0x00000000ff880000,0x00000000ff918000,0x00000000ffc00000)
  to   space 3584K, 0% used [0x00000000ffc80000,0x00000000ffc80000,0x0000000100000000)
 ParOldGen       total 1040384K, used 40278K [0x00000000a0c00000, 0x00000000e0400000, 0x00000000e0400000)
  object space 1040384K, 3% used [0x00000000a0c00000,0x00000000a3355988,0x00000000e0400000)
 Metaspace       used 12910K, capacity 13042K, committed 13312K, reserved 1060864K
  class space    used 1468K, capacity 1501K, committed 1536K, reserved 1048576K
}
{Heap before GC invocations=58 (full 0):
 PSYoungGen      total 516096K, used 513120K [0x00000000e0400000, 0x0000000100000000, 0x0000000100000000)
  eden space 512512K, 100% used [0x00000000e0400000,0x00000000ff880000,0x00000000ff880000)
  from space 3584K, 16% used [0x00000000ff880000,0x00000000ff918000,0x00000000ffc00000)
  to   space 3584K, 0% used [0x00000000ffc80000,0x00000000ffc80000,0x0000000100000000)
 ParOldGen       total 1040384K, used 40278K [0x00000000a0c00000, 0x00000000e0400000, 0x00000000e0400000)
  object space 1040384K, 3% used [0x00000000a0c00000,0x00000000a3355988,0x00000000e0400000)
 Metaspace       used 12910K, capacity 13042K, committed 13312K, reserved 1060864K
  class space    used 1468K, capacity 1501K, committed 1536K, reserved 1048576K
371.154: [GC (Allocation Failure) [PSYoungGen: 513120K->160K(516608K)] 553398K->40446K(1556992K), 0.0017298 secs] [Times: user=0.00 sys=0.00, real=0.00 secs] 
Heap after GC invocations=58 (full 0):
 PSYoungGen      total 516608K, used 160K [0x00000000e0400000, 0x0000000100000000, 0x0000000100000000)
  eden space 513024K, 0% used [0x00000000e0400000,0x00000000e0400000,0x00000000ff900000)
  from space 3584K, 4% used [0x00000000ffc80000,0x00000000ffca8000,0x0000000100000000)
  to   space 3584K, 0% used [0x00000000ff900000,0x00000000ff900000,0x00000000ffc80000)
 ParOldGen       total 1040384K, used 40286K [0x00000000a0c00000, 0x00000000e0400000, 0x00000000e0400000)
  object space 1040384K, 3% used [0x00000000a0c00000,0x00000000a3357988,0x00000000e0400000)
 Metaspace       used 12910K, capacity 13042K, committed 13312K, reserved 1060864K
  class space    used 1468K, capacity 1501K, committed 1536K, reserved 1048576K
}
{Heap before GC invocations=59 (full 0):
 PSYoungGen      total 516608K, used 513184K [0x00000000e0400000, 0x0000000100000000, 0x0000000100000000)
  eden space 513024K, 100% used [0x00000000e0400000,0x00000000ff900000,0x00000000ff900000)
  from space 3584K, 4% used [0x00000000ffc80000,0x00000000ffca8000,0x0000000100000000)
  to   space 3584K, 0% used [0x00000000ff900000,0x00000000ff900000,0x00000000ffc80000)
 ParOldGen       total 1040384K, used 40286K [0x00000000a0c00000, 0x00000000e0400000, 0x00000000e0400000)
  object space 1040384K, 3% used [0x00000000a0c00000,0x00000000a3357988,0x00000000e0400000)
 Metaspace       used 12910K, capacity 13042K, committed 13312K, reserved 1060864K
  class space    used 1468K, capacity 1501K, committed 1536K, reserved 1048576K
378.173: [GC (Allocation Failure) [PSYoungGen: 513184K->96K(516608K)] 553470K->40382K(1556992K), 0.0017532 secs] [Times: user=0.00 sys=0.00, real=0.00 secs] 
Heap after GC invocations=59 (full 0):
 PSYoungGen      total 516608K, used 96K [0x00000000e0400000, 0x0000000100000000, 0x0000000100000000)
  eden space 513024K, 0% used [0x00000000e0400000,0x00000000e0400000,0x00000000ff900000)
  from space 3584K, 2% used [0x00000000ff900000,0x00000000ff918000,0x00000000ffc80000)
  to   space 3072K, 0% used [0x00000000ffd00000,0x00000000ffd00000,0x0000000100000000)
 ParOldGen       total 1040384K, used 40286K [0x00000000a0c00000, 0x00000000e0400000, 0x00000000e0400000)
  object space 1040384K, 3% used [0x00000000a0c00000,0x00000000a3357988,0x00000000e0400000)
 Metaspace       used 12910K, capacity 13042K, committed 13312K, reserved 1060864K
  class space    used 1468K, capacity 1501K, committed 1536K, reserved 1048576K
}
{Heap before GC invocations=60 (full 0):
 PSYoungGen      total 516608K, used 513120K [0x00000000e0400000, 0x0000000100000000, 0x0000000100000000)
  eden space 513024K, 100% used [0x00000000e0400000,0x00000000ff900000,0x00000000ff900000)
  from space 3584K, 2% used [0x00000000ff900000,0x00000000ff918000,0x00000000ffc80000)
  to   space 3072K, 0% used [0x00000000ffd00000,0x00000000ffd00000,0x0000000100000000)
 ParOldGen       total 1040384K, used 40286K [0x00000000a0c00000, 0x00000000e0400000, 0x00000000e0400000)
  object space 1040384K, 3% used [0x00000000a0c00000,0x00000000a3357988,0x00000000e0400000)
 Metaspace       used 12910K, capacity 13042K, committed 13312K, reserved 1060864K
  class space    used 1468K, capacity 1501K, committed 1536K, reserved 1048576K
385.334: [GC (Allocation Failure) [PSYoungGen: 513120K->256K(517120K)] 553406K->40542K(1557504K), 0.0012863 secs] [Times: user=0.00 sys=0.00, real=0.00 secs] 
Heap after GC invocations=60 (full 0):
 PSYoungGen      total 517120K, used 256K [0x00000000e0400000, 0x0000000100000000, 0x0000000100000000)
  eden space 514048K, 0% used [0x00000000e0400000,0x00000000e0400000,0x00000000ffa00000)
  from space 3072K, 8% used [0x00000000ffd00000,0x00000000ffd40000,0x0000000100000000)
  to   space 3072K, 0% used [0x00000000ffa00000,0x00000000ffa00000,0x00000000ffd00000)
 ParOldGen       total 1040384K, used 40286K [0x00000000a0c00000, 0x00000000e0400000, 0x00000000e0400000)
  object space 1040384K, 3% used [0x00000000a0c00000,0x00000000a3357988,0x00000000e0400000)
 Metaspace       used 12910K, capacity 13042K, committed 13312K, reserved 1060864K
  class space    used 1468K, capacity 1501K, committed 1536K, reserved 1048576K
}
{Heap before GC invocations=61 (full 0):
 PSYoungGen      total 517120K, used 514304K [0x00000000e0400000, 0x0000000100000000, 0x0000000100000000)
  eden space 514048K, 100% used [0x00000000e0400000,0x00000000ffa00000,0x00000000ffa00000)
  from space 3072K, 8% used [0x00000000ffd00000,0x00000000ffd40000,0x0000000100000000)
  to   space 3072K, 0% used [0x00000000ffa00000,0x00000000ffa00000,0x00000000ffd00000)
 ParOldGen       total 1040384K, used 40286K [0x00000000a0c00000, 0x00000000e0400000, 0x00000000e0400000)
  object space 1040384K, 3% used [0x00000000a0c00000,0x00000000a3357988,0x00000000e0400000)
 Metaspace       used 12910K, capacity 13042K, committed 13312K, reserved 1060864K
  class space    used 1468K, capacity 1501K, committed 1536K, reserved 1048576K
392.446: [GC (Allocation Failure) [PSYoungGen: 514304K->224K(517120K)] 554590K->40510K(1557504K), 0.0013949 secs] [Times: user=0.00 sys=0.00, real=0.00 secs] 
Heap after GC invocations=61 (full 0):
 PSYoungGen      total 517120K, used 224K [0x00000000e0400000, 0x0000000100000000, 0x0000000100000000)
  eden space 514048K, 0% used [0x00000000e0400000,0x00000000e0400000,0x00000000ffa00000)
  from space 3072K, 7% used [0x00000000ffa00000,0x00000000ffa38000,0x00000000ffd00000)
  to   space 2560K, 0% used [0x00000000ffd80000,0x00000000ffd80000,0x0000000100000000)
 ParOldGen       total 1040384K, used 40286K [0x00000000a0c00000, 0x00000000e0400000, 0x00000000e0400000)
  object space 1040384K, 3% used [0x00000000a0c00000,0x00000000a3357988,0x00000000e0400000)
 Metaspace       used 12910K, capacity 13042K, committed 13312K, reserved 1060864K
  class space    used 1468K, capacity 1501K, committed 1536K, reserved 1048576K
}
{Heap before GC invocations=62 (full 0):
 PSYoungGen      total 517120K, used 514272K [0x00000000e0400000, 0x0000000100000000, 0x0000000100000000)
  eden space 514048K, 100% used [0x00000000e0400000,0x00000000ffa00000,0x00000000ffa00000)
  from space 3072K, 7% used [0x00000000ffa00000,0x00000000ffa38000,0x00000000ffd00000)
  to   space 2560K, 0% used [0x00000000ffd80000,0x00000000ffd80000,0x0000000100000000)
 ParOldGen       total 1040384K, used 40286K [0x00000000a0c00000, 0x00000000e0400000, 0x00000000e0400000)
  object space 1040384K, 3% used [0x00000000a0c00000,0x00000000a3357a18,0x00000000e0400000)
 Metaspace       used 12910K, capacity 13042K, committed 13312K, reserved 1060864K
  class space    used 1468K, capacity 1501K, committed 1536K, reserved 1048576K
399.545: [GC (GCLocker Initiated GC) [PSYoungGen: 514272K->1344K(516608K)] 554558K->41638K(1556992K), 0.0020371 secs] [Times: user=0.00 sys=0.00, real=0.00 secs] 
Heap after GC invocations=62 (full 0):
 PSYoungGen      total 516608K, used 1344K [0x00000000e0400000, 0x0000000100000000, 0x0000000100000000)
  eden space 514048K, 0% used [0x00000000e0400000,0x00000000e0400000,0x00000000ffa00000)
  from space 2560K, 52% used [0x00000000ffd80000,0x00000000ffed0000,0x0000000100000000)
  to   space 3072K, 0% used [0x00000000ffa00000,0x00000000ffa00000,0x00000000ffd00000)
 ParOldGen       total 1040384K, used 40294K [0x00000000a0c00000, 0x00000000e0400000, 0x00000000e0400000)
  object space 1040384K, 3% used [0x00000000a0c00000,0x00000000a3359a18,0x00000000e0400000)
 Metaspace       used 12910K, capacity 13042K, committed 13312K, reserved 1060864K
  class space    used 1468K, capacity 1501K, committed 1536K, reserved 1048576K
}
{Heap before GC invocations=63 (full 0):
 PSYoungGen      total 516608K, used 515392K [0x00000000e0400000, 0x0000000100000000, 0x0000000100000000)
  eden space 514048K, 100% used [0x00000000e0400000,0x00000000ffa00000,0x00000000ffa00000)
  from space 2560K, 52% used [0x00000000ffd80000,0x00000000ffed0000,0x0000000100000000)
  to   space 3072K, 0% used [0x00000000ffa00000,0x00000000ffa00000,0x00000000ffd00000)
 ParOldGen       total 1040384K, used 40297K [0x00000000a0c00000, 0x00000000e0400000, 0x00000000e0400000)
  object space 1040384K, 3% used [0x00000000a0c00000,0x00000000a335a508,0x00000000e0400000)
 Metaspace       used 12910K, capacity 13042K, committed 13312K, reserved 1060864K
  class space    used 1468K, capacity 1501K, committed 1536K, reserved 1048576K
406.754: [GC (Allocation Failure) [PSYoungGen: 515392K->160K(517120K)] 555689K->40473K(1557504K), 0.0016219 secs] [Times: user=0.11 sys=0.00, real=0.00 secs] 
Heap after GC invocations=63 (full 0):
 PSYoungGen      total 517120K, used 160K [0x00000000e0400000, 0x0000000100000000, 0x0000000100000000)
  eden space 514048K, 0% used [0x00000000e0400000,0x00000000e0400000,0x00000000ffa00000)
  from space 3072K, 5% used [0x00000000ffa00000,0x00000000ffa28000,0x00000000ffd00000)
  to   space 2560K, 0% used [0x00000000ffd80000,0x00000000ffd80000,0x0000000100000000)
 ParOldGen       total 1040384K, used 40313K [0x00000000a0c00000, 0x00000000e0400000, 0x00000000e0400000)
  object space 1040384K, 3% used [0x00000000a0c00000,0x00000000a335e508,0x00000000e0400000)
 Metaspace       used 12910K, capacity 13042K, committed 13312K, reserved 1060864K
  class space    used 1468K, capacity 1501K, committed 1536K, reserved 1048576K
}
{Heap before GC invocations=64 (full 0):
 PSYoungGen      total 517120K, used 514208K [0x00000000e0400000, 0x0000000100000000, 0x0000000100000000)
  eden space 514048K, 100% used [0x00000000e0400000,0x00000000ffa00000,0x00000000ffa00000)
  from space 3072K, 5% used [0x00000000ffa00000,0x00000000ffa28000,0x00000000ffd00000)
  to   space 2560K, 0% used [0x00000000ffd80000,0x00000000ffd80000,0x0000000100000000)
 ParOldGen       total 1040384K, used 40313K [0x00000000a0c00000, 0x00000000e0400000, 0x00000000e0400000)
  object space 1040384K, 3% used [0x00000000a0c00000,0x00000000a335e508,0x00000000e0400000)
 Metaspace       used 12911K, capacity 13042K, committed 13312K, reserved 1060864K
  class space    used 1468K, capacity 1501K, committed 1536K, reserved 1048576K
414.032: [GC (Allocation Failure) [PSYoungGen: 514208K->224K(517632K)] 554521K->40537K(1558016K), 0.0013162 secs] [Times: user=0.00 sys=0.00, real=0.00 secs] 
Heap after GC invocations=64 (full 0):
 PSYoungGen      total 517632K, used 224K [0x00000000e0400000, 0x0000000100000000, 0x0000000100000000)
  eden space 515072K, 0% used [0x00000000e0400000,0x00000000e0400000,0x00000000ffb00000)
  from space 2560K, 8% used [0x00000000ffd80000,0x00000000ffdb8000,0x0000000100000000)
  to   space 2560K, 0% used [0x00000000ffb00000,0x00000000ffb00000,0x00000000ffd80000)
 ParOldGen       total 1040384K, used 40313K [0x00000000a0c00000, 0x00000000e0400000, 0x00000000e0400000)
  object space 1040384K, 3% used [0x00000000a0c00000,0x00000000a335e508,0x00000000e0400000)
 Metaspace       used 12911K, capacity 13042K, committed 13312K, reserved 1060864K
  class space    used 1468K, capacity 1501K, committed 1536K, reserved 1048576K
}
{Heap before GC invocations=65 (full 0):
 PSYoungGen      total 517632K, used 515296K [0x00000000e0400000, 0x0000000100000000, 0x0000000100000000)
  eden space 515072K, 100% used [0x00000000e0400000,0x00000000ffb00000,0x00000000ffb00000)
  from space 2560K, 8% used [0x00000000ffd80000,0x00000000ffdb8000,0x0000000100000000)
  to   space 2560K, 0% used [0x00000000ffb00000,0x00000000ffb00000,0x00000000ffd80000)
 ParOldGen       total 1040384K, used 40313K [0x00000000a0c00000, 0x00000000e0400000, 0x00000000e0400000)
  object space 1040384K, 3% used [0x00000000a0c00000,0x00000000a335e508,0x00000000e0400000)
 Metaspace       used 12911K, capacity 13042K, committed 13312K, reserved 1060864K
  class space    used 1468K, capacity 1501K, committed 1536K, reserved 1048576K
421.074: [GC (Allocation Failure) [PSYoungGen: 515296K->160K(517632K)] 555609K->40473K(1558016K), 0.0017699 secs] [Times: user=0.00 sys=0.00, real=0.00 secs] 
Heap after GC invocations=65 (full 0):
 PSYoungGen      total 517632K, used 160K [0x00000000e0400000, 0x0000000100000000, 0x0000000100000000)
  eden space 515072K, 0% used [0x00000000e0400000,0x00000000e0400000,0x00000000ffb00000)
  from space 2560K, 6% used [0x00000000ffb00000,0x00000000ffb28000,0x00000000ffd80000)
  to   space 2560K, 0% used [0x00000000ffd80000,0x00000000ffd80000,0x0000000100000000)
 ParOldGen       total 1040384K, used 40313K [0x00000000a0c00000, 0x00000000e0400000, 0x00000000e0400000)
  object space 1040384K, 3% used [0x00000000a0c00000,0x00000000a335e508,0x00000000e0400000)
 Metaspace       used 12911K, capacity 13042K, committed 13312K, reserved 1060864K
  class space    used 1468K, capacity 1501K, committed 1536K, reserved 1048576K
}
{Heap before GC invocations=66 (full 0):
 PSYoungGen      total 517632K, used 515232K [0x00000000e0400000, 0x0000000100000000, 0x0000000100000000)
  eden space 515072K, 100% used [0x00000000e0400000,0x00000000ffb00000,0x00000000ffb00000)
  from space 2560K, 6% used [0x00000000ffb00000,0x00000000ffb28000,0x00000000ffd80000)
  to   space 2560K, 0% used [0x00000000ffd80000,0x00000000ffd80000,0x0000000100000000)
 ParOldGen       total 1040384K, used 40313K [0x00000000a0c00000, 0x00000000e0400000, 0x00000000e0400000)
  object space 1040384K, 3% used [0x00000000a0c00000,0x00000000a335e508,0x00000000e0400000)
 Metaspace       used 12911K, capacity 13042K, committed 13312K, reserved 1060864K
  class space    used 1468K, capacity 1501K, committed 1536K, reserved 1048576K
428.328: [GC (Allocation Failure) [PSYoungGen: 515232K->544K(518144K)] 555545K->40857K(1558528K), 0.0015171 secs] [Times: user=0.00 sys=0.00, real=0.00 secs] 
Heap after GC invocations=66 (full 0):
 PSYoungGen      total 518144K, used 544K [0x00000000e0400000, 0x0000000100000000, 0x0000000100000000)
  eden space 515584K, 0% used [0x00000000e0400000,0x00000000e0400000,0x00000000ffb80000)
  from space 2560K, 21% used [0x00000000ffd80000,0x00000000ffe08000,0x0000000100000000)
  to   space 2048K, 0% used [0x00000000ffb80000,0x00000000ffb80000,0x00000000ffd80000)
 ParOldGen       total 1040384K, used 40313K [0x00000000a0c00000, 0x00000000e0400000, 0x00000000e0400000)
  object space 1040384K, 3% used [0x00000000a0c00000,0x00000000a335e508,0x00000000e0400000)
 Metaspace       used 12911K, capacity 13042K, committed 13312K, reserved 1060864K
  class space    used 1468K, capacity 1501K, committed 1536K, reserved 1048576K
}
{Heap before GC invocations=67 (full 0):
 PSYoungGen      total 518144K, used 516128K [0x00000000e0400000, 0x0000000100000000, 0x0000000100000000)
  eden space 515584K, 100% used [0x00000000e0400000,0x00000000ffb80000,0x00000000ffb80000)
  from space 2560K, 21% used [0x00000000ffd80000,0x00000000ffe08000,0x0000000100000000)
  to   space 2048K, 0% used [0x00000000ffb80000,0x00000000ffb80000,0x00000000ffd80000)
 ParOldGen       total 1040384K, used 40313K [0x00000000a0c00000, 0x00000000e0400000, 0x00000000e0400000)
  object space 1040384K, 3% used [0x00000000a0c00000,0x00000000a335e508,0x00000000e0400000)
 Metaspace       used 12911K, capacity 13042K, committed 13312K, reserved 1060864K
  class space    used 1468K, capacity 1501K, committed 1536K, reserved 1048576K
435.650: [GC (Allocation Failure) [PSYoungGen: 516128K->224K(517632K)] 556441K->40561K(1558016K), 0.0016325 secs] [Times: user=0.00 sys=0.00, real=0.00 secs] 
Heap after GC invocations=67 (full 0):
 PSYoungGen      total 517632K, used 224K [0x00000000e0400000, 0x0000000100000000, 0x0000000100000000)
  eden space 515584K, 0% used [0x00000000e0400000,0x00000000e0400000,0x00000000ffb80000)
  from space 2048K, 10% used [0x00000000ffb80000,0x00000000ffbb8000,0x00000000ffd80000)
  to   space 2048K, 0% used [0x00000000ffe00000,0x00000000ffe00000,0x0000000100000000)
 ParOldGen       total 1040384K, used 40337K [0x00000000a0c00000, 0x00000000e0400000, 0x00000000e0400000)
  object space 1040384K, 3% used [0x00000000a0c00000,0x00000000a3364508,0x00000000e0400000)
 Metaspace       used 12911K, capacity 13042K, committed 13312K, reserved 1060864K
  class space    used 1468K, capacity 1501K, committed 1536K, reserved 1048576K
}
{Heap before GC invocations=68 (full 0):
 PSYoungGen      total 517632K, used 515808K [0x00000000e0400000, 0x0000000100000000, 0x0000000100000000)
  eden space 515584K, 100% used [0x00000000e0400000,0x00000000ffb80000,0x00000000ffb80000)
  from space 2048K, 10% used [0x00000000ffb80000,0x00000000ffbb8000,0x00000000ffd80000)
  to   space 2048K, 0% used [0x00000000ffe00000,0x00000000ffe00000,0x0000000100000000)
 ParOldGen       total 1040384K, used 40337K [0x00000000a0c00000, 0x00000000e0400000, 0x00000000e0400000)
  object space 1040384K, 3% used [0x00000000a0c00000,0x00000000a3364508,0x00000000e0400000)
 Metaspace       used 12911K, capacity 13042K, committed 13312K, reserved 1060864K
  class space    used 1468K, capacity 1501K, committed 1536K, reserved 1048576K
442.803: [GC (Allocation Failure) [PSYoungGen: 515808K->192K(518144K)] 556145K->40529K(1558528K), 0.0013243 secs] [Times: user=0.00 sys=0.00, real=0.00 secs] 
Heap after GC invocations=68 (full 0):
 PSYoungGen      total 518144K, used 192K [0x00000000e0400000, 0x0000000100000000, 0x0000000100000000)
  eden space 516096K, 0% used [0x00000000e0400000,0x00000000e0400000,0x00000000ffc00000)
  from space 2048K, 9% used [0x00000000ffe00000,0x00000000ffe30000,0x0000000100000000)
  to   space 2048K, 0% used [0x00000000ffc00000,0x00000000ffc00000,0x00000000ffe00000)
 ParOldGen       total 1040384K, used 40337K [0x00000000a0c00000, 0x00000000e0400000, 0x00000000e0400000)
  object space 1040384K, 3% used [0x00000000a0c00000,0x00000000a3364508,0x00000000e0400000)
 Metaspace       used 12911K, capacity 13042K, committed 13312K, reserved 1060864K
  class space    used 1468K, capacity 1501K, committed 1536K, reserved 1048576K
}
{Heap before GC invocations=69 (full 0):
 PSYoungGen      total 518144K, used 516288K [0x00000000e0400000, 0x0000000100000000, 0x0000000100000000)
  eden space 516096K, 100% used [0x00000000e0400000,0x00000000ffc00000,0x00000000ffc00000)
  from space 2048K, 9% used [0x00000000ffe00000,0x00000000ffe30000,0x0000000100000000)
  to   space 2048K, 0% used [0x00000000ffc00000,0x00000000ffc00000,0x00000000ffe00000)
 ParOldGen       total 1040384K, used 40337K [0x00000000a0c00000, 0x00000000e0400000, 0x00000000e0400000)
  object space 1040384K, 3% used [0x00000000a0c00000,0x00000000a3364508,0x00000000e0400000)
 Metaspace       used 12911K, capacity 13042K, committed 13312K, reserved 1060864K
  class space    used 1468K, capacity 1501K, committed 1536K, reserved 1048576K
450.073: [GC (Allocation Failure) [PSYoungGen: 516288K->192K(518144K)] 556625K->40529K(1558528K), 0.0023767 secs] [Times: user=0.00 sys=0.00, real=0.00 secs] 
Heap after GC invocations=69 (full 0):
 PSYoungGen      total 518144K, used 192K [0x00000000e0400000, 0x0000000100000000, 0x0000000100000000)
  eden space 516096K, 0% used [0x00000000e0400000,0x00000000e0400000,0x00000000ffc00000)
  from space 2048K, 9% used [0x00000000ffc00000,0x00000000ffc30000,0x00000000ffe00000)
  to   space 2048K, 0% used [0x00000000ffe00000,0x00000000ffe00000,0x0000000100000000)
 ParOldGen       total 1040384K, used 40337K [0x00000000a0c00000, 0x00000000e0400000, 0x00000000e0400000)
  object space 1040384K, 3% used [0x00000000a0c00000,0x00000000a3364508,0x00000000e0400000)
 Metaspace       used 12911K, capacity 13042K, committed 13312K, reserved 1060864K
  class space    used 1468K, capacity 1501K, committed 1536K, reserved 1048576K
}
{Heap before GC invocations=70 (full 0):
 PSYoungGen      total 518144K, used 516288K [0x00000000e0400000, 0x0000000100000000, 0x0000000100000000)
  eden space 516096K, 100% used [0x00000000e0400000,0x00000000ffc00000,0x00000000ffc00000)
  from space 2048K, 9% used [0x00000000ffc00000,0x00000000ffc30000,0x00000000ffe00000)
  to   space 2048K, 0% used [0x00000000ffe00000,0x00000000ffe00000,0x0000000100000000)
 ParOldGen       total 1040384K, used 40337K [0x00000000a0c00000, 0x00000000e0400000, 0x00000000e0400000)
  object space 1040384K, 3% used [0x00000000a0c00000,0x00000000a3364508,0x00000000e0400000)
 Metaspace       used 12911K, capacity 13042K, committed 13312K, reserved 1060864K
  class space    used 1468K, capacity 1501K, committed 1536K, reserved 1048576K
458.490: [GC (Allocation Failure) [PSYoungGen: 516288K->128K(518144K)] 556625K->40465K(1558528K), 0.0017699 secs] [Times: user=0.00 sys=0.01, real=0.00 secs] 
Heap after GC invocations=70 (full 0):
 PSYoungGen      total 518144K, used 128K [0x00000000e0400000, 0x0000000100000000, 0x0000000100000000)
  eden space 516096K, 0% used [0x00000000e0400000,0x00000000e0400000,0x00000000ffc00000)
  from space 2048K, 6% used [0x00000000ffe00000,0x00000000ffe20000,0x0000000100000000)
  to   space 2048K, 0% used [0x00000000ffc00000,0x00000000ffc00000,0x00000000ffe00000)
 ParOldGen       total 1040384K, used 40337K [0x00000000a0c00000, 0x00000000e0400000, 0x00000000e0400000)
  object space 1040384K, 3% used [0x00000000a0c00000,0x00000000a3364508,0x00000000e0400000)
 Metaspace       used 12911K, capacity 13042K, committed 13312K, reserved 1060864K
  class space    used 1468K, capacity 1501K, committed 1536K, reserved 1048576K
}
{Heap before GC invocations=71 (full 0):
 PSYoungGen      total 518144K, used 516224K [0x00000000e0400000, 0x0000000100000000, 0x0000000100000000)
  eden space 516096K, 100% used [0x00000000e0400000,0x00000000ffc00000,0x00000000ffc00000)
  from space 2048K, 6% used [0x00000000ffe00000,0x00000000ffe20000,0x0000000100000000)
  to   space 2048K, 0% used [0x00000000ffc00000,0x00000000ffc00000,0x00000000ffe00000)
 ParOldGen       total 1040384K, used 40337K [0x00000000a0c00000, 0x00000000e0400000, 0x00000000e0400000)
  object space 1040384K, 3% used [0x00000000a0c00000,0x00000000a3364508,0x00000000e0400000)
 Metaspace       used 12911K, capacity 13042K, committed 13312K, reserved 1060864K
  class space    used 1468K, capacity 1501K, committed 1536K, reserved 1048576K
465.986: [GC (Allocation Failure) [PSYoungGen: 516224K->1472K(518144K)] 556561K->41817K(1558528K), 0.0019015 secs] [Times: user=0.00 sys=0.00, real=0.00 secs] 
Heap after GC invocations=71 (full 0):
 PSYoungGen      total 518144K, used 1472K [0x00000000e0400000, 0x0000000100000000, 0x0000000100000000)
  eden space 516096K, 0% used [0x00000000e0400000,0x00000000e0400000,0x00000000ffc00000)
  from space 2048K, 71% used [0x00000000ffc00000,0x00000000ffd70000,0x00000000ffe00000)
  to   space 2048K, 0% used [0x00000000ffe00000,0x00000000ffe00000,0x0000000100000000)
 ParOldGen       total 1040384K, used 40345K [0x00000000a0c00000, 0x00000000e0400000, 0x00000000e0400000)
  object space 1040384K, 3% used [0x00000000a0c00000,0x00000000a3366508,0x00000000e0400000)
 Metaspace       used 12911K, capacity 13042K, committed 13312K, reserved 1060864K
  class space    used 1468K, capacity 1501K, committed 1536K, reserved 1048576K
}
{Heap before GC invocations=72 (full 0):
 PSYoungGen      total 518144K, used 517568K [0x00000000e0400000, 0x0000000100000000, 0x0000000100000000)
  eden space 516096K, 100% used [0x00000000e0400000,0x00000000ffc00000,0x00000000ffc00000)
  from space 2048K, 71% used [0x00000000ffc00000,0x00000000ffd70000,0x00000000ffe00000)
  to   space 2048K, 0% used [0x00000000ffe00000,0x00000000ffe00000,0x0000000100000000)
 ParOldGen       total 1040384K, used 40345K [0x00000000a0c00000, 0x00000000e0400000, 0x00000000e0400000)
  object space 1040384K, 3% used [0x00000000a0c00000,0x00000000a3366508,0x00000000e0400000)
 Metaspace       used 12911K, capacity 13042K, committed 13312K, reserved 1060864K
  class space    used 1468K, capacity 1501K, committed 1536K, reserved 1048576K
473.401: [GC (Allocation Failure) [PSYoungGen: 517568K->256K(518144K)] 557913K->40617K(1558528K), 0.0012297 secs] [Times: user=0.00 sys=0.00, real=0.00 secs] 
Heap after GC invocations=72 (full 0):
 PSYoungGen      total 518144K, used 256K [0x00000000e0400000, 0x0000000100000000, 0x0000000100000000)
  eden space 516096K, 0% used [0x00000000e0400000,0x00000000e0400000,0x00000000ffc00000)
  from space 2048K, 12% used [0x00000000ffe00000,0x00000000ffe40000,0x0000000100000000)
  to   space 2048K, 0% used [0x00000000ffc00000,0x00000000ffc00000,0x00000000ffe00000)
 ParOldGen       total 1040384K, used 40361K [0x00000000a0c00000, 0x00000000e0400000, 0x00000000e0400000)
  object space 1040384K, 3% used [0x00000000a0c00000,0x00000000a336a508,0x00000000e0400000)
 Metaspace       used 12911K, capacity 13042K, committed 13312K, reserved 1060864K
  class space    used 1468K, capacity 1501K, committed 1536K, reserved 1048576K
}
{Heap before GC invocations=73 (full 0):
 PSYoungGen      total 518144K, used 516352K [0x00000000e0400000, 0x0000000100000000, 0x0000000100000000)
  eden space 516096K, 100% used [0x00000000e0400000,0x00000000ffc00000,0x00000000ffc00000)
  from space 2048K, 12% used [0x00000000ffe00000,0x00000000ffe40000,0x0000000100000000)
  to   space 2048K, 0% used [0x00000000ffc00000,0x00000000ffc00000,0x00000000ffe00000)
 ParOldGen       total 1040384K, used 40361K [0x00000000a0c00000, 0x00000000e0400000, 0x00000000e0400000)
  object space 1040384K, 3% used [0x00000000a0c00000,0x00000000a336a508,0x00000000e0400000)
 Metaspace       used 12911K, capacity 13042K, committed 13312K, reserved 1060864K
  class space    used 1468K, capacity 1501K, committed 1536K, reserved 1048576K
480.961: [GC (Allocation Failure) [PSYoungGen: 516352K->96K(518144K)] 556713K->40465K(1558528K), 0.0023235 secs] [Times: user=0.00 sys=0.00, real=0.00 secs] 
Heap after GC invocations=73 (full 0):
 PSYoungGen      total 518144K, used 96K [0x00000000e0400000, 0x0000000100000000, 0x0000000100000000)
  eden space 516096K, 0% used [0x00000000e0400000,0x00000000e0400000,0x00000000ffc00000)
  from space 2048K, 4% used [0x00000000ffc00000,0x00000000ffc18000,0x00000000ffe00000)
  to   space 2048K, 0% used [0x00000000ffe00000,0x00000000ffe00000,0x0000000100000000)
 ParOldGen       total 1040384K, used 40369K [0x00000000a0c00000, 0x00000000e0400000, 0x00000000e0400000)
  object space 1040384K, 3% used [0x00000000a0c00000,0x00000000a336c508,0x00000000e0400000)
 Metaspace       used 12911K, capacity 13042K, committed 13312K, reserved 1060864K
  class space    used 1468K, capacity 1501K, committed 1536K, reserved 1048576K
}
{Heap before GC invocations=74 (full 0):
 PSYoungGen      total 518144K, used 516192K [0x00000000e0400000, 0x0000000100000000, 0x0000000100000000)
  eden space 516096K, 100% used [0x00000000e0400000,0x00000000ffc00000,0x00000000ffc00000)
  from space 2048K, 4% used [0x00000000ffc00000,0x00000000ffc18000,0x00000000ffe00000)
  to   space 2048K, 0% used [0x00000000ffe00000,0x00000000ffe00000,0x0000000100000000)
 ParOldGen       total 1040384K, used 40369K [0x00000000a0c00000, 0x00000000e0400000, 0x00000000e0400000)
  object space 1040384K, 3% used [0x00000000a0c00000,0x00000000a336c508,0x00000000e0400000)
 Metaspace       used 12913K, capacity 13042K, committed 13312K, reserved 1060864K
  class space    used 1468K, capacity 1501K, committed 1536K, reserved 1048576K
488.408: [GC (Allocation Failure) [PSYoungGen: 516192K->192K(518144K)] 556561K->40561K(1558528K), 0.0021413 secs] [Times: user=0.00 sys=0.00, real=0.00 secs] 
Heap after GC invocations=74 (full 0):
 PSYoungGen      total 518144K, used 192K [0x00000000e0400000, 0x0000000100000000, 0x0000000100000000)
  eden space 516096K, 0% used [0x00000000e0400000,0x00000000e0400000,0x00000000ffc00000)
  from space 2048K, 9% used [0x00000000ffe00000,0x00000000ffe30000,0x0000000100000000)
  to   space 2048K, 0% used [0x00000000ffc00000,0x00000000ffc00000,0x00000000ffe00000)
 ParOldGen       total 1040384K, used 40369K [0x00000000a0c00000, 0x00000000e0400000, 0x00000000e0400000)
  object space 1040384K, 3% used [0x00000000a0c00000,0x00000000a336c508,0x00000000e0400000)
 Metaspace       used 12913K, capacity 13042K, committed 13312K, reserved 1060864K
  class space    used 1468K, capacity 1501K, committed 1536K, reserved 1048576K
}
{Heap before GC invocations=75 (full 0):
 PSYoungGen      total 518144K, used 516288K [0x00000000e0400000, 0x0000000100000000, 0x0000000100000000)
  eden space 516096K, 100% used [0x00000000e0400000,0x00000000ffc00000,0x00000000ffc00000)
  from space 2048K, 9% used [0x00000000ffe00000,0x00000000ffe30000,0x0000000100000000)
  to   space 2048K, 0% used [0x00000000ffc00000,0x00000000ffc00000,0x00000000ffe00000)
 ParOldGen       total 1040384K, used 40369K [0x00000000a0c00000, 0x00000000e0400000, 0x00000000e0400000)
  object space 1040384K, 3% used [0x00000000a0c00000,0x00000000a336c508,0x00000000e0400000)
 Metaspace       used 12913K, capacity 13042K, committed 13312K, reserved 1060864K
  class space    used 1468K, capacity 1501K, committed 1536K, reserved 1048576K
496.106: [GC (Allocation Failure) [PSYoungGen: 516288K->96K(518144K)] 556657K->40473K(1558528K), 0.0018480 secs] [Times: user=0.00 sys=0.00, real=0.00 secs] 
Heap after GC invocations=75 (full 0):
 PSYoungGen      total 518144K, used 96K [0x00000000e0400000, 0x0000000100000000, 0x0000000100000000)
  eden space 516096K, 0% used [0x00000000e0400000,0x00000000e0400000,0x00000000ffc00000)
  from space 2048K, 4% used [0x00000000ffc00000,0x00000000ffc18000,0x00000000ffe00000)
  to   space 1536K, 0% used [0x00000000ffe80000,0x00000000ffe80000,0x0000000100000000)
 ParOldGen       total 1040384K, used 40377K [0x00000000a0c00000, 0x00000000e0400000, 0x00000000e0400000)
  object space 1040384K, 3% used [0x00000000a0c00000,0x00000000a336e508,0x00000000e0400000)
 Metaspace       used 12913K, capacity 13042K, committed 13312K, reserved 1060864K
  class space    used 1468K, capacity 1501K, committed 1536K, reserved 1048576K
}
{Heap before GC invocations=76 (full 0):
 PSYoungGen      total 518144K, used 516192K [0x00000000e0400000, 0x0000000100000000, 0x0000000100000000)
  eden space 516096K, 100% used [0x00000000e0400000,0x00000000ffc00000,0x00000000ffc00000)
  from space 2048K, 4% used [0x00000000ffc00000,0x00000000ffc18000,0x00000000ffe00000)
  to   space 1536K, 0% used [0x00000000ffe80000,0x00000000ffe80000,0x0000000100000000)
 ParOldGen       total 1040384K, used 40377K [0x00000000a0c00000, 0x00000000e0400000, 0x00000000e0400000)
  object space 1040384K, 3% used [0x00000000a0c00000,0x00000000a336e528,0x00000000e0400000)
 Metaspace       used 12914K, capacity 13042K, committed 13312K, reserved 1060864K
  class space    used 1468K, capacity 1501K, committed 1536K, reserved 1048576K
503.735: [GC (GCLocker Initiated GC) [PSYoungGen: 516192K->1536K(517632K)] 556569K->41921K(1558016K), 0.0020716 secs] [Times: user=0.00 sys=0.00, real=0.00 secs] 
Heap after GC invocations=76 (full 0):
 PSYoungGen      total 517632K, used 1536K [0x00000000e0400000, 0x0000000100000000, 0x0000000100000000)
  eden space 516096K, 0% used [0x00000000e0400000,0x00000000e0400000,0x00000000ffc00000)
  from space 1536K, 100% used [0x00000000ffe80000,0x0000000100000000,0x0000000100000000)
  to   space 2048K, 0% used [0x00000000ffc00000,0x00000000ffc00000,0x00000000ffe00000)
 ParOldGen       total 1040384K, used 40385K [0x00000000a0c00000, 0x00000000e0400000, 0x00000000e0400000)
  object space 1040384K, 3% used [0x00000000a0c00000,0x00000000a3370528,0x00000000e0400000)
 Metaspace       used 12914K, capacity 13042K, committed 13312K, reserved 1060864K
  class space    used 1468K, capacity 1501K, committed 1536K, reserved 1048576K
}
{Heap before GC invocations=77 (full 0):
 PSYoungGen      total 517632K, used 517632K [0x00000000e0400000, 0x0000000100000000, 0x0000000100000000)
  eden space 516096K, 100% used [0x00000000e0400000,0x00000000ffc00000,0x00000000ffc00000)
  from space 1536K, 100% used [0x00000000ffe80000,0x0000000100000000,0x0000000100000000)
  to   space 2048K, 0% used [0x00000000ffc00000,0x00000000ffc00000,0x00000000ffe00000)
 ParOldGen       total 1040384K, used 40388K [0x00000000a0c00000, 0x00000000e0400000, 0x00000000e0400000)
  object space 1040384K, 3% used [0x00000000a0c00000,0x00000000a3371140,0x00000000e0400000)
 Metaspace       used 12914K, capacity 13042K, committed 13312K, reserved 1060864K
  class space    used 1468K, capacity 1501K, committed 1536K, reserved 1048576K
511.497: [GC (Allocation Failure) [PSYoungGen: 517632K->160K(518144K)] 558020K->40556K(1558528K), 0.0018894 secs] [Times: user=0.00 sys=0.00, real=0.00 secs] 
Heap after GC invocations=77 (full 0):
 PSYoungGen      total 518144K, used 160K [0x00000000e0400000, 0x0000000100000000, 0x0000000100000000)
  eden space 516096K, 0% used [0x00000000e0400000,0x00000000e0400000,0x00000000ffc00000)
  from space 2048K, 7% used [0x00000000ffc00000,0x00000000ffc28000,0x00000000ffe00000)
  to   space 2048K, 0% used [0x00000000ffe00000,0x00000000ffe00000,0x0000000100000000)
 ParOldGen       total 1040384K, used 40396K [0x00000000a0c00000, 0x00000000e0400000, 0x00000000e0400000)
  object space 1040384K, 3% used [0x00000000a0c00000,0x00000000a3373140,0x00000000e0400000)
 Metaspace       used 12914K, capacity 13042K, committed 13312K, reserved 1060864K
  class space    used 1468K, capacity 1501K, committed 1536K, reserved 1048576K
}
{Heap before GC invocations=78 (full 0):
 PSYoungGen      total 518144K, used 516256K [0x00000000e0400000, 0x0000000100000000, 0x0000000100000000)
  eden space 516096K, 100% used [0x00000000e0400000,0x00000000ffc00000,0x00000000ffc00000)
  from space 2048K, 7% used [0x00000000ffc00000,0x00000000ffc28000,0x00000000ffe00000)
  to   space 2048K, 0% used [0x00000000ffe00000,0x00000000ffe00000,0x0000000100000000)
 ParOldGen       total 1040384K, used 40396K [0x00000000a0c00000, 0x00000000e0400000, 0x00000000e0400000)
  object space 1040384K, 3% used [0x00000000a0c00000,0x00000000a3373140,0x00000000e0400000)
 Metaspace       used 12920K, capacity 13042K, committed 13312K, reserved 1060864K
  class space    used 1468K, capacity 1501K, committed 1536K, reserved 1048576K
519.228: [GC (Allocation Failure) [PSYoungGen: 516256K->192K(518144K)] 556652K->40628K(1558528K), 0.0015743 secs] [Times: user=0.00 sys=0.00, real=0.00 secs] 
Heap after GC invocations=78 (full 0):
 PSYoungGen      total 518144K, used 192K [0x00000000e0400000, 0x0000000100000000, 0x0000000100000000)
  eden space 516096K, 0% used [0x00000000e0400000,0x00000000e0400000,0x00000000ffc00000)
  from space 2048K, 9% used [0x00000000ffe00000,0x00000000ffe30000,0x0000000100000000)
  to   space 2048K, 0% used [0x00000000ffc00000,0x00000000ffc00000,0x00000000ffe00000)
 ParOldGen       total 1040384K, used 40436K [0x00000000a0c00000, 0x00000000e0400000, 0x00000000e0400000)
  object space 1040384K, 3% used [0x00000000a0c00000,0x00000000a337d140,0x00000000e0400000)
 Metaspace       used 12920K, capacity 13042K, committed 13312K, reserved 1060864K
  class space    used 1468K, capacity 1501K, committed 1536K, reserved 1048576K
}
{Heap before GC invocations=79 (full 0):
 PSYoungGen      total 518144K, used 516288K [0x00000000e0400000, 0x0000000100000000, 0x0000000100000000)
  eden space 516096K, 100% used [0x00000000e0400000,0x00000000ffc00000,0x00000000ffc00000)
  from space 2048K, 9% used [0x00000000ffe00000,0x00000000ffe30000,0x0000000100000000)
  to   space 2048K, 0% used [0x00000000ffc00000,0x00000000ffc00000,0x00000000ffe00000)
 ParOldGen       total 1040384K, used 40436K [0x00000000a0c00000, 0x00000000e0400000, 0x00000000e0400000)
  object space 1040384K, 3% used [0x00000000a0c00000,0x00000000a337d140,0x00000000e0400000)
 Metaspace       used 12920K, capacity 13042K, committed 13312K, reserved 1060864K
  class space    used 1468K, capacity 1501K, committed 1536K, reserved 1048576K
526.433: [GC (Allocation Failure) [PSYoungGen: 516288K->128K(518144K)] 556724K->40564K(1558528K), 0.0016869 secs] [Times: user=0.00 sys=0.00, real=0.00 secs] 
Heap after GC invocations=79 (full 0):
 PSYoungGen      total 518144K, used 128K [0x00000000e0400000, 0x0000000100000000, 0x0000000100000000)
  eden space 516096K, 0% used [0x00000000e0400000,0x00000000e0400000,0x00000000ffc00000)
  from space 2048K, 6% used [0x00000000ffc00000,0x00000000ffc20000,0x00000000ffe00000)
  to   space 2048K, 0% used [0x00000000ffe00000,0x00000000ffe00000,0x0000000100000000)
 ParOldGen       total 1040384K, used 40436K [0x00000000a0c00000, 0x00000000e0400000, 0x00000000e0400000)
  object space 1040384K, 3% used [0x00000000a0c00000,0x00000000a337d140,0x00000000e0400000)
 Metaspace       used 12920K, capacity 13042K, committed 13312K, reserved 1060864K
  class space    used 1468K, capacity 1501K, committed 1536K, reserved 1048576K
}
{Heap before GC invocations=80 (full 0):
 PSYoungGen      total 518144K, used 516224K [0x00000000e0400000, 0x0000000100000000, 0x0000000100000000)
  eden space 516096K, 100% used [0x00000000e0400000,0x00000000ffc00000,0x00000000ffc00000)
  from space 2048K, 6% used [0x00000000ffc00000,0x00000000ffc20000,0x00000000ffe00000)
  to   space 2048K, 0% used [0x00000000ffe00000,0x00000000ffe00000,0x0000000100000000)
 ParOldGen       total 1040384K, used 40436K [0x00000000a0c00000, 0x00000000e0400000, 0x00000000e0400000)
  object space 1040384K, 3% used [0x00000000a0c00000,0x00000000a337d140,0x00000000e0400000)
 Metaspace       used 12920K, capacity 13042K, committed 13312K, reserved 1060864K
  class space    used 1468K, capacity 1501K, committed 1536K, reserved 1048576K
533.683: [GC (Allocation Failure) [PSYoungGen: 516224K->256K(518656K)] 556660K->40692K(1559040K), 0.0015718 secs] [Times: user=0.00 sys=0.00, real=0.00 secs] 
Heap after GC invocations=80 (full 0):
 PSYoungGen      total 518656K, used 256K [0x00000000e0400000, 0x0000000100000000, 0x0000000100000000)
  eden space 516608K, 0% used [0x00000000e0400000,0x00000000e0400000,0x00000000ffc80000)
  from space 2048K, 12% used [0x00000000ffe00000,0x00000000ffe40000,0x0000000100000000)
  to   space 1536K, 0% used [0x00000000ffc80000,0x00000000ffc80000,0x00000000ffe00000)
 ParOldGen       total 1040384K, used 40436K [0x00000000a0c00000, 0x00000000e0400000, 0x00000000e0400000)
  object space 1040384K, 3% used [0x00000000a0c00000,0x00000000a337d140,0x00000000e0400000)
 Metaspace       used 12920K, capacity 13042K, committed 13312K, reserved 1060864K
  class space    used 1468K, capacity 1501K, committed 1536K, reserved 1048576K
}
{Heap before GC invocations=81 (full 0):
 PSYoungGen      total 518656K, used 516864K [0x00000000e0400000, 0x0000000100000000, 0x0000000100000000)
  eden space 516608K, 100% used [0x00000000e0400000,0x00000000ffc80000,0x00000000ffc80000)
  from space 2048K, 12% used [0x00000000ffe00000,0x00000000ffe40000,0x0000000100000000)
  to   space 1536K, 0% used [0x00000000ffc80000,0x00000000ffc80000,0x00000000ffe00000)
 ParOldGen       total 1040384K, used 40436K [0x00000000a0c00000, 0x00000000e0400000, 0x00000000e0400000)
  object space 1040384K, 3% used [0x00000000a0c00000,0x00000000a337d140,0x00000000e0400000)
 Metaspace       used 12925K, capacity 13042K, committed 13312K, reserved 1060864K
  class space    used 1468K, capacity 1501K, committed 1536K, reserved 1048576K
541.078: [GC (Allocation Failure) [PSYoungGen: 516864K->1504K(518144K)] 557300K->41940K(1558528K), 0.0034839 secs] [Times: user=0.00 sys=0.00, real=0.00 secs] 
Heap after GC invocations=81 (full 0):
 PSYoungGen      total 518144K, used 1504K [0x00000000e0400000, 0x0000000100000000, 0x0000000100000000)
  eden space 516608K, 0% used [0x00000000e0400000,0x00000000e0400000,0x00000000ffc80000)
  from space 1536K, 97% used [0x00000000ffc80000,0x00000000ffdf8000,0x00000000ffe00000)
  to   space 2048K, 0% used [0x00000000ffe00000,0x00000000ffe00000,0x0000000100000000)
 ParOldGen       total 1040384K, used 40436K [0x00000000a0c00000, 0x00000000e0400000, 0x00000000e0400000)
  object space 1040384K, 3% used [0x00000000a0c00000,0x00000000a337d140,0x00000000e0400000)
 Metaspace       used 12925K, capacity 13042K, committed 13312K, reserved 1060864K
  class space    used 1468K, capacity 1501K, committed 1536K, reserved 1048576K
}
{Heap before GC invocations=82 (full 0):
 PSYoungGen      total 518144K, used 518112K [0x00000000e0400000, 0x0000000100000000, 0x0000000100000000)
  eden space 516608K, 100% used [0x00000000e0400000,0x00000000ffc80000,0x00000000ffc80000)
  from space 1536K, 97% used [0x00000000ffc80000,0x00000000ffdf8000,0x00000000ffe00000)
  to   space 2048K, 0% used [0x00000000ffe00000,0x00000000ffe00000,0x0000000100000000)
 ParOldGen       total 1040384K, used 40436K [0x00000000a0c00000, 0x00000000e0400000, 0x00000000e0400000)
  object space 1040384K, 3% used [0x00000000a0c00000,0x00000000a337d140,0x00000000e0400000)
 Metaspace       used 12925K, capacity 13042K, committed 13312K, reserved 1060864K
  class space    used 1468K, capacity 1501K, committed 1536K, reserved 1048576K
548.539: [GC (Allocation Failure) [PSYoungGen: 518112K->128K(518144K)] 558548K->40572K(1558528K), 0.0018126 secs] [Times: user=0.00 sys=0.00, real=0.00 secs] 
Heap after GC invocations=82 (full 0):
 PSYoungGen      total 518144K, used 128K [0x00000000e0400000, 0x0000000100000000, 0x0000000100000000)
  eden space 516096K, 0% used [0x00000000e0400000,0x00000000e0400000,0x00000000ffc00000)
  from space 2048K, 6% used [0x00000000ffe00000,0x00000000ffe20000,0x0000000100000000)
  to   space 2048K, 0% used [0x00000000ffc00000,0x00000000ffc00000,0x00000000ffe00000)
 ParOldGen       total 1040384K, used 40444K [0x00000000a0c00000, 0x00000000e0400000, 0x00000000e0400000)
  object space 1040384K, 3% used [0x00000000a0c00000,0x00000000a337f140,0x00000000e0400000)
 Metaspace       used 12925K, capacity 13042K, committed 13312K, reserved 1060864K
  class space    used 1468K, capacity 1501K, committed 1536K, reserved 1048576K
}
{Heap before GC invocations=83 (full 0):
 PSYoungGen      total 518144K, used 516224K [0x00000000e0400000, 0x0000000100000000, 0x0000000100000000)
  eden space 516096K, 100% used [0x00000000e0400000,0x00000000ffc00000,0x00000000ffc00000)
  from space 2048K, 6% used [0x00000000ffe00000,0x00000000ffe20000,0x0000000100000000)
  to   space 2048K, 0% used [0x00000000ffc00000,0x00000000ffc00000,0x00000000ffe00000)
 ParOldGen       total 1040384K, used 40444K [0x00000000a0c00000, 0x00000000e0400000, 0x00000000e0400000)
  object space 1040384K, 3% used [0x00000000a0c00000,0x00000000a337f140,0x00000000e0400000)
 Metaspace       used 12925K, capacity 13042K, committed 13312K, reserved 1060864K
  class space    used 1468K, capacity 1501K, committed 1536K, reserved 1048576K
556.573: [GC (Allocation Failure) [PSYoungGen: 516224K->160K(518144K)] 556668K->40612K(1558528K), 0.0017740 secs] [Times: user=0.00 sys=0.00, real=0.00 secs] 
Heap after GC invocations=83 (full 0):
 PSYoungGen      total 518144K, used 160K [0x00000000e0400000, 0x0000000100000000, 0x0000000100000000)
  eden space 516096K, 0% used [0x00000000e0400000,0x00000000e0400000,0x00000000ffc00000)
  from space 2048K, 7% used [0x00000000ffc00000,0x00000000ffc28000,0x00000000ffe00000)
  to   space 2048K, 0% used [0x00000000ffe00000,0x00000000ffe00000,0x0000000100000000)
 ParOldGen       total 1040384K, used 40452K [0x00000000a0c00000, 0x00000000e0400000, 0x00000000e0400000)
  object space 1040384K, 3% used [0x00000000a0c00000,0x00000000a3381140,0x00000000e0400000)
 Metaspace       used 12925K, capacity 13042K, committed 13312K, reserved 1060864K
  class space    used 1468K, capacity 1501K, committed 1536K, reserved 1048576K
}
{Heap before GC invocations=84 (full 0):
 PSYoungGen      total 518144K, used 516256K [0x00000000e0400000, 0x0000000100000000, 0x0000000100000000)
  eden space 516096K, 100% used [0x00000000e0400000,0x00000000ffc00000,0x00000000ffc00000)
  from space 2048K, 7% used [0x00000000ffc00000,0x00000000ffc28000,0x00000000ffe00000)
  to   space 2048K, 0% used [0x00000000ffe00000,0x00000000ffe00000,0x0000000100000000)
 ParOldGen       total 1040384K, used 40452K [0x00000000a0c00000, 0x00000000e0400000, 0x00000000e0400000)
  object space 1040384K, 3% used [0x00000000a0c00000,0x00000000a3381140,0x00000000e0400000)
 Metaspace       used 12926K, capacity 13042K, committed 13312K, reserved 1060864K
  class space    used 1468K, capacity 1501K, committed 1536K, reserved 1048576K
564.327: [GC (Allocation Failure) [PSYoungGen: 516256K->128K(518144K)] 556708K->40580K(1558528K), 0.0014972 secs] [Times: user=0.00 sys=0.00, real=0.00 secs] 
Heap after GC invocations=84 (full 0):
 PSYoungGen      total 518144K, used 128K [0x00000000e0400000, 0x0000000100000000, 0x0000000100000000)
  eden space 516096K, 0% used [0x00000000e0400000,0x00000000e0400000,0x00000000ffc00000)
  from space 2048K, 6% used [0x00000000ffe00000,0x00000000ffe20000,0x0000000100000000)
  to   space 2048K, 0% used [0x00000000ffc00000,0x00000000ffc00000,0x00000000ffe00000)
 ParOldGen       total 1040384K, used 40452K [0x00000000a0c00000, 0x00000000e0400000, 0x00000000e0400000)
  object space 1040384K, 3% used [0x00000000a0c00000,0x00000000a3381140,0x00000000e0400000)
 Metaspace       used 12926K, capacity 13042K, committed 13312K, reserved 1060864K
  class space    used 1468K, capacity 1501K, committed 1536K, reserved 1048576K
}
{Heap before GC invocations=85 (full 0):
 PSYoungGen      total 518144K, used 516224K [0x00000000e0400000, 0x0000000100000000, 0x0000000100000000)
  eden space 516096K, 100% used [0x00000000e0400000,0x00000000ffc00000,0x00000000ffc00000)
  from space 2048K, 6% used [0x00000000ffe00000,0x00000000ffe20000,0x0000000100000000)
  to   space 2048K, 0% used [0x00000000ffc00000,0x00000000ffc00000,0x00000000ffe00000)
 ParOldGen       total 1040384K, used 40452K [0x00000000a0c00000, 0x00000000e0400000, 0x00000000e0400000)
  object space 1040384K, 3% used [0x00000000a0c00000,0x00000000a3381140,0x00000000e0400000)
 Metaspace       used 12927K, capacity 13042K, committed 13312K, reserved 1060864K
  class space    used 1468K, capacity 1501K, committed 1536K, reserved 1048576K
571.720: [GC (Allocation Failure) [PSYoungGen: 516224K->128K(518144K)] 556676K->40580K(1558528K), 0.0015992 secs] [Times: user=0.00 sys=0.00, real=0.00 secs] 
Heap after GC invocations=85 (full 0):
 PSYoungGen      total 518144K, used 128K [0x00000000e0400000, 0x0000000100000000, 0x0000000100000000)
  eden space 516096K, 0% used [0x00000000e0400000,0x00000000e0400000,0x00000000ffc00000)
  from space 2048K, 6% used [0x00000000ffc00000,0x00000000ffc20000,0x00000000ffe00000)
  to   space 1536K, 0% used [0x00000000ffe80000,0x00000000ffe80000,0x0000000100000000)
 ParOldGen       total 1040384K, used 40452K [0x00000000a0c00000, 0x00000000e0400000, 0x00000000e0400000)
  object space 1040384K, 3% used [0x00000000a0c00000,0x00000000a3381140,0x00000000e0400000)
 Metaspace       used 12927K, capacity 13042K, committed 13312K, reserved 1060864K
  class space    used 1468K, capacity 1501K, committed 1536K, reserved 1048576K
}
{Heap before GC invocations=86 (full 0):
 PSYoungGen      total 518144K, used 516224K [0x00000000e0400000, 0x0000000100000000, 0x0000000100000000)
  eden space 516096K, 100% used [0x00000000e0400000,0x00000000ffc00000,0x00000000ffc00000)
  from space 2048K, 6% used [0x00000000ffc00000,0x00000000ffc20000,0x00000000ffe00000)
  to   space 1536K, 0% used [0x00000000ffe80000,0x00000000ffe80000,0x0000000100000000)
 ParOldGen       total 1040384K, used 40452K [0x00000000a0c00000, 0x00000000e0400000, 0x00000000e0400000)
  object space 1040384K, 3% used [0x00000000a0c00000,0x00000000a3381168,0x00000000e0400000)
 Metaspace       used 12927K, capacity 13042K, committed 13312K, reserved 1060864K
  class space    used 1468K, capacity 1501K, committed 1536K, reserved 1048576K
579.261: [GC (GCLocker Initiated GC) [PSYoungGen: 516224K->1536K(517632K)] 556676K->42404K(1558016K), 0.0022847 secs] [Times: user=0.00 sys=0.00, real=0.00 secs] 
Heap after GC invocations=86 (full 0):
 PSYoungGen      total 517632K, used 1536K [0x00000000e0400000, 0x0000000100000000, 0x0000000100000000)
  eden space 516096K, 0% used [0x00000000e0400000,0x00000000e0400000,0x00000000ffc00000)
  from space 1536K, 100% used [0x00000000ffe80000,0x0000000100000000,0x0000000100000000)
  to   space 2048K, 0% used [0x00000000ffc00000,0x00000000ffc00000,0x00000000ffe00000)
 ParOldGen       total 1040384K, used 40868K [0x00000000a0c00000, 0x00000000e0400000, 0x00000000e0400000)
  object space 1040384K, 3% used [0x00000000a0c00000,0x00000000a33e9168,0x00000000e0400000)
 Metaspace       used 12927K, capacity 13042K, committed 13312K, reserved 1060864K
  class space    used 1468K, capacity 1501K, committed 1536K, reserved 1048576K
}
{Heap before GC invocations=87 (full 0):
 PSYoungGen      total 517632K, used 517632K [0x00000000e0400000, 0x0000000100000000, 0x0000000100000000)
  eden space 516096K, 100% used [0x00000000e0400000,0x00000000ffc00000,0x00000000ffc00000)
  from space 1536K, 100% used [0x00000000ffe80000,0x0000000100000000,0x0000000100000000)
  to   space 2048K, 0% used [0x00000000ffc00000,0x00000000ffc00000,0x00000000ffe00000)
 ParOldGen       total 1040384K, used 40871K [0x00000000a0c00000, 0x00000000e0400000, 0x00000000e0400000)
  object space 1040384K, 3% used [0x00000000a0c00000,0x00000000a33e9f50,0x00000000e0400000)
 Metaspace       used 12927K, capacity 13042K, committed 13312K, reserved 1060864K
  class space    used 1468K, capacity 1501K, committed 1536K, reserved 1048576K
586.790: [GC (Allocation Failure) [PSYoungGen: 517632K->224K(518144K)] 558503K->41127K(1558528K), 0.0016561 secs] [Times: user=0.00 sys=0.00, real=0.00 secs] 
Heap after GC invocations=87 (full 0):
 PSYoungGen      total 518144K, used 224K [0x00000000e0400000, 0x0000000100000000, 0x0000000100000000)
  eden space 516096K, 0% used [0x00000000e0400000,0x00000000e0400000,0x00000000ffc00000)
  from space 2048K, 10% used [0x00000000ffc00000,0x00000000ffc38000,0x00000000ffe00000)
  to   space 2048K, 0% used [0x00000000ffe00000,0x00000000ffe00000,0x0000000100000000)
 ParOldGen       total 1040384K, used 40903K [0x00000000a0c00000, 0x00000000e0400000, 0x00000000e0400000)
  object space 1040384K, 3% used [0x00000000a0c00000,0x00000000a33f1f50,0x00000000e0400000)
 Metaspace       used 12927K, capacity 13042K, committed 13312K, reserved 1060864K
  class space    used 1468K, capacity 1501K, committed 1536K, reserved 1048576K
}
{Heap before GC invocations=88 (full 0):
 PSYoungGen      total 518144K, used 516320K [0x00000000e0400000, 0x0000000100000000, 0x0000000100000000)
  eden space 516096K, 100% used [0x00000000e0400000,0x00000000ffc00000,0x00000000ffc00000)
  from space 2048K, 10% used [0x00000000ffc00000,0x00000000ffc38000,0x00000000ffe00000)
  to   space 2048K, 0% used [0x00000000ffe00000,0x00000000ffe00000,0x0000000100000000)
 ParOldGen       total 1040384K, used 40903K [0x00000000a0c00000, 0x00000000e0400000, 0x00000000e0400000)
  object space 1040384K, 3% used [0x00000000a0c00000,0x00000000a33f1f50,0x00000000e0400000)
 Metaspace       used 12928K, capacity 13042K, committed 13312K, reserved 1060864K
  class space    used 1468K, capacity 1501K, committed 1536K, reserved 1048576K
594.002: [GC (Allocation Failure) [PSYoungGen: 516320K->192K(518144K)] 557223K->41111K(1558528K), 0.0017693 secs] [Times: user=0.00 sys=0.00, real=0.00 secs] 
Heap after GC invocations=88 (full 0):
 PSYoungGen      total 518144K, used 192K [0x00000000e0400000, 0x0000000100000000, 0x0000000100000000)
  eden space 516096K, 0% used [0x00000000e0400000,0x00000000e0400000,0x00000000ffc00000)
  from space 2048K, 9% used [0x00000000ffe00000,0x00000000ffe30000,0x0000000100000000)
  to   space 2048K, 0% used [0x00000000ffc00000,0x00000000ffc00000,0x00000000ffe00000)
 ParOldGen       total 1040384K, used 40919K [0x00000000a0c00000, 0x00000000e0400000, 0x00000000e0400000)
  object space 1040384K, 3% used [0x00000000a0c00000,0x00000000a33f5f50,0x00000000e0400000)
 Metaspace       used 12928K, capacity 13042K, committed 13312K, reserved 1060864K
  class space    used 1468K, capacity 1501K, committed 1536K, reserved 1048576K
}
{Heap before GC invocations=89 (full 0):
 PSYoungGen      total 518144K, used 516288K [0x00000000e0400000, 0x0000000100000000, 0x0000000100000000)
  eden space 516096K, 100% used [0x00000000e0400000,0x00000000ffc00000,0x00000000ffc00000)
  from space 2048K, 9% used [0x00000000ffe00000,0x00000000ffe30000,0x0000000100000000)
  to   space 2048K, 0% used [0x00000000ffc00000,0x00000000ffc00000,0x00000000ffe00000)
 ParOldGen       total 1040384K, used 40919K [0x00000000a0c00000, 0x00000000e0400000, 0x00000000e0400000)
  object space 1040384K, 3% used [0x00000000a0c00000,0x00000000a33f5f50,0x00000000e0400000)
 Metaspace       used 12928K, capacity 13042K, committed 13312K, reserved 1060864K
  class space    used 1468K, capacity 1501K, committed 1536K, reserved 1048576K
601.203: [GC (Allocation Failure) [PSYoungGen: 516288K->160K(518144K)] 557207K->41119K(1558528K), 0.0016107 secs] [Times: user=0.00 sys=0.00, real=0.00 secs] 
Heap after GC invocations=89 (full 0):
 PSYoungGen      total 518144K, used 160K [0x00000000e0400000, 0x0000000100000000, 0x0000000100000000)
  eden space 516096K, 0% used [0x00000000e0400000,0x00000000e0400000,0x00000000ffc00000)
  from space 2048K, 7% used [0x00000000ffc00000,0x00000000ffc28000,0x00000000ffe00000)
  to   space 2048K, 0% used [0x00000000ffe00000,0x00000000ffe00000,0x0000000100000000)
 ParOldGen       total 1040384K, used 40959K [0x00000000a0c00000, 0x00000000e0400000, 0x00000000e0400000)
  object space 1040384K, 3% used [0x00000000a0c00000,0x00000000a33fff50,0x00000000e0400000)
 Metaspace       used 12928K, capacity 13042K, committed 13312K, reserved 1060864K
  class space    used 1468K, capacity 1501K, committed 1536K, reserved 1048576K
}
{Heap before GC invocations=90 (full 0):
 PSYoungGen      total 518144K, used 516256K [0x00000000e0400000, 0x0000000100000000, 0x0000000100000000)
  eden space 516096K, 100% used [0x00000000e0400000,0x00000000ffc00000,0x00000000ffc00000)
  from space 2048K, 7% used [0x00000000ffc00000,0x00000000ffc28000,0x00000000ffe00000)
  to   space 2048K, 0% used [0x00000000ffe00000,0x00000000ffe00000,0x0000000100000000)
 ParOldGen       total 1040384K, used 40959K [0x00000000a0c00000, 0x00000000e0400000, 0x00000000e0400000)
  object space 1040384K, 3% used [0x00000000a0c00000,0x00000000a33fff50,0x00000000e0400000)
 Metaspace       used 12928K, capacity 13042K, committed 13312K, reserved 1060864K
  class space    used 1468K, capacity 1501K, committed 1536K, reserved 1048576K
608.777: [GC (Allocation Failure) [PSYoungGen: 516256K->576K(518144K)] 557215K->41543K(1558528K), 0.0018172 secs] [Times: user=0.00 sys=0.00, real=0.00 secs] 
Heap after GC invocations=90 (full 0):
 PSYoungGen      total 518144K, used 576K [0x00000000e0400000, 0x0000000100000000, 0x0000000100000000)
  eden space 516096K, 0% used [0x00000000e0400000,0x00000000e0400000,0x00000000ffc00000)
  from space 2048K, 28% used [0x00000000ffe00000,0x00000000ffe90000,0x0000000100000000)
  to   space 2048K, 0% used [0x00000000ffc00000,0x00000000ffc00000,0x00000000ffe00000)
 ParOldGen       total 1040384K, used 40967K [0x00000000a0c00000, 0x00000000e0400000, 0x00000000e0400000)
  object space 1040384K, 3% used [0x00000000a0c00000,0x00000000a3401f50,0x00000000e0400000)
 Metaspace       used 12928K, capacity 13042K, committed 13312K, reserved 1060864K
  class space    used 1468K, capacity 1501K, committed 1536K, reserved 1048576K
}
{Heap before GC invocations=91 (full 0):
 PSYoungGen      total 518144K, used 516672K [0x00000000e0400000, 0x0000000100000000, 0x0000000100000000)
  eden space 516096K, 100% used [0x00000000e0400000,0x00000000ffc00000,0x00000000ffc00000)
  from space 2048K, 28% used [0x00000000ffe00000,0x00000000ffe90000,0x0000000100000000)
  to   space 2048K, 0% used [0x00000000ffc00000,0x00000000ffc00000,0x00000000ffe00000)
 ParOldGen       total 1040384K, used 40967K [0x00000000a0c00000, 0x00000000e0400000, 0x00000000e0400000)
  object space 1040384K, 3% used [0x00000000a0c00000,0x00000000a3401f50,0x00000000e0400000)
 Metaspace       used 12928K, capacity 13042K, committed 13312K, reserved 1060864K
  class space    used 1468K, capacity 1501K, committed 1536K, reserved 1048576K
616.059: [GC (Allocation Failure) [PSYoungGen: 516672K->960K(518144K)] 557639K->41927K(1558528K), 0.0017830 secs] [Times: user=0.00 sys=0.00, real=0.00 secs] 
Heap after GC invocations=91 (full 0):
 PSYoungGen      total 518144K, used 960K [0x00000000e0400000, 0x0000000100000000, 0x0000000100000000)
  eden space 516096K, 0% used [0x00000000e0400000,0x00000000e0400000,0x00000000ffc00000)
  from space 2048K, 46% used [0x00000000ffc00000,0x00000000ffcf0000,0x00000000ffe00000)
  to   space 2048K, 0% used [0x00000000ffe00000,0x00000000ffe00000,0x0000000100000000)
 ParOldGen       total 1040384K, used 40967K [0x00000000a0c00000, 0x00000000e0400000, 0x00000000e0400000)
  object space 1040384K, 3% used [0x00000000a0c00000,0x00000000a3401f50,0x00000000e0400000)
 Metaspace       used 12928K, capacity 13042K, committed 13312K, reserved 1060864K
  class space    used 1468K, capacity 1501K, committed 1536K, reserved 1048576K
}
{Heap before GC invocations=92 (full 0):
 PSYoungGen      total 518144K, used 517056K [0x00000000e0400000, 0x0000000100000000, 0x0000000100000000)
  eden space 516096K, 100% used [0x00000000e0400000,0x00000000ffc00000,0x00000000ffc00000)
  from space 2048K, 46% used [0x00000000ffc00000,0x00000000ffcf0000,0x00000000ffe00000)
  to   space 2048K, 0% used [0x00000000ffe00000,0x00000000ffe00000,0x0000000100000000)
 ParOldGen       total 1040384K, used 40967K [0x00000000a0c00000, 0x00000000e0400000, 0x00000000e0400000)
  object space 1040384K, 3% used [0x00000000a0c00000,0x00000000a3401f50,0x00000000e0400000)
 Metaspace       used 12929K, capacity 13042K, committed 13312K, reserved 1060864K
  class space    used 1468K, capacity 1501K, committed 1536K, reserved 1048576K
623.461: [GC (Allocation Failure) [PSYoungGen: 517056K->160K(518144K)] 558023K->41127K(1558528K), 0.0017790 secs] [Times: user=0.00 sys=0.00, real=0.00 secs] 
Heap after GC invocations=92 (full 0):
 PSYoungGen      total 518144K, used 160K [0x00000000e0400000, 0x0000000100000000, 0x0000000100000000)
  eden space 516096K, 0% used [0x00000000e0400000,0x00000000e0400000,0x00000000ffc00000)
  from space 2048K, 7% used [0x00000000ffe00000,0x00000000ffe28000,0x0000000100000000)
  to   space 2048K, 0% used [0x00000000ffc00000,0x00000000ffc00000,0x00000000ffe00000)
 ParOldGen       total 1040384K, used 40967K [0x00000000a0c00000, 0x00000000e0400000, 0x00000000e0400000)
  object space 1040384K, 3% used [0x00000000a0c00000,0x00000000a3401f50,0x00000000e0400000)
 Metaspace       used 12929K, capacity 13042K, committed 13312K, reserved 1060864K
  class space    used 1468K, capacity 1501K, committed 1536K, reserved 1048576K
}
{Heap before GC invocations=93 (full 0):
 PSYoungGen      total 518144K, used 516256K [0x00000000e0400000, 0x0000000100000000, 0x0000000100000000)
  eden space 516096K, 100% used [0x00000000e0400000,0x00000000ffc00000,0x00000000ffc00000)
  from space 2048K, 7% used [0x00000000ffe00000,0x00000000ffe28000,0x0000000100000000)
  to   space 2048K, 0% used [0x00000000ffc00000,0x00000000ffc00000,0x00000000ffe00000)
 ParOldGen       total 1040384K, used 40967K [0x00000000a0c00000, 0x00000000e0400000, 0x00000000e0400000)
  object space 1040384K, 3% used [0x00000000a0c00000,0x00000000a3401f50,0x00000000e0400000)
 Metaspace       used 12934K, capacity 13106K, committed 13312K, reserved 1060864K
  class space    used 1468K, capacity 1501K, committed 1536K, reserved 1048576K
630.724: [GC (Allocation Failure) [PSYoungGen: 516256K->160K(518144K)] 557223K->41127K(1558528K), 0.0017469 secs] [Times: user=0.00 sys=0.00, real=0.00 secs] 
Heap after GC invocations=93 (full 0):
 PSYoungGen      total 518144K, used 160K [0x00000000e0400000, 0x0000000100000000, 0x0000000100000000)
  eden space 516096K, 0% used [0x00000000e0400000,0x00000000e0400000,0x00000000ffc00000)
  from space 2048K, 7% used [0x00000000ffc00000,0x00000000ffc28000,0x00000000ffe00000)
  to   space 2048K, 0% used [0x00000000ffe00000,0x00000000ffe00000,0x0000000100000000)
 ParOldGen       total 1040384K, used 40967K [0x00000000a0c00000, 0x00000000e0400000, 0x00000000e0400000)
  object space 1040384K, 3% used [0x00000000a0c00000,0x00000000a3401f50,0x00000000e0400000)
 Metaspace       used 12934K, capacity 13106K, committed 13312K, reserved 1060864K
  class space    used 1468K, capacity 1501K, committed 1536K, reserved 1048576K
}
{Heap before GC invocations=94 (full 0):
 PSYoungGen      total 518144K, used 516256K [0x00000000e0400000, 0x0000000100000000, 0x0000000100000000)
  eden space 516096K, 100% used [0x00000000e0400000,0x00000000ffc00000,0x00000000ffc00000)
  from space 2048K, 7% used [0x00000000ffc00000,0x00000000ffc28000,0x00000000ffe00000)
  to   space 2048K, 0% used [0x00000000ffe00000,0x00000000ffe00000,0x0000000100000000)
 ParOldGen       total 1040384K, used 40967K [0x00000000a0c00000, 0x00000000e0400000, 0x00000000e0400000)
  object space 1040384K, 3% used [0x00000000a0c00000,0x00000000a3401f50,0x00000000e0400000)
 Metaspace       used 12941K, capacity 13106K, committed 13312K, reserved 1060864K
  class space    used 1468K, capacity 1501K, committed 1536K, reserved 1048576K
638.079: [GC (Allocation Failure) [PSYoungGen: 516256K->192K(518656K)] 557223K->41159K(1559040K), 0.0015756 secs] [Times: user=0.00 sys=0.00, real=0.00 secs] 
Heap after GC invocations=94 (full 0):
 PSYoungGen      total 518656K, used 192K [0x00000000e0400000, 0x0000000100000000, 0x0000000100000000)
  eden space 516608K, 0% used [0x00000000e0400000,0x00000000e0400000,0x00000000ffc80000)
  from space 2048K, 9% used [0x00000000ffe00000,0x00000000ffe30000,0x0000000100000000)
  to   space 1536K, 0% used [0x00000000ffc80000,0x00000000ffc80000,0x00000000ffe00000)
 ParOldGen       total 1040384K, used 40967K [0x00000000a0c00000, 0x00000000e0400000, 0x00000000e0400000)
  object space 1040384K, 3% used [0x00000000a0c00000,0x00000000a3401f50,0x00000000e0400000)
 Metaspace       used 12941K, capacity 13106K, committed 13312K, reserved 1060864K
  class space    used 1468K, capacity 1501K, committed 1536K, reserved 1048576K
}
{Heap before GC invocations=95 (full 0):
 PSYoungGen      total 518656K, used 516800K [0x00000000e0400000, 0x0000000100000000, 0x0000000100000000)
  eden space 516608K, 100% used [0x00000000e0400000,0x00000000ffc80000,0x00000000ffc80000)
  from space 2048K, 9% used [0x00000000ffe00000,0x00000000ffe30000,0x0000000100000000)
  to   space 1536K, 0% used [0x00000000ffc80000,0x00000000ffc80000,0x00000000ffe00000)
 ParOldGen       total 1040384K, used 40967K [0x00000000a0c00000, 0x00000000e0400000, 0x00000000e0400000)
  object space 1040384K, 3% used [0x00000000a0c00000,0x00000000a3401f50,0x00000000e0400000)
 Metaspace       used 12942K, capacity 13106K, committed 13312K, reserved 1060864K
  class space    used 1468K, capacity 1501K, committed 1536K, reserved 1048576K
645.243: [GC (Allocation Failure) [PSYoungGen: 516800K->1216K(518144K)] 557767K->42191K(1558528K), 0.0018825 secs] [Times: user=0.00 sys=0.00, real=0.00 secs] 
Heap after GC invocations=95 (full 0):
 PSYoungGen      total 518144K, used 1216K [0x00000000e0400000, 0x0000000100000000, 0x0000000100000000)
  eden space 516608K, 0% used [0x00000000e0400000,0x00000000e0400000,0x00000000ffc80000)
  from space 1536K, 79% used [0x00000000ffc80000,0x00000000ffdb0000,0x00000000ffe00000)
  to   space 2048K, 0% used [0x00000000ffe00000,0x00000000ffe00000,0x0000000100000000)
 ParOldGen       total 1040384K, used 40975K [0x00000000a0c00000, 0x00000000e0400000, 0x00000000e0400000)
  object space 1040384K, 3% used [0x00000000a0c00000,0x00000000a3403f50,0x00000000e0400000)
 Metaspace       used 12942K, capacity 13106K, committed 13312K, reserved 1060864K
  class space    used 1468K, capacity 1501K, committed 1536K, reserved 1048576K
}
{Heap before GC invocations=96 (full 0):
 PSYoungGen      total 518144K, used 517824K [0x00000000e0400000, 0x0000000100000000, 0x0000000100000000)
  eden space 516608K, 100% used [0x00000000e0400000,0x00000000ffc80000,0x00000000ffc80000)
  from space 1536K, 79% used [0x00000000ffc80000,0x00000000ffdb0000,0x00000000ffe00000)
  to   space 2048K, 0% used [0x00000000ffe00000,0x00000000ffe00000,0x0000000100000000)
 ParOldGen       total 1040384K, used 40975K [0x00000000a0c00000, 0x00000000e0400000, 0x00000000e0400000)
  object space 1040384K, 3% used [0x00000000a0c00000,0x00000000a3403f50,0x00000000e0400000)
 Metaspace       used 12942K, capacity 13106K, committed 13312K, reserved 1060864K
  class space    used 1468K, capacity 1501K, committed 1536K, reserved 1048576K
652.453: [GC (Allocation Failure) [PSYoungGen: 517824K->224K(518144K)] 558799K->41199K(1558528K), 0.0012120 secs] [Times: user=0.00 sys=0.00, real=0.00 secs] 
Heap after GC invocations=96 (full 0):
 PSYoungGen      total 518144K, used 224K [0x00000000e0400000, 0x0000000100000000, 0x0000000100000000)
  eden space 516096K, 0% used [0x00000000e0400000,0x00000000e0400000,0x00000000ffc00000)
  from space 2048K, 10% used [0x00000000ffe00000,0x00000000ffe38000,0x0000000100000000)
  to   space 2048K, 0% used [0x00000000ffc00000,0x00000000ffc00000,0x00000000ffe00000)
 ParOldGen       total 1040384K, used 40975K [0x00000000a0c00000, 0x00000000e0400000, 0x00000000e0400000)
  object space 1040384K, 3% used [0x00000000a0c00000,0x00000000a3403f50,0x00000000e0400000)
 Metaspace       used 12942K, capacity 13106K, committed 13312K, reserved 1060864K
  class space    used 1468K, capacity 1501K, committed 1536K, reserved 1048576K
}
{Heap before GC invocations=97 (full 0):
 PSYoungGen      total 518144K, used 516320K [0x00000000e0400000, 0x0000000100000000, 0x0000000100000000)
  eden space 516096K, 100% used [0x00000000e0400000,0x00000000ffc00000,0x00000000ffc00000)
  from space 2048K, 10% used [0x00000000ffe00000,0x00000000ffe38000,0x0000000100000000)
  to   space 2048K, 0% used [0x00000000ffc00000,0x00000000ffc00000,0x00000000ffe00000)
 ParOldGen       total 1040384K, used 40975K [0x00000000a0c00000, 0x00000000e0400000, 0x00000000e0400000)
  object space 1040384K, 3% used [0x00000000a0c00000,0x00000000a3403f50,0x00000000e0400000)
 Metaspace       used 12944K, capacity 13106K, committed 13312K, reserved 1060864K
  class space    used 1468K, capacity 1501K, committed 1536K, reserved 1048576K
659.489: [GC (Allocation Failure) [PSYoungGen: 516320K->192K(518144K)] 557295K->41167K(1558528K), 0.0012313 secs] [Times: user=0.13 sys=0.00, real=0.00 secs] 
Heap after GC invocations=97 (full 0):
 PSYoungGen      total 518144K, used 192K [0x00000000e0400000, 0x0000000100000000, 0x0000000100000000)
  eden space 516096K, 0% used [0x00000000e0400000,0x00000000e0400000,0x00000000ffc00000)
  from space 2048K, 9% used [0x00000000ffc00000,0x00000000ffc30000,0x00000000ffe00000)
  to   space 2048K, 0% used [0x00000000ffe00000,0x00000000ffe00000,0x0000000100000000)
 ParOldGen       total 1040384K, used 40975K [0x00000000a0c00000, 0x00000000e0400000, 0x00000000e0400000)
  object space 1040384K, 3% used [0x00000000a0c00000,0x00000000a3403f50,0x00000000e0400000)
 Metaspace       used 12944K, capacity 13106K, committed 13312K, reserved 1060864K
  class space    used 1468K, capacity 1501K, committed 1536K, reserved 1048576K
}
{Heap before GC invocations=98 (full 0):
 PSYoungGen      total 518144K, used 516288K [0x00000000e0400000, 0x0000000100000000, 0x0000000100000000)
  eden space 516096K, 100% used [0x00000000e0400000,0x00000000ffc00000,0x00000000ffc00000)
  from space 2048K, 9% used [0x00000000ffc00000,0x00000000ffc30000,0x00000000ffe00000)
  to   space 2048K, 0% used [0x00000000ffe00000,0x00000000ffe00000,0x0000000100000000)
 ParOldGen       total 1040384K, used 40975K [0x00000000a0c00000, 0x00000000e0400000, 0x00000000e0400000)
  object space 1040384K, 3% used [0x00000000a0c00000,0x00000000a3403f50,0x00000000e0400000)
 Metaspace       used 12947K, capacity 13106K, committed 13312K, reserved 1060864K
  class space    used 1468K, capacity 1501K, committed 1536K, reserved 1048576K
666.557: [GC (Allocation Failure) [PSYoungGen: 516288K->192K(518656K)] 557263K->41167K(1559040K), 0.0012496 secs] [Times: user=0.00 sys=0.00, real=0.00 secs] 
Heap after GC invocations=98 (full 0):
 PSYoungGen      total 518656K, used 192K [0x00000000e0400000, 0x0000000100000000, 0x0000000100000000)
  eden space 516608K, 0% used [0x00000000e0400000,0x00000000e0400000,0x00000000ffc80000)
  from space 2048K, 9% used [0x00000000ffe00000,0x00000000ffe30000,0x0000000100000000)
  to   space 1536K, 0% used [0x00000000ffc80000,0x00000000ffc80000,0x00000000ffe00000)
 ParOldGen       total 1040384K, used 40975K [0x00000000a0c00000, 0x00000000e0400000, 0x00000000e0400000)
  object space 1040384K, 3% used [0x00000000a0c00000,0x00000000a3403f50,0x00000000e0400000)
 Metaspace       used 12947K, capacity 13106K, committed 13312K, reserved 1060864K
  class space    used 1468K, capacity 1501K, committed 1536K, reserved 1048576K
}
{Heap before GC invocations=99 (full 0):
 PSYoungGen      total 518656K, used 516800K [0x00000000e0400000, 0x0000000100000000, 0x0000000100000000)
  eden space 516608K, 100% used [0x00000000e0400000,0x00000000ffc80000,0x00000000ffc80000)
  from space 2048K, 9% used [0x00000000ffe00000,0x00000000ffe30000,0x0000000100000000)
  to   space 1536K, 0% used [0x00000000ffc80000,0x00000000ffc80000,0x00000000ffe00000)
 ParOldGen       total 1040384K, used 40975K [0x00000000a0c00000, 0x00000000e0400000, 0x00000000e0400000)
  object space 1040384K, 3% used [0x00000000a0c00000,0x00000000a3403f50,0x00000000e0400000)
 Metaspace       used 12981K, capacity 13106K, committed 13312K, reserved 1060864K
  class space    used 1468K, capacity 1501K, committed 1536K, reserved 1048576K
673.856: [GC (Allocation Failure) [PSYoungGen: 516800K->96K(518144K)] 557775K->41087K(1558528K), 0.0017180 secs] [Times: user=0.00 sys=0.00, real=0.00 secs] 
Heap after GC invocations=99 (full 0):
 PSYoungGen      total 518144K, used 96K [0x00000000e0400000, 0x0000000100000000, 0x0000000100000000)
  eden space 516608K, 0% used [0x00000000e0400000,0x00000000e0400000,0x00000000ffc80000)
  from space 1536K, 6% used [0x00000000ffc80000,0x00000000ffc98000,0x00000000ffe00000)
  to   space 1536K, 0% used [0x00000000ffe80000,0x00000000ffe80000,0x0000000100000000)
 ParOldGen       total 1040384K, used 40991K [0x00000000a0c00000, 0x00000000e0400000, 0x00000000e0400000)
  object space 1040384K, 3% used [0x00000000a0c00000,0x00000000a3407f50,0x00000000e0400000)
 Metaspace       used 12981K, capacity 13106K, committed 13312K, reserved 1060864K
  class space    used 1468K, capacity 1501K, committed 1536K, reserved 1048576K
}
{Heap before GC invocations=100 (full 0):
 PSYoungGen      total 518144K, used 516704K [0x00000000e0400000, 0x0000000100000000, 0x0000000100000000)
  eden space 516608K, 100% used [0x00000000e0400000,0x00000000ffc80000,0x00000000ffc80000)
  from space 1536K, 6% used [0x00000000ffc80000,0x00000000ffc98000,0x00000000ffe00000)
  to   space 1536K, 0% used [0x00000000ffe80000,0x00000000ffe80000,0x0000000100000000)
 ParOldGen       total 1040384K, used 40991K [0x00000000a0c00000, 0x00000000e0400000, 0x00000000e0400000)
  object space 1040384K, 3% used [0x00000000a0c00000,0x00000000a3407f50,0x00000000e0400000)
 Metaspace       used 12981K, capacity 13106K, committed 13312K, reserved 1060864K
  class space    used 1468K, capacity 1501K, committed 1536K, reserved 1048576K
681.168: [GC (Allocation Failure) [PSYoungGen: 516704K->736K(518656K)] 557695K->41735K(1559040K), 0.0013697 secs] [Times: user=0.00 sys=0.00, real=0.00 secs] 
Heap after GC invocations=100 (full 0):
 PSYoungGen      total 518656K, used 736K [0x00000000e0400000, 0x0000000100000000, 0x0000000100000000)
  eden space 517120K, 0% used [0x00000000e0400000,0x00000000e0400000,0x00000000ffd00000)
  from space 1536K, 47% used [0x00000000ffe80000,0x00000000fff38000,0x0000000100000000)
  to   space 1536K, 0% used [0x00000000ffd00000,0x00000000ffd00000,0x00000000ffe80000)
 ParOldGen       total 1040384K, used 40999K [0x00000000a0c00000, 0x00000000e0400000, 0x00000000e0400000)
  object space 1040384K, 3% used [0x00000000a0c00000,0x00000000a3409f50,0x00000000e0400000)
 Metaspace       used 12981K, capacity 13106K, committed 13312K, reserved 1060864K
  class space    used 1468K, capacity 1501K, committed 1536K, reserved 1048576K
}
{Heap before GC invocations=101 (full 0):
 PSYoungGen      total 518656K, used 517856K [0x00000000e0400000, 0x0000000100000000, 0x0000000100000000)
  eden space 517120K, 100% used [0x00000000e0400000,0x00000000ffd00000,0x00000000ffd00000)
  from space 1536K, 47% used [0x00000000ffe80000,0x00000000fff38000,0x0000000100000000)
  to   space 1536K, 0% used [0x00000000ffd00000,0x00000000ffd00000,0x00000000ffe80000)
 ParOldGen       total 1040384K, used 40999K [0x00000000a0c00000, 0x00000000e0400000, 0x00000000e0400000)
  object space 1040384K, 3% used [0x00000000a0c00000,0x00000000a3409f50,0x00000000e0400000)
 Metaspace       used 12981K, capacity 13106K, committed 13312K, reserved 1060864K
  class space    used 1468K, capacity 1501K, committed 1536K, reserved 1048576K
688.340: [GC (Allocation Failure) [PSYoungGen: 517856K->256K(518656K)] 558855K->41255K(1559040K), 0.0012359 secs] [Times: user=0.00 sys=0.00, real=0.00 secs] 
Heap after GC invocations=101 (full 0):
 PSYoungGen      total 518656K, used 256K [0x00000000e0400000, 0x0000000100000000, 0x0000000100000000)
  eden space 517120K, 0% used [0x00000000e0400000,0x00000000e0400000,0x00000000ffd00000)
  from space 1536K, 16% used [0x00000000ffd00000,0x00000000ffd40000,0x00000000ffe80000)
  to   space 1536K, 0% used [0x00000000ffe80000,0x00000000ffe80000,0x0000000100000000)
 ParOldGen       total 1040384K, used 40999K [0x00000000a0c00000, 0x00000000e0400000, 0x00000000e0400000)
  object space 1040384K, 3% used [0x00000000a0c00000,0x00000000a3409f50,0x00000000e0400000)
 Metaspace       used 12981K, capacity 13106K, committed 13312K, reserved 1060864K
  class space    used 1468K, capacity 1501K, committed 1536K, reserved 1048576K
}
{Heap before GC invocations=102 (full 0):
 PSYoungGen      total 518656K, used 517376K [0x00000000e0400000, 0x0000000100000000, 0x0000000100000000)
  eden space 517120K, 100% used [0x00000000e0400000,0x00000000ffd00000,0x00000000ffd00000)
  from space 1536K, 16% used [0x00000000ffd00000,0x00000000ffd40000,0x00000000ffe80000)
  to   space 1536K, 0% used [0x00000000ffe80000,0x00000000ffe80000,0x0000000100000000)
 ParOldGen       total 1040384K, used 40999K [0x00000000a0c00000, 0x00000000e0400000, 0x00000000e0400000)
  object space 1040384K, 3% used [0x00000000a0c00000,0x00000000a3409f50,0x00000000e0400000)
 Metaspace       used 12983K, capacity 13106K, committed 13312K, reserved 1060864K
  class space    used 1468K, capacity 1501K, committed 1536K, reserved 1048576K
695.382: [GC (Allocation Failure) [PSYoungGen: 517376K->192K(518656K)] 558375K->41191K(1559040K), 0.0014207 secs] [Times: user=0.00 sys=0.00, real=0.00 secs] 
Heap after GC invocations=102 (full 0):
 PSYoungGen      total 518656K, used 192K [0x00000000e0400000, 0x0000000100000000, 0x0000000100000000)
  eden space 517120K, 0% used [0x00000000e0400000,0x00000000e0400000,0x00000000ffd00000)
  from space 1536K, 12% used [0x00000000ffe80000,0x00000000ffeb0000,0x0000000100000000)
  to   space 1536K, 0% used [0x00000000ffd00000,0x00000000ffd00000,0x00000000ffe80000)
 ParOldGen       total 1040384K, used 40999K [0x00000000a0c00000, 0x00000000e0400000, 0x00000000e0400000)
  object space 1040384K, 3% used [0x00000000a0c00000,0x00000000a3409f50,0x00000000e0400000)
 Metaspace       used 12983K, capacity 13106K, committed 13312K, reserved 1060864K
  class space    used 1468K, capacity 1501K, committed 1536K, reserved 1048576K
}
{Heap before GC invocations=103 (full 0):
 PSYoungGen      total 518656K, used 517312K [0x00000000e0400000, 0x0000000100000000, 0x0000000100000000)
  eden space 517120K, 100% used [0x00000000e0400000,0x00000000ffd00000,0x00000000ffd00000)
  from space 1536K, 12% used [0x00000000ffe80000,0x00000000ffeb0000,0x0000000100000000)
  to   space 1536K, 0% used [0x00000000ffd00000,0x00000000ffd00000,0x00000000ffe80000)
 ParOldGen       total 1040384K, used 40999K [0x00000000a0c00000, 0x00000000e0400000, 0x00000000e0400000)
  object space 1040384K, 3% used [0x00000000a0c00000,0x00000000a3409f50,0x00000000e0400000)
 Metaspace       used 12984K, capacity 13106K, committed 13312K, reserved 1060864K
  class space    used 1468K, capacity 1501K, committed 1536K, reserved 1048576K
702.558: [GC (Allocation Failure) [PSYoungGen: 517312K->160K(518656K)] 558311K->41167K(1559040K), 0.0017258 secs] [Times: user=0.00 sys=0.00, real=0.00 secs] 
Heap after GC invocations=103 (full 0):
 PSYoungGen      total 518656K, used 160K [0x00000000e0400000, 0x0000000100000000, 0x0000000100000000)
  eden space 517120K, 0% used [0x00000000e0400000,0x00000000e0400000,0x00000000ffd00000)
  from space 1536K, 10% used [0x00000000ffd00000,0x00000000ffd28000,0x00000000ffe80000)
  to   space 1536K, 0% used [0x00000000ffe80000,0x00000000ffe80000,0x0000000100000000)
 ParOldGen       total 1040384K, used 41007K [0x00000000a0c00000, 0x00000000e0400000, 0x00000000e0400000)
  object space 1040384K, 3% used [0x00000000a0c00000,0x00000000a340bf50,0x00000000e0400000)
 Metaspace       used 12984K, capacity 13106K, committed 13312K, reserved 1060864K
  class space    used 1468K, capacity 1501K, committed 1536K, reserved 1048576K
}
{Heap before GC invocations=104 (full 0):
 PSYoungGen      total 518656K, used 517280K [0x00000000e0400000, 0x0000000100000000, 0x0000000100000000)
  eden space 517120K, 100% used [0x00000000e0400000,0x00000000ffd00000,0x00000000ffd00000)
  from space 1536K, 10% used [0x00000000ffd00000,0x00000000ffd28000,0x00000000ffe80000)
  to   space 1536K, 0% used [0x00000000ffe80000,0x00000000ffe80000,0x0000000100000000)
 ParOldGen       total 1040384K, used 41007K [0x00000000a0c00000, 0x00000000e0400000, 0x00000000e0400000)
  object space 1040384K, 3% used [0x00000000a0c00000,0x00000000a340bf50,0x00000000e0400000)
 Metaspace       used 12984K, capacity 13106K, committed 13312K, reserved 1060864K
  class space    used 1468K, capacity 1501K, committed 1536K, reserved 1048576K
709.737: [GC (Allocation Failure) [PSYoungGen: 517280K->128K(518656K)] 558287K->41135K(1559040K), 0.0018020 secs] [Times: user=0.00 sys=0.00, real=0.00 secs] 
Heap after GC invocations=104 (full 0):
 PSYoungGen      total 518656K, used 128K [0x00000000e0400000, 0x0000000100000000, 0x0000000100000000)
  eden space 517120K, 0% used [0x00000000e0400000,0x00000000e0400000,0x00000000ffd00000)
  from space 1536K, 8% used [0x00000000ffe80000,0x00000000ffea0000,0x0000000100000000)
  to   space 1536K, 0% used [0x00000000ffd00000,0x00000000ffd00000,0x00000000ffe80000)
 ParOldGen       total 1040384K, used 41007K [0x00000000a0c00000, 0x00000000e0400000, 0x00000000e0400000)
  object space 1040384K, 3% used [0x00000000a0c00000,0x00000000a340bf50,0x00000000e0400000)
 Metaspace       used 12984K, capacity 13106K, committed 13312K, reserved 1060864K
  class space    used 1468K, capacity 1501K, committed 1536K, reserved 1048576K
}
{Heap before GC invocations=105 (full 0):
 PSYoungGen      total 518656K, used 517248K [0x00000000e0400000, 0x0000000100000000, 0x0000000100000000)
  eden space 517120K, 100% used [0x00000000e0400000,0x00000000ffd00000,0x00000000ffd00000)
  from space 1536K, 8% used [0x00000000ffe80000,0x00000000ffea0000,0x0000000100000000)
  to   space 1536K, 0% used [0x00000000ffd00000,0x00000000ffd00000,0x00000000ffe80000)
 ParOldGen       total 1040384K, used 41007K [0x00000000a0c00000, 0x00000000e0400000, 0x00000000e0400000)
  object space 1040384K, 3% used [0x00000000a0c00000,0x00000000a340bf50,0x00000000e0400000)
 Metaspace       used 12984K, capacity 13106K, committed 13312K, reserved 1060864K
  class space    used 1468K, capacity 1501K, committed 1536K, reserved 1048576K
716.952: [GC (Allocation Failure) [PSYoungGen: 517248K->864K(518656K)] 558255K->41871K(1559040K), 0.0018150 secs] [Times: user=0.00 sys=0.00, real=0.00 secs] 
Heap after GC invocations=105 (full 0):
 PSYoungGen      total 518656K, used 864K [0x00000000e0400000, 0x0000000100000000, 0x0000000100000000)
  eden space 517120K, 0% used [0x00000000e0400000,0x00000000e0400000,0x00000000ffd00000)
  from space 1536K, 56% used [0x00000000ffd00000,0x00000000ffdd8000,0x00000000ffe80000)
  to   space 1536K, 0% used [0x00000000ffe80000,0x00000000ffe80000,0x0000000100000000)
 ParOldGen       total 1040384K, used 41007K [0x00000000a0c00000, 0x00000000e0400000, 0x00000000e0400000)
  object space 1040384K, 3% used [0x00000000a0c00000,0x00000000a340bf50,0x00000000e0400000)
 Metaspace       used 12984K, capacity 13106K, committed 13312K, reserved 1060864K
  class space    used 1468K, capacity 1501K, committed 1536K, reserved 1048576K
}
{Heap before GC invocations=106 (full 0):
 PSYoungGen      total 518656K, used 517984K [0x00000000e0400000, 0x0000000100000000, 0x0000000100000000)
  eden space 517120K, 100% used [0x00000000e0400000,0x00000000ffd00000,0x00000000ffd00000)
  from space 1536K, 56% used [0x00000000ffd00000,0x00000000ffdd8000,0x00000000ffe80000)
  to   space 1536K, 0% used [0x00000000ffe80000,0x00000000ffe80000,0x0000000100000000)
 ParOldGen       total 1040384K, used 41007K [0x00000000a0c00000, 0x00000000e0400000, 0x00000000e0400000)
  object space 1040384K, 3% used [0x00000000a0c00000,0x00000000a340bf50,0x00000000e0400000)
 Metaspace       used 12984K, capacity 13106K, committed 13312K, reserved 1060864K
  class space    used 1468K, capacity 1501K, committed 1536K, reserved 1048576K
724.195: [GC (Allocation Failure) [PSYoungGen: 517984K->160K(518656K)] 558991K->41167K(1559040K), 0.0016182 secs] [Times: user=0.00 sys=0.00, real=0.00 secs] 
Heap after GC invocations=106 (full 0):
 PSYoungGen      total 518656K, used 160K [0x00000000e0400000, 0x0000000100000000, 0x0000000100000000)
  eden space 517120K, 0% used [0x00000000e0400000,0x00000000e0400000,0x00000000ffd00000)
  from space 1536K, 10% used [0x00000000ffe80000,0x00000000ffea8000,0x0000000100000000)
  to   space 1536K, 0% used [0x00000000ffd00000,0x00000000ffd00000,0x00000000ffe80000)
 ParOldGen       total 1040384K, used 41007K [0x00000000a0c00000, 0x00000000e0400000, 0x00000000e0400000)
  object space 1040384K, 3% used [0x00000000a0c00000,0x00000000a340bf50,0x00000000e0400000)
 Metaspace       used 12984K, capacity 13106K, committed 13312K, reserved 1060864K
  class space    used 1468K, capacity 1501K, committed 1536K, reserved 1048576K
}
{Heap before GC invocations=107 (full 0):
 PSYoungGen      total 518656K, used 517280K [0x00000000e0400000, 0x0000000100000000, 0x0000000100000000)
  eden space 517120K, 100% used [0x00000000e0400000,0x00000000ffd00000,0x00000000ffd00000)
  from space 1536K, 10% used [0x00000000ffe80000,0x00000000ffea8000,0x0000000100000000)
  to   space 1536K, 0% used [0x00000000ffd00000,0x00000000ffd00000,0x00000000ffe80000)
 ParOldGen       total 1040384K, used 41007K [0x00000000a0c00000, 0x00000000e0400000, 0x00000000e0400000)
  object space 1040384K, 3% used [0x00000000a0c00000,0x00000000a340bf50,0x00000000e0400000)
 Metaspace       used 12984K, capacity 13106K, committed 13312K, reserved 1060864K
  class space    used 1468K, capacity 1501K, committed 1536K, reserved 1048576K
731.275: [GC (Allocation Failure) [PSYoungGen: 517280K->128K(518656K)] 558287K->41143K(1559040K), 0.0021730 secs] [Times: user=0.00 sys=0.00, real=0.00 secs] 
Heap after GC invocations=107 (full 0):
 PSYoungGen      total 518656K, used 128K [0x00000000e0400000, 0x0000000100000000, 0x0000000100000000)
  eden space 517120K, 0% used [0x00000000e0400000,0x00000000e0400000,0x00000000ffd00000)
  from space 1536K, 8% used [0x00000000ffd00000,0x00000000ffd20000,0x00000000ffe80000)
  to   space 1536K, 0% used [0x00000000ffe80000,0x00000000ffe80000,0x0000000100000000)
 ParOldGen       total 1040384K, used 41015K [0x00000000a0c00000, 0x00000000e0400000, 0x00000000e0400000)
  object space 1040384K, 3% used [0x00000000a0c00000,0x00000000a340df50,0x00000000e0400000)
 Metaspace       used 12984K, capacity 13106K, committed 13312K, reserved 1060864K
  class space    used 1468K, capacity 1501K, committed 1536K, reserved 1048576K
}
{Heap before GC invocations=108 (full 0):
 PSYoungGen      total 518656K, used 517248K [0x00000000e0400000, 0x0000000100000000, 0x0000000100000000)
  eden space 517120K, 100% used [0x00000000e0400000,0x00000000ffd00000,0x00000000ffd00000)
  from space 1536K, 8% used [0x00000000ffd00000,0x00000000ffd20000,0x00000000ffe80000)
  to   space 1536K, 0% used [0x00000000ffe80000,0x00000000ffe80000,0x0000000100000000)
 ParOldGen       total 1040384K, used 41015K [0x00000000a0c00000, 0x00000000e0400000, 0x00000000e0400000)
  object space 1040384K, 3% used [0x00000000a0c00000,0x00000000a340df50,0x00000000e0400000)
 Metaspace       used 12986K, capacity 13106K, committed 13312K, reserved 1060864K
  class space    used 1468K, capacity 1501K, committed 1536K, reserved 1048576K
738.210: [GC (Allocation Failure) [PSYoungGen: 517248K->160K(518656K)] 558263K->41175K(1559040K), 0.0016754 secs] [Times: user=0.00 sys=0.00, real=0.00 secs] 
Heap after GC invocations=108 (full 0):
 PSYoungGen      total 518656K, used 160K [0x00000000e0400000, 0x0000000100000000, 0x0000000100000000)
  eden space 517120K, 0% used [0x00000000e0400000,0x00000000e0400000,0x00000000ffd00000)
  from space 1536K, 10% used [0x00000000ffe80000,0x00000000ffea8000,0x0000000100000000)
  to   space 1536K, 0% used [0x00000000ffd00000,0x00000000ffd00000,0x00000000ffe80000)
 ParOldGen       total 1040384K, used 41015K [0x00000000a0c00000, 0x00000000e0400000, 0x00000000e0400000)
  object space 1040384K, 3% used [0x00000000a0c00000,0x00000000a340df50,0x00000000e0400000)
 Metaspace       used 12986K, capacity 13106K, committed 13312K, reserved 1060864K
  class space    used 1468K, capacity 1501K, committed 1536K, reserved 1048576K
}
{Heap before GC invocations=109 (full 0):
 PSYoungGen      total 518656K, used 517280K [0x00000000e0400000, 0x0000000100000000, 0x0000000100000000)
  eden space 517120K, 100% used [0x00000000e0400000,0x00000000ffd00000,0x00000000ffd00000)
  from space 1536K, 10% used [0x00000000ffe80000,0x00000000ffea8000,0x0000000100000000)
  to   space 1536K, 0% used [0x00000000ffd00000,0x00000000ffd00000,0x00000000ffe80000)
 ParOldGen       total 1040384K, used 41015K [0x00000000a0c00000, 0x00000000e0400000, 0x00000000e0400000)
  object space 1040384K, 3% used [0x00000000a0c00000,0x00000000a340df50,0x00000000e0400000)
 Metaspace       used 12986K, capacity 13106K, committed 13312K, reserved 1060864K
  class space    used 1468K, capacity 1501K, committed 1536K, reserved 1048576K
745.234: [GC (Allocation Failure) [PSYoungGen: 517280K->256K(518656K)] 558295K->41271K(1559040K), 0.0012338 secs] [Times: user=0.00 sys=0.00, real=0.00 secs] 
Heap after GC invocations=109 (full 0):
 PSYoungGen      total 518656K, used 256K [0x00000000e0400000, 0x0000000100000000, 0x0000000100000000)
  eden space 517120K, 0% used [0x00000000e0400000,0x00000000e0400000,0x00000000ffd00000)
  from space 1536K, 16% used [0x00000000ffd00000,0x00000000ffd40000,0x00000000ffe80000)
  to   space 1536K, 0% used [0x00000000ffe80000,0x00000000ffe80000,0x0000000100000000)
 ParOldGen       total 1040384K, used 41015K [0x00000000a0c00000, 0x00000000e0400000, 0x00000000e0400000)
  object space 1040384K, 3% used [0x00000000a0c00000,0x00000000a340df50,0x00000000e0400000)
 Metaspace       used 12986K, capacity 13106K, committed 13312K, reserved 1060864K
  class space    used 1468K, capacity 1501K, committed 1536K, reserved 1048576K
}
{Heap before GC invocations=110 (full 0):
 PSYoungGen      total 518656K, used 517376K [0x00000000e0400000, 0x0000000100000000, 0x0000000100000000)
  eden space 517120K, 100% used [0x00000000e0400000,0x00000000ffd00000,0x00000000ffd00000)
  from space 1536K, 16% used [0x00000000ffd00000,0x00000000ffd40000,0x00000000ffe80000)
  to   space 1536K, 0% used [0x00000000ffe80000,0x00000000ffe80000,0x0000000100000000)
 ParOldGen       total 1040384K, used 41015K [0x00000000a0c00000, 0x00000000e0400000, 0x00000000e0400000)
  object space 1040384K, 3% used [0x00000000a0c00000,0x00000000a340df50,0x00000000e0400000)
 Metaspace       used 12986K, capacity 13106K, committed 13312K, reserved 1060864K
  class space    used 1468K, capacity 1501K, committed 1536K, reserved 1048576K
752.250: [GC (Allocation Failure) [PSYoungGen: 517376K->704K(518656K)] 558391K->41719K(1559040K), 0.0018079 secs] [Times: user=0.00 sys=0.00, real=0.00 secs] 
Heap after GC invocations=110 (full 0):
 PSYoungGen      total 518656K, used 704K [0x00000000e0400000, 0x0000000100000000, 0x0000000100000000)
  eden space 517120K, 0% used [0x00000000e0400000,0x00000000e0400000,0x00000000ffd00000)
  from space 1536K, 45% used [0x00000000ffe80000,0x00000000fff30000,0x0000000100000000)
  to   space 1536K, 0% used [0x00000000ffd00000,0x00000000ffd00000,0x00000000ffe80000)
 ParOldGen       total 1040384K, used 41015K [0x00000000a0c00000, 0x00000000e0400000, 0x00000000e0400000)
  object space 1040384K, 3% used [0x00000000a0c00000,0x00000000a340df50,0x00000000e0400000)
 Metaspace       used 12986K, capacity 13106K, committed 13312K, reserved 1060864K
  class space    used 1468K, capacity 1501K, committed 1536K, reserved 1048576K
}
{Heap before GC invocations=111 (full 0):
 PSYoungGen      total 518656K, used 517824K [0x00000000e0400000, 0x0000000100000000, 0x0000000100000000)
  eden space 517120K, 100% used [0x00000000e0400000,0x00000000ffd00000,0x00000000ffd00000)
  from space 1536K, 45% used [0x00000000ffe80000,0x00000000fff30000,0x0000000100000000)
  to   space 1536K, 0% used [0x00000000ffd00000,0x00000000ffd00000,0x00000000ffe80000)
 ParOldGen       total 1040384K, used 41015K [0x00000000a0c00000, 0x00000000e0400000, 0x00000000e0400000)
  object space 1040384K, 3% used [0x00000000a0c00000,0x00000000a340df50,0x00000000e0400000)
 Metaspace       used 12986K, capacity 13106K, committed 13312K, reserved 1060864K
  class space    used 1468K, capacity 1501K, committed 1536K, reserved 1048576K
759.426: [GC (Allocation Failure) [PSYoungGen: 517824K->64K(518656K)] 558839K->41087K(1559040K), 0.0016477 secs] [Times: user=0.11 sys=0.00, real=0.00 secs] 
Heap after GC invocations=111 (full 0):
 PSYoungGen      total 518656K, used 64K [0x00000000e0400000, 0x0000000100000000, 0x0000000100000000)
  eden space 517120K, 0% used [0x00000000e0400000,0x00000000e0400000,0x00000000ffd00000)
  from space 1536K, 4% used [0x00000000ffd00000,0x00000000ffd10000,0x00000000ffe80000)
  to   space 1536K, 0% used [0x00000000ffe80000,0x00000000ffe80000,0x0000000100000000)
 ParOldGen       total 1040384K, used 41023K [0x00000000a0c00000, 0x00000000e0400000, 0x00000000e0400000)
  object space 1040384K, 3% used [0x00000000a0c00000,0x00000000a340ff50,0x00000000e0400000)
 Metaspace       used 12986K, capacity 13106K, committed 13312K, reserved 1060864K
  class space    used 1468K, capacity 1501K, committed 1536K, reserved 1048576K
}
{Heap before GC invocations=112 (full 0):
 PSYoungGen      total 518656K, used 517184K [0x00000000e0400000, 0x0000000100000000, 0x0000000100000000)
  eden space 517120K, 100% used [0x00000000e0400000,0x00000000ffd00000,0x00000000ffd00000)
  from space 1536K, 4% used [0x00000000ffd00000,0x00000000ffd10000,0x00000000ffe80000)
  to   space 1536K, 0% used [0x00000000ffe80000,0x00000000ffe80000,0x0000000100000000)
 ParOldGen       total 1040384K, used 41023K [0x00000000a0c00000, 0x00000000e0400000, 0x00000000e0400000)
  object space 1040384K, 3% used [0x00000000a0c00000,0x00000000a340ff50,0x00000000e0400000)
 Metaspace       used 12986K, capacity 13106K, committed 13312K, reserved 1060864K
  class space    used 1468K, capacity 1501K, committed 1536K, reserved 1048576K
766.443: [GC (Allocation Failure) [PSYoungGen: 517184K->128K(518656K)] 558207K->41151K(1559040K), 0.0019118 secs] [Times: user=0.00 sys=0.00, real=0.00 secs] 
Heap after GC invocations=112 (full 0):
 PSYoungGen      total 518656K, used 128K [0x00000000e0400000, 0x0000000100000000, 0x0000000100000000)
  eden space 517120K, 0% used [0x00000000e0400000,0x00000000e0400000,0x00000000ffd00000)
  from space 1536K, 8% used [0x00000000ffe80000,0x00000000ffea0000,0x0000000100000000)
  to   space 1536K, 0% used [0x00000000ffd00000,0x00000000ffd00000,0x00000000ffe80000)
 ParOldGen       total 1040384K, used 41023K [0x00000000a0c00000, 0x00000000e0400000, 0x00000000e0400000)
  object space 1040384K, 3% used [0x00000000a0c00000,0x00000000a340ff50,0x00000000e0400000)
 Metaspace       used 12986K, capacity 13106K, committed 13312K, reserved 1060864K
  class space    used 1468K, capacity 1501K, committed 1536K, reserved 1048576K
}
{Heap before GC invocations=113 (full 0):
 PSYoungGen      total 518656K, used 517248K [0x00000000e0400000, 0x0000000100000000, 0x0000000100000000)
  eden space 517120K, 100% used [0x00000000e0400000,0x00000000ffd00000,0x00000000ffd00000)
  from space 1536K, 8% used [0x00000000ffe80000,0x00000000ffea0000,0x0000000100000000)
  to   space 1536K, 0% used [0x00000000ffd00000,0x00000000ffd00000,0x00000000ffe80000)
 ParOldGen       total 1040384K, used 41023K [0x00000000a0c00000, 0x00000000e0400000, 0x00000000e0400000)
  object space 1040384K, 3% used [0x00000000a0c00000,0x00000000a340ff50,0x00000000e0400000)
 Metaspace       used 12986K, capacity 13106K, committed 13312K, reserved 1060864K
  class space    used 1468K, capacity 1501K, committed 1536K, reserved 1048576K
773.485: [GC (Allocation Failure) [PSYoungGen: 517248K->192K(518656K)] 558271K->41215K(1559040K), 0.0016036 secs] [Times: user=0.00 sys=0.00, real=0.00 secs] 
Heap after GC invocations=113 (full 0):
 PSYoungGen      total 518656K, used 192K [0x00000000e0400000, 0x0000000100000000, 0x0000000100000000)
  eden space 517120K, 0% used [0x00000000e0400000,0x00000000e0400000,0x00000000ffd00000)
  from space 1536K, 12% used [0x00000000ffd00000,0x00000000ffd30000,0x00000000ffe80000)
  to   space 1024K, 0% used [0x00000000fff00000,0x00000000fff00000,0x0000000100000000)
 ParOldGen       total 1040384K, used 41023K [0x00000000a0c00000, 0x00000000e0400000, 0x00000000e0400000)
  object space 1040384K, 3% used [0x00000000a0c00000,0x00000000a340ff50,0x00000000e0400000)
 Metaspace       used 12986K, capacity 13106K, committed 13312K, reserved 1060864K
  class space    used 1468K, capacity 1501K, committed 1536K, reserved 1048576K
}
{Heap before GC invocations=114 (full 0):
 PSYoungGen      total 518656K, used 517312K [0x00000000e0400000, 0x0000000100000000, 0x0000000100000000)
  eden space 517120K, 100% used [0x00000000e0400000,0x00000000ffd00000,0x00000000ffd00000)
  from space 1536K, 12% used [0x00000000ffd00000,0x00000000ffd30000,0x00000000ffe80000)
  to   space 1024K, 0% used [0x00000000fff00000,0x00000000fff00000,0x0000000100000000)
 ParOldGen       total 1040384K, used 41023K [0x00000000a0c00000, 0x00000000e0400000, 0x00000000e0400000)
  object space 1040384K, 3% used [0x00000000a0c00000,0x00000000a340ff50,0x00000000e0400000)
 Metaspace       used 12986K, capacity 13106K, committed 13312K, reserved 1060864K
  class space    used 1468K, capacity 1501K, committed 1536K, reserved 1048576K
780.534: [GC (Allocation Failure) [PSYoungGen: 517312K->192K(519168K)] 558335K->41215K(1559552K), 0.0013252 secs] [Times: user=0.00 sys=0.00, real=0.00 secs] 
Heap after GC invocations=114 (full 0):
 PSYoungGen      total 519168K, used 192K [0x00000000e0400000, 0x0000000100000000, 0x0000000100000000)
  eden space 518144K, 0% used [0x00000000e0400000,0x00000000e0400000,0x00000000ffe00000)
  from space 1024K, 18% used [0x00000000fff00000,0x00000000fff30000,0x0000000100000000)
  to   space 1024K, 0% used [0x00000000ffe00000,0x00000000ffe00000,0x00000000fff00000)
 ParOldGen       total 1040384K, used 41023K [0x00000000a0c00000, 0x00000000e0400000, 0x00000000e0400000)
  object space 1040384K, 3% used [0x00000000a0c00000,0x00000000a340ff50,0x00000000e0400000)
 Metaspace       used 12986K, capacity 13106K, committed 13312K, reserved 1060864K
  class space    used 1468K, capacity 1501K, committed 1536K, reserved 1048576K
}
{Heap before GC invocations=115 (full 0):
 PSYoungGen      total 519168K, used 518336K [0x00000000e0400000, 0x0000000100000000, 0x0000000100000000)
  eden space 518144K, 100% used [0x00000000e0400000,0x00000000ffe00000,0x00000000ffe00000)
  from space 1024K, 18% used [0x00000000fff00000,0x00000000fff30000,0x0000000100000000)
  to   space 1024K, 0% used [0x00000000ffe00000,0x00000000ffe00000,0x00000000fff00000)
 ParOldGen       total 1040384K, used 41023K [0x00000000a0c00000, 0x00000000e0400000, 0x00000000e0400000)
  object space 1040384K, 3% used [0x00000000a0c00000,0x00000000a340ff50,0x00000000e0400000)
 Metaspace       used 12986K, capacity 13106K, committed 13312K, reserved 1060864K
  class space    used 1468K, capacity 1501K, committed 1536K, reserved 1048576K
787.565: [GC (Allocation Failure) [PSYoungGen: 518336K->928K(519168K)] 559359K->41951K(1559552K), 0.0021089 secs] [Times: user=0.00 sys=0.00, real=0.00 secs] 
Heap after GC invocations=115 (full 0):
 PSYoungGen      total 519168K, used 928K [0x00000000e0400000, 0x0000000100000000, 0x0000000100000000)
  eden space 518144K, 0% used [0x00000000e0400000,0x00000000e0400000,0x00000000ffe00000)
  from space 1024K, 90% used [0x00000000ffe00000,0x00000000ffee8000,0x00000000fff00000)
  to   space 1024K, 0% used [0x00000000fff00000,0x00000000fff00000,0x0000000100000000)
 ParOldGen       total 1040384K, used 41023K [0x00000000a0c00000, 0x00000000e0400000, 0x00000000e0400000)
  object space 1040384K, 3% used [0x00000000a0c00000,0x00000000a340ff50,0x00000000e0400000)
 Metaspace       used 12986K, capacity 13106K, committed 13312K, reserved 1060864K
  class space    used 1468K, capacity 1501K, committed 1536K, reserved 1048576K
}
{Heap before GC invocations=116 (full 0):
 PSYoungGen      total 519168K, used 519072K [0x00000000e0400000, 0x0000000100000000, 0x0000000100000000)
  eden space 518144K, 100% used [0x00000000e0400000,0x00000000ffe00000,0x00000000ffe00000)
  from space 1024K, 90% used [0x00000000ffe00000,0x00000000ffee8000,0x00000000fff00000)
  to   space 1024K, 0% used [0x00000000fff00000,0x00000000fff00000,0x0000000100000000)
 ParOldGen       total 1040384K, used 41023K [0x00000000a0c00000, 0x00000000e0400000, 0x00000000e0400000)
  object space 1040384K, 3% used [0x00000000a0c00000,0x00000000a340ff50,0x00000000e0400000)
 Metaspace       used 12987K, capacity 13106K, committed 13312K, reserved 1060864K
  class space    used 1468K, capacity 1501K, committed 1536K, reserved 1048576K
794.739: [GC (Allocation Failure) [PSYoungGen: 519072K->224K(518144K)] 560095K->41255K(1558528K), 0.0013840 secs] [Times: user=0.13 sys=0.00, real=0.00 secs] 
Heap after GC invocations=116 (full 0):
 PSYoungGen      total 518144K, used 224K [0x00000000e0400000, 0x0000000100000000, 0x0000000100000000)
  eden space 517120K, 0% used [0x00000000e0400000,0x00000000e0400000,0x00000000ffd00000)
  from space 1024K, 21% used [0x00000000fff00000,0x00000000fff38000,0x0000000100000000)
  to   space 1536K, 0% used [0x00000000ffd00000,0x00000000ffd00000,0x00000000ffe80000)
 ParOldGen       total 1040384K, used 41031K [0x00000000a0c00000, 0x00000000e0400000, 0x00000000e0400000)
  object space 1040384K, 3% used [0x00000000a0c00000,0x00000000a3411f50,0x00000000e0400000)
 Metaspace       used 12987K, capacity 13106K, committed 13312K, reserved 1060864K
  class space    used 1468K, capacity 1501K, committed 1536K, reserved 1048576K
}
{Heap before GC invocations=117 (full 0):
 PSYoungGen      total 518144K, used 517344K [0x00000000e0400000, 0x0000000100000000, 0x0000000100000000)
  eden space 517120K, 100% used [0x00000000e0400000,0x00000000ffd00000,0x00000000ffd00000)
  from space 1024K, 21% used [0x00000000fff00000,0x00000000fff38000,0x0000000100000000)
  to   space 1536K, 0% used [0x00000000ffd00000,0x00000000ffd00000,0x00000000ffe80000)
 ParOldGen       total 1040384K, used 41031K [0x00000000a0c00000, 0x00000000e0400000, 0x00000000e0400000)
  object space 1040384K, 3% used [0x00000000a0c00000,0x00000000a3411f50,0x00000000e0400000)
 Metaspace       used 12987K, capacity 13106K, committed 13312K, reserved 1060864K
  class space    used 1468K, capacity 1501K, committed 1536K, reserved 1048576K
801.771: [GC (Allocation Failure) [PSYoungGen: 517344K->96K(518656K)] 558375K->41127K(1559040K), 0.0018262 secs] [Times: user=0.00 sys=0.00, real=0.00 secs] 
Heap after GC invocations=117 (full 0):
 PSYoungGen      total 518656K, used 96K [0x00000000e0400000, 0x0000000100000000, 0x0000000100000000)
  eden space 517120K, 0% used [0x00000000e0400000,0x00000000e0400000,0x00000000ffd00000)
  from space 1536K, 6% used [0x00000000ffd00000,0x00000000ffd18000,0x00000000ffe80000)
  to   space 1536K, 0% used [0x00000000ffe80000,0x00000000ffe80000,0x0000000100000000)
 ParOldGen       total 1040384K, used 41031K [0x00000000a0c00000, 0x00000000e0400000, 0x00000000e0400000)
  object space 1040384K, 3% used [0x00000000a0c00000,0x00000000a3411f50,0x00000000e0400000)
 Metaspace       used 12987K, capacity 13106K, committed 13312K, reserved 1060864K
  class space    used 1468K, capacity 1501K, committed 1536K, reserved 1048576K
}
{Heap before GC invocations=118 (full 0):
 PSYoungGen      total 518656K, used 517216K [0x00000000e0400000, 0x0000000100000000, 0x0000000100000000)
  eden space 517120K, 100% used [0x00000000e0400000,0x00000000ffd00000,0x00000000ffd00000)
  from space 1536K, 6% used [0x00000000ffd00000,0x00000000ffd18000,0x00000000ffe80000)
  to   space 1536K, 0% used [0x00000000ffe80000,0x00000000ffe80000,0x0000000100000000)
 ParOldGen       total 1040384K, used 41031K [0x00000000a0c00000, 0x00000000e0400000, 0x00000000e0400000)
  object space 1040384K, 3% used [0x00000000a0c00000,0x00000000a3411f50,0x00000000e0400000)
 Metaspace       used 12987K, capacity 13106K, committed 13312K, reserved 1060864K
  class space    used 1468K, capacity 1501K, committed 1536K, reserved 1048576K
808.770: [GC (Allocation Failure) [PSYoungGen: 517216K->256K(519168K)] 558247K->41287K(1559552K), 0.0012310 secs] [Times: user=0.02 sys=0.00, real=0.00 secs] 
Heap after GC invocations=118 (full 0):
 PSYoungGen      total 519168K, used 256K [0x00000000e0400000, 0x0000000100000000, 0x0000000100000000)
  eden space 517632K, 0% used [0x00000000e0400000,0x00000000e0400000,0x00000000ffd80000)
  from space 1536K, 16% used [0x00000000ffe80000,0x00000000ffec0000,0x0000000100000000)
  to   space 1024K, 0% used [0x00000000ffd80000,0x00000000ffd80000,0x00000000ffe80000)
 ParOldGen       total 1040384K, used 41031K [0x00000000a0c00000, 0x00000000e0400000, 0x00000000e0400000)
  object space 1040384K, 3% used [0x00000000a0c00000,0x00000000a3411f50,0x00000000e0400000)
 Metaspace       used 12987K, capacity 13106K, committed 13312K, reserved 1060864K
  class space    used 1468K, capacity 1501K, committed 1536K, reserved 1048576K
}
{Heap before GC invocations=119 (full 0):
 PSYoungGen      total 519168K, used 517888K [0x00000000e0400000, 0x0000000100000000, 0x0000000100000000)
  eden space 517632K, 100% used [0x00000000e0400000,0x00000000ffd80000,0x00000000ffd80000)
  from space 1536K, 16% used [0x00000000ffe80000,0x00000000ffec0000,0x0000000100000000)
  to   space 1024K, 0% used [0x00000000ffd80000,0x00000000ffd80000,0x00000000ffe80000)
 ParOldGen       total 1040384K, used 41031K [0x00000000a0c00000, 0x00000000e0400000, 0x00000000e0400000)
  object space 1040384K, 3% used [0x00000000a0c00000,0x00000000a3411f50,0x00000000e0400000)
 Metaspace       used 12987K, capacity 13106K, committed 13312K, reserved 1060864K
  class space    used 1468K, capacity 1501K, committed 1536K, reserved 1048576K
815.782: [GC (Allocation Failure) [PSYoungGen: 517888K->256K(518656K)] 558919K->41287K(1559040K), 0.0012375 secs] [Times: user=0.00 sys=0.00, real=0.00 secs] 
Heap after GC invocations=119 (full 0):
 PSYoungGen      total 518656K, used 256K [0x00000000e0400000, 0x0000000100000000, 0x0000000100000000)
  eden space 517632K, 0% used [0x00000000e0400000,0x00000000e0400000,0x00000000ffd80000)
  from space 1024K, 25% used [0x00000000ffd80000,0x00000000ffdc0000,0x00000000ffe80000)
  to   space 1024K, 0% used [0x00000000fff00000,0x00000000fff00000,0x0000000100000000)
 ParOldGen       total 1040384K, used 41031K [0x00000000a0c00000, 0x00000000e0400000, 0x00000000e0400000)
  object space 1040384K, 3% used [0x00000000a0c00000,0x00000000a3411f50,0x00000000e0400000)
 Metaspace       used 12987K, capacity 13106K, committed 13312K, reserved 1060864K
  class space    used 1468K, capacity 1501K, committed 1536K, reserved 1048576K
}
{Heap before GC invocations=120 (full 0):
 PSYoungGen      total 518656K, used 517888K [0x00000000e0400000, 0x0000000100000000, 0x0000000100000000)
  eden space 517632K, 100% used [0x00000000e0400000,0x00000000ffd80000,0x00000000ffd80000)
  from space 1024K, 25% used [0x00000000ffd80000,0x00000000ffdc0000,0x00000000ffe80000)
  to   space 1024K, 0% used [0x00000000fff00000,0x00000000fff00000,0x0000000100000000)
 ParOldGen       total 1040384K, used 41033K [0x00000000a0c00000, 0x00000000e0400000, 0x00000000e0400000)
  object space 1040384K, 3% used [0x00000000a0c00000,0x00000000a34125b0,0x00000000e0400000)
 Metaspace       used 12987K, capacity 13106K, committed 13312K, reserved 1060864K
  class space    used 1468K, capacity 1501K, committed 1536K, reserved 1048576K
822.810: [GC (GCLocker Initiated GC) [PSYoungGen: 517888K->1024K(518144K)] 558921K->42457K(1558528K), 0.0029428 secs] [Times: user=0.00 sys=0.00, real=0.00 secs] 
Heap after GC invocations=120 (full 0):
 PSYoungGen      total 518144K, used 1024K [0x00000000e0400000, 0x0000000100000000, 0x0000000100000000)
  eden space 517120K, 0% used [0x00000000e0400000,0x00000000e0400000,0x00000000ffd00000)
  from space 1024K, 100% used [0x00000000fff00000,0x0000000100000000,0x0000000100000000)
  to   space 1536K, 0% used [0x00000000ffd00000,0x00000000ffd00000,0x00000000ffe80000)
 ParOldGen       total 1040384K, used 41433K [0x00000000a0c00000, 0x00000000e0400000, 0x00000000e0400000)
  object space 1040384K, 3% used [0x00000000a0c00000,0x00000000a34765b0,0x00000000e0400000)
 Metaspace       used 12987K, capacity 13106K, committed 13312K, reserved 1060864K
  class space    used 1468K, capacity 1501K, committed 1536K, reserved 1048576K
}
{Heap before GC invocations=121 (full 0):
 PSYoungGen      total 518144K, used 518144K [0x00000000e0400000, 0x0000000100000000, 0x0000000100000000)
  eden space 517120K, 100% used [0x00000000e0400000,0x00000000ffd00000,0x00000000ffd00000)
  from space 1024K, 100% used [0x00000000fff00000,0x0000000100000000,0x0000000100000000)
  to   space 1536K, 0% used [0x00000000ffd00000,0x00000000ffd00000,0x00000000ffe80000)
 ParOldGen       total 1040384K, used 41436K [0x00000000a0c00000, 0x00000000e0400000, 0x00000000e0400000)
  object space 1040384K, 3% used [0x00000000a0c00000,0x00000000a3477328,0x00000000e0400000)
 Metaspace       used 12987K, capacity 13106K, committed 13312K, reserved 1060864K
  class space    used 1468K, capacity 1501K, committed 1536K, reserved 1048576K
829.772: [GC (Allocation Failure) [PSYoungGen: 518144K->128K(518656K)] 559580K->41588K(1559040K), 0.0016773 secs] [Times: user=0.00 sys=0.00, real=0.00 secs] 
Heap after GC invocations=121 (full 0):
 PSYoungGen      total 518656K, used 128K [0x00000000e0400000, 0x0000000100000000, 0x0000000100000000)
  eden space 517120K, 0% used [0x00000000e0400000,0x00000000e0400000,0x00000000ffd00000)
  from space 1536K, 8% used [0x00000000ffd00000,0x00000000ffd20000,0x00000000ffe80000)
  to   space 1536K, 0% used [0x00000000ffe80000,0x00000000ffe80000,0x0000000100000000)
 ParOldGen       total 1040384K, used 41460K [0x00000000a0c00000, 0x00000000e0400000, 0x00000000e0400000)
  object space 1040384K, 3% used [0x00000000a0c00000,0x00000000a347d328,0x00000000e0400000)
 Metaspace       used 12987K, capacity 13106K, committed 13312K, reserved 1060864K
  class space    used 1468K, capacity 1501K, committed 1536K, reserved 1048576K
}
{Heap before GC invocations=122 (full 0):
 PSYoungGen      total 518656K, used 517248K [0x00000000e0400000, 0x0000000100000000, 0x0000000100000000)
  eden space 517120K, 100% used [0x00000000e0400000,0x00000000ffd00000,0x00000000ffd00000)
  from space 1536K, 8% used [0x00000000ffd00000,0x00000000ffd20000,0x00000000ffe80000)
  to   space 1536K, 0% used [0x00000000ffe80000,0x00000000ffe80000,0x0000000100000000)
 ParOldGen       total 1040384K, used 41460K [0x00000000a0c00000, 0x00000000e0400000, 0x00000000e0400000)
  object space 1040384K, 3% used [0x00000000a0c00000,0x00000000a347d328,0x00000000e0400000)
 Metaspace       used 12987K, capacity 13106K, committed 13312K, reserved 1060864K
  class space    used 1468K, capacity 1501K, committed 1536K, reserved 1048576K
836.696: [GC (Allocation Failure) [PSYoungGen: 517248K->160K(518656K)] 558708K->41652K(1559040K), 0.0017479 secs] [Times: user=0.00 sys=0.00, real=0.00 secs] 
Heap after GC invocations=122 (full 0):
 PSYoungGen      total 518656K, used 160K [0x00000000e0400000, 0x0000000100000000, 0x0000000100000000)
  eden space 517120K, 0% used [0x00000000e0400000,0x00000000e0400000,0x00000000ffd00000)
  from space 1536K, 10% used [0x00000000ffe80000,0x00000000ffea8000,0x0000000100000000)
  to   space 1536K, 0% used [0x00000000ffd00000,0x00000000ffd00000,0x00000000ffe80000)
 ParOldGen       total 1040384K, used 41492K [0x00000000a0c00000, 0x00000000e0400000, 0x00000000e0400000)
  object space 1040384K, 3% used [0x00000000a0c00000,0x00000000a3485328,0x00000000e0400000)
 Metaspace       used 12987K, capacity 13106K, committed 13312K, reserved 1060864K
  class space    used 1468K, capacity 1501K, committed 1536K, reserved 1048576K
}
{Heap before GC invocations=123 (full 0):
 PSYoungGen      total 518656K, used 517280K [0x00000000e0400000, 0x0000000100000000, 0x0000000100000000)
  eden space 517120K, 100% used [0x00000000e0400000,0x00000000ffd00000,0x00000000ffd00000)
  from space 1536K, 10% used [0x00000000ffe80000,0x00000000ffea8000,0x0000000100000000)
  to   space 1536K, 0% used [0x00000000ffd00000,0x00000000ffd00000,0x00000000ffe80000)
 ParOldGen       total 1040384K, used 41492K [0x00000000a0c00000, 0x00000000e0400000, 0x00000000e0400000)
  object space 1040384K, 3% used [0x00000000a0c00000,0x00000000a3485328,0x00000000e0400000)
 Metaspace       used 12987K, capacity 13106K, committed 13312K, reserved 1060864K
  class space    used 1468K, capacity 1501K, committed 1536K, reserved 1048576K
843.646: [GC (Allocation Failure) [PSYoungGen: 517280K->96K(518656K)] 558772K->41604K(1559040K), 0.0018377 secs] [Times: user=0.00 sys=0.00, real=0.00 secs] 
Heap after GC invocations=123 (full 0):
 PSYoungGen      total 518656K, used 96K [0x00000000e0400000, 0x0000000100000000, 0x0000000100000000)
  eden space 517120K, 0% used [0x00000000e0400000,0x00000000e0400000,0x00000000ffd00000)
  from space 1536K, 6% used [0x00000000ffd00000,0x00000000ffd18000,0x00000000ffe80000)
  to   space 1536K, 0% used [0x00000000ffe80000,0x00000000ffe80000,0x0000000100000000)
 ParOldGen       total 1040384K, used 41508K [0x00000000a0c00000, 0x00000000e0400000, 0x00000000e0400000)
  object space 1040384K, 3% used [0x00000000a0c00000,0x00000000a3489328,0x00000000e0400000)
 Metaspace       used 12987K, capacity 13106K, committed 13312K, reserved 1060864K
  class space    used 1468K, capacity 1501K, committed 1536K, reserved 1048576K
}
{Heap before GC invocations=124 (full 0):
 PSYoungGen      total 518656K, used 517216K [0x00000000e0400000, 0x0000000100000000, 0x0000000100000000)
  eden space 517120K, 100% used [0x00000000e0400000,0x00000000ffd00000,0x00000000ffd00000)
  from space 1536K, 6% used [0x00000000ffd00000,0x00000000ffd18000,0x00000000ffe80000)
  to   space 1536K, 0% used [0x00000000ffe80000,0x00000000ffe80000,0x0000000100000000)
 ParOldGen       total 1040384K, used 41508K [0x00000000a0c00000, 0x00000000e0400000, 0x00000000e0400000)
  object space 1040384K, 3% used [0x00000000a0c00000,0x00000000a3489328,0x00000000e0400000)
 Metaspace       used 12987K, capacity 13106K, committed 13312K, reserved 1060864K
  class space    used 1468K, capacity 1501K, committed 1536K, reserved 1048576K
850.614: [GC (Allocation Failure) [PSYoungGen: 517216K->544K(518656K)] 558724K->42060K(1559040K), 0.0018738 secs] [Times: user=0.09 sys=0.00, real=0.00 secs] 
Heap after GC invocations=124 (full 0):
 PSYoungGen      total 518656K, used 544K [0x00000000e0400000, 0x0000000100000000, 0x0000000100000000)
  eden space 517120K, 0% used [0x00000000e0400000,0x00000000e0400000,0x00000000ffd00000)
  from space 1536K, 35% used [0x00000000ffe80000,0x00000000fff08000,0x0000000100000000)
  to   space 1536K, 0% used [0x00000000ffd00000,0x00000000ffd00000,0x00000000ffe80000)
 ParOldGen       total 1040384K, used 41516K [0x00000000a0c00000, 0x00000000e0400000, 0x00000000e0400000)
  object space 1040384K, 3% used [0x00000000a0c00000,0x00000000a348b328,0x00000000e0400000)
 Metaspace       used 12987K, capacity 13106K, committed 13312K, reserved 1060864K
  class space    used 1468K, capacity 1501K, committed 1536K, reserved 1048576K
}
{Heap before GC invocations=125 (full 0):
 PSYoungGen      total 518656K, used 517664K [0x00000000e0400000, 0x0000000100000000, 0x0000000100000000)
  eden space 517120K, 100% used [0x00000000e0400000,0x00000000ffd00000,0x00000000ffd00000)
  from space 1536K, 35% used [0x00000000ffe80000,0x00000000fff08000,0x0000000100000000)
  to   space 1536K, 0% used [0x00000000ffd00000,0x00000000ffd00000,0x00000000ffe80000)
 ParOldGen       total 1040384K, used 41516K [0x00000000a0c00000, 0x00000000e0400000, 0x00000000e0400000)
  object space 1040384K, 3% used [0x00000000a0c00000,0x00000000a348b328,0x00000000e0400000)
 Metaspace       used 12987K, capacity 13106K, committed 13312K, reserved 1060864K
  class space    used 1468K, capacity 1501K, committed 1536K, reserved 1048576K
857.729: [GC (Allocation Failure) [PSYoungGen: 517664K->96K(518656K)] 559180K->41612K(1559040K), 0.0019363 secs] [Times: user=0.00 sys=0.00, real=0.00 secs] 
Heap after GC invocations=125 (full 0):
 PSYoungGen      total 518656K, used 96K [0x00000000e0400000, 0x0000000100000000, 0x0000000100000000)
  eden space 517120K, 0% used [0x00000000e0400000,0x00000000e0400000,0x00000000ffd00000)
  from space 1536K, 6% used [0x00000000ffd00000,0x00000000ffd18000,0x00000000ffe80000)
  to   space 1536K, 0% used [0x00000000ffe80000,0x00000000ffe80000,0x0000000100000000)
 ParOldGen       total 1040384K, used 41516K [0x00000000a0c00000, 0x00000000e0400000, 0x00000000e0400000)
  object space 1040384K, 3% used [0x00000000a0c00000,0x00000000a348b328,0x00000000e0400000)
 Metaspace       used 12987K, capacity 13106K, committed 13312K, reserved 1060864K
  class space    used 1468K, capacity 1501K, committed 1536K, reserved 1048576K
}
{Heap before GC invocations=126 (full 0):
 PSYoungGen      total 518656K, used 517216K [0x00000000e0400000, 0x0000000100000000, 0x0000000100000000)
  eden space 517120K, 100% used [0x00000000e0400000,0x00000000ffd00000,0x00000000ffd00000)
  from space 1536K, 6% used [0x00000000ffd00000,0x00000000ffd18000,0x00000000ffe80000)
  to   space 1536K, 0% used [0x00000000ffe80000,0x00000000ffe80000,0x0000000100000000)
 ParOldGen       total 1040384K, used 41516K [0x00000000a0c00000, 0x00000000e0400000, 0x00000000e0400000)
  object space 1040384K, 3% used [0x00000000a0c00000,0x00000000a348b328,0x00000000e0400000)
 Metaspace       used 12987K, capacity 13106K, committed 13312K, reserved 1060864K
  class space    used 1468K, capacity 1501K, committed 1536K, reserved 1048576K
864.680: [GC (Allocation Failure) [PSYoungGen: 517216K->256K(518656K)] 558732K->41772K(1559040K), 0.0012618 secs] [Times: user=0.00 sys=0.00, real=0.00 secs] 
Heap after GC invocations=126 (full 0):
 PSYoungGen      total 518656K, used 256K [0x00000000e0400000, 0x0000000100000000, 0x0000000100000000)
  eden space 517120K, 0% used [0x00000000e0400000,0x00000000e0400000,0x00000000ffd00000)
  from space 1536K, 16% used [0x00000000ffe80000,0x00000000ffec0000,0x0000000100000000)
  to   space 1536K, 0% used [0x00000000ffd00000,0x00000000ffd00000,0x00000000ffe80000)
 ParOldGen       total 1040384K, used 41516K [0x00000000a0c00000, 0x00000000e0400000, 0x00000000e0400000)
  object space 1040384K, 3% used [0x00000000a0c00000,0x00000000a348b328,0x00000000e0400000)
 Metaspace       used 12987K, capacity 13106K, committed 13312K, reserved 1060864K
  class space    used 1468K, capacity 1501K, committed 1536K, reserved 1048576K
}
{Heap before GC invocations=127 (full 0):
 PSYoungGen      total 518656K, used 517376K [0x00000000e0400000, 0x0000000100000000, 0x0000000100000000)
  eden space 517120K, 100% used [0x00000000e0400000,0x00000000ffd00000,0x00000000ffd00000)
  from space 1536K, 16% used [0x00000000ffe80000,0x00000000ffec0000,0x0000000100000000)
  to   space 1536K, 0% used [0x00000000ffd00000,0x00000000ffd00000,0x00000000ffe80000)
 ParOldGen       total 1040384K, used 41516K [0x00000000a0c00000, 0x00000000e0400000, 0x00000000e0400000)
  object space 1040384K, 3% used [0x00000000a0c00000,0x00000000a348b328,0x00000000e0400000)
 Metaspace       used 12987K, capacity 13106K, committed 13312K, reserved 1060864K
  class space    used 1468K, capacity 1501K, committed 1536K, reserved 1048576K
871.572: [GC (Allocation Failure) [PSYoungGen: 517376K->224K(518656K)] 558892K->41740K(1559040K), 0.0012531 secs] [Times: user=0.00 sys=0.00, real=0.00 secs] 
Heap after GC invocations=127 (full 0):
 PSYoungGen      total 518656K, used 224K [0x00000000e0400000, 0x0000000100000000, 0x0000000100000000)
  eden space 517120K, 0% used [0x00000000e0400000,0x00000000e0400000,0x00000000ffd00000)
  from space 1536K, 14% used [0x00000000ffd00000,0x00000000ffd38000,0x00000000ffe80000)
  to   space 1024K, 0% used [0x00000000fff00000,0x00000000fff00000,0x0000000100000000)
 ParOldGen       total 1040384K, used 41516K [0x00000000a0c00000, 0x00000000e0400000, 0x00000000e0400000)
  object space 1040384K, 3% used [0x00000000a0c00000,0x00000000a348b328,0x00000000e0400000)
 Metaspace       used 12987K, capacity 13106K, committed 13312K, reserved 1060864K
  class space    used 1468K, capacity 1501K, committed 1536K, reserved 1048576K
}
{Heap before GC invocations=128 (full 0):
 PSYoungGen      total 518656K, used 517344K [0x00000000e0400000, 0x0000000100000000, 0x0000000100000000)
  eden space 517120K, 100% used [0x00000000e0400000,0x00000000ffd00000,0x00000000ffd00000)
  from space 1536K, 14% used [0x00000000ffd00000,0x00000000ffd38000,0x00000000ffe80000)
  to   space 1024K, 0% used [0x00000000fff00000,0x00000000fff00000,0x0000000100000000)
 ParOldGen       total 1040384K, used 41516K [0x00000000a0c00000, 0x00000000e0400000, 0x00000000e0400000)
  object space 1040384K, 3% used [0x00000000a0c00000,0x00000000a348b328,0x00000000e0400000)
 Metaspace       used 12987K, capacity 13106K, committed 13312K, reserved 1060864K
  class space    used 1468K, capacity 1501K, committed 1536K, reserved 1048576K
878.507: [GC (Allocation Failure) [PSYoungGen: 517344K->192K(519168K)] 558860K->41716K(1559552K), 0.0012204 secs] [Times: user=0.00 sys=0.00, real=0.00 secs] 
Heap after GC invocations=128 (full 0):
 PSYoungGen      total 519168K, used 192K [0x00000000e0400000, 0x0000000100000000, 0x0000000100000000)
  eden space 518144K, 0% used [0x00000000e0400000,0x00000000e0400000,0x00000000ffe00000)
  from space 1024K, 18% used [0x00000000fff00000,0x00000000fff30000,0x0000000100000000)
  to   space 1024K, 0% used [0x00000000ffe00000,0x00000000ffe00000,0x00000000fff00000)
 ParOldGen       total 1040384K, used 41524K [0x00000000a0c00000, 0x00000000e0400000, 0x00000000e0400000)
  object space 1040384K, 3% used [0x00000000a0c00000,0x00000000a348d328,0x00000000e0400000)
 Metaspace       used 12987K, capacity 13106K, committed 13312K, reserved 1060864K
  class space    used 1468K, capacity 1501K, committed 1536K, reserved 1048576K
}
{Heap before GC invocations=129 (full 0):
 PSYoungGen      total 519168K, used 518336K [0x00000000e0400000, 0x0000000100000000, 0x0000000100000000)
  eden space 518144K, 100% used [0x00000000e0400000,0x00000000ffe00000,0x00000000ffe00000)
  from space 1024K, 18% used [0x00000000fff00000,0x00000000fff30000,0x0000000100000000)
  to   space 1024K, 0% used [0x00000000ffe00000,0x00000000ffe00000,0x00000000fff00000)
 ParOldGen       total 1040384K, used 41524K [0x00000000a0c00000, 0x00000000e0400000, 0x00000000e0400000)
  object space 1040384K, 3% used [0x00000000a0c00000,0x00000000a348d348,0x00000000e0400000)
 Metaspace       used 12987K, capacity 13106K, committed 13312K, reserved 1060864K
  class space    used 1468K, capacity 1501K, committed 1536K, reserved 1048576K
885.590: [GC (GCLocker Initiated GC) [PSYoungGen: 518336K->1024K(519168K)] 559860K->43100K(1559552K), 0.0026090 secs] [Times: user=0.00 sys=0.00, real=0.00 secs] 
Heap after GC invocations=129 (full 0):
 PSYoungGen      total 519168K, used 1024K [0x00000000e0400000, 0x0000000100000000, 0x0000000100000000)
  eden space 518144K, 0% used [0x00000000e0400000,0x00000000e0400000,0x00000000ffe00000)
  from space 1024K, 100% used [0x00000000ffe00000,0x00000000fff00000,0x00000000fff00000)
  to   space 1024K, 0% used [0x00000000fff00000,0x00000000fff00000,0x0000000100000000)
 ParOldGen       total 1040384K, used 42076K [0x00000000a0c00000, 0x00000000e0400000, 0x00000000e0400000)
  object space 1040384K, 4% used [0x00000000a0c00000,0x00000000a3517348,0x00000000e0400000)
 Metaspace       used 12987K, capacity 13106K, committed 13312K, reserved 1060864K
  class space    used 1468K, capacity 1501K, committed 1536K, reserved 1048576K
}
{Heap before GC invocations=130 (full 0):
 PSYoungGen      total 519168K, used 519168K [0x00000000e0400000, 0x0000000100000000, 0x0000000100000000)
  eden space 518144K, 100% used [0x00000000e0400000,0x00000000ffe00000,0x00000000ffe00000)
  from space 1024K, 100% used [0x00000000ffe00000,0x00000000fff00000,0x00000000fff00000)
  to   space 1024K, 0% used [0x00000000fff00000,0x00000000fff00000,0x0000000100000000)
 ParOldGen       total 1040384K, used 42080K [0x00000000a0c00000, 0x00000000e0400000, 0x00000000e0400000)
  object space 1040384K, 4% used [0x00000000a0c00000,0x00000000a3518088,0x00000000e0400000)
 Metaspace       used 12987K, capacity 13106K, committed 13312K, reserved 1060864K
  class space    used 1468K, capacity 1501K, committed 1536K, reserved 1048576K
892.693: [GC (Allocation Failure) [PSYoungGen: 519168K->96K(518144K)] 561248K->42192K(1558528K), 0.0019737 secs] [Times: user=0.00 sys=0.00, real=0.00 secs] 
Heap after GC invocations=130 (full 0):
 PSYoungGen      total 518144K, used 96K [0x00000000e0400000, 0x0000000100000000, 0x0000000100000000)
  eden space 517120K, 0% used [0x00000000e0400000,0x00000000e0400000,0x00000000ffd00000)
  from space 1024K, 9% used [0x00000000fff00000,0x00000000fff18000,0x0000000100000000)
  to   space 1536K, 0% used [0x00000000ffd00000,0x00000000ffd00000,0x00000000ffe80000)
 ParOldGen       total 1040384K, used 42096K [0x00000000a0c00000, 0x00000000e0400000, 0x00000000e0400000)
  object space 1040384K, 4% used [0x00000000a0c00000,0x00000000a351c088,0x00000000e0400000)
 Metaspace       used 12987K, capacity 13106K, committed 13312K, reserved 1060864K
  class space    used 1468K, capacity 1501K, committed 1536K, reserved 1048576K
}
{Heap before GC invocations=131 (full 0):
 PSYoungGen      total 518144K, used 517216K [0x00000000e0400000, 0x0000000100000000, 0x0000000100000000)
  eden space 517120K, 100% used [0x00000000e0400000,0x00000000ffd00000,0x00000000ffd00000)
  from space 1024K, 9% used [0x00000000fff00000,0x00000000fff18000,0x0000000100000000)
  to   space 1536K, 0% used [0x00000000ffd00000,0x00000000ffd00000,0x00000000ffe80000)
 ParOldGen       total 1040384K, used 42096K [0x00000000a0c00000, 0x00000000e0400000, 0x00000000e0400000)
  object space 1040384K, 4% used [0x00000000a0c00000,0x00000000a351c088,0x00000000e0400000)
 Metaspace       used 12987K, capacity 13106K, committed 13312K, reserved 1060864K
  class space    used 1468K, capacity 1501K, committed 1536K, reserved 1048576K
899.595: [GC (Allocation Failure) [PSYoungGen: 517216K->192K(518656K)] 559312K->42304K(1559040K), 0.0016135 secs] [Times: user=0.00 sys=0.00, real=0.00 secs] 
Heap after GC invocations=131 (full 0):
 PSYoungGen      total 518656K, used 192K [0x00000000e0400000, 0x0000000100000000, 0x0000000100000000)
  eden space 517120K, 0% used [0x00000000e0400000,0x00000000e0400000,0x00000000ffd00000)
  from space 1536K, 12% used [0x00000000ffd00000,0x00000000ffd30000,0x00000000ffe80000)
  to   space 1536K, 0% used [0x00000000ffe80000,0x00000000ffe80000,0x0000000100000000)
 ParOldGen       total 1040384K, used 42112K [0x00000000a0c00000, 0x00000000e0400000, 0x00000000e0400000)
  object space 1040384K, 4% used [0x00000000a0c00000,0x00000000a3520088,0x00000000e0400000)
 Metaspace       used 12987K, capacity 13106K, committed 13312K, reserved 1060864K
  class space    used 1468K, capacity 1501K, committed 1536K, reserved 1048576K
}
{Heap before GC invocations=132 (full 0):
 PSYoungGen      total 518656K, used 517312K [0x00000000e0400000, 0x0000000100000000, 0x0000000100000000)
  eden space 517120K, 100% used [0x00000000e0400000,0x00000000ffd00000,0x00000000ffd00000)
  from space 1536K, 12% used [0x00000000ffd00000,0x00000000ffd30000,0x00000000ffe80000)
  to   space 1536K, 0% used [0x00000000ffe80000,0x00000000ffe80000,0x0000000100000000)
 ParOldGen       total 1040384K, used 42112K [0x00000000a0c00000, 0x00000000e0400000, 0x00000000e0400000)
  object space 1040384K, 4% used [0x00000000a0c00000,0x00000000a3520088,0x00000000e0400000)
 Metaspace       used 12987K, capacity 13106K, committed 13312K, reserved 1060864K
  class space    used 1468K, capacity 1501K, committed 1536K, reserved 1048576K
906.618: [GC (Allocation Failure) [PSYoungGen: 517312K->224K(518656K)] 559424K->42336K(1559040K), 0.0012910 secs] [Times: user=0.00 sys=0.00, real=0.00 secs] 
Heap after GC invocations=132 (full 0):
 PSYoungGen      total 518656K, used 224K [0x00000000e0400000, 0x0000000100000000, 0x0000000100000000)
  eden space 517120K, 0% used [0x00000000e0400000,0x00000000e0400000,0x00000000ffd00000)
  from space 1536K, 14% used [0x00000000ffe80000,0x00000000ffeb8000,0x0000000100000000)
  to   space 1536K, 0% used [0x00000000ffd00000,0x00000000ffd00000,0x00000000ffe80000)
 ParOldGen       total 1040384K, used 42112K [0x00000000a0c00000, 0x00000000e0400000, 0x00000000e0400000)
  object space 1040384K, 4% used [0x00000000a0c00000,0x00000000a3520088,0x00000000e0400000)
 Metaspace       used 12987K, capacity 13106K, committed 13312K, reserved 1060864K
  class space    used 1468K, capacity 1501K, committed 1536K, reserved 1048576K
}
{Heap before GC invocations=133 (full 0):
 PSYoungGen      total 518656K, used 517344K [0x00000000e0400000, 0x0000000100000000, 0x0000000100000000)
  eden space 517120K, 100% used [0x00000000e0400000,0x00000000ffd00000,0x00000000ffd00000)
  from space 1536K, 14% used [0x00000000ffe80000,0x00000000ffeb8000,0x0000000100000000)
  to   space 1536K, 0% used [0x00000000ffd00000,0x00000000ffd00000,0x00000000ffe80000)
 ParOldGen       total 1040384K, used 42112K [0x00000000a0c00000, 0x00000000e0400000, 0x00000000e0400000)
  object space 1040384K, 4% used [0x00000000a0c00000,0x00000000a3520088,0x00000000e0400000)
 Metaspace       used 12987K, capacity 13106K, committed 13312K, reserved 1060864K
  class space    used 1468K, capacity 1501K, committed 1536K, reserved 1048576K
913.648: [GC (Allocation Failure) [PSYoungGen: 517344K->640K(518656K)] 559456K->42760K(1559040K), 0.0018900 secs] [Times: user=0.00 sys=0.00, real=0.00 secs] 
Heap after GC invocations=133 (full 0):
 PSYoungGen      total 518656K, used 640K [0x00000000e0400000, 0x0000000100000000, 0x0000000100000000)
  eden space 517120K, 0% used [0x00000000e0400000,0x00000000e0400000,0x00000000ffd00000)
  from space 1536K, 41% used [0x00000000ffd00000,0x00000000ffda0000,0x00000000ffe80000)
  to   space 1536K, 0% used [0x00000000ffe80000,0x00000000ffe80000,0x0000000100000000)
 ParOldGen       total 1040384K, used 42120K [0x00000000a0c00000, 0x00000000e0400000, 0x00000000e0400000)
  object space 1040384K, 4% used [0x00000000a0c00000,0x00000000a3522088,0x00000000e0400000)
 Metaspace       used 12987K, capacity 13106K, committed 13312K, reserved 1060864K
  class space    used 1468K, capacity 1501K, committed 1536K, reserved 1048576K
}
{Heap before GC invocations=134 (full 0):
 PSYoungGen      total 518656K, used 517760K [0x00000000e0400000, 0x0000000100000000, 0x0000000100000000)
  eden space 517120K, 100% used [0x00000000e0400000,0x00000000ffd00000,0x00000000ffd00000)
  from space 1536K, 41% used [0x00000000ffd00000,0x00000000ffda0000,0x00000000ffe80000)
  to   space 1536K, 0% used [0x00000000ffe80000,0x00000000ffe80000,0x0000000100000000)
 ParOldGen       total 1040384K, used 42120K [0x00000000a0c00000, 0x00000000e0400000, 0x00000000e0400000)
  object space 1040384K, 4% used [0x00000000a0c00000,0x00000000a3522088,0x00000000e0400000)
 Metaspace       used 12987K, capacity 13106K, committed 13312K, reserved 1060864K
  class space    used 1468K, capacity 1501K, committed 1536K, reserved 1048576K
920.595: [GC (Allocation Failure) [PSYoungGen: 517760K->224K(518656K)] 559880K->42344K(1559040K), 0.0012574 secs] [Times: user=0.00 sys=0.00, real=0.00 secs] 
Heap after GC invocations=134 (full 0):
 PSYoungGen      total 518656K, used 224K [0x00000000e0400000, 0x0000000100000000, 0x0000000100000000)
  eden space 517120K, 0% used [0x00000000e0400000,0x00000000e0400000,0x00000000ffd00000)
  from space 1536K, 14% used [0x00000000ffe80000,0x00000000ffeb8000,0x0000000100000000)
  to   space 1536K, 0% used [0x00000000ffd00000,0x00000000ffd00000,0x00000000ffe80000)
 ParOldGen       total 1040384K, used 42120K [0x00000000a0c00000, 0x00000000e0400000, 0x00000000e0400000)
  object space 1040384K, 4% used [0x00000000a0c00000,0x00000000a3522088,0x00000000e0400000)
 Metaspace       used 12987K, capacity 13106K, committed 13312K, reserved 1060864K
  class space    used 1468K, capacity 1501K, committed 1536K, reserved 1048576K
}
{Heap before GC invocations=135 (full 0):
 PSYoungGen      total 518656K, used 517344K [0x00000000e0400000, 0x0000000100000000, 0x0000000100000000)
  eden space 517120K, 100% used [0x00000000e0400000,0x00000000ffd00000,0x00000000ffd00000)
  from space 1536K, 14% used [0x00000000ffe80000,0x00000000ffeb8000,0x0000000100000000)
  to   space 1536K, 0% used [0x00000000ffd00000,0x00000000ffd00000,0x00000000ffe80000)
 ParOldGen       total 1040384K, used 42120K [0x00000000a0c00000, 0x00000000e0400000, 0x00000000e0400000)
  object space 1040384K, 4% used [0x00000000a0c00000,0x00000000a3522088,0x00000000e0400000)
 Metaspace       used 12987K, capacity 13106K, committed 13312K, reserved 1060864K
  class space    used 1468K, capacity 1501K, committed 1536K, reserved 1048576K
927.540: [GC (Allocation Failure) [PSYoungGen: 517344K->160K(518656K)] 559464K->42280K(1559040K), 0.0016574 secs] [Times: user=0.00 sys=0.00, real=0.00 secs] 
Heap after GC invocations=135 (full 0):
 PSYoungGen      total 518656K, used 160K [0x00000000e0400000, 0x0000000100000000, 0x0000000100000000)
  eden space 517120K, 0% used [0x00000000e0400000,0x00000000e0400000,0x00000000ffd00000)
  from space 1536K, 10% used [0x00000000ffd00000,0x00000000ffd28000,0x00000000ffe80000)
  to   space 1536K, 0% used [0x00000000ffe80000,0x00000000ffe80000,0x0000000100000000)
 ParOldGen       total 1040384K, used 42120K [0x00000000a0c00000, 0x00000000e0400000, 0x00000000e0400000)
  object space 1040384K, 4% used [0x00000000a0c00000,0x00000000a3522088,0x00000000e0400000)
 Metaspace       used 12987K, capacity 13106K, committed 13312K, reserved 1060864K
  class space    used 1468K, capacity 1501K, committed 1536K, reserved 1048576K
}
{Heap before GC invocations=136 (full 0):
 PSYoungGen      total 518656K, used 517280K [0x00000000e0400000, 0x0000000100000000, 0x0000000100000000)
  eden space 517120K, 100% used [0x00000000e0400000,0x00000000ffd00000,0x00000000ffd00000)
  from space 1536K, 10% used [0x00000000ffd00000,0x00000000ffd28000,0x00000000ffe80000)
  to   space 1536K, 0% used [0x00000000ffe80000,0x00000000ffe80000,0x0000000100000000)
 ParOldGen       total 1040384K, used 42120K [0x00000000a0c00000, 0x00000000e0400000, 0x00000000e0400000)
  object space 1040384K, 4% used [0x00000000a0c00000,0x00000000a3522088,0x00000000e0400000)
 Metaspace       used 12987K, capacity 13106K, committed 13312K, reserved 1060864K
  class space    used 1468K, capacity 1501K, committed 1536K, reserved 1048576K
934.563: [GC (Allocation Failure) [PSYoungGen: 517280K->224K(518656K)] 559400K->42344K(1559040K), 0.0013125 secs] [Times: user=0.00 sys=0.00, real=0.00 secs] 
Heap after GC invocations=136 (full 0):
 PSYoungGen      total 518656K, used 224K [0x00000000e0400000, 0x0000000100000000, 0x0000000100000000)
  eden space 517120K, 0% used [0x00000000e0400000,0x00000000e0400000,0x00000000ffd00000)
  from space 1536K, 14% used [0x00000000ffe80000,0x00000000ffeb8000,0x0000000100000000)
  to   space 1536K, 0% used [0x00000000ffd00000,0x00000000ffd00000,0x00000000ffe80000)
 ParOldGen       total 1040384K, used 42120K [0x00000000a0c00000, 0x00000000e0400000, 0x00000000e0400000)
  object space 1040384K, 4% used [0x00000000a0c00000,0x00000000a3522088,0x00000000e0400000)
 Metaspace       used 12987K, capacity 13106K, committed 13312K, reserved 1060864K
  class space    used 1468K, capacity 1501K, committed 1536K, reserved 1048576K
}
{Heap before GC invocations=137 (full 0):
 PSYoungGen      total 518656K, used 517344K [0x00000000e0400000, 0x0000000100000000, 0x0000000100000000)
  eden space 517120K, 100% used [0x00000000e0400000,0x00000000ffd00000,0x00000000ffd00000)
  from space 1536K, 14% used [0x00000000ffe80000,0x00000000ffeb8000,0x0000000100000000)
  to   space 1536K, 0% used [0x00000000ffd00000,0x00000000ffd00000,0x00000000ffe80000)
 ParOldGen       total 1040384K, used 42120K [0x00000000a0c00000, 0x00000000e0400000, 0x00000000e0400000)
  object space 1040384K, 4% used [0x00000000a0c00000,0x00000000a3522088,0x00000000e0400000)
 Metaspace       used 12987K, capacity 13106K, committed 13312K, reserved 1060864K
  class space    used 1468K, capacity 1501K, committed 1536K, reserved 1048576K
941.521: [GC (Allocation Failure) [PSYoungGen: 517344K->192K(518656K)] 559464K->42320K(1559040K), 0.0013818 secs] [Times: user=0.11 sys=0.00, real=0.00 secs] 
Heap after GC invocations=137 (full 0):
 PSYoungGen      total 518656K, used 192K [0x00000000e0400000, 0x0000000100000000, 0x0000000100000000)
  eden space 517120K, 0% used [0x00000000e0400000,0x00000000e0400000,0x00000000ffd00000)
  from space 1536K, 12% used [0x00000000ffd00000,0x00000000ffd30000,0x00000000ffe80000)
  to   space 1024K, 0% used [0x00000000fff00000,0x00000000fff00000,0x0000000100000000)
 ParOldGen       total 1040384K, used 42128K [0x00000000a0c00000, 0x00000000e0400000, 0x00000000e0400000)
  object space 1040384K, 4% used [0x00000000a0c00000,0x00000000a3524088,0x00000000e0400000)
 Metaspace       used 12987K, capacity 13106K, committed 13312K, reserved 1060864K
  class space    used 1468K, capacity 1501K, committed 1536K, reserved 1048576K
}
{Heap before GC invocations=138 (full 0):
 PSYoungGen      total 518656K, used 517312K [0x00000000e0400000, 0x0000000100000000, 0x0000000100000000)
  eden space 517120K, 100% used [0x00000000e0400000,0x00000000ffd00000,0x00000000ffd00000)
  from space 1536K, 12% used [0x00000000ffd00000,0x00000000ffd30000,0x00000000ffe80000)
  to   space 1024K, 0% used [0x00000000fff00000,0x00000000fff00000,0x0000000100000000)
 ParOldGen       total 1040384K, used 42128K [0x00000000a0c00000, 0x00000000e0400000, 0x00000000e0400000)
  object space 1040384K, 4% used [0x00000000a0c00000,0x00000000a3524088,0x00000000e0400000)
 Metaspace       used 12987K, capacity 13106K, committed 13312K, reserved 1060864K
  class space    used 1468K, capacity 1501K, committed 1536K, reserved 1048576K
948.582: [GC (Allocation Failure) [PSYoungGen: 517312K->1024K(518144K)] 559440K->43840K(1558528K), 0.0027176 secs] [Times: user=0.09 sys=0.00, real=0.00 secs] 
Heap after GC invocations=138 (full 0):
 PSYoungGen      total 518144K, used 1024K [0x00000000e0400000, 0x0000000100000000, 0x0000000100000000)
  eden space 517120K, 0% used [0x00000000e0400000,0x00000000e0400000,0x00000000ffd00000)
  from space 1024K, 100% used [0x00000000fff00000,0x0000000100000000,0x0000000100000000)
  to   space 1536K, 0% used [0x00000000ffd00000,0x00000000ffd00000,0x00000000ffe80000)
 ParOldGen       total 1040384K, used 42816K [0x00000000a0c00000, 0x00000000e0400000, 0x00000000e0400000)
  object space 1040384K, 4% used [0x00000000a0c00000,0x00000000a35d0088,0x00000000e0400000)
 Metaspace       used 12987K, capacity 13106K, committed 13312K, reserved 1060864K
  class space    used 1468K, capacity 1501K, committed 1536K, reserved 1048576K
}
{Heap before GC invocations=139 (full 0):
 PSYoungGen      total 518144K, used 518144K [0x00000000e0400000, 0x0000000100000000, 0x0000000100000000)
  eden space 517120K, 100% used [0x00000000e0400000,0x00000000ffd00000,0x00000000ffd00000)
  from space 1024K, 100% used [0x00000000fff00000,0x0000000100000000,0x0000000100000000)
  to   space 1536K, 0% used [0x00000000ffd00000,0x00000000ffd00000,0x00000000ffe80000)
 ParOldGen       total 1040384K, used 42816K [0x00000000a0c00000, 0x00000000e0400000, 0x00000000e0400000)
  object space 1040384K, 4% used [0x00000000a0c00000,0x00000000a35d0088,0x00000000e0400000)
 Metaspace       used 12994K, capacity 13106K, committed 13312K, reserved 1060864K
  class space    used 1468K, capacity 1501K, committed 1536K, reserved 1048576K
955.638: [GC (Allocation Failure) [PSYoungGen: 518144K->192K(518656K)] 560960K->43040K(1559040K), 0.0016272 secs] [Times: user=0.00 sys=0.00, real=0.00 secs] 
Heap after GC invocations=139 (full 0):
 PSYoungGen      total 518656K, used 192K [0x00000000e0400000, 0x0000000100000000, 0x0000000100000000)
  eden space 517120K, 0% used [0x00000000e0400000,0x00000000e0400000,0x00000000ffd00000)
  from space 1536K, 12% used [0x00000000ffd00000,0x00000000ffd30000,0x00000000ffe80000)
  to   space 1536K, 0% used [0x00000000ffe80000,0x00000000ffe80000,0x0000000100000000)
 ParOldGen       total 1040384K, used 42848K [0x00000000a0c00000, 0x00000000e0400000, 0x00000000e0400000)
  object space 1040384K, 4% used [0x00000000a0c00000,0x00000000a35d8088,0x00000000e0400000)
 Metaspace       used 12994K, capacity 13106K, committed 13312K, reserved 1060864K
  class space    used 1468K, capacity 1501K, committed 1536K, reserved 1048576K
}
{Heap before GC invocations=140 (full 0):
 PSYoungGen      total 518656K, used 517312K [0x00000000e0400000, 0x0000000100000000, 0x0000000100000000)
  eden space 517120K, 100% used [0x00000000e0400000,0x00000000ffd00000,0x00000000ffd00000)
  from space 1536K, 12% used [0x00000000ffd00000,0x00000000ffd30000,0x00000000ffe80000)
  to   space 1536K, 0% used [0x00000000ffe80000,0x00000000ffe80000,0x0000000100000000)
 ParOldGen       total 1040384K, used 42848K [0x00000000a0c00000, 0x00000000e0400000, 0x00000000e0400000)
  object space 1040384K, 4% used [0x00000000a0c00000,0x00000000a35d8088,0x00000000e0400000)
 Metaspace       used 12994K, capacity 13106K, committed 13312K, reserved 1060864K
  class space    used 1468K, capacity 1501K, committed 1536K, reserved 1048576K
962.683: [GC (Allocation Failure) [PSYoungGen: 517312K->256K(518656K)] 560160K->43128K(1559040K), 0.0012782 secs] [Times: user=0.00 sys=0.00, real=0.00 secs] 
Heap after GC invocations=140 (full 0):
 PSYoungGen      total 518656K, used 256K [0x00000000e0400000, 0x0000000100000000, 0x0000000100000000)
  eden space 517120K, 0% used [0x00000000e0400000,0x00000000e0400000,0x00000000ffd00000)
  from space 1536K, 16% used [0x00000000ffe80000,0x00000000ffec0000,0x0000000100000000)
  to   space 1536K, 0% used [0x00000000ffd00000,0x00000000ffd00000,0x00000000ffe80000)
 ParOldGen       total 1040384K, used 42872K [0x00000000a0c00000, 0x00000000e0400000, 0x00000000e0400000)
  object space 1040384K, 4% used [0x00000000a0c00000,0x00000000a35de088,0x00000000e0400000)
 Metaspace       used 12994K, capacity 13106K, committed 13312K, reserved 1060864K
  class space    used 1468K, capacity 1501K, committed 1536K, reserved 1048576K
}
{Heap before GC invocations=141 (full 0):
 PSYoungGen      total 518656K, used 517376K [0x00000000e0400000, 0x0000000100000000, 0x0000000100000000)
  eden space 517120K, 100% used [0x00000000e0400000,0x00000000ffd00000,0x00000000ffd00000)
  from space 1536K, 16% used [0x00000000ffe80000,0x00000000ffec0000,0x0000000100000000)
  to   space 1536K, 0% used [0x00000000ffd00000,0x00000000ffd00000,0x00000000ffe80000)
 ParOldGen       total 1040384K, used 42872K [0x00000000a0c00000, 0x00000000e0400000, 0x00000000e0400000)
  object space 1040384K, 4% used [0x00000000a0c00000,0x00000000a35de088,0x00000000e0400000)
 Metaspace       used 12994K, capacity 13106K, committed 13312K, reserved 1060864K
  class space    used 1468K, capacity 1501K, committed 1536K, reserved 1048576K
969.967: [GC (Allocation Failure) [PSYoungGen: 517376K->96K(518656K)] 560248K->42976K(1559040K), 0.0016658 secs] [Times: user=0.00 sys=0.00, real=0.00 secs] 
Heap after GC invocations=141 (full 0):
 PSYoungGen      total 518656K, used 96K [0x00000000e0400000, 0x0000000100000000, 0x0000000100000000)
  eden space 517120K, 0% used [0x00000000e0400000,0x00000000e0400000,0x00000000ffd00000)
  from space 1536K, 6% used [0x00000000ffd00000,0x00000000ffd18000,0x00000000ffe80000)
  to   space 1536K, 0% used [0x00000000ffe80000,0x00000000ffe80000,0x0000000100000000)
 ParOldGen       total 1040384K, used 42880K [0x00000000a0c00000, 0x00000000e0400000, 0x00000000e0400000)
  object space 1040384K, 4% used [0x00000000a0c00000,0x00000000a35e0088,0x00000000e0400000)
 Metaspace       used 12994K, capacity 13106K, committed 13312K, reserved 1060864K
  class space    used 1468K, capacity 1501K, committed 1536K, reserved 1048576K
}
{Heap before GC invocations=142 (full 0):
 PSYoungGen      total 518656K, used 517216K [0x00000000e0400000, 0x0000000100000000, 0x0000000100000000)
  eden space 517120K, 100% used [0x00000000e0400000,0x00000000ffd00000,0x00000000ffd00000)
  from space 1536K, 6% used [0x00000000ffd00000,0x00000000ffd18000,0x00000000ffe80000)
  to   space 1536K, 0% used [0x00000000ffe80000,0x00000000ffe80000,0x0000000100000000)
 ParOldGen       total 1040384K, used 42880K [0x00000000a0c00000, 0x00000000e0400000, 0x00000000e0400000)
  object space 1040384K, 4% used [0x00000000a0c00000,0x00000000a35e0088,0x00000000e0400000)
 Metaspace       used 12994K, capacity 13106K, committed 13312K, reserved 1060864K
  class space    used 1468K, capacity 1501K, committed 1536K, reserved 1048576K
976.983: [GC (Allocation Failure) [PSYoungGen: 517216K->416K(518656K)] 560096K->43296K(1559040K), 0.0014129 secs] [Times: user=0.00 sys=0.00, real=0.00 secs] 
Heap after GC invocations=142 (full 0):
 PSYoungGen      total 518656K, used 416K [0x00000000e0400000, 0x0000000100000000, 0x0000000100000000)
  eden space 517120K, 0% used [0x00000000e0400000,0x00000000e0400000,0x00000000ffd00000)
  from space 1536K, 27% used [0x00000000ffe80000,0x00000000ffee8000,0x0000000100000000)
  to   space 1536K, 0% used [0x00000000ffd00000,0x00000000ffd00000,0x00000000ffe80000)
 ParOldGen       total 1040384K, used 42880K [0x00000000a0c00000, 0x00000000e0400000, 0x00000000e0400000)
  object space 1040384K, 4% used [0x00000000a0c00000,0x00000000a35e0088,0x00000000e0400000)
 Metaspace       used 12994K, capacity 13106K, committed 13312K, reserved 1060864K
  class space    used 1468K, capacity 1501K, committed 1536K, reserved 1048576K
}
{Heap before GC invocations=143 (full 0):
 PSYoungGen      total 518656K, used 517536K [0x00000000e0400000, 0x0000000100000000, 0x0000000100000000)
  eden space 517120K, 100% used [0x00000000e0400000,0x00000000ffd00000,0x00000000ffd00000)
  from space 1536K, 27% used [0x00000000ffe80000,0x00000000ffee8000,0x0000000100000000)
  to   space 1536K, 0% used [0x00000000ffd00000,0x00000000ffd00000,0x00000000ffe80000)
 ParOldGen       total 1040384K, used 42880K [0x00000000a0c00000, 0x00000000e0400000, 0x00000000e0400000)
  object space 1040384K, 4% used [0x00000000a0c00000,0x00000000a35e00b8,0x00000000e0400000)
 Metaspace       used 12994K, capacity 13106K, committed 13312K, reserved 1060864K
  class space    used 1468K, capacity 1501K, committed 1536K, reserved 1048576K
984.044: [GC (GCLocker Initiated GC) [PSYoungGen: 517536K->1536K(518656K)] 560416K->44600K(1559040K), 0.0023027 secs] [Times: user=0.00 sys=0.00, real=0.00 secs] 
Heap after GC invocations=143 (full 0):
 PSYoungGen      total 518656K, used 1536K [0x00000000e0400000, 0x0000000100000000, 0x0000000100000000)
  eden space 517120K, 0% used [0x00000000e0400000,0x00000000e0400000,0x00000000ffd00000)
  from space 1536K, 100% used [0x00000000ffd00000,0x00000000ffe80000,0x00000000ffe80000)
  to   space 1536K, 0% used [0x00000000ffe80000,0x00000000ffe80000,0x0000000100000000)
 ParOldGen       total 1040384K, used 43064K [0x00000000a0c00000, 0x00000000e0400000, 0x00000000e0400000)
  object space 1040384K, 4% used [0x00000000a0c00000,0x00000000a360e0b8,0x00000000e0400000)
 Metaspace       used 12994K, capacity 13106K, committed 13312K, reserved 1060864K
  class space    used 1468K, capacity 1501K, committed 1536K, reserved 1048576K
}
{Heap before GC invocations=144 (full 0):
 PSYoungGen      total 518656K, used 518656K [0x00000000e0400000, 0x0000000100000000, 0x0000000100000000)
  eden space 517120K, 100% used [0x00000000e0400000,0x00000000ffd00000,0x00000000ffd00000)
  from space 1536K, 100% used [0x00000000ffd00000,0x00000000ffe80000,0x00000000ffe80000)
  to   space 1536K, 0% used [0x00000000ffe80000,0x00000000ffe80000,0x0000000100000000)
 ParOldGen       total 1040384K, used 43067K [0x00000000a0c00000, 0x00000000e0400000, 0x00000000e0400000)
  object space 1040384K, 4% used [0x00000000a0c00000,0x00000000a360ee90,0x00000000e0400000)
 Metaspace       used 12994K, capacity 13106K, committed 13312K, reserved 1060864K
  class space    used 1468K, capacity 1501K, committed 1536K, reserved 1048576K
991.041: [GC (Allocation Failure) [PSYoungGen: 518656K->256K(517632K)] 561723K->43371K(1558016K), 0.0013153 secs] [Times: user=0.00 sys=0.00, real=0.00 secs] 
Heap after GC invocations=144 (full 0):
 PSYoungGen      total 517632K, used 256K [0x00000000e0400000, 0x0000000100000000, 0x0000000100000000)
  eden space 516096K, 0% used [0x00000000e0400000,0x00000000e0400000,0x00000000ffc00000)
  from space 1536K, 16% used [0x00000000ffe80000,0x00000000ffec0000,0x0000000100000000)
  to   space 2048K, 0% used [0x00000000ffc00000,0x00000000ffc00000,0x00000000ffe00000)
 ParOldGen       total 1040384K, used 43115K [0x00000000a0c00000, 0x00000000e0400000, 0x00000000e0400000)
  object space 1040384K, 4% used [0x00000000a0c00000,0x00000000a361ae90,0x00000000e0400000)
 Metaspace       used 12994K, capacity 13106K, committed 13312K, reserved 1060864K
  class space    used 1468K, capacity 1501K, committed 1536K, reserved 1048576K
}
{Heap before GC invocations=145 (full 0):
 PSYoungGen      total 517632K, used 516352K [0x00000000e0400000, 0x0000000100000000, 0x0000000100000000)
  eden space 516096K, 100% used [0x00000000e0400000,0x00000000ffc00000,0x00000000ffc00000)
  from space 1536K, 16% used [0x00000000ffe80000,0x00000000ffec0000,0x0000000100000000)
  to   space 2048K, 0% used [0x00000000ffc00000,0x00000000ffc00000,0x00000000ffe00000)
 ParOldGen       total 1040384K, used 43115K [0x00000000a0c00000, 0x00000000e0400000, 0x00000000e0400000)
  object space 1040384K, 4% used [0x00000000a0c00000,0x00000000a361ae90,0x00000000e0400000)
 Metaspace       used 13010K, capacity 13106K, committed 13312K, reserved 1060864K
  class space    used 1468K, capacity 1501K, committed 1536K, reserved 1048576K
998.039: [GC (Allocation Failure) [PSYoungGen: 516352K->160K(518144K)] 559467K->43283K(1558528K), 0.0014801 secs] [Times: user=0.00 sys=0.00, real=0.00 secs] 
Heap after GC invocations=145 (full 0):
 PSYoungGen      total 518144K, used 160K [0x00000000e0400000, 0x0000000100000000, 0x0000000100000000)
  eden space 516096K, 0% used [0x00000000e0400000,0x00000000e0400000,0x00000000ffc00000)
  from space 2048K, 7% used [0x00000000ffc00000,0x00000000ffc28000,0x00000000ffe00000)
  to   space 1536K, 0% used [0x00000000ffe80000,0x00000000ffe80000,0x0000000100000000)
 ParOldGen       total 1040384K, used 43123K [0x00000000a0c00000, 0x00000000e0400000, 0x00000000e0400000)
  object space 1040384K, 4% used [0x00000000a0c00000,0x00000000a361ce90,0x00000000e0400000)
 Metaspace       used 13010K, capacity 13106K, committed 13312K, reserved 1060864K
  class space    used 1468K, capacity 1501K, committed 1536K, reserved 1048576K
}
{Heap before GC invocations=146 (full 0):
 PSYoungGen      total 518144K, used 516256K [0x00000000e0400000, 0x0000000100000000, 0x0000000100000000)
  eden space 516096K, 100% used [0x00000000e0400000,0x00000000ffc00000,0x00000000ffc00000)
  from space 2048K, 7% used [0x00000000ffc00000,0x00000000ffc28000,0x00000000ffe00000)
  to   space 1536K, 0% used [0x00000000ffe80000,0x00000000ffe80000,0x0000000100000000)
 ParOldGen       total 1040384K, used 43123K [0x00000000a0c00000, 0x00000000e0400000, 0x00000000e0400000)
  object space 1040384K, 4% used [0x00000000a0c00000,0x00000000a361ce90,0x00000000e0400000)
 Metaspace       used 13010K, capacity 13106K, committed 13312K, reserved 1060864K
  class space    used 1468K, capacity 1501K, committed 1536K, reserved 1048576K
1005.080: [GC (Allocation Failure) [PSYoungGen: 516256K->192K(518656K)] 559379K->43347K(1559040K), 0.0015790 secs] [Times: user=0.00 sys=0.00, real=0.00 secs] 
Heap after GC invocations=146 (full 0):
 PSYoungGen      total 518656K, used 192K [0x00000000e0400000, 0x0000000100000000, 0x0000000100000000)
  eden space 517120K, 0% used [0x00000000e0400000,0x00000000e0400000,0x00000000ffd00000)
  from space 1536K, 12% used [0x00000000ffe80000,0x00000000ffeb0000,0x0000000100000000)
  to   space 1536K, 0% used [0x00000000ffd00000,0x00000000ffd00000,0x00000000ffe80000)
 ParOldGen       total 1040384K, used 43155K [0x00000000a0c00000, 0x00000000e0400000, 0x00000000e0400000)
  object space 1040384K, 4% used [0x00000000a0c00000,0x00000000a3624e90,0x00000000e0400000)
 Metaspace       used 13010K, capacity 13106K, committed 13312K, reserved 1060864K
  class space    used 1468K, capacity 1501K, committed 1536K, reserved 1048576K
}
{Heap before GC invocations=147 (full 0):
 PSYoungGen      total 518656K, used 517312K [0x00000000e0400000, 0x0000000100000000, 0x0000000100000000)
  eden space 517120K, 100% used [0x00000000e0400000,0x00000000ffd00000,0x00000000ffd00000)
  from space 1536K, 12% used [0x00000000ffe80000,0x00000000ffeb0000,0x0000000100000000)
  to   space 1536K, 0% used [0x00000000ffd00000,0x00000000ffd00000,0x00000000ffe80000)
 ParOldGen       total 1040384K, used 43155K [0x00000000a0c00000, 0x00000000e0400000, 0x00000000e0400000)
  object space 1040384K, 4% used [0x00000000a0c00000,0x00000000a3624e90,0x00000000e0400000)
 Metaspace       used 13010K, capacity 13106K, committed 13312K, reserved 1060864K
  class space    used 1468K, capacity 1501K, committed 1536K, reserved 1048576K
1012.105: [GC (Allocation Failure) [PSYoungGen: 517312K->192K(518656K)] 560467K->43347K(1559040K), 0.0016810 secs] [Times: user=0.00 sys=0.00, real=0.00 secs] 
Heap after GC invocations=147 (full 0):
 PSYoungGen      total 518656K, used 192K [0x00000000e0400000, 0x0000000100000000, 0x0000000100000000)
  eden space 517120K, 0% used [0x00000000e0400000,0x00000000e0400000,0x00000000ffd00000)
  from space 1536K, 12% used [0x00000000ffd00000,0x00000000ffd30000,0x00000000ffe80000)
  to   space 1536K, 0% used [0x00000000ffe80000,0x00000000ffe80000,0x0000000100000000)
 ParOldGen       total 1040384K, used 43155K [0x00000000a0c00000, 0x00000000e0400000, 0x00000000e0400000)
  object space 1040384K, 4% used [0x00000000a0c00000,0x00000000a3624e90,0x00000000e0400000)
 Metaspace       used 13010K, capacity 13106K, committed 13312K, reserved 1060864K
  class space    used 1468K, capacity 1501K, committed 1536K, reserved 1048576K
}
{Heap before GC invocations=148 (full 0):
 PSYoungGen      total 518656K, used 517312K [0x00000000e0400000, 0x0000000100000000, 0x0000000100000000)
  eden space 517120K, 100% used [0x00000000e0400000,0x00000000ffd00000,0x00000000ffd00000)
  from space 1536K, 12% used [0x00000000ffd00000,0x00000000ffd30000,0x00000000ffe80000)
  to   space 1536K, 0% used [0x00000000ffe80000,0x00000000ffe80000,0x0000000100000000)
 ParOldGen       total 1040384K, used 43155K [0x00000000a0c00000, 0x00000000e0400000, 0x00000000e0400000)
  object space 1040384K, 4% used [0x00000000a0c00000,0x00000000a3624ee8,0x00000000e0400000)
 Metaspace       used 13010K, capacity 13106K, committed 13312K, reserved 1060864K
  class space    used 1468K, capacity 1501K, committed 1536K, reserved 1048576K
1019.181: [GC (GCLocker Initiated GC) [PSYoungGen: 517312K->1536K(517632K)] 560467K->44691K(1558016K), 0.0020122 secs] [Times: user=0.00 sys=0.00, real=0.00 secs] 
Heap after GC invocations=148 (full 0):
 PSYoungGen      total 517632K, used 1536K [0x00000000e0400000, 0x0000000100000000, 0x0000000100000000)
  eden space 516096K, 0% used [0x00000000e0400000,0x00000000e0400000,0x00000000ffc00000)
  from space 1536K, 100% used [0x00000000ffe80000,0x0000000100000000,0x0000000100000000)
  to   space 2048K, 0% used [0x00000000ffc00000,0x00000000ffc00000,0x00000000ffe00000)
 ParOldGen       total 1040384K, used 43155K [0x00000000a0c00000, 0x00000000e0400000, 0x00000000e0400000)
  object space 1040384K, 4% used [0x00000000a0c00000,0x00000000a3624ee8,0x00000000e0400000)
 Metaspace       used 13010K, capacity 13106K, committed 13312K, reserved 1060864K
  class space    used 1468K, capacity 1501K, committed 1536K, reserved 1048576K
}
{Heap before GC invocations=149 (full 0):
 PSYoungGen      total 517632K, used 517632K [0x00000000e0400000, 0x0000000100000000, 0x0000000100000000)
  eden space 516096K, 100% used [0x00000000e0400000,0x00000000ffc00000,0x00000000ffc00000)
  from space 1536K, 100% used [0x00000000ffe80000,0x0000000100000000,0x0000000100000000)
  to   space 2048K, 0% used [0x00000000ffc00000,0x00000000ffc00000,0x00000000ffe00000)
 ParOldGen       total 1040384K, used 43158K [0x00000000a0c00000, 0x00000000e0400000, 0x00000000e0400000)
  object space 1040384K, 4% used [0x00000000a0c00000,0x00000000a3625a98,0x00000000e0400000)
 Metaspace       used 13010K, capacity 13106K, committed 13312K, reserved 1060864K
  class space    used 1468K, capacity 1501K, committed 1536K, reserved 1048576K
1026.297: [GC (Allocation Failure) [PSYoungGen: 517632K->96K(518144K)] 560790K->43270K(1558528K), 0.0016835 secs] [Times: user=0.00 sys=0.00, real=0.00 secs] 
Heap after GC invocations=149 (full 0):
 PSYoungGen      total 518144K, used 96K [0x00000000e0400000, 0x0000000100000000, 0x0000000100000000)
  eden space 516096K, 0% used [0x00000000e0400000,0x00000000e0400000,0x00000000ffc00000)
  from space 2048K, 4% used [0x00000000ffc00000,0x00000000ffc18000,0x00000000ffe00000)
  to   space 2048K, 0% used [0x00000000ffe00000,0x00000000ffe00000,0x0000000100000000)
 ParOldGen       total 1040384K, used 43174K [0x00000000a0c00000, 0x00000000e0400000, 0x00000000e0400000)
  object space 1040384K, 4% used [0x00000000a0c00000,0x00000000a3629a98,0x00000000e0400000)
 Metaspace       used 13010K, capacity 13106K, committed 13312K, reserved 1060864K
  class space    used 1468K, capacity 1501K, committed 1536K, reserved 1048576K
}
{Heap before GC invocations=150 (full 0):
 PSYoungGen      total 518144K, used 516192K [0x00000000e0400000, 0x0000000100000000, 0x0000000100000000)
  eden space 516096K, 100% used [0x00000000e0400000,0x00000000ffc00000,0x00000000ffc00000)
  from space 2048K, 4% used [0x00000000ffc00000,0x00000000ffc18000,0x00000000ffe00000)
  to   space 2048K, 0% used [0x00000000ffe00000,0x00000000ffe00000,0x0000000100000000)
 ParOldGen       total 1040384K, used 43174K [0x00000000a0c00000, 0x00000000e0400000, 0x00000000e0400000)
  object space 1040384K, 4% used [0x00000000a0c00000,0x00000000a3629a98,0x00000000e0400000)
 Metaspace       used 13010K, capacity 13106K, committed 13312K, reserved 1060864K
  class space    used 1468K, capacity 1501K, committed 1536K, reserved 1048576K
1033.343: [GC (Allocation Failure) [PSYoungGen: 516192K->128K(518144K)] 559366K->43318K(1558528K), 0.0019901 secs] [Times: user=0.00 sys=0.00, real=0.00 secs] 
Heap after GC invocations=150 (full 0):
 PSYoungGen      total 518144K, used 128K [0x00000000e0400000, 0x0000000100000000, 0x0000000100000000)
  eden space 516096K, 0% used [0x00000000e0400000,0x00000000e0400000,0x00000000ffc00000)
  from space 2048K, 6% used [0x00000000ffe00000,0x00000000ffe20000,0x0000000100000000)
  to   space 2048K, 0% used [0x00000000ffc00000,0x00000000ffc00000,0x00000000ffe00000)
 ParOldGen       total 1040384K, used 43190K [0x00000000a0c00000, 0x00000000e0400000, 0x00000000e0400000)
  object space 1040384K, 4% used [0x00000000a0c00000,0x00000000a362da98,0x00000000e0400000)
 Metaspace       used 13010K, capacity 13106K, committed 13312K, reserved 1060864K
  class space    used 1468K, capacity 1501K, committed 1536K, reserved 1048576K
}
{Heap before GC invocations=151 (full 0):
 PSYoungGen      total 518144K, used 516224K [0x00000000e0400000, 0x0000000100000000, 0x0000000100000000)
  eden space 516096K, 100% used [0x00000000e0400000,0x00000000ffc00000,0x00000000ffc00000)
  from space 2048K, 6% used [0x00000000ffe00000,0x00000000ffe20000,0x0000000100000000)
  to   space 2048K, 0% used [0x00000000ffc00000,0x00000000ffc00000,0x00000000ffe00000)
 ParOldGen       total 1040384K, used 43190K [0x00000000a0c00000, 0x00000000e0400000, 0x00000000e0400000)
  object space 1040384K, 4% used [0x00000000a0c00000,0x00000000a362da98,0x00000000e0400000)
 Metaspace       used 13010K, capacity 13106K, committed 13312K, reserved 1060864K
  class space    used 1468K, capacity 1501K, committed 1536K, reserved 1048576K
1040.290: [GC (Allocation Failure) [PSYoungGen: 516224K->192K(518144K)] 559414K->43382K(1558528K), 0.0016166 secs] [Times: user=0.00 sys=0.00, real=0.00 secs] 
Heap after GC invocations=151 (full 0):
 PSYoungGen      total 518144K, used 192K [0x00000000e0400000, 0x0000000100000000, 0x0000000100000000)
  eden space 516096K, 0% used [0x00000000e0400000,0x00000000e0400000,0x00000000ffc00000)
  from space 2048K, 9% used [0x00000000ffc00000,0x00000000ffc30000,0x00000000ffe00000)
  to   space 1536K, 0% used [0x00000000ffe80000,0x00000000ffe80000,0x0000000100000000)
 ParOldGen       total 1040384K, used 43190K [0x00000000a0c00000, 0x00000000e0400000, 0x00000000e0400000)
  object space 1040384K, 4% used [0x00000000a0c00000,0x00000000a362da98,0x00000000e0400000)
 Metaspace       used 13010K, capacity 13106K, committed 13312K, reserved 1060864K
  class space    used 1468K, capacity 1501K, committed 1536K, reserved 1048576K
}
{Heap before GC invocations=152 (full 0):
 PSYoungGen      total 518144K, used 516288K [0x00000000e0400000, 0x0000000100000000, 0x0000000100000000)
  eden space 516096K, 100% used [0x00000000e0400000,0x00000000ffc00000,0x00000000ffc00000)
  from space 2048K, 9% used [0x00000000ffc00000,0x00000000ffc30000,0x00000000ffe00000)
  to   space 1536K, 0% used [0x00000000ffe80000,0x00000000ffe80000,0x0000000100000000)
 ParOldGen       total 1040384K, used 43190K [0x00000000a0c00000, 0x00000000e0400000, 0x00000000e0400000)
  object space 1040384K, 4% used [0x00000000a0c00000,0x00000000a362da98,0x00000000e0400000)
 Metaspace       used 13010K, capacity 13106K, committed 13312K, reserved 1060864K
  class space    used 1468K, capacity 1501K, committed 1536K, reserved 1048576K
1047.184: [GC (Allocation Failure) [PSYoungGen: 516288K->192K(518656K)] 559478K->43382K(1559040K), 0.0016138 secs] [Times: user=0.00 sys=0.00, real=0.00 secs] 
Heap after GC invocations=152 (full 0):
 PSYoungGen      total 518656K, used 192K [0x00000000e0400000, 0x0000000100000000, 0x0000000100000000)
  eden space 517120K, 0% used [0x00000000e0400000,0x00000000e0400000,0x00000000ffd00000)
  from space 1536K, 12% used [0x00000000ffe80000,0x00000000ffeb0000,0x0000000100000000)
  to   space 1536K, 0% used [0x00000000ffd00000,0x00000000ffd00000,0x00000000ffe80000)
 ParOldGen       total 1040384K, used 43190K [0x00000000a0c00000, 0x00000000e0400000, 0x00000000e0400000)
  object space 1040384K, 4% used [0x00000000a0c00000,0x00000000a362da98,0x00000000e0400000)
 Metaspace       used 13010K, capacity 13106K, committed 13312K, reserved 1060864K
  class space    used 1468K, capacity 1501K, committed 1536K, reserved 1048576K
}
{Heap before GC invocations=153 (full 0):
 PSYoungGen      total 518656K, used 517312K [0x00000000e0400000, 0x0000000100000000, 0x0000000100000000)
  eden space 517120K, 100% used [0x00000000e0400000,0x00000000ffd00000,0x00000000ffd00000)
  from space 1536K, 12% used [0x00000000ffe80000,0x00000000ffeb0000,0x0000000100000000)
  to   space 1536K, 0% used [0x00000000ffd00000,0x00000000ffd00000,0x00000000ffe80000)
 ParOldGen       total 1040384K, used 43190K [0x00000000a0c00000, 0x00000000e0400000, 0x00000000e0400000)
  object space 1040384K, 4% used [0x00000000a0c00000,0x00000000a362dab8,0x00000000e0400000)
 Metaspace       used 13010K, capacity 13106K, committed 13312K, reserved 1060864K
  class space    used 1468K, capacity 1501K, committed 1536K, reserved 1048576K
1054.160: [GC (GCLocker Initiated GC) [PSYoungGen: 517312K->1536K(518656K)] 560502K->45478K(1559040K), 0.0027534 secs] [Times: user=0.09 sys=0.00, real=0.00 secs] 
Heap after GC invocations=153 (full 0):
 PSYoungGen      total 518656K, used 1536K [0x00000000e0400000, 0x0000000100000000, 0x0000000100000000)
  eden space 517120K, 0% used [0x00000000e0400000,0x00000000e0400000,0x00000000ffd00000)
  from space 1536K, 100% used [0x00000000ffd00000,0x00000000ffe80000,0x00000000ffe80000)
  to   space 1536K, 0% used [0x00000000ffe80000,0x00000000ffe80000,0x0000000100000000)
 ParOldGen       total 1040384K, used 43942K [0x00000000a0c00000, 0x00000000e0400000, 0x00000000e0400000)
  object space 1040384K, 4% used [0x00000000a0c00000,0x00000000a36e9ab8,0x00000000e0400000)
 Metaspace       used 13010K, capacity 13106K, committed 13312K, reserved 1060864K
  class space    used 1468K, capacity 1501K, committed 1536K, reserved 1048576K
}
{Heap before GC invocations=154 (full 0):
 PSYoungGen      total 518656K, used 518656K [0x00000000e0400000, 0x0000000100000000, 0x0000000100000000)
  eden space 517120K, 100% used [0x00000000e0400000,0x00000000ffd00000,0x00000000ffd00000)
  from space 1536K, 100% used [0x00000000ffd00000,0x00000000ffe80000,0x00000000ffe80000)
  to   space 1536K, 0% used [0x00000000ffe80000,0x00000000ffe80000,0x0000000100000000)
 ParOldGen       total 1040384K, used 43946K [0x00000000a0c00000, 0x00000000e0400000, 0x00000000e0400000)
  object space 1040384K, 4% used [0x00000000a0c00000,0x00000000a36ea8c8,0x00000000e0400000)
 Metaspace       used 13010K, capacity 13106K, committed 13312K, reserved 1060864K
  class space    used 1468K, capacity 1501K, committed 1536K, reserved 1048576K
1061.206: [GC (Allocation Failure) [PSYoungGen: 518656K->192K(517632K)] 562602K->44178K(1558016K), 0.0016822 secs] [Times: user=0.00 sys=0.00, real=0.00 secs] 
Heap after GC invocations=154 (full 0):
 PSYoungGen      total 517632K, used 192K [0x00000000e0400000, 0x0000000100000000, 0x0000000100000000)
  eden space 516096K, 0% used [0x00000000e0400000,0x00000000e0400000,0x00000000ffc00000)
  from space 1536K, 12% used [0x00000000ffe80000,0x00000000ffeb0000,0x0000000100000000)
  to   space 2048K, 0% used [0x00000000ffc00000,0x00000000ffc00000,0x00000000ffe00000)
 ParOldGen       total 1040384K, used 43986K [0x00000000a0c00000, 0x00000000e0400000, 0x00000000e0400000)
  object space 1040384K, 4% used [0x00000000a0c00000,0x00000000a36f48c8,0x00000000e0400000)
 Metaspace       used 13010K, capacity 13106K, committed 13312K, reserved 1060864K
  class space    used 1468K, capacity 1501K, committed 1536K, reserved 1048576K
}
{Heap before GC invocations=155 (full 0):
 PSYoungGen      total 517632K, used 516288K [0x00000000e0400000, 0x0000000100000000, 0x0000000100000000)
  eden space 516096K, 100% used [0x00000000e0400000,0x00000000ffc00000,0x00000000ffc00000)
  from space 1536K, 12% used [0x00000000ffe80000,0x00000000ffeb0000,0x0000000100000000)
  to   space 2048K, 0% used [0x00000000ffc00000,0x00000000ffc00000,0x00000000ffe00000)
 ParOldGen       total 1040384K, used 43986K [0x00000000a0c00000, 0x00000000e0400000, 0x00000000e0400000)
  object space 1040384K, 4% used [0x00000000a0c00000,0x00000000a36f48c8,0x00000000e0400000)
 Metaspace       used 13010K, capacity 13106K, committed 13312K, reserved 1060864K
  class space    used 1468K, capacity 1501K, committed 1536K, reserved 1048576K
1068.212: [GC (Allocation Failure) [PSYoungGen: 516288K->192K(518144K)] 560274K->44178K(1558528K), 0.0015942 secs] [Times: user=0.00 sys=0.00, real=0.00 secs] 
Heap after GC invocations=155 (full 0):
 PSYoungGen      total 518144K, used 192K [0x00000000e0400000, 0x0000000100000000, 0x0000000100000000)
  eden space 516096K, 0% used [0x00000000e0400000,0x00000000e0400000,0x00000000ffc00000)
  from space 2048K, 9% used [0x00000000ffc00000,0x00000000ffc30000,0x00000000ffe00000)
  to   space 2048K, 0% used [0x00000000ffe00000,0x00000000ffe00000,0x0000000100000000)
 ParOldGen       total 1040384K, used 43986K [0x00000000a0c00000, 0x00000000e0400000, 0x00000000e0400000)
  object space 1040384K, 4% used [0x00000000a0c00000,0x00000000a36f48c8,0x00000000e0400000)
 Metaspace       used 13010K, capacity 13106K, committed 13312K, reserved 1060864K
  class space    used 1468K, capacity 1501K, committed 1536K, reserved 1048576K
}
{Heap before GC invocations=156 (full 0):
 PSYoungGen      total 518144K, used 516288K [0x00000000e0400000, 0x0000000100000000, 0x0000000100000000)
  eden space 516096K, 100% used [0x00000000e0400000,0x00000000ffc00000,0x00000000ffc00000)
  from space 2048K, 9% used [0x00000000ffc00000,0x00000000ffc30000,0x00000000ffe00000)
  to   space 2048K, 0% used [0x00000000ffe00000,0x00000000ffe00000,0x0000000100000000)
 ParOldGen       total 1040384K, used 43986K [0x00000000a0c00000, 0x00000000e0400000, 0x00000000e0400000)
  object space 1040384K, 4% used [0x00000000a0c00000,0x00000000a36f48c8,0x00000000e0400000)
 Metaspace       used 13010K, capacity 13106K, committed 13312K, reserved 1060864K
  class space    used 1468K, capacity 1501K, committed 1536K, reserved 1048576K
1075.079: [GC (Allocation Failure) [PSYoungGen: 516288K->160K(518144K)] 560274K->44162K(1558528K), 0.0012555 secs] [Times: user=0.00 sys=0.00, real=0.00 secs] 
Heap after GC invocations=156 (full 0):
 PSYoungGen      total 518144K, used 160K [0x00000000e0400000, 0x0000000100000000, 0x0000000100000000)
  eden space 516096K, 0% used [0x00000000e0400000,0x00000000e0400000,0x00000000ffc00000)
  from space 2048K, 7% used [0x00000000ffe00000,0x00000000ffe28000,0x0000000100000000)
  to   space 2048K, 0% used [0x00000000ffc00000,0x00000000ffc00000,0x00000000ffe00000)
 ParOldGen       total 1040384K, used 44002K [0x00000000a0c00000, 0x00000000e0400000, 0x00000000e0400000)
  object space 1040384K, 4% used [0x00000000a0c00000,0x00000000a36f88c8,0x00000000e0400000)
 Metaspace       used 13010K, capacity 13106K, committed 13312K, reserved 1060864K
  class space    used 1468K, capacity 1501K, committed 1536K, reserved 1048576K
}
{Heap before GC invocations=157 (full 0):
 PSYoungGen      total 518144K, used 516256K [0x00000000e0400000, 0x0000000100000000, 0x0000000100000000)
  eden space 516096K, 100% used [0x00000000e0400000,0x00000000ffc00000,0x00000000ffc00000)
  from space 2048K, 7% used [0x00000000ffe00000,0x00000000ffe28000,0x0000000100000000)
  to   space 2048K, 0% used [0x00000000ffc00000,0x00000000ffc00000,0x00000000ffe00000)
 ParOldGen       total 1040384K, used 44002K [0x00000000a0c00000, 0x00000000e0400000, 0x00000000e0400000)
  object space 1040384K, 4% used [0x00000000a0c00000,0x00000000a36f88c8,0x00000000e0400000)
 Metaspace       used 13010K, capacity 13106K, committed 13312K, reserved 1060864K
  class space    used 1468K, capacity 1501K, committed 1536K, reserved 1048576K
1081.935: [GC (Allocation Failure) [PSYoungGen: 516256K->608K(518144K)] 560258K->44610K(1558528K), 0.0019251 secs] [Times: user=0.00 sys=0.00, real=0.00 secs] 
Heap after GC invocations=157 (full 0):
 PSYoungGen      total 518144K, used 608K [0x00000000e0400000, 0x0000000100000000, 0x0000000100000000)
  eden space 516096K, 0% used [0x00000000e0400000,0x00000000e0400000,0x00000000ffc00000)
  from space 2048K, 29% used [0x00000000ffc00000,0x00000000ffc98000,0x00000000ffe00000)
  to   space 2048K, 0% used [0x00000000ffe00000,0x00000000ffe00000,0x0000000100000000)
 ParOldGen       total 1040384K, used 44002K [0x00000000a0c00000, 0x00000000e0400000, 0x00000000e0400000)
  object space 1040384K, 4% used [0x00000000a0c00000,0x00000000a36f88c8,0x00000000e0400000)
 Metaspace       used 13010K, capacity 13106K, committed 13312K, reserved 1060864K
  class space    used 1468K, capacity 1501K, committed 1536K, reserved 1048576K
}
{Heap before GC invocations=158 (full 0):
 PSYoungGen      total 518144K, used 516704K [0x00000000e0400000, 0x0000000100000000, 0x0000000100000000)
  eden space 516096K, 100% used [0x00000000e0400000,0x00000000ffc00000,0x00000000ffc00000)
  from space 2048K, 29% used [0x00000000ffc00000,0x00000000ffc98000,0x00000000ffe00000)
  to   space 2048K, 0% used [0x00000000ffe00000,0x00000000ffe00000,0x0000000100000000)
 ParOldGen       total 1040384K, used 44002K [0x00000000a0c00000, 0x00000000e0400000, 0x00000000e0400000)
  object space 1040384K, 4% used [0x00000000a0c00000,0x00000000a36f88c8,0x00000000e0400000)
 Metaspace       used 13010K, capacity 13106K, committed 13312K, reserved 1060864K
  class space    used 1468K, capacity 1501K, committed 1536K, reserved 1048576K
1088.988: [GC (Allocation Failure) [PSYoungGen: 516704K->1920K(517120K)] 560706K->45930K(1557504K), 0.0021329 secs] [Times: user=0.06 sys=0.00, real=0.00 secs] 
Heap after GC invocations=158 (full 0):
 PSYoungGen      total 517120K, used 1920K [0x00000000e0400000, 0x0000000100000000, 0x0000000100000000)
  eden space 515072K, 0% used [0x00000000e0400000,0x00000000e0400000,0x00000000ffb00000)
  from space 2048K, 93% used [0x00000000ffe00000,0x00000000fffe0000,0x0000000100000000)
  to   space 2560K, 0% used [0x00000000ffb00000,0x00000000ffb00000,0x00000000ffd80000)
 ParOldGen       total 1040384K, used 44010K [0x00000000a0c00000, 0x00000000e0400000, 0x00000000e0400000)
  object space 1040384K, 4% used [0x00000000a0c00000,0x00000000a36fa8c8,0x00000000e0400000)
 Metaspace       used 13010K, capacity 13106K, committed 13312K, reserved 1060864K
  class space    used 1468K, capacity 1501K, committed 1536K, reserved 1048576K
}
{Heap before GC invocations=159 (full 0):
 PSYoungGen      total 517120K, used 516992K [0x00000000e0400000, 0x0000000100000000, 0x0000000100000000)
  eden space 515072K, 100% used [0x00000000e0400000,0x00000000ffb00000,0x00000000ffb00000)
  from space 2048K, 93% used [0x00000000ffe00000,0x00000000fffe0000,0x0000000100000000)
  to   space 2560K, 0% used [0x00000000ffb00000,0x00000000ffb00000,0x00000000ffd80000)
 ParOldGen       total 1040384K, used 44010K [0x00000000a0c00000, 0x00000000e0400000, 0x00000000e0400000)
  object space 1040384K, 4% used [0x00000000a0c00000,0x00000000a36fa8c8,0x00000000e0400000)
 Metaspace       used 13010K, capacity 13106K, committed 13312K, reserved 1060864K
  class space    used 1468K, capacity 1501K, committed 1536K, reserved 1048576K
1096.013: [GC (Allocation Failure) [PSYoungGen: 516992K->96K(517632K)] 561002K->44114K(1558016K), 0.0016919 secs] [Times: user=0.00 sys=0.00, real=0.00 secs] 
Heap after GC invocations=159 (full 0):
 PSYoungGen      total 517632K, used 96K [0x00000000e0400000, 0x0000000100000000, 0x0000000100000000)
  eden space 515072K, 0% used [0x00000000e0400000,0x00000000e0400000,0x00000000ffb00000)
  from space 2560K, 3% used [0x00000000ffb00000,0x00000000ffb18000,0x00000000ffd80000)
  to   space 2560K, 0% used [0x00000000ffd80000,0x00000000ffd80000,0x0000000100000000)
 ParOldGen       total 1040384K, used 44018K [0x00000000a0c00000, 0x00000000e0400000, 0x00000000e0400000)
  object space 1040384K, 4% used [0x00000000a0c00000,0x00000000a36fc8c8,0x00000000e0400000)
 Metaspace       used 13010K, capacity 13106K, committed 13312K, reserved 1060864K
  class space    used 1468K, capacity 1501K, committed 1536K, reserved 1048576K
}
{Heap before GC invocations=160 (full 0):
 PSYoungGen      total 517632K, used 515168K [0x00000000e0400000, 0x0000000100000000, 0x0000000100000000)
  eden space 515072K, 100% used [0x00000000e0400000,0x00000000ffb00000,0x00000000ffb00000)
  from space 2560K, 3% used [0x00000000ffb00000,0x00000000ffb18000,0x00000000ffd80000)
  to   space 2560K, 0% used [0x00000000ffd80000,0x00000000ffd80000,0x0000000100000000)
 ParOldGen       total 1040384K, used 44018K [0x00000000a0c00000, 0x00000000e0400000, 0x00000000e0400000)
  object space 1040384K, 4% used [0x00000000a0c00000,0x00000000a36fc8c8,0x00000000e0400000)
 Metaspace       used 13010K, capacity 13106K, committed 13312K, reserved 1060864K
  class space    used 1468K, capacity 1501K, committed 1536K, reserved 1048576K
1102.904: [GC (Allocation Failure) [PSYoungGen: 515168K->192K(518144K)] 559186K->44210K(1558528K), 0.0016244 secs] [Times: user=0.00 sys=0.00, real=0.00 secs] 
Heap after GC invocations=160 (full 0):
 PSYoungGen      total 518144K, used 192K [0x00000000e0400000, 0x0000000100000000, 0x0000000100000000)
  eden space 515584K, 0% used [0x00000000e0400000,0x00000000e0400000,0x00000000ffb80000)
  from space 2560K, 7% used [0x00000000ffd80000,0x00000000ffdb0000,0x0000000100000000)
  to   space 2048K, 0% used [0x00000000ffb80000,0x00000000ffb80000,0x00000000ffd80000)
 ParOldGen       total 1040384K, used 44018K [0x00000000a0c00000, 0x00000000e0400000, 0x00000000e0400000)
  object space 1040384K, 4% used [0x00000000a0c00000,0x00000000a36fc8c8,0x00000000e0400000)
 Metaspace       used 13010K, capacity 13106K, committed 13312K, reserved 1060864K
  class space    used 1468K, capacity 1501K, committed 1536K, reserved 1048576K
}
{Heap before GC invocations=161 (full 0):
 PSYoungGen      total 518144K, used 515776K [0x00000000e0400000, 0x0000000100000000, 0x0000000100000000)
  eden space 515584K, 100% used [0x00000000e0400000,0x00000000ffb80000,0x00000000ffb80000)
  from space 2560K, 7% used [0x00000000ffd80000,0x00000000ffdb0000,0x0000000100000000)
  to   space 2048K, 0% used [0x00000000ffb80000,0x00000000ffb80000,0x00000000ffd80000)
 ParOldGen       total 1040384K, used 44018K [0x00000000a0c00000, 0x00000000e0400000, 0x00000000e0400000)
  object space 1040384K, 4% used [0x00000000a0c00000,0x00000000a36fc8c8,0x00000000e0400000)
 Metaspace       used 13010K, capacity 13106K, committed 13312K, reserved 1060864K
  class space    used 1468K, capacity 1501K, committed 1536K, reserved 1048576K
1109.928: [GC (Allocation Failure) [PSYoungGen: 515776K->64K(517632K)] 559794K->44082K(1558016K), 0.0020405 secs] [Times: user=0.00 sys=0.00, real=0.00 secs] 
Heap after GC invocations=161 (full 0):
 PSYoungGen      total 517632K, used 64K [0x00000000e0400000, 0x0000000100000000, 0x0000000100000000)
  eden space 515584K, 0% used [0x00000000e0400000,0x00000000e0400000,0x00000000ffb80000)
  from space 2048K, 3% used [0x00000000ffb80000,0x00000000ffb90000,0x00000000ffd80000)
  to   space 2048K, 0% used [0x00000000ffe00000,0x00000000ffe00000,0x0000000100000000)
 ParOldGen       total 1040384K, used 44018K [0x00000000a0c00000, 0x00000000e0400000, 0x00000000e0400000)
  object space 1040384K, 4% used [0x00000000a0c00000,0x00000000a36fc8c8,0x00000000e0400000)
 Metaspace       used 13010K, capacity 13106K, committed 13312K, reserved 1060864K
  class space    used 1468K, capacity 1501K, committed 1536K, reserved 1048576K
}
{Heap before GC invocations=162 (full 0):
 PSYoungGen      total 517632K, used 515648K [0x00000000e0400000, 0x0000000100000000, 0x0000000100000000)
  eden space 515584K, 100% used [0x00000000e0400000,0x00000000ffb80000,0x00000000ffb80000)
  from space 2048K, 3% used [0x00000000ffb80000,0x00000000ffb90000,0x00000000ffd80000)
  to   space 2048K, 0% used [0x00000000ffe00000,0x00000000ffe00000,0x0000000100000000)
 ParOldGen       total 1040384K, used 44018K [0x00000000a0c00000, 0x00000000e0400000, 0x00000000e0400000)
  object space 1040384K, 4% used [0x00000000a0c00000,0x00000000a36fc8c8,0x00000000e0400000)
 Metaspace       used 13010K, capacity 13106K, committed 13312K, reserved 1060864K
  class space    used 1468K, capacity 1501K, committed 1536K, reserved 1048576K
1116.942: [GC (Allocation Failure) [PSYoungGen: 515648K->800K(518144K)] 559666K->44818K(1558528K), 0.0017690 secs] [Times: user=0.11 sys=0.00, real=0.00 secs] 
Heap after GC invocations=162 (full 0):
 PSYoungGen      total 518144K, used 800K [0x00000000e0400000, 0x0000000100000000, 0x0000000100000000)
  eden space 516096K, 0% used [0x00000000e0400000,0x00000000e0400000,0x00000000ffc00000)
  from space 2048K, 39% used [0x00000000ffe00000,0x00000000ffec8000,0x0000000100000000)
  to   space 2048K, 0% used [0x00000000ffc00000,0x00000000ffc00000,0x00000000ffe00000)
 ParOldGen       total 1040384K, used 44018K [0x00000000a0c00000, 0x00000000e0400000, 0x00000000e0400000)
  object space 1040384K, 4% used [0x00000000a0c00000,0x00000000a36fc8c8,0x00000000e0400000)
 Metaspace       used 13010K, capacity 13106K, committed 13312K, reserved 1060864K
  class space    used 1468K, capacity 1501K, committed 1536K, reserved 1048576K
}
{Heap before GC invocations=163 (full 0):
 PSYoungGen      total 518144K, used 516896K [0x00000000e0400000, 0x0000000100000000, 0x0000000100000000)
  eden space 516096K, 100% used [0x00000000e0400000,0x00000000ffc00000,0x00000000ffc00000)
  from space 2048K, 39% used [0x00000000ffe00000,0x00000000ffec8000,0x0000000100000000)
  to   space 2048K, 0% used [0x00000000ffc00000,0x00000000ffc00000,0x00000000ffe00000)
 ParOldGen       total 1040384K, used 44018K [0x00000000a0c00000, 0x00000000e0400000, 0x00000000e0400000)
  object space 1040384K, 4% used [0x00000000a0c00000,0x00000000a36fc8c8,0x00000000e0400000)
 Metaspace       used 13010K, capacity 13106K, committed 13312K, reserved 1060864K
  class space    used 1468K, capacity 1501K, committed 1536K, reserved 1048576K
1124.188: [GC (Allocation Failure) [PSYoungGen: 516896K->160K(518144K)] 560914K->44186K(1558528K), 0.0018598 secs] [Times: user=0.00 sys=0.00, real=0.00 secs] 
Heap after GC invocations=163 (full 0):
 PSYoungGen      total 518144K, used 160K [0x00000000e0400000, 0x0000000100000000, 0x0000000100000000)
  eden space 516096K, 0% used [0x00000000e0400000,0x00000000e0400000,0x00000000ffc00000)
  from space 2048K, 7% used [0x00000000ffc00000,0x00000000ffc28000,0x00000000ffe00000)
  to   space 2048K, 0% used [0x00000000ffe00000,0x00000000ffe00000,0x0000000100000000)
 ParOldGen       total 1040384K, used 44026K [0x00000000a0c00000, 0x00000000e0400000, 0x00000000e0400000)
  object space 1040384K, 4% used [0x00000000a0c00000,0x00000000a36fe8c8,0x00000000e0400000)
 Metaspace       used 13010K, capacity 13106K, committed 13312K, reserved 1060864K
  class space    used 1468K, capacity 1501K, committed 1536K, reserved 1048576K
}
{Heap before GC invocations=164 (full 0):
 PSYoungGen      total 518144K, used 516256K [0x00000000e0400000, 0x0000000100000000, 0x0000000100000000)
  eden space 516096K, 100% used [0x00000000e0400000,0x00000000ffc00000,0x00000000ffc00000)
  from space 2048K, 7% used [0x00000000ffc00000,0x00000000ffc28000,0x00000000ffe00000)
  to   space 2048K, 0% used [0x00000000ffe00000,0x00000000ffe00000,0x0000000100000000)
 ParOldGen       total 1040384K, used 44026K [0x00000000a0c00000, 0x00000000e0400000, 0x00000000e0400000)
  object space 1040384K, 4% used [0x00000000a0c00000,0x00000000a36fe8c8,0x00000000e0400000)
 Metaspace       used 13010K, capacity 13106K, committed 13312K, reserved 1060864K
  class space    used 1468K, capacity 1501K, committed 1536K, reserved 1048576K
1131.077: [GC (Allocation Failure) [PSYoungGen: 516256K->192K(518144K)] 560282K->44218K(1558528K), 0.0016623 secs] [Times: user=0.00 sys=0.00, real=0.00 secs] 
Heap after GC invocations=164 (full 0):
 PSYoungGen      total 518144K, used 192K [0x00000000e0400000, 0x0000000100000000, 0x0000000100000000)
  eden space 516096K, 0% used [0x00000000e0400000,0x00000000e0400000,0x00000000ffc00000)
  from space 2048K, 9% used [0x00000000ffe00000,0x00000000ffe30000,0x0000000100000000)
  to   space 2048K, 0% used [0x00000000ffc00000,0x00000000ffc00000,0x00000000ffe00000)
 ParOldGen       total 1040384K, used 44026K [0x00000000a0c00000, 0x00000000e0400000, 0x00000000e0400000)
  object space 1040384K, 4% used [0x00000000a0c00000,0x00000000a36fe8c8,0x00000000e0400000)
 Metaspace       used 13010K, capacity 13106K, committed 13312K, reserved 1060864K
  class space    used 1468K, capacity 1501K, committed 1536K, reserved 1048576K
}
{Heap before GC invocations=165 (full 0):
 PSYoungGen      total 518144K, used 516288K [0x00000000e0400000, 0x0000000100000000, 0x0000000100000000)
  eden space 516096K, 100% used [0x00000000e0400000,0x00000000ffc00000,0x00000000ffc00000)
  from space 2048K, 9% used [0x00000000ffe00000,0x00000000ffe30000,0x0000000100000000)
  to   space 2048K, 0% used [0x00000000ffc00000,0x00000000ffc00000,0x00000000ffe00000)
 ParOldGen       total 1040384K, used 44026K [0x00000000a0c00000, 0x00000000e0400000, 0x00000000e0400000)
  object space 1040384K, 4% used [0x00000000a0c00000,0x00000000a36fe8c8,0x00000000e0400000)
 Metaspace       used 13010K, capacity 13106K, committed 13312K, reserved 1060864K
  class space    used 1468K, capacity 1501K, committed 1536K, reserved 1048576K
1138.035: [GC (Allocation Failure) [PSYoungGen: 516288K->192K(518144K)] 560314K->44218K(1558528K), 0.0018620 secs] [Times: user=0.02 sys=0.00, real=0.00 secs] 
Heap after GC invocations=165 (full 0):
 PSYoungGen      total 518144K, used 192K [0x00000000e0400000, 0x0000000100000000, 0x0000000100000000)
  eden space 516096K, 0% used [0x00000000e0400000,0x00000000e0400000,0x00000000ffc00000)
  from space 2048K, 9% used [0x00000000ffc00000,0x00000000ffc30000,0x00000000ffe00000)
  to   space 2048K, 0% used [0x00000000ffe00000,0x00000000ffe00000,0x0000000100000000)
 ParOldGen       total 1040384K, used 44026K [0x00000000a0c00000, 0x00000000e0400000, 0x00000000e0400000)
  object space 1040384K, 4% used [0x00000000a0c00000,0x00000000a36fe8c8,0x00000000e0400000)
 Metaspace       used 13010K, capacity 13106K, committed 13312K, reserved 1060864K
  class space    used 1468K, capacity 1501K, committed 1536K, reserved 1048576K
}
{Heap before GC invocations=166 (full 0):
 PSYoungGen      total 518144K, used 516288K [0x00000000e0400000, 0x0000000100000000, 0x0000000100000000)
  eden space 516096K, 100% used [0x00000000e0400000,0x00000000ffc00000,0x00000000ffc00000)
  from space 2048K, 9% used [0x00000000ffc00000,0x00000000ffc30000,0x00000000ffe00000)
  to   space 2048K, 0% used [0x00000000ffe00000,0x00000000ffe00000,0x0000000100000000)
 ParOldGen       total 1040384K, used 44026K [0x00000000a0c00000, 0x00000000e0400000, 0x00000000e0400000)
  object space 1040384K, 4% used [0x00000000a0c00000,0x00000000a36fe8c8,0x00000000e0400000)
 Metaspace       used 13010K, capacity 13106K, committed 13312K, reserved 1060864K
  class space    used 1468K, capacity 1501K, committed 1536K, reserved 1048576K
1144.849: [GC (Allocation Failure) [PSYoungGen: 516288K->128K(518144K)] 560314K->44154K(1558528K), 0.0017261 secs] [Times: user=0.09 sys=0.00, real=0.00 secs] 
Heap after GC invocations=166 (full 0):
 PSYoungGen      total 518144K, used 128K [0x00000000e0400000, 0x0000000100000000, 0x0000000100000000)
  eden space 516096K, 0% used [0x00000000e0400000,0x00000000e0400000,0x00000000ffc00000)
  from space 2048K, 6% used [0x00000000ffe00000,0x00000000ffe20000,0x0000000100000000)
  to   space 2048K, 0% used [0x00000000ffc00000,0x00000000ffc00000,0x00000000ffe00000)
 ParOldGen       total 1040384K, used 44026K [0x00000000a0c00000, 0x00000000e0400000, 0x00000000e0400000)
  object space 1040384K, 4% used [0x00000000a0c00000,0x00000000a36fe8c8,0x00000000e0400000)
 Metaspace       used 13010K, capacity 13106K, committed 13312K, reserved 1060864K
  class space    used 1468K, capacity 1501K, committed 1536K, reserved 1048576K
}
{Heap before GC invocations=167 (full 0):
 PSYoungGen      total 518144K, used 516224K [0x00000000e0400000, 0x0000000100000000, 0x0000000100000000)
  eden space 516096K, 100% used [0x00000000e0400000,0x00000000ffc00000,0x00000000ffc00000)
  from space 2048K, 6% used [0x00000000ffe00000,0x00000000ffe20000,0x0000000100000000)
  to   space 2048K, 0% used [0x00000000ffc00000,0x00000000ffc00000,0x00000000ffe00000)
 ParOldGen       total 1040384K, used 44026K [0x00000000a0c00000, 0x00000000e0400000, 0x00000000e0400000)
  object space 1040384K, 4% used [0x00000000a0c00000,0x00000000a36feb50,0x00000000e0400000)
 Metaspace       used 13010K, capacity 13106K, committed 13312K, reserved 1060864K
  class space    used 1468K, capacity 1501K, committed 1536K, reserved 1048576K
1151.772: [GC (GCLocker Initiated GC) [PSYoungGen: 516224K->1792K(518144K)] 560250K->45826K(1558528K), 0.0024200 secs] [Times: user=0.00 sys=0.00, real=0.00 secs] 
Heap after GC invocations=167 (full 0):
 PSYoungGen      total 518144K, used 1792K [0x00000000e0400000, 0x0000000100000000, 0x0000000100000000)
  eden space 516096K, 0% used [0x00000000e0400000,0x00000000e0400000,0x00000000ffc00000)
  from space 2048K, 87% used [0x00000000ffc00000,0x00000000ffdc0000,0x00000000ffe00000)
  to   space 2048K, 0% used [0x00000000ffe00000,0x00000000ffe00000,0x0000000100000000)
 ParOldGen       total 1040384K, used 44034K [0x00000000a0c00000, 0x00000000e0400000, 0x00000000e0400000)
  object space 1040384K, 4% used [0x00000000a0c00000,0x00000000a3700b50,0x00000000e0400000)
 Metaspace       used 13010K, capacity 13106K, committed 13312K, reserved 1060864K
  class space    used 1468K, capacity 1501K, committed 1536K, reserved 1048576K
}
{Heap before GC invocations=168 (full 0):
 PSYoungGen      total 518144K, used 517888K [0x00000000e0400000, 0x0000000100000000, 0x0000000100000000)
  eden space 516096K, 100% used [0x00000000e0400000,0x00000000ffc00000,0x00000000ffc00000)
  from space 2048K, 87% used [0x00000000ffc00000,0x00000000ffdc0000,0x00000000ffe00000)
  to   space 2048K, 0% used [0x00000000ffe00000,0x00000000ffe00000,0x0000000100000000)
 ParOldGen       total 1040384K, used 44038K [0x00000000a0c00000, 0x00000000e0400000, 0x00000000e0400000)
  object space 1040384K, 4% used [0x00000000a0c00000,0x00000000a3701928,0x00000000e0400000)
 Metaspace       used 13010K, capacity 13106K, committed 13312K, reserved 1060864K
  class space    used 1468K, capacity 1501K, committed 1536K, reserved 1048576K
1158.805: [GC (Allocation Failure) [PSYoungGen: 517888K->128K(518144K)] 561926K->44182K(1558528K), 0.0017942 secs] [Times: user=0.00 sys=0.00, real=0.00 secs] 
Heap after GC invocations=168 (full 0):
 PSYoungGen      total 518144K, used 128K [0x00000000e0400000, 0x0000000100000000, 0x0000000100000000)
  eden space 516096K, 0% used [0x00000000e0400000,0x00000000e0400000,0x00000000ffc00000)
  from space 2048K, 6% used [0x00000000ffe00000,0x00000000ffe20000,0x0000000100000000)
  to   space 2048K, 0% used [0x00000000ffc00000,0x00000000ffc00000,0x00000000ffe00000)
 ParOldGen       total 1040384K, used 44054K [0x00000000a0c00000, 0x00000000e0400000, 0x00000000e0400000)
  object space 1040384K, 4% used [0x00000000a0c00000,0x00000000a3705928,0x00000000e0400000)
 Metaspace       used 13010K, capacity 13106K, committed 13312K, reserved 1060864K
  class space    used 1468K, capacity 1501K, committed 1536K, reserved 1048576K
}
{Heap before GC invocations=169 (full 0):
 PSYoungGen      total 518144K, used 516224K [0x00000000e0400000, 0x0000000100000000, 0x0000000100000000)
  eden space 516096K, 100% used [0x00000000e0400000,0x00000000ffc00000,0x00000000ffc00000)
  from space 2048K, 6% used [0x00000000ffe00000,0x00000000ffe20000,0x0000000100000000)
  to   space 2048K, 0% used [0x00000000ffc00000,0x00000000ffc00000,0x00000000ffe00000)
 ParOldGen       total 1040384K, used 44054K [0x00000000a0c00000, 0x00000000e0400000, 0x00000000e0400000)
  object space 1040384K, 4% used [0x00000000a0c00000,0x00000000a3705928,0x00000000e0400000)
 Metaspace       used 13010K, capacity 13106K, committed 13312K, reserved 1060864K
  class space    used 1468K, capacity 1501K, committed 1536K, reserved 1048576K
1165.778: [GC (Allocation Failure) [PSYoungGen: 516224K->160K(518144K)] 560278K->44214K(1558528K), 0.0016760 secs] [Times: user=0.00 sys=0.00, real=0.00 secs] 
Heap after GC invocations=169 (full 0):
 PSYoungGen      total 518144K, used 160K [0x00000000e0400000, 0x0000000100000000, 0x0000000100000000)
  eden space 516096K, 0% used [0x00000000e0400000,0x00000000e0400000,0x00000000ffc00000)
  from space 2048K, 7% used [0x00000000ffc00000,0x00000000ffc28000,0x00000000ffe00000)
  to   space 2048K, 0% used [0x00000000ffe00000,0x00000000ffe00000,0x0000000100000000)
 ParOldGen       total 1040384K, used 44054K [0x00000000a0c00000, 0x00000000e0400000, 0x00000000e0400000)
  object space 1040384K, 4% used [0x00000000a0c00000,0x00000000a3705928,0x00000000e0400000)
 Metaspace       used 13010K, capacity 13106K, committed 13312K, reserved 1060864K
  class space    used 1468K, capacity 1501K, committed 1536K, reserved 1048576K
}
{Heap before GC invocations=170 (full 0):
 PSYoungGen      total 518144K, used 516256K [0x00000000e0400000, 0x0000000100000000, 0x0000000100000000)
  eden space 516096K, 100% used [0x00000000e0400000,0x00000000ffc00000,0x00000000ffc00000)
  from space 2048K, 7% used [0x00000000ffc00000,0x00000000ffc28000,0x00000000ffe00000)
  to   space 2048K, 0% used [0x00000000ffe00000,0x00000000ffe00000,0x0000000100000000)
 ParOldGen       total 1040384K, used 44054K [0x00000000a0c00000, 0x00000000e0400000, 0x00000000e0400000)
  object space 1040384K, 4% used [0x00000000a0c00000,0x00000000a3705928,0x00000000e0400000)
 Metaspace       used 13010K, capacity 13106K, committed 13312K, reserved 1060864K
  class space    used 1468K, capacity 1501K, committed 1536K, reserved 1048576K
1172.733: [GC (Allocation Failure) [PSYoungGen: 516256K->160K(518144K)] 560310K->44230K(1558528K), 0.0016567 secs] [Times: user=0.00 sys=0.00, real=0.00 secs] 
Heap after GC invocations=170 (full 0):
 PSYoungGen      total 518144K, used 160K [0x00000000e0400000, 0x0000000100000000, 0x0000000100000000)
  eden space 516096K, 0% used [0x00000000e0400000,0x00000000e0400000,0x00000000ffc00000)
  from space 2048K, 7% used [0x00000000ffe00000,0x00000000ffe28000,0x0000000100000000)
  to   space 2048K, 0% used [0x00000000ffc00000,0x00000000ffc00000,0x00000000ffe00000)
 ParOldGen       total 1040384K, used 44070K [0x00000000a0c00000, 0x00000000e0400000, 0x00000000e0400000)
  object space 1040384K, 4% used [0x00000000a0c00000,0x00000000a3709928,0x00000000e0400000)
 Metaspace       used 13010K, capacity 13106K, committed 13312K, reserved 1060864K
  class space    used 1468K, capacity 1501K, committed 1536K, reserved 1048576K
}
{Heap before GC invocations=171 (full 0):
 PSYoungGen      total 518144K, used 516256K [0x00000000e0400000, 0x0000000100000000, 0x0000000100000000)
  eden space 516096K, 100% used [0x00000000e0400000,0x00000000ffc00000,0x00000000ffc00000)
  from space 2048K, 7% used [0x00000000ffe00000,0x00000000ffe28000,0x0000000100000000)
  to   space 2048K, 0% used [0x00000000ffc00000,0x00000000ffc00000,0x00000000ffe00000)
 ParOldGen       total 1040384K, used 44070K [0x00000000a0c00000, 0x00000000e0400000, 0x00000000e0400000)
  object space 1040384K, 4% used [0x00000000a0c00000,0x00000000a3709928,0x00000000e0400000)
 Metaspace       used 13010K, capacity 13106K, committed 13312K, reserved 1060864K
  class space    used 1468K, capacity 1501K, committed 1536K, reserved 1048576K
1179.773: [GC (Allocation Failure) [PSYoungGen: 516256K->160K(518144K)] 560326K->44238K(1558528K), 0.0015933 secs] [Times: user=0.00 sys=0.00, real=0.00 secs] 
Heap after GC invocations=171 (full 0):
 PSYoungGen      total 518144K, used 160K [0x00000000e0400000, 0x0000000100000000, 0x0000000100000000)
  eden space 516096K, 0% used [0x00000000e0400000,0x00000000e0400000,0x00000000ffc00000)
  from space 2048K, 7% used [0x00000000ffc00000,0x00000000ffc28000,0x00000000ffe00000)
  to   space 2048K, 0% used [0x00000000ffe00000,0x00000000ffe00000,0x0000000100000000)
 ParOldGen       total 1040384K, used 44078K [0x00000000a0c00000, 0x00000000e0400000, 0x00000000e0400000)
  object space 1040384K, 4% used [0x00000000a0c00000,0x00000000a370b928,0x00000000e0400000)
 Metaspace       used 13010K, capacity 13106K, committed 13312K, reserved 1060864K
  class space    used 1468K, capacity 1501K, committed 1536K, reserved 1048576K
}
{Heap before GC invocations=172 (full 0):
 PSYoungGen      total 518144K, used 516256K [0x00000000e0400000, 0x0000000100000000, 0x0000000100000000)
  eden space 516096K, 100% used [0x00000000e0400000,0x00000000ffc00000,0x00000000ffc00000)
  from space 2048K, 7% used [0x00000000ffc00000,0x00000000ffc28000,0x00000000ffe00000)
  to   space 2048K, 0% used [0x00000000ffe00000,0x00000000ffe00000,0x0000000100000000)
 ParOldGen       total 1040384K, used 44078K [0x00000000a0c00000, 0x00000000e0400000, 0x00000000e0400000)
  object space 1040384K, 4% used [0x00000000a0c00000,0x00000000a370b980,0x00000000e0400000)
 Metaspace       used 13010K, capacity 13106K, committed 13312K, reserved 1060864K
  class space    used 1468K, capacity 1501K, committed 1536K, reserved 1048576K
1186.716: [GC (GCLocker Initiated GC) [PSYoungGen: 516256K->1856K(517120K)] 560334K->45934K(1557504K), 0.0018757 secs] [Times: user=0.00 sys=0.00, real=0.00 secs] 
Heap after GC invocations=172 (full 0):
 PSYoungGen      total 517120K, used 1856K [0x00000000e0400000, 0x0000000100000000, 0x0000000100000000)
  eden space 515072K, 0% used [0x00000000e0400000,0x00000000e0400000,0x00000000ffb00000)
  from space 2048K, 90% used [0x00000000ffe00000,0x00000000fffd0000,0x0000000100000000)
  to   space 2560K, 0% used [0x00000000ffb00000,0x00000000ffb00000,0x00000000ffd80000)
 ParOldGen       total 1040384K, used 44078K [0x00000000a0c00000, 0x00000000e0400000, 0x00000000e0400000)
  object space 1040384K, 4% used [0x00000000a0c00000,0x00000000a370b980,0x00000000e0400000)
 Metaspace       used 13010K, capacity 13106K, committed 13312K, reserved 1060864K
  class space    used 1468K, capacity 1501K, committed 1536K, reserved 1048576K
}
{Heap before GC invocations=173 (full 0):
 PSYoungGen      total 517120K, used 516928K [0x00000000e0400000, 0x0000000100000000, 0x0000000100000000)
  eden space 515072K, 100% used [0x00000000e0400000,0x00000000ffb00000,0x00000000ffb00000)
  from space 2048K, 90% used [0x00000000ffe00000,0x00000000fffd0000,0x0000000100000000)
  to   space 2560K, 0% used [0x00000000ffb00000,0x00000000ffb00000,0x00000000ffd80000)
 ParOldGen       total 1040384K, used 44081K [0x00000000a0c00000, 0x00000000e0400000, 0x00000000e0400000)
  object space 1040384K, 4% used [0x00000000a0c00000,0x00000000a370c450,0x00000000e0400000)
 Metaspace       used 13010K, capacity 13106K, committed 13312K, reserved 1060864K
  class space    used 1468K, capacity 1501K, committed 1536K, reserved 1048576K
1193.705: [GC (Allocation Failure) [PSYoungGen: 516928K->192K(517632K)] 561009K->44305K(1558016K), 0.0012574 secs] [Times: user=0.00 sys=0.00, real=0.00 secs] 
Heap after GC invocations=173 (full 0):
 PSYoungGen      total 517632K, used 192K [0x00000000e0400000, 0x0000000100000000, 0x0000000100000000)
  eden space 515072K, 0% used [0x00000000e0400000,0x00000000e0400000,0x00000000ffb00000)
  from space 2560K, 7% used [0x00000000ffb00000,0x00000000ffb30000,0x00000000ffd80000)
  to   space 2048K, 0% used [0x00000000ffe00000,0x00000000ffe00000,0x0000000100000000)
 ParOldGen       total 1040384K, used 44113K [0x00000000a0c00000, 0x00000000e0400000, 0x00000000e0400000)
  object space 1040384K, 4% used [0x00000000a0c00000,0x00000000a3714450,0x00000000e0400000)
 Metaspace       used 13010K, capacity 13106K, committed 13312K, reserved 1060864K
  class space    used 1468K, capacity 1501K, committed 1536K, reserved 1048576K
}
{Heap before GC invocations=174 (full 0):
 PSYoungGen      total 517632K, used 515264K [0x00000000e0400000, 0x0000000100000000, 0x0000000100000000)
  eden space 515072K, 100% used [0x00000000e0400000,0x00000000ffb00000,0x00000000ffb00000)
  from space 2560K, 7% used [0x00000000ffb00000,0x00000000ffb30000,0x00000000ffd80000)
  to   space 2048K, 0% used [0x00000000ffe00000,0x00000000ffe00000,0x0000000100000000)
 ParOldGen       total 1040384K, used 44113K [0x00000000a0c00000, 0x00000000e0400000, 0x00000000e0400000)
  object space 1040384K, 4% used [0x00000000a0c00000,0x00000000a3714450,0x00000000e0400000)
 Metaspace       used 13010K, capacity 13106K, committed 13312K, reserved 1060864K
  class space    used 1468K, capacity 1501K, committed 1536K, reserved 1048576K
1200.617: [GC (Allocation Failure) [PSYoungGen: 515264K->256K(518144K)] 559377K->44377K(1558528K), 0.0012776 secs] [Times: user=0.00 sys=0.00, real=0.00 secs] 
Heap after GC invocations=174 (full 0):
 PSYoungGen      total 518144K, used 256K [0x00000000e0400000, 0x0000000100000000, 0x0000000100000000)
  eden space 516096K, 0% used [0x00000000e0400000,0x00000000e0400000,0x00000000ffc00000)
  from space 2048K, 12% used [0x00000000ffe00000,0x00000000ffe40000,0x0000000100000000)
  to   space 2048K, 0% used [0x00000000ffc00000,0x00000000ffc00000,0x00000000ffe00000)
 ParOldGen       total 1040384K, used 44121K [0x00000000a0c00000, 0x00000000e0400000, 0x00000000e0400000)
  object space 1040384K, 4% used [0x00000000a0c00000,0x00000000a3716450,0x00000000e0400000)
 Metaspace       used 13010K, capacity 13106K, committed 13312K, reserved 1060864K
  class space    used 1468K, capacity 1501K, committed 1536K, reserved 1048576K
}
{Heap before GC invocations=175 (full 0):
 PSYoungGen      total 518144K, used 516352K [0x00000000e0400000, 0x0000000100000000, 0x0000000100000000)
  eden space 516096K, 100% used [0x00000000e0400000,0x00000000ffc00000,0x00000000ffc00000)
  from space 2048K, 12% used [0x00000000ffe00000,0x00000000ffe40000,0x0000000100000000)
  to   space 2048K, 0% used [0x00000000ffc00000,0x00000000ffc00000,0x00000000ffe00000)
 ParOldGen       total 1040384K, used 44121K [0x00000000a0c00000, 0x00000000e0400000, 0x00000000e0400000)
  object space 1040384K, 4% used [0x00000000a0c00000,0x00000000a3716450,0x00000000e0400000)
 Metaspace       used 13010K, capacity 13106K, committed 13312K, reserved 1060864K
  class space    used 1468K, capacity 1501K, committed 1536K, reserved 1048576K
1207.617: [GC (Allocation Failure) [PSYoungGen: 516352K->64K(518144K)] 560473K->44193K(1558528K), 0.0018371 secs] [Times: user=0.00 sys=0.00, real=0.00 secs] 
Heap after GC invocations=175 (full 0):
 PSYoungGen      total 518144K, used 64K [0x00000000e0400000, 0x0000000100000000, 0x0000000100000000)
  eden space 516096K, 0% used [0x00000000e0400000,0x00000000e0400000,0x00000000ffc00000)
  from space 2048K, 3% used [0x00000000ffc00000,0x00000000ffc10000,0x00000000ffe00000)
  to   space 2048K, 0% used [0x00000000ffe00000,0x00000000ffe00000,0x0000000100000000)
 ParOldGen       total 1040384K, used 44129K [0x00000000a0c00000, 0x00000000e0400000, 0x00000000e0400000)
  object space 1040384K, 4% used [0x00000000a0c00000,0x00000000a3718450,0x00000000e0400000)
 Metaspace       used 13010K, capacity 13106K, committed 13312K, reserved 1060864K
  class space    used 1468K, capacity 1501K, committed 1536K, reserved 1048576K
}
{Heap before GC invocations=176 (full 0):
 PSYoungGen      total 518144K, used 516160K [0x00000000e0400000, 0x0000000100000000, 0x0000000100000000)
  eden space 516096K, 100% used [0x00000000e0400000,0x00000000ffc00000,0x00000000ffc00000)
  from space 2048K, 3% used [0x00000000ffc00000,0x00000000ffc10000,0x00000000ffe00000)
  to   space 2048K, 0% used [0x00000000ffe00000,0x00000000ffe00000,0x0000000100000000)
 ParOldGen       total 1040384K, used 44129K [0x00000000a0c00000, 0x00000000e0400000, 0x00000000e0400000)
  object space 1040384K, 4% used [0x00000000a0c00000,0x00000000a3718450,0x00000000e0400000)
 Metaspace       used 13010K, capacity 13106K, committed 13312K, reserved 1060864K
  class space    used 1468K, capacity 1501K, committed 1536K, reserved 1048576K
1214.618: [GC (Allocation Failure) [PSYoungGen: 516160K->2048K(516096K)] 560289K->47305K(1556480K), 0.0027583 secs] [Times: user=0.00 sys=0.00, real=0.00 secs] 
Heap after GC invocations=176 (full 0):
 PSYoungGen      total 516096K, used 2048K [0x00000000e0400000, 0x0000000100000000, 0x0000000100000000)
  eden space 514048K, 0% used [0x00000000e0400000,0x00000000e0400000,0x00000000ffa00000)
  from space 2048K, 100% used [0x00000000ffe00000,0x0000000100000000,0x0000000100000000)
  to   space 3072K, 0% used [0x00000000ffa00000,0x00000000ffa00000,0x00000000ffd00000)
 ParOldGen       total 1040384K, used 45257K [0x00000000a0c00000, 0x00000000e0400000, 0x00000000e0400000)
  object space 1040384K, 4% used [0x00000000a0c00000,0x00000000a3832450,0x00000000e0400000)
 Metaspace       used 13010K, capacity 13106K, committed 13312K, reserved 1060864K
  class space    used 1468K, capacity 1501K, committed 1536K, reserved 1048576K
}
{Heap before GC invocations=177 (full 0):
 PSYoungGen      total 516096K, used 516096K [0x00000000e0400000, 0x0000000100000000, 0x0000000100000000)
  eden space 514048K, 100% used [0x00000000e0400000,0x00000000ffa00000,0x00000000ffa00000)
  from space 2048K, 100% used [0x00000000ffe00000,0x0000000100000000,0x0000000100000000)
  to   space 3072K, 0% used [0x00000000ffa00000,0x00000000ffa00000,0x00000000ffd00000)
 ParOldGen       total 1040384K, used 45257K [0x00000000a0c00000, 0x00000000e0400000, 0x00000000e0400000)
  object space 1040384K, 4% used [0x00000000a0c00000,0x00000000a38324e0,0x00000000e0400000)
 Metaspace       used 13010K, capacity 13106K, committed 13312K, reserved 1060864K
  class space    used 1468K, capacity 1501K, committed 1536K, reserved 1048576K
1221.596: [GC (GCLocker Initiated GC) [PSYoungGen: 516096K->1856K(517120K)] 561353K->47145K(1557504K), 0.0021093 secs] [Times: user=0.00 sys=0.00, real=0.00 secs] 
Heap after GC invocations=177 (full 0):
 PSYoungGen      total 517120K, used 1856K [0x00000000e0400000, 0x0000000100000000, 0x0000000100000000)
  eden space 514048K, 0% used [0x00000000e0400000,0x00000000e0400000,0x00000000ffa00000)
  from space 3072K, 60% used [0x00000000ffa00000,0x00000000ffbd0000,0x00000000ffd00000)
  to   space 3072K, 0% used [0x00000000ffd00000,0x00000000ffd00000,0x0000000100000000)
 ParOldGen       total 1040384K, used 45289K [0x00000000a0c00000, 0x00000000e0400000, 0x00000000e0400000)
  object space 1040384K, 4% used [0x00000000a0c00000,0x00000000a383a4e0,0x00000000e0400000)
 Metaspace       used 13010K, capacity 13106K, committed 13312K, reserved 1060864K
  class space    used 1468K, capacity 1501K, committed 1536K, reserved 1048576K
}
{Heap before GC invocations=178 (full 0):
 PSYoungGen      total 517120K, used 515904K [0x00000000e0400000, 0x0000000100000000, 0x0000000100000000)
  eden space 514048K, 100% used [0x00000000e0400000,0x00000000ffa00000,0x00000000ffa00000)
  from space 3072K, 60% used [0x00000000ffa00000,0x00000000ffbd0000,0x00000000ffd00000)
  to   space 3072K, 0% used [0x00000000ffd00000,0x00000000ffd00000,0x0000000100000000)
 ParOldGen       total 1040384K, used 45292K [0x00000000a0c00000, 0x00000000e0400000, 0x00000000e0400000)
  object space 1040384K, 4% used [0x00000000a0c00000,0x00000000a383b140,0x00000000e0400000)
 Metaspace       used 13010K, capacity 13106K, committed 13312K, reserved 1060864K
  class space    used 1468K, capacity 1501K, committed 1536K, reserved 1048576K
1228.489: [GC (Allocation Failure) [PSYoungGen: 515904K->192K(517120K)] 561196K->45516K(1557504K), 0.0015911 secs] [Times: user=0.11 sys=0.00, real=0.00 secs] 
Heap after GC invocations=178 (full 0):
 PSYoungGen      total 517120K, used 192K [0x00000000e0400000, 0x0000000100000000, 0x0000000100000000)
  eden space 514048K, 0% used [0x00000000e0400000,0x00000000e0400000,0x00000000ffa00000)
  from space 3072K, 6% used [0x00000000ffd00000,0x00000000ffd30000,0x0000000100000000)
  to   space 3072K, 0% used [0x00000000ffa00000,0x00000000ffa00000,0x00000000ffd00000)
 ParOldGen       total 1040384K, used 45324K [0x00000000a0c00000, 0x00000000e0400000, 0x00000000e0400000)
  object space 1040384K, 4% used [0x00000000a0c00000,0x00000000a3843140,0x00000000e0400000)
 Metaspace       used 13010K, capacity 13106K, committed 13312K, reserved 1060864K
  class space    used 1468K, capacity 1501K, committed 1536K, reserved 1048576K
}
{Heap before GC invocations=179 (full 0):
 PSYoungGen      total 517120K, used 514240K [0x00000000e0400000, 0x0000000100000000, 0x0000000100000000)
  eden space 514048K, 100% used [0x00000000e0400000,0x00000000ffa00000,0x00000000ffa00000)
  from space 3072K, 6% used [0x00000000ffd00000,0x00000000ffd30000,0x0000000100000000)
  to   space 3072K, 0% used [0x00000000ffa00000,0x00000000ffa00000,0x00000000ffd00000)
 ParOldGen       total 1040384K, used 45324K [0x00000000a0c00000, 0x00000000e0400000, 0x00000000e0400000)
  object space 1040384K, 4% used [0x00000000a0c00000,0x00000000a3843140,0x00000000e0400000)
 Metaspace       used 13010K, capacity 13106K, committed 13312K, reserved 1060864K
  class space    used 1468K, capacity 1501K, committed 1536K, reserved 1048576K
1235.311: [GC (Allocation Failure) [PSYoungGen: 514240K->160K(517120K)] 559564K->45516K(1557504K), 0.0016670 secs] [Times: user=0.00 sys=0.00, real=0.00 secs] 
Heap after GC invocations=179 (full 0):
 PSYoungGen      total 517120K, used 160K [0x00000000e0400000, 0x0000000100000000, 0x0000000100000000)
  eden space 514048K, 0% used [0x00000000e0400000,0x00000000e0400000,0x00000000ffa00000)
  from space 3072K, 5% used [0x00000000ffa00000,0x00000000ffa28000,0x00000000ffd00000)
  to   space 3072K, 0% used [0x00000000ffd00000,0x00000000ffd00000,0x0000000100000000)
 ParOldGen       total 1040384K, used 45356K [0x00000000a0c00000, 0x00000000e0400000, 0x00000000e0400000)
  object space 1040384K, 4% used [0x00000000a0c00000,0x00000000a384b140,0x00000000e0400000)
 Metaspace       used 13010K, capacity 13106K, committed 13312K, reserved 1060864K
  class space    used 1468K, capacity 1501K, committed 1536K, reserved 1048576K
}
{Heap before GC invocations=180 (full 0):
 PSYoungGen      total 517120K, used 514208K [0x00000000e0400000, 0x0000000100000000, 0x0000000100000000)
  eden space 514048K, 100% used [0x00000000e0400000,0x00000000ffa00000,0x00000000ffa00000)
  from space 3072K, 5% used [0x00000000ffa00000,0x00000000ffa28000,0x00000000ffd00000)
  to   space 3072K, 0% used [0x00000000ffd00000,0x00000000ffd00000,0x0000000100000000)
 ParOldGen       total 1040384K, used 45356K [0x00000000a0c00000, 0x00000000e0400000, 0x00000000e0400000)
  object space 1040384K, 4% used [0x00000000a0c00000,0x00000000a384b140,0x00000000e0400000)
 Metaspace       used 13010K, capacity 13106K, committed 13312K, reserved 1060864K
  class space    used 1468K, capacity 1501K, committed 1536K, reserved 1048576K
1242.186: [GC (Allocation Failure) [PSYoungGen: 514208K->192K(517120K)] 559564K->45580K(1557504K), 0.0015258 secs] [Times: user=0.00 sys=0.00, real=0.00 secs] 
Heap after GC invocations=180 (full 0):
 PSYoungGen      total 517120K, used 192K [0x00000000e0400000, 0x0000000100000000, 0x0000000100000000)
  eden space 514048K, 0% used [0x00000000e0400000,0x00000000e0400000,0x00000000ffa00000)
  from space 3072K, 6% used [0x00000000ffd00000,0x00000000ffd30000,0x0000000100000000)
  to   space 3072K, 0% used [0x00000000ffa00000,0x00000000ffa00000,0x00000000ffd00000)
 ParOldGen       total 1040384K, used 45388K [0x00000000a0c00000, 0x00000000e0400000, 0x00000000e0400000)
  object space 1040384K, 4% used [0x00000000a0c00000,0x00000000a3853140,0x00000000e0400000)
 Metaspace       used 13010K, capacity 13106K, committed 13312K, reserved 1060864K
  class space    used 1468K, capacity 1501K, committed 1536K, reserved 1048576K
}
{Heap before GC invocations=181 (full 0):
 PSYoungGen      total 517120K, used 514240K [0x00000000e0400000, 0x0000000100000000, 0x0000000100000000)
  eden space 514048K, 100% used [0x00000000e0400000,0x00000000ffa00000,0x00000000ffa00000)
  from space 3072K, 6% used [0x00000000ffd00000,0x00000000ffd30000,0x0000000100000000)
  to   space 3072K, 0% used [0x00000000ffa00000,0x00000000ffa00000,0x00000000ffd00000)
 ParOldGen       total 1040384K, used 45388K [0x00000000a0c00000, 0x00000000e0400000, 0x00000000e0400000)
  object space 1040384K, 4% used [0x00000000a0c00000,0x00000000a3853140,0x00000000e0400000)
 Metaspace       used 13010K, capacity 13106K, committed 13312K, reserved 1060864K
  class space    used 1468K, capacity 1501K, committed 1536K, reserved 1048576K
1248.976: [GC (Allocation Failure) [PSYoungGen: 514240K->3072K(517120K)] 559628K->56620K(1557504K), 0.0063290 secs] [Times: user=0.00 sys=0.00, real=0.01 secs] 
Heap after GC invocations=181 (full 0):
 PSYoungGen      total 517120K, used 3072K [0x00000000e0400000, 0x0000000100000000, 0x0000000100000000)
  eden space 514048K, 0% used [0x00000000e0400000,0x00000000e0400000,0x00000000ffa00000)
  from space 3072K, 100% used [0x00000000ffa00000,0x00000000ffd00000,0x00000000ffd00000)
  to   space 3072K, 0% used [0x00000000ffd00000,0x00000000ffd00000,0x0000000100000000)
 ParOldGen       total 1040384K, used 53548K [0x00000000a0c00000, 0x00000000e0400000, 0x00000000e0400000)
  object space 1040384K, 5% used [0x00000000a0c00000,0x00000000a404b140,0x00000000e0400000)
 Metaspace       used 13010K, capacity 13106K, committed 13312K, reserved 1060864K
  class space    used 1468K, capacity 1501K, committed 1536K, reserved 1048576K
}
{Heap before GC invocations=182 (full 0):
 PSYoungGen      total 517120K, used 517120K [0x00000000e0400000, 0x0000000100000000, 0x0000000100000000)
  eden space 514048K, 100% used [0x00000000e0400000,0x00000000ffa00000,0x00000000ffa00000)
  from space 3072K, 100% used [0x00000000ffa00000,0x00000000ffd00000,0x00000000ffd00000)
  to   space 3072K, 0% used [0x00000000ffd00000,0x00000000ffd00000,0x0000000100000000)
 ParOldGen       total 1040384K, used 53548K [0x00000000a0c00000, 0x00000000e0400000, 0x00000000e0400000)
  object space 1040384K, 5% used [0x00000000a0c00000,0x00000000a404b140,0x00000000e0400000)
 Metaspace       used 13010K, capacity 13106K, committed 13312K, reserved 1060864K
  class space    used 1468K, capacity 1501K, committed 1536K, reserved 1048576K
1255.774: [GC (Allocation Failure) [PSYoungGen: 517120K->224K(510976K)] 570668K->53772K(1551360K), 0.0013240 secs] [Times: user=0.00 sys=0.00, real=0.00 secs] 
Heap after GC invocations=182 (full 0):
 PSYoungGen      total 510976K, used 224K [0x00000000e0400000, 0x0000000100000000, 0x0000000100000000)
  eden space 507904K, 0% used [0x00000000e0400000,0x00000000e0400000,0x00000000ff400000)
  from space 3072K, 7% used [0x00000000ffd00000,0x00000000ffd38000,0x0000000100000000)
  to   space 6144K, 0% used [0x00000000ff400000,0x00000000ff400000,0x00000000ffa00000)
 ParOldGen       total 1040384K, used 53548K [0x00000000a0c00000, 0x00000000e0400000, 0x00000000e0400000)
  object space 1040384K, 5% used [0x00000000a0c00000,0x00000000a404b140,0x00000000e0400000)
 Metaspace       used 13010K, capacity 13106K, committed 13312K, reserved 1060864K
  class space    used 1468K, capacity 1501K, committed 1536K, reserved 1048576K
}
{Heap before GC invocations=183 (full 0):
 PSYoungGen      total 510976K, used 508128K [0x00000000e0400000, 0x0000000100000000, 0x0000000100000000)
  eden space 507904K, 100% used [0x00000000e0400000,0x00000000ff400000,0x00000000ff400000)
  from space 3072K, 7% used [0x00000000ffd00000,0x00000000ffd38000,0x0000000100000000)
  to   space 6144K, 0% used [0x00000000ff400000,0x00000000ff400000,0x00000000ffa00000)
 ParOldGen       total 1040384K, used 53548K [0x00000000a0c00000, 0x00000000e0400000, 0x00000000e0400000)
  object space 1040384K, 5% used [0x00000000a0c00000,0x00000000a404b140,0x00000000e0400000)
 Metaspace       used 13010K, capacity 13106K, committed 13312K, reserved 1060864K
  class space    used 1468K, capacity 1501K, committed 1536K, reserved 1048576K
1262.478: [GC (Allocation Failure) [PSYoungGen: 508128K->128K(514048K)] 561676K->53708K(1554432K), 0.0018010 secs] [Times: user=0.00 sys=0.00, real=0.00 secs] 
Heap after GC invocations=183 (full 0):
 PSYoungGen      total 514048K, used 128K [0x00000000e0400000, 0x0000000100000000, 0x0000000100000000)
  eden space 507904K, 0% used [0x00000000e0400000,0x00000000e0400000,0x00000000ff400000)
  from space 6144K, 2% used [0x00000000ff400000,0x00000000ff420000,0x00000000ffa00000)
  to   space 6144K, 0% used [0x00000000ffa00000,0x00000000ffa00000,0x0000000100000000)
 ParOldGen       total 1040384K, used 53580K [0x00000000a0c00000, 0x00000000e0400000, 0x00000000e0400000)
  object space 1040384K, 5% used [0x00000000a0c00000,0x00000000a4053140,0x00000000e0400000)
 Metaspace       used 13010K, capacity 13106K, committed 13312K, reserved 1060864K
  class space    used 1468K, capacity 1501K, committed 1536K, reserved 1048576K
}
{Heap before GC invocations=184 (full 0):
 PSYoungGen      total 514048K, used 508032K [0x00000000e0400000, 0x0000000100000000, 0x0000000100000000)
  eden space 507904K, 100% used [0x00000000e0400000,0x00000000ff400000,0x00000000ff400000)
  from space 6144K, 2% used [0x00000000ff400000,0x00000000ff420000,0x00000000ffa00000)
  to   space 6144K, 0% used [0x00000000ffa00000,0x00000000ffa00000,0x0000000100000000)
 ParOldGen       total 1040384K, used 53580K [0x00000000a0c00000, 0x00000000e0400000, 0x00000000e0400000)
  object space 1040384K, 5% used [0x00000000a0c00000,0x00000000a4053140,0x00000000e0400000)
 Metaspace       used 13010K, capacity 13106K, committed 13312K, reserved 1060864K
  class space    used 1468K, capacity 1501K, committed 1536K, reserved 1048576K
1269.254: [GC (Allocation Failure) [PSYoungGen: 508032K->192K(514048K)] 561612K->53780K(1554432K), 0.0015588 secs] [Times: user=0.11 sys=0.00, real=0.00 secs] 
Heap after GC invocations=184 (full 0):
 PSYoungGen      total 514048K, used 192K [0x00000000e0400000, 0x0000000100000000, 0x0000000100000000)
  eden space 507904K, 0% used [0x00000000e0400000,0x00000000e0400000,0x00000000ff400000)
  from space 6144K, 3% used [0x00000000ffa00000,0x00000000ffa30000,0x0000000100000000)
  to   space 6144K, 0% used [0x00000000ff400000,0x00000000ff400000,0x00000000ffa00000)
 ParOldGen       total 1040384K, used 53588K [0x00000000a0c00000, 0x00000000e0400000, 0x00000000e0400000)
  object space 1040384K, 5% used [0x00000000a0c00000,0x00000000a4055140,0x00000000e0400000)
 Metaspace       used 13010K, capacity 13106K, committed 13312K, reserved 1060864K
  class space    used 1468K, capacity 1501K, committed 1536K, reserved 1048576K
}
{Heap before GC invocations=185 (full 0):
 PSYoungGen      total 514048K, used 508096K [0x00000000e0400000, 0x0000000100000000, 0x0000000100000000)
  eden space 507904K, 100% used [0x00000000e0400000,0x00000000ff400000,0x00000000ff400000)
  from space 6144K, 3% used [0x00000000ffa00000,0x00000000ffa30000,0x0000000100000000)
  to   space 6144K, 0% used [0x00000000ff400000,0x00000000ff400000,0x00000000ffa00000)
 ParOldGen       total 1040384K, used 53588K [0x00000000a0c00000, 0x00000000e0400000, 0x00000000e0400000)
  object space 1040384K, 5% used [0x00000000a0c00000,0x00000000a4055140,0x00000000e0400000)
 Metaspace       used 13010K, capacity 13106K, committed 13312K, reserved 1060864K
  class space    used 1468K, capacity 1501K, committed 1536K, reserved 1048576K
1276.095: [GC (Allocation Failure) [PSYoungGen: 508096K->160K(514048K)] 561684K->53748K(1554432K), 0.0013296 secs] [Times: user=0.00 sys=0.00, real=0.00 secs] 
Heap after GC invocations=185 (full 0):
 PSYoungGen      total 514048K, used 160K [0x00000000e0400000, 0x0000000100000000, 0x0000000100000000)
  eden space 507904K, 0% used [0x00000000e0400000,0x00000000e0400000,0x00000000ff400000)
  from space 6144K, 2% used [0x00000000ff400000,0x00000000ff428000,0x00000000ffa00000)
  to   space 5632K, 0% used [0x00000000ffa80000,0x00000000ffa80000,0x0000000100000000)
 ParOldGen       total 1040384K, used 53588K [0x00000000a0c00000, 0x00000000e0400000, 0x00000000e0400000)
  object space 1040384K, 5% used [0x00000000a0c00000,0x00000000a4055140,0x00000000e0400000)
 Metaspace       used 13010K, capacity 13106K, committed 13312K, reserved 1060864K
  class space    used 1468K, capacity 1501K, committed 1536K, reserved 1048576K
}
{Heap before GC invocations=186 (full 0):
 PSYoungGen      total 514048K, used 508064K [0x00000000e0400000, 0x0000000100000000, 0x0000000100000000)
  eden space 507904K, 100% used [0x00000000e0400000,0x00000000ff400000,0x00000000ff400000)
  from space 6144K, 2% used [0x00000000ff400000,0x00000000ff428000,0x00000000ffa00000)
  to   space 5632K, 0% used [0x00000000ffa80000,0x00000000ffa80000,0x0000000100000000)
 ParOldGen       total 1040384K, used 53588K [0x00000000a0c00000, 0x00000000e0400000, 0x00000000e0400000)
  object space 1040384K, 5% used [0x00000000a0c00000,0x00000000a4055140,0x00000000e0400000)
 Metaspace       used 13010K, capacity 13106K, committed 13312K, reserved 1060864K
  class space    used 1468K, capacity 1501K, committed 1536K, reserved 1048576K
1282.875: [GC (Allocation Failure) [PSYoungGen: 508064K->192K(514560K)] 561652K->53780K(1554944K), 0.0012994 secs] [Times: user=0.00 sys=0.00, real=0.00 secs] 
Heap after GC invocations=186 (full 0):
 PSYoungGen      total 514560K, used 192K [0x00000000e0400000, 0x0000000100000000, 0x0000000100000000)
  eden space 508928K, 0% used [0x00000000e0400000,0x00000000e0400000,0x00000000ff500000)
  from space 5632K, 3% used [0x00000000ffa80000,0x00000000ffab0000,0x0000000100000000)
  to   space 5632K, 0% used [0x00000000ff500000,0x00000000ff500000,0x00000000ffa80000)
 ParOldGen       total 1040384K, used 53588K [0x00000000a0c00000, 0x00000000e0400000, 0x00000000e0400000)
  object space 1040384K, 5% used [0x00000000a0c00000,0x00000000a4055140,0x00000000e0400000)
 Metaspace       used 13010K, capacity 13106K, committed 13312K, reserved 1060864K
  class space    used 1468K, capacity 1501K, committed 1536K, reserved 1048576K
}
{Heap before GC invocations=187 (full 0):
 PSYoungGen      total 514560K, used 509120K [0x00000000e0400000, 0x0000000100000000, 0x0000000100000000)
  eden space 508928K, 100% used [0x00000000e0400000,0x00000000ff500000,0x00000000ff500000)
  from space 5632K, 3% used [0x00000000ffa80000,0x00000000ffab0000,0x0000000100000000)
  to   space 5632K, 0% used [0x00000000ff500000,0x00000000ff500000,0x00000000ffa80000)
 ParOldGen       total 1040384K, used 53588K [0x00000000a0c00000, 0x00000000e0400000, 0x00000000e0400000)
  object space 1040384K, 5% used [0x00000000a0c00000,0x00000000a4055140,0x00000000e0400000)
 Metaspace       used 13010K, capacity 13106K, committed 13312K, reserved 1060864K
  class space    used 1468K, capacity 1501K, committed 1536K, reserved 1048576K
1289.694: [GC (Allocation Failure) [PSYoungGen: 509120K->224K(514560K)] 562708K->53812K(1554944K), 0.0012894 secs] [Times: user=0.00 sys=0.00, real=0.00 secs] 
Heap after GC invocations=187 (full 0):
 PSYoungGen      total 514560K, used 224K [0x00000000e0400000, 0x0000000100000000, 0x0000000100000000)
  eden space 508928K, 0% used [0x00000000e0400000,0x00000000e0400000,0x00000000ff500000)
  from space 5632K, 3% used [0x00000000ff500000,0x00000000ff538000,0x00000000ffa80000)
  to   space 5120K, 0% used [0x00000000ffb00000,0x00000000ffb00000,0x0000000100000000)
 ParOldGen       total 1040384K, used 53588K [0x00000000a0c00000, 0x00000000e0400000, 0x00000000e0400000)
  object space 1040384K, 5% used [0x00000000a0c00000,0x00000000a4055140,0x00000000e0400000)
 Metaspace       used 13010K, capacity 13106K, committed 13312K, reserved 1060864K
  class space    used 1468K, capacity 1501K, committed 1536K, reserved 1048576K
}
{Heap before GC invocations=188 (full 0):
 PSYoungGen      total 514560K, used 509152K [0x00000000e0400000, 0x0000000100000000, 0x0000000100000000)
  eden space 508928K, 100% used [0x00000000e0400000,0x00000000ff500000,0x00000000ff500000)
  from space 5632K, 3% used [0x00000000ff500000,0x00000000ff538000,0x00000000ffa80000)
  to   space 5120K, 0% used [0x00000000ffb00000,0x00000000ffb00000,0x0000000100000000)
 ParOldGen       total 1040384K, used 53588K [0x00000000a0c00000, 0x00000000e0400000, 0x00000000e0400000)
  object space 1040384K, 5% used [0x00000000a0c00000,0x00000000a4055140,0x00000000e0400000)
 Metaspace       used 13010K, capacity 13106K, committed 13312K, reserved 1060864K
  class space    used 1468K, capacity 1501K, committed 1536K, reserved 1048576K
1296.357: [GC (Allocation Failure) [PSYoungGen: 509152K->224K(515072K)] 562740K->53812K(1555456K), 0.0015731 secs] [Times: user=0.00 sys=0.00, real=0.00 secs] 
Heap after GC invocations=188 (full 0):
 PSYoungGen      total 515072K, used 224K [0x00000000e0400000, 0x0000000100000000, 0x0000000100000000)
  eden space 509952K, 0% used [0x00000000e0400000,0x00000000e0400000,0x00000000ff600000)
  from space 5120K, 4% used [0x00000000ffb00000,0x00000000ffb38000,0x0000000100000000)
  to   space 5120K, 0% used [0x00000000ff600000,0x00000000ff600000,0x00000000ffb00000)
 ParOldGen       total 1040384K, used 53588K [0x00000000a0c00000, 0x00000000e0400000, 0x00000000e0400000)
  object space 1040384K, 5% used [0x00000000a0c00000,0x00000000a4055140,0x00000000e0400000)
 Metaspace       used 13010K, capacity 13106K, committed 13312K, reserved 1060864K
  class space    used 1468K, capacity 1501K, committed 1536K, reserved 1048576K
}
{Heap before GC invocations=189 (full 0):
 PSYoungGen      total 515072K, used 510176K [0x00000000e0400000, 0x0000000100000000, 0x0000000100000000)
  eden space 509952K, 100% used [0x00000000e0400000,0x00000000ff600000,0x00000000ff600000)
  from space 5120K, 4% used [0x00000000ffb00000,0x00000000ffb38000,0x0000000100000000)
  to   space 5120K, 0% used [0x00000000ff600000,0x00000000ff600000,0x00000000ffb00000)
 ParOldGen       total 1040384K, used 53588K [0x00000000a0c00000, 0x00000000e0400000, 0x00000000e0400000)
  object space 1040384K, 5% used [0x00000000a0c00000,0x00000000a4055140,0x00000000e0400000)
 Metaspace       used 13010K, capacity 13106K, committed 13312K, reserved 1060864K
  class space    used 1468K, capacity 1501K, committed 1536K, reserved 1048576K
1303.138: [GC (Allocation Failure) [PSYoungGen: 510176K->1408K(515072K)] 563764K->55004K(1555456K), 0.0026109 secs] [Times: user=0.00 sys=0.00, real=0.00 secs] 
Heap after GC invocations=189 (full 0):
 PSYoungGen      total 515072K, used 1408K [0x00000000e0400000, 0x0000000100000000, 0x0000000100000000)
  eden space 509952K, 0% used [0x00000000e0400000,0x00000000e0400000,0x00000000ff600000)
  from space 5120K, 27% used [0x00000000ff600000,0x00000000ff760000,0x00000000ffb00000)
  to   space 4608K, 0% used [0x00000000ffb80000,0x00000000ffb80000,0x0000000100000000)
 ParOldGen       total 1040384K, used 53596K [0x00000000a0c00000, 0x00000000e0400000, 0x00000000e0400000)
  object space 1040384K, 5% used [0x00000000a0c00000,0x00000000a4057140,0x00000000e0400000)
 Metaspace       used 13010K, capacity 13106K, committed 13312K, reserved 1060864K
  class space    used 1468K, capacity 1501K, committed 1536K, reserved 1048576K
}
{Heap before GC invocations=190 (full 0):
 PSYoungGen      total 515072K, used 511360K [0x00000000e0400000, 0x0000000100000000, 0x0000000100000000)
  eden space 509952K, 100% used [0x00000000e0400000,0x00000000ff600000,0x00000000ff600000)
  from space 5120K, 27% used [0x00000000ff600000,0x00000000ff760000,0x00000000ffb00000)
  to   space 4608K, 0% used [0x00000000ffb80000,0x00000000ffb80000,0x0000000100000000)
 ParOldGen       total 1040384K, used 53596K [0x00000000a0c00000, 0x00000000e0400000, 0x00000000e0400000)
  object space 1040384K, 5% used [0x00000000a0c00000,0x00000000a4057140,0x00000000e0400000)
 Metaspace       used 13010K, capacity 13106K, committed 13312K, reserved 1060864K
  class space    used 1468K, capacity 1501K, committed 1536K, reserved 1048576K
1310.124: [GC (Allocation Failure) [PSYoungGen: 511360K->160K(515584K)] 564956K->53772K(1555968K), 0.0017193 secs] [Times: user=0.00 sys=0.00, real=0.00 secs] 
Heap after GC invocations=190 (full 0):
 PSYoungGen      total 515584K, used 160K [0x00000000e0400000, 0x0000000100000000, 0x0000000100000000)
  eden space 510976K, 0% used [0x00000000e0400000,0x00000000e0400000,0x00000000ff700000)
  from space 4608K, 3% used [0x00000000ffb80000,0x00000000ffba8000,0x0000000100000000)
  to   space 4608K, 0% used [0x00000000ff700000,0x00000000ff700000,0x00000000ffb80000)
 ParOldGen       total 1040384K, used 53612K [0x00000000a0c00000, 0x00000000e0400000, 0x00000000e0400000)
  object space 1040384K, 5% used [0x00000000a0c00000,0x00000000a405b140,0x00000000e0400000)
 Metaspace       used 13010K, capacity 13106K, committed 13312K, reserved 1060864K
  class space    used 1468K, capacity 1501K, committed 1536K, reserved 1048576K
}
{Heap before GC invocations=191 (full 0):
 PSYoungGen      total 515584K, used 511136K [0x00000000e0400000, 0x0000000100000000, 0x0000000100000000)
  eden space 510976K, 100% used [0x00000000e0400000,0x00000000ff700000,0x00000000ff700000)
  from space 4608K, 3% used [0x00000000ffb80000,0x00000000ffba8000,0x0000000100000000)
  to   space 4608K, 0% used [0x00000000ff700000,0x00000000ff700000,0x00000000ffb80000)
 ParOldGen       total 1040384K, used 53612K [0x00000000a0c00000, 0x00000000e0400000, 0x00000000e0400000)
  object space 1040384K, 5% used [0x00000000a0c00000,0x00000000a405b140,0x00000000e0400000)
 Metaspace       used 13027K, capacity 13234K, committed 13312K, reserved 1060864K
  class space    used 1469K, capacity 1501K, committed 1536K, reserved 1048576K
1316.902: [GC (Allocation Failure) [PSYoungGen: 511136K->160K(515584K)] 564748K->53780K(1555968K), 0.0017482 secs] [Times: user=0.00 sys=0.00, real=0.00 secs] 
Heap after GC invocations=191 (full 0):
 PSYoungGen      total 515584K, used 160K [0x00000000e0400000, 0x0000000100000000, 0x0000000100000000)
  eden space 510976K, 0% used [0x00000000e0400000,0x00000000e0400000,0x00000000ff700000)
  from space 4608K, 3% used [0x00000000ff700000,0x00000000ff728000,0x00000000ffb80000)
  to   space 4096K, 0% used [0x00000000ffc00000,0x00000000ffc00000,0x0000000100000000)
 ParOldGen       total 1040384K, used 53620K [0x00000000a0c00000, 0x00000000e0400000, 0x00000000e0400000)
  object space 1040384K, 5% used [0x00000000a0c00000,0x00000000a405d140,0x00000000e0400000)
 Metaspace       used 13027K, capacity 13234K, committed 13312K, reserved 1060864K
  class space    used 1469K, capacity 1501K, committed 1536K, reserved 1048576K
}
{Heap before GC invocations=192 (full 0):
 PSYoungGen      total 515584K, used 511136K [0x00000000e0400000, 0x0000000100000000, 0x0000000100000000)
  eden space 510976K, 100% used [0x00000000e0400000,0x00000000ff700000,0x00000000ff700000)
  from space 4608K, 3% used [0x00000000ff700000,0x00000000ff728000,0x00000000ffb80000)
  to   space 4096K, 0% used [0x00000000ffc00000,0x00000000ffc00000,0x0000000100000000)
 ParOldGen       total 1040384K, used 53620K [0x00000000a0c00000, 0x00000000e0400000, 0x00000000e0400000)
  object space 1040384K, 5% used [0x00000000a0c00000,0x00000000a405d140,0x00000000e0400000)
 Metaspace       used 13027K, capacity 13234K, committed 13312K, reserved 1060864K
  class space    used 1469K, capacity 1501K, committed 1536K, reserved 1048576K
1323.805: [GC (Allocation Failure) [PSYoungGen: 511136K->128K(516096K)] 564756K->53764K(1556480K), 0.0017643 secs] [Times: user=0.00 sys=0.00, real=0.00 secs] 
Heap after GC invocations=192 (full 0):
 PSYoungGen      total 516096K, used 128K [0x00000000e0400000, 0x0000000100000000, 0x0000000100000000)
  eden space 512000K, 0% used [0x00000000e0400000,0x00000000e0400000,0x00000000ff800000)
  from space 4096K, 3% used [0x00000000ffc00000,0x00000000ffc20000,0x0000000100000000)
  to   space 4096K, 0% used [0x00000000ff800000,0x00000000ff800000,0x00000000ffc00000)
 ParOldGen       total 1040384K, used 53636K [0x00000000a0c00000, 0x00000000e0400000, 0x00000000e0400000)
  object space 1040384K, 5% used [0x00000000a0c00000,0x00000000a4061140,0x00000000e0400000)
 Metaspace       used 13027K, capacity 13234K, committed 13312K, reserved 1060864K
  class space    used 1469K, capacity 1501K, committed 1536K, reserved 1048576K
}
{Heap before GC invocations=193 (full 0):
 PSYoungGen      total 516096K, used 512128K [0x00000000e0400000, 0x0000000100000000, 0x0000000100000000)
  eden space 512000K, 100% used [0x00000000e0400000,0x00000000ff800000,0x00000000ff800000)
  from space 4096K, 3% used [0x00000000ffc00000,0x00000000ffc20000,0x0000000100000000)
  to   space 4096K, 0% used [0x00000000ff800000,0x00000000ff800000,0x00000000ffc00000)
 ParOldGen       total 1040384K, used 53636K [0x00000000a0c00000, 0x00000000e0400000, 0x00000000e0400000)
  object space 1040384K, 5% used [0x00000000a0c00000,0x00000000a4061140,0x00000000e0400000)
 Metaspace       used 13027K, capacity 13234K, committed 13312K, reserved 1060864K
  class space    used 1469K, capacity 1501K, committed 1536K, reserved 1048576K
1330.819: [GC (Allocation Failure) [PSYoungGen: 512128K->192K(516096K)] 565764K->53836K(1556480K), 0.0017706 secs] [Times: user=0.00 sys=0.00, real=0.00 secs] 
Heap after GC invocations=193 (full 0):
 PSYoungGen      total 516096K, used 192K [0x00000000e0400000, 0x0000000100000000, 0x0000000100000000)
  eden space 512000K, 0% used [0x00000000e0400000,0x00000000e0400000,0x00000000ff800000)
  from space 4096K, 4% used [0x00000000ff800000,0x00000000ff830000,0x00000000ffc00000)
  to   space 4096K, 0% used [0x00000000ffc00000,0x00000000ffc00000,0x0000000100000000)
 ParOldGen       total 1040384K, used 53644K [0x00000000a0c00000, 0x00000000e0400000, 0x00000000e0400000)
  object space 1040384K, 5% used [0x00000000a0c00000,0x00000000a4063140,0x00000000e0400000)
 Metaspace       used 13027K, capacity 13234K, committed 13312K, reserved 1060864K
  class space    used 1469K, capacity 1501K, committed 1536K, reserved 1048576K
}
{Heap before GC invocations=194 (full 0):
 PSYoungGen      total 516096K, used 512192K [0x00000000e0400000, 0x0000000100000000, 0x0000000100000000)
  eden space 512000K, 100% used [0x00000000e0400000,0x00000000ff800000,0x00000000ff800000)
  from space 4096K, 4% used [0x00000000ff800000,0x00000000ff830000,0x00000000ffc00000)
  to   space 4096K, 0% used [0x00000000ffc00000,0x00000000ffc00000,0x0000000100000000)
 ParOldGen       total 1040384K, used 53644K [0x00000000a0c00000, 0x00000000e0400000, 0x00000000e0400000)
  object space 1040384K, 5% used [0x00000000a0c00000,0x00000000a40631d0,0x00000000e0400000)
 Metaspace       used 13027K, capacity 13234K, committed 13312K, reserved 1060864K
  class space    used 1469K, capacity 1501K, committed 1536K, reserved 1048576K
1337.801: [GC (GCLocker Initiated GC) [PSYoungGen: 512192K->2016K(516096K)] 565836K->55660K(1556480K), 0.0023095 secs] [Times: user=0.13 sys=0.00, real=0.00 secs] 
Heap after GC invocations=194 (full 0):
 PSYoungGen      total 516096K, used 2016K [0x00000000e0400000, 0x0000000100000000, 0x0000000100000000)
  eden space 512000K, 0% used [0x00000000e0400000,0x00000000e0400000,0x00000000ff800000)
  from space 4096K, 49% used [0x00000000ffc00000,0x00000000ffdf8000,0x0000000100000000)
  to   space 4096K, 0% used [0x00000000ff800000,0x00000000ff800000,0x00000000ffc00000)
 ParOldGen       total 1040384K, used 53644K [0x00000000a0c00000, 0x00000000e0400000, 0x00000000e0400000)
  object space 1040384K, 5% used [0x00000000a0c00000,0x00000000a40631d0,0x00000000e0400000)
 Metaspace       used 13027K, capacity 13234K, committed 13312K, reserved 1060864K
  class space    used 1469K, capacity 1501K, committed 1536K, reserved 1048576K
}
{Heap before GC invocations=195 (full 0):
 PSYoungGen      total 516096K, used 514016K [0x00000000e0400000, 0x0000000100000000, 0x0000000100000000)
  eden space 512000K, 100% used [0x00000000e0400000,0x00000000ff800000,0x00000000ff800000)
  from space 4096K, 49% used [0x00000000ffc00000,0x00000000ffdf8000,0x0000000100000000)
  to   space 4096K, 0% used [0x00000000ff800000,0x00000000ff800000,0x00000000ffc00000)
 ParOldGen       total 1040384K, used 53647K [0x00000000a0c00000, 0x00000000e0400000, 0x00000000e0400000)
  object space 1040384K, 5% used [0x00000000a0c00000,0x00000000a4063ff0,0x00000000e0400000)
 Metaspace       used 13027K, capacity 13234K, committed 13312K, reserved 1060864K
  class space    used 1469K, capacity 1501K, committed 1536K, reserved 1048576K
1344.847: [GC (Allocation Failure) [PSYoungGen: 514016K->96K(516096K)] 567663K->53751K(1556480K), 0.0018900 secs] [Times: user=0.00 sys=0.00, real=0.00 secs] 
Heap after GC invocations=195 (full 0):
 PSYoungGen      total 516096K, used 96K [0x00000000e0400000, 0x0000000100000000, 0x0000000100000000)
  eden space 512000K, 0% used [0x00000000e0400000,0x00000000e0400000,0x00000000ff800000)
  from space 4096K, 2% used [0x00000000ff800000,0x00000000ff818000,0x00000000ffc00000)
  to   space 4096K, 0% used [0x00000000ffc00000,0x00000000ffc00000,0x0000000100000000)
 ParOldGen       total 1040384K, used 53655K [0x00000000a0c00000, 0x00000000e0400000, 0x00000000e0400000)
  object space 1040384K, 5% used [0x00000000a0c00000,0x00000000a4065ff0,0x00000000e0400000)
 Metaspace       used 13027K, capacity 13234K, committed 13312K, reserved 1060864K
  class space    used 1469K, capacity 1501K, committed 1536K, reserved 1048576K
}
{Heap before GC invocations=196 (full 0):
 PSYoungGen      total 516096K, used 512096K [0x00000000e0400000, 0x0000000100000000, 0x0000000100000000)
  eden space 512000K, 100% used [0x00000000e0400000,0x00000000ff800000,0x00000000ff800000)
  from space 4096K, 2% used [0x00000000ff800000,0x00000000ff818000,0x00000000ffc00000)
  to   space 4096K, 0% used [0x00000000ffc00000,0x00000000ffc00000,0x0000000100000000)
 ParOldGen       total 1040384K, used 53655K [0x00000000a0c00000, 0x00000000e0400000, 0x00000000e0400000)
  object space 1040384K, 5% used [0x00000000a0c00000,0x00000000a4065ff0,0x00000000e0400000)
 Metaspace       used 13027K, capacity 13234K, committed 13312K, reserved 1060864K
  class space    used 1469K, capacity 1501K, committed 1536K, reserved 1048576K
1351.692: [GC (Allocation Failure) [PSYoungGen: 512096K->224K(516608K)] 565751K->53879K(1556992K), 0.0019531 secs] [Times: user=0.09 sys=0.00, real=0.00 secs] 
Heap after GC invocations=196 (full 0):
 PSYoungGen      total 516608K, used 224K [0x00000000e0400000, 0x0000000100000000, 0x0000000100000000)
  eden space 512512K, 0% used [0x00000000e0400000,0x00000000e0400000,0x00000000ff880000)
  from space 4096K, 5% used [0x00000000ffc00000,0x00000000ffc38000,0x0000000100000000)
  to   space 3584K, 0% used [0x00000000ff880000,0x00000000ff880000,0x00000000ffc00000)
 ParOldGen       total 1040384K, used 53655K [0x00000000a0c00000, 0x00000000e0400000, 0x00000000e0400000)
  object space 1040384K, 5% used [0x00000000a0c00000,0x00000000a4065ff0,0x00000000e0400000)
 Metaspace       used 13027K, capacity 13234K, committed 13312K, reserved 1060864K
  class space    used 1469K, capacity 1501K, committed 1536K, reserved 1048576K
}
{Heap before GC invocations=197 (full 0):
 PSYoungGen      total 516608K, used 512736K [0x00000000e0400000, 0x0000000100000000, 0x0000000100000000)
  eden space 512512K, 100% used [0x00000000e0400000,0x00000000ff880000,0x00000000ff880000)
  from space 4096K, 5% used [0x00000000ffc00000,0x00000000ffc38000,0x0000000100000000)
  to   space 3584K, 0% used [0x00000000ff880000,0x00000000ff880000,0x00000000ffc00000)
 ParOldGen       total 1040384K, used 53655K [0x00000000a0c00000, 0x00000000e0400000, 0x00000000e0400000)
  object space 1040384K, 5% used [0x00000000a0c00000,0x00000000a4065ff0,0x00000000e0400000)
 Metaspace       used 13027K, capacity 13234K, committed 13312K, reserved 1060864K
  class space    used 1469K, capacity 1501K, committed 1536K, reserved 1048576K
1358.703: [GC (Allocation Failure) [PSYoungGen: 512736K->192K(516096K)] 566391K->53871K(1556480K), 0.0016191 secs] [Times: user=0.00 sys=0.00, real=0.00 secs] 
Heap after GC invocations=197 (full 0):
 PSYoungGen      total 516096K, used 192K [0x00000000e0400000, 0x0000000100000000, 0x0000000100000000)
  eden space 512512K, 0% used [0x00000000e0400000,0x00000000e0400000,0x00000000ff880000)
  from space 3584K, 5% used [0x00000000ff880000,0x00000000ff8b0000,0x00000000ffc00000)
  to   space 3584K, 0% used [0x00000000ffc80000,0x00000000ffc80000,0x0000000100000000)
 ParOldGen       total 1040384K, used 53679K [0x00000000a0c00000, 0x00000000e0400000, 0x00000000e0400000)
  object space 1040384K, 5% used [0x00000000a0c00000,0x00000000a406bff0,0x00000000e0400000)
 Metaspace       used 13027K, capacity 13234K, committed 13312K, reserved 1060864K
  class space    used 1469K, capacity 1501K, committed 1536K, reserved 1048576K
}
{Heap before GC invocations=198 (full 0):
 PSYoungGen      total 516096K, used 512704K [0x00000000e0400000, 0x0000000100000000, 0x0000000100000000)
  eden space 512512K, 100% used [0x00000000e0400000,0x00000000ff880000,0x00000000ff880000)
  from space 3584K, 5% used [0x00000000ff880000,0x00000000ff8b0000,0x00000000ffc00000)
  to   space 3584K, 0% used [0x00000000ffc80000,0x00000000ffc80000,0x0000000100000000)
 ParOldGen       total 1040384K, used 53680K [0x00000000a0c00000, 0x00000000e0400000, 0x00000000e0400000)
  object space 1040384K, 5% used [0x00000000a0c00000,0x00000000a406c028,0x00000000e0400000)
 Metaspace       used 13027K, capacity 13234K, committed 13312K, reserved 1060864K
  class space    used 1469K, capacity 1501K, committed 1536K, reserved 1048576K
1365.545: [GC (GCLocker Initiated GC) [PSYoungGen: 512704K->1568K(516608K)] 566384K->55248K(1556992K), 0.0024918 secs] [Times: user=0.00 sys=0.00, real=0.00 secs] 
Heap after GC invocations=198 (full 0):
 PSYoungGen      total 516608K, used 1568K [0x00000000e0400000, 0x0000000100000000, 0x0000000100000000)
  eden space 513024K, 0% used [0x00000000e0400000,0x00000000e0400000,0x00000000ff900000)
  from space 3584K, 43% used [0x00000000ffc80000,0x00000000ffe08000,0x0000000100000000)
  to   space 3584K, 0% used [0x00000000ff900000,0x00000000ff900000,0x00000000ffc80000)
 ParOldGen       total 1040384K, used 53680K [0x00000000a0c00000, 0x00000000e0400000, 0x00000000e0400000)
  object space 1040384K, 5% used [0x00000000a0c00000,0x00000000a406c028,0x00000000e0400000)
 Metaspace       used 13027K, capacity 13234K, committed 13312K, reserved 1060864K
  class space    used 1469K, capacity 1501K, committed 1536K, reserved 1048576K
}
{Heap before GC invocations=199 (full 0):
 PSYoungGen      total 516608K, used 514592K [0x00000000e0400000, 0x0000000100000000, 0x0000000100000000)
  eden space 513024K, 100% used [0x00000000e0400000,0x00000000ff900000,0x00000000ff900000)
  from space 3584K, 43% used [0x00000000ffc80000,0x00000000ffe08000,0x0000000100000000)
  to   space 3584K, 0% used [0x00000000ff900000,0x00000000ff900000,0x00000000ffc80000)
 ParOldGen       total 1040384K, used 53683K [0x00000000a0c00000, 0x00000000e0400000, 0x00000000e0400000)
  object space 1040384K, 5% used [0x00000000a0c00000,0x00000000a406cce0,0x00000000e0400000)
 Metaspace       used 13027K, capacity 13234K, committed 13312K, reserved 1060864K
  class space    used 1469K, capacity 1501K, committed 1536K, reserved 1048576K
1372.531: [GC (Allocation Failure) [PSYoungGen: 514592K->224K(516608K)] 568275K->53923K(1556992K), 0.0013016 secs] [Times: user=0.00 sys=0.00, real=0.00 secs] 
Heap after GC invocations=199 (full 0):
 PSYoungGen      total 516608K, used 224K [0x00000000e0400000, 0x0000000100000000, 0x0000000100000000)
  eden space 513024K, 0% used [0x00000000e0400000,0x00000000e0400000,0x00000000ff900000)
  from space 3584K, 6% used [0x00000000ff900000,0x00000000ff938000,0x00000000ffc80000)
  to   space 3584K, 0% used [0x00000000ffc80000,0x00000000ffc80000,0x0000000100000000)
 ParOldGen       total 1040384K, used 53699K [0x00000000a0c00000, 0x00000000e0400000, 0x00000000e0400000)
  object space 1040384K, 5% used [0x00000000a0c00000,0x00000000a4070ce0,0x00000000e0400000)
 Metaspace       used 13027K, capacity 13234K, committed 13312K, reserved 1060864K
  class space    used 1469K, capacity 1501K, committed 1536K, reserved 1048576K
}
{Heap before GC invocations=200 (full 0):
 PSYoungGen      total 516608K, used 513248K [0x00000000e0400000, 0x0000000100000000, 0x0000000100000000)
  eden space 513024K, 100% used [0x00000000e0400000,0x00000000ff900000,0x00000000ff900000)
  from space 3584K, 6% used [0x00000000ff900000,0x00000000ff938000,0x00000000ffc80000)
  to   space 3584K, 0% used [0x00000000ffc80000,0x00000000ffc80000,0x0000000100000000)
 ParOldGen       total 1040384K, used 53699K [0x00000000a0c00000, 0x00000000e0400000, 0x00000000e0400000)
  object space 1040384K, 5% used [0x00000000a0c00000,0x00000000a4070ce0,0x00000000e0400000)
 Metaspace       used 13027K, capacity 13234K, committed 13312K, reserved 1060864K
  class space    used 1469K, capacity 1501K, committed 1536K, reserved 1048576K
1379.326: [GC (Allocation Failure) [PSYoungGen: 513248K->128K(517120K)] 566947K->53835K(1557504K), 0.0016387 secs] [Times: user=0.00 sys=0.00, real=0.00 secs] 
Heap after GC invocations=200 (full 0):
 PSYoungGen      total 517120K, used 128K [0x00000000e0400000, 0x0000000100000000, 0x0000000100000000)
  eden space 513536K, 0% used [0x00000000e0400000,0x00000000e0400000,0x00000000ff980000)
  from space 3584K, 3% used [0x00000000ffc80000,0x00000000ffca0000,0x0000000100000000)
  to   space 3072K, 0% used [0x00000000ff980000,0x00000000ff980000,0x00000000ffc80000)
 ParOldGen       total 1040384K, used 53707K [0x00000000a0c00000, 0x00000000e0400000, 0x00000000e0400000)
  object space 1040384K, 5% used [0x00000000a0c00000,0x00000000a4072ce0,0x00000000e0400000)
 Metaspace       used 13027K, capacity 13234K, committed 13312K, reserved 1060864K
  class space    used 1469K, capacity 1501K, committed 1536K, reserved 1048576K
}
{Heap before GC invocations=201 (full 0):
 PSYoungGen      total 517120K, used 513664K [0x00000000e0400000, 0x0000000100000000, 0x0000000100000000)
  eden space 513536K, 100% used [0x00000000e0400000,0x00000000ff980000,0x00000000ff980000)
  from space 3584K, 3% used [0x00000000ffc80000,0x00000000ffca0000,0x0000000100000000)
  to   space 3072K, 0% used [0x00000000ff980000,0x00000000ff980000,0x00000000ffc80000)
 ParOldGen       total 1040384K, used 53707K [0x00000000a0c00000, 0x00000000e0400000, 0x00000000e0400000)
  object space 1040384K, 5% used [0x00000000a0c00000,0x00000000a4072ce0,0x00000000e0400000)
 Metaspace       used 13027K, capacity 13234K, committed 13312K, reserved 1060864K
  class space    used 1469K, capacity 1501K, committed 1536K, reserved 1048576K
1386.193: [GC (Allocation Failure) [PSYoungGen: 513664K->64K(516608K)] 567371K->53787K(1556992K), 0.0017217 secs] [Times: user=0.00 sys=0.00, real=0.00 secs] 
Heap after GC invocations=201 (full 0):
 PSYoungGen      total 516608K, used 64K [0x00000000e0400000, 0x0000000100000000, 0x0000000100000000)
  eden space 513536K, 0% used [0x00000000e0400000,0x00000000e0400000,0x00000000ff980000)
  from space 3072K, 2% used [0x00000000ff980000,0x00000000ff990000,0x00000000ffc80000)
  to   space 3072K, 0% used [0x00000000ffd00000,0x00000000ffd00000,0x0000000100000000)
 ParOldGen       total 1040384K, used 53723K [0x00000000a0c00000, 0x00000000e0400000, 0x00000000e0400000)
  object space 1040384K, 5% used [0x00000000a0c00000,0x00000000a4076ce0,0x00000000e0400000)
 Metaspace       used 13027K, capacity 13234K, committed 13312K, reserved 1060864K
  class space    used 1469K, capacity 1501K, committed 1536K, reserved 1048576K
}
{Heap before GC invocations=202 (full 0):
 PSYoungGen      total 516608K, used 513600K [0x00000000e0400000, 0x0000000100000000, 0x0000000100000000)
  eden space 513536K, 100% used [0x00000000e0400000,0x00000000ff980000,0x00000000ff980000)
  from space 3072K, 2% used [0x00000000ff980000,0x00000000ff990000,0x00000000ffc80000)
  to   space 3072K, 0% used [0x00000000ffd00000,0x00000000ffd00000,0x0000000100000000)
 ParOldGen       total 1040384K, used 53723K [0x00000000a0c00000, 0x00000000e0400000, 0x00000000e0400000)
  object space 1040384K, 5% used [0x00000000a0c00000,0x00000000a4076ce0,0x00000000e0400000)
 Metaspace       used 13027K, capacity 13234K, committed 13312K, reserved 1060864K
  class space    used 1469K, capacity 1501K, committed 1536K, reserved 1048576K
1393.311: [GC (Allocation Failure) [PSYoungGen: 513600K->256K(517120K)] 567323K->53987K(1557504K), 0.0012524 secs] [Times: user=0.00 sys=0.00, real=0.00 secs] 
Heap after GC invocations=202 (full 0):
 PSYoungGen      total 517120K, used 256K [0x00000000e0400000, 0x0000000100000000, 0x0000000100000000)
  eden space 514048K, 0% used [0x00000000e0400000,0x00000000e0400000,0x00000000ffa00000)
  from space 3072K, 8% used [0x00000000ffd00000,0x00000000ffd40000,0x0000000100000000)
  to   space 3072K, 0% used [0x00000000ffa00000,0x00000000ffa00000,0x00000000ffd00000)
 ParOldGen       total 1040384K, used 53731K [0x00000000a0c00000, 0x00000000e0400000, 0x00000000e0400000)
  object space 1040384K, 5% used [0x00000000a0c00000,0x00000000a4078ce0,0x00000000e0400000)
 Metaspace       used 13027K, capacity 13234K, committed 13312K, reserved 1060864K
  class space    used 1469K, capacity 1501K, committed 1536K, reserved 1048576K
}
{Heap before GC invocations=203 (full 0):
 PSYoungGen      total 517120K, used 514304K [0x00000000e0400000, 0x0000000100000000, 0x0000000100000000)
  eden space 514048K, 100% used [0x00000000e0400000,0x00000000ffa00000,0x00000000ffa00000)
  from space 3072K, 8% used [0x00000000ffd00000,0x00000000ffd40000,0x0000000100000000)
  to   space 3072K, 0% used [0x00000000ffa00000,0x00000000ffa00000,0x00000000ffd00000)
 ParOldGen       total 1040384K, used 53731K [0x00000000a0c00000, 0x00000000e0400000, 0x00000000e0400000)
  object space 1040384K, 5% used [0x00000000a0c00000,0x00000000a4078ce0,0x00000000e0400000)
 Metaspace       used 13027K, capacity 13234K, committed 13312K, reserved 1060864K
  class space    used 1469K, capacity 1501K, committed 1536K, reserved 1048576K
1400.325: [GC (Allocation Failure) [PSYoungGen: 514304K->192K(517120K)] 568035K->53923K(1557504K), 0.0012611 secs] [Times: user=0.00 sys=0.00, real=0.00 secs] 
Heap after GC invocations=203 (full 0):
 PSYoungGen      total 517120K, used 192K [0x00000000e0400000, 0x0000000100000000, 0x0000000100000000)
  eden space 514048K, 0% used [0x00000000e0400000,0x00000000e0400000,0x00000000ffa00000)
  from space 3072K, 6% used [0x00000000ffa00000,0x00000000ffa30000,0x00000000ffd00000)
  to   space 2560K, 0% used [0x00000000ffd80000,0x00000000ffd80000,0x0000000100000000)
 ParOldGen       total 1040384K, used 53731K [0x00000000a0c00000, 0x00000000e0400000, 0x00000000e0400000)
  object space 1040384K, 5% used [0x00000000a0c00000,0x00000000a4078ce0,0x00000000e0400000)
 Metaspace       used 13027K, capacity 13234K, committed 13312K, reserved 1060864K
  class space    used 1469K, capacity 1501K, committed 1536K, reserved 1048576K
}
{Heap before GC invocations=204 (full 0):
 PSYoungGen      total 517120K, used 514240K [0x00000000e0400000, 0x0000000100000000, 0x0000000100000000)
  eden space 514048K, 100% used [0x00000000e0400000,0x00000000ffa00000,0x00000000ffa00000)
  from space 3072K, 6% used [0x00000000ffa00000,0x00000000ffa30000,0x00000000ffd00000)
  to   space 2560K, 0% used [0x00000000ffd80000,0x00000000ffd80000,0x0000000100000000)
 ParOldGen       total 1040384K, used 53731K [0x00000000a0c00000, 0x00000000e0400000, 0x00000000e0400000)
  object space 1040384K, 5% used [0x00000000a0c00000,0x00000000a4078ce0,0x00000000e0400000)
 Metaspace       used 13027K, capacity 13234K, committed 13312K, reserved 1060864K
  class space    used 1469K, capacity 1501K, committed 1536K, reserved 1048576K
1407.367: [GC (Allocation Failure) [PSYoungGen: 514240K->192K(517632K)] 567971K->53923K(1558016K), 0.0012810 secs] [Times: user=0.00 sys=0.00, real=0.00 secs] 
Heap after GC invocations=204 (full 0):
 PSYoungGen      total 517632K, used 192K [0x00000000e0400000, 0x0000000100000000, 0x0000000100000000)
  eden space 515072K, 0% used [0x00000000e0400000,0x00000000e0400000,0x00000000ffb00000)
  from space 2560K, 7% used [0x00000000ffd80000,0x00000000ffdb0000,0x0000000100000000)
  to   space 2560K, 0% used [0x00000000ffb00000,0x00000000ffb00000,0x00000000ffd80000)
 ParOldGen       total 1040384K, used 53731K [0x00000000a0c00000, 0x00000000e0400000, 0x00000000e0400000)
  object space 1040384K, 5% used [0x00000000a0c00000,0x00000000a4078ce0,0x00000000e0400000)
 Metaspace       used 13027K, capacity 13234K, committed 13312K, reserved 1060864K
  class space    used 1469K, capacity 1501K, committed 1536K, reserved 1048576K
}
{Heap before GC invocations=205 (full 0):
 PSYoungGen      total 517632K, used 515264K [0x00000000e0400000, 0x0000000100000000, 0x0000000100000000)
  eden space 515072K, 100% used [0x00000000e0400000,0x00000000ffb00000,0x00000000ffb00000)
  from space 2560K, 7% used [0x00000000ffd80000,0x00000000ffdb0000,0x0000000100000000)
  to   space 2560K, 0% used [0x00000000ffb00000,0x00000000ffb00000,0x00000000ffd80000)
 ParOldGen       total 1040384K, used 53731K [0x00000000a0c00000, 0x00000000e0400000, 0x00000000e0400000)
  object space 1040384K, 5% used [0x00000000a0c00000,0x00000000a4078ce0,0x00000000e0400000)
 Metaspace       used 13027K, capacity 13234K, committed 13312K, reserved 1060864K
  class space    used 1469K, capacity 1501K, committed 1536K, reserved 1048576K
1414.476: [GC (Allocation Failure) [PSYoungGen: 515264K->160K(517632K)] 568995K->53891K(1558016K), 0.0018415 secs] [Times: user=0.00 sys=0.00, real=0.00 secs] 
Heap after GC invocations=205 (full 0):
 PSYoungGen      total 517632K, used 160K [0x00000000e0400000, 0x0000000100000000, 0x0000000100000000)
  eden space 515072K, 0% used [0x00000000e0400000,0x00000000e0400000,0x00000000ffb00000)
  from space 2560K, 6% used [0x00000000ffb00000,0x00000000ffb28000,0x00000000ffd80000)
  to   space 2560K, 0% used [0x00000000ffd80000,0x00000000ffd80000,0x0000000100000000)
 ParOldGen       total 1040384K, used 53731K [0x00000000a0c00000, 0x00000000e0400000, 0x00000000e0400000)
  object space 1040384K, 5% used [0x00000000a0c00000,0x00000000a4078ce0,0x00000000e0400000)
 Metaspace       used 13027K, capacity 13234K, committed 13312K, reserved 1060864K
  class space    used 1469K, capacity 1501K, committed 1536K, reserved 1048576K
}
{Heap before GC invocations=206 (full 0):
 PSYoungGen      total 517632K, used 515232K [0x00000000e0400000, 0x0000000100000000, 0x0000000100000000)
  eden space 515072K, 100% used [0x00000000e0400000,0x00000000ffb00000,0x00000000ffb00000)
  from space 2560K, 6% used [0x00000000ffb00000,0x00000000ffb28000,0x00000000ffd80000)
  to   space 2560K, 0% used [0x00000000ffd80000,0x00000000ffd80000,0x0000000100000000)
 ParOldGen       total 1040384K, used 53731K [0x00000000a0c00000, 0x00000000e0400000, 0x00000000e0400000)
  object space 1040384K, 5% used [0x00000000a0c00000,0x00000000a4078ce0,0x00000000e0400000)
 Metaspace       used 13027K, capacity 13234K, committed 13312K, reserved 1060864K
  class space    used 1469K, capacity 1501K, committed 1536K, reserved 1048576K
1421.436: [GC (Allocation Failure) [PSYoungGen: 515232K->192K(517632K)] 568963K->53931K(1558016K), 0.0016228 secs] [Times: user=0.00 sys=0.00, real=0.00 secs] 
Heap after GC invocations=206 (full 0):
 PSYoungGen      total 517632K, used 192K [0x00000000e0400000, 0x0000000100000000, 0x0000000100000000)
  eden space 515072K, 0% used [0x00000000e0400000,0x00000000e0400000,0x00000000ffb00000)
  from space 2560K, 7% used [0x00000000ffd80000,0x00000000ffdb0000,0x0000000100000000)
  to   space 2560K, 0% used [0x00000000ffb00000,0x00000000ffb00000,0x00000000ffd80000)
 ParOldGen       total 1040384K, used 53739K [0x00000000a0c00000, 0x00000000e0400000, 0x00000000e0400000)
  object space 1040384K, 5% used [0x00000000a0c00000,0x00000000a407ace0,0x00000000e0400000)
 Metaspace       used 13027K, capacity 13234K, committed 13312K, reserved 1060864K
  class space    used 1469K, capacity 1501K, committed 1536K, reserved 1048576K
}
{Heap before GC invocations=207 (full 0):
 PSYoungGen      total 517632K, used 515264K [0x00000000e0400000, 0x0000000100000000, 0x0000000100000000)
  eden space 515072K, 100% used [0x00000000e0400000,0x00000000ffb00000,0x00000000ffb00000)
  from space 2560K, 7% used [0x00000000ffd80000,0x00000000ffdb0000,0x0000000100000000)
  to   space 2560K, 0% used [0x00000000ffb00000,0x00000000ffb00000,0x00000000ffd80000)
 ParOldGen       total 1040384K, used 53739K [0x00000000a0c00000, 0x00000000e0400000, 0x00000000e0400000)
  object space 1040384K, 5% used [0x00000000a0c00000,0x00000000a407ad40,0x00000000e0400000)
 Metaspace       used 13027K, capacity 13234K, committed 13312K, reserved 1060864K
  class space    used 1469K, capacity 1501K, committed 1536K, reserved 1048576K
1428.525: [GC (GCLocker Initiated GC) [PSYoungGen: 515264K->1440K(517632K)] 569003K->55179K(1558016K), 0.0017933 secs] [Times: user=0.00 sys=0.00, real=0.00 secs] 
Heap after GC invocations=207 (full 0):
 PSYoungGen      total 517632K, used 1440K [0x00000000e0400000, 0x0000000100000000, 0x0000000100000000)
  eden space 515072K, 0% used [0x00000000e0400000,0x00000000e0400000,0x00000000ffb00000)
  from space 2560K, 56% used [0x00000000ffb00000,0x00000000ffc68000,0x00000000ffd80000)
  to   space 2560K, 0% used [0x00000000ffd80000,0x00000000ffd80000,0x0000000100000000)
 ParOldGen       total 1040384K, used 53739K [0x00000000a0c00000, 0x00000000e0400000, 0x00000000e0400000)
  object space 1040384K, 5% used [0x00000000a0c00000,0x00000000a407ad40,0x00000000e0400000)
 Metaspace       used 13027K, capacity 13234K, committed 13312K, reserved 1060864K
  class space    used 1469K, capacity 1501K, committed 1536K, reserved 1048576K
}
{Heap before GC invocations=208 (full 0):
 PSYoungGen      total 517632K, used 516512K [0x00000000e0400000, 0x0000000100000000, 0x0000000100000000)
  eden space 515072K, 100% used [0x00000000e0400000,0x00000000ffb00000,0x00000000ffb00000)
  from space 2560K, 56% used [0x00000000ffb00000,0x00000000ffc68000,0x00000000ffd80000)
  to   space 2560K, 0% used [0x00000000ffd80000,0x00000000ffd80000,0x0000000100000000)
 ParOldGen       total 1040384K, used 53742K [0x00000000a0c00000, 0x00000000e0400000, 0x00000000e0400000)
  object space 1040384K, 5% used [0x00000000a0c00000,0x00000000a407bb58,0x00000000e0400000)
 Metaspace       used 13027K, capacity 13234K, committed 13312K, reserved 1060864K
  class space    used 1469K, capacity 1501K, committed 1536K, reserved 1048576K
1435.505: [GC (Allocation Failure) [PSYoungGen: 516512K->160K(517632K)] 570254K->53910K(1558016K), 0.0018191 secs] [Times: user=0.11 sys=0.00, real=0.00 secs] 
Heap after GC invocations=208 (full 0):
 PSYoungGen      total 517632K, used 160K [0x00000000e0400000, 0x0000000100000000, 0x0000000100000000)
  eden space 515072K, 0% used [0x00000000e0400000,0x00000000e0400000,0x00000000ffb00000)
  from space 2560K, 6% used [0x00000000ffd80000,0x00000000ffda8000,0x0000000100000000)
  to   space 2560K, 0% used [0x00000000ffb00000,0x00000000ffb00000,0x00000000ffd80000)
 ParOldGen       total 1040384K, used 53750K [0x00000000a0c00000, 0x00000000e0400000, 0x00000000e0400000)
  object space 1040384K, 5% used [0x00000000a0c00000,0x00000000a407db58,0x00000000e0400000)
 Metaspace       used 13027K, capacity 13234K, committed 13312K, reserved 1060864K
  class space    used 1469K, capacity 1501K, committed 1536K, reserved 1048576K
}
{Heap before GC invocations=209 (full 0):
 PSYoungGen      total 517632K, used 515232K [0x00000000e0400000, 0x0000000100000000, 0x0000000100000000)
  eden space 515072K, 100% used [0x00000000e0400000,0x00000000ffb00000,0x00000000ffb00000)
  from space 2560K, 6% used [0x00000000ffd80000,0x00000000ffda8000,0x0000000100000000)
  to   space 2560K, 0% used [0x00000000ffb00000,0x00000000ffb00000,0x00000000ffd80000)
 ParOldGen       total 1040384K, used 53750K [0x00000000a0c00000, 0x00000000e0400000, 0x00000000e0400000)
  object space 1040384K, 5% used [0x00000000a0c00000,0x00000000a407db58,0x00000000e0400000)
 Metaspace       used 13027K, capacity 13234K, committed 13312K, reserved 1060864K
  class space    used 1469K, capacity 1501K, committed 1536K, reserved 1048576K
1442.376: [GC (Allocation Failure) [PSYoungGen: 515232K->160K(517632K)] 568982K->53910K(1558016K), 0.0017286 secs] [Times: user=0.00 sys=0.00, real=0.00 secs] 
Heap after GC invocations=209 (full 0):
 PSYoungGen      total 517632K, used 160K [0x00000000e0400000, 0x0000000100000000, 0x0000000100000000)
  eden space 515072K, 0% used [0x00000000e0400000,0x00000000e0400000,0x00000000ffb00000)
  from space 2560K, 6% used [0x00000000ffb00000,0x00000000ffb28000,0x00000000ffd80000)
  to   space 2560K, 0% used [0x00000000ffd80000,0x00000000ffd80000,0x0000000100000000)
 ParOldGen       total 1040384K, used 53750K [0x00000000a0c00000, 0x00000000e0400000, 0x00000000e0400000)
  object space 1040384K, 5% used [0x00000000a0c00000,0x00000000a407db58,0x00000000e0400000)
 Metaspace       used 13027K, capacity 13234K, committed 13312K, reserved 1060864K
  class space    used 1469K, capacity 1501K, committed 1536K, reserved 1048576K
}
{Heap before GC invocations=210 (full 0):
 PSYoungGen      total 517632K, used 515232K [0x00000000e0400000, 0x0000000100000000, 0x0000000100000000)
  eden space 515072K, 100% used [0x00000000e0400000,0x00000000ffb00000,0x00000000ffb00000)
  from space 2560K, 6% used [0x00000000ffb00000,0x00000000ffb28000,0x00000000ffd80000)
  to   space 2560K, 0% used [0x00000000ffd80000,0x00000000ffd80000,0x0000000100000000)
 ParOldGen       total 1040384K, used 53750K [0x00000000a0c00000, 0x00000000e0400000, 0x00000000e0400000)
  object space 1040384K, 5% used [0x00000000a0c00000,0x00000000a407db58,0x00000000e0400000)
 Metaspace       used 13027K, capacity 13234K, committed 13312K, reserved 1060864K
  class space    used 1469K, capacity 1501K, committed 1536K, reserved 1048576K
1449.331: [GC (Allocation Failure) [PSYoungGen: 515232K->224K(518144K)] 568982K->53990K(1558528K), 0.0014347 secs] [Times: user=0.00 sys=0.00, real=0.00 secs] 
Heap after GC invocations=210 (full 0):
 PSYoungGen      total 518144K, used 224K [0x00000000e0400000, 0x0000000100000000, 0x0000000100000000)
  eden space 515584K, 0% used [0x00000000e0400000,0x00000000e0400000,0x00000000ffb80000)
  from space 2560K, 8% used [0x00000000ffd80000,0x00000000ffdb8000,0x0000000100000000)
  to   space 2048K, 0% used [0x00000000ffb80000,0x00000000ffb80000,0x00000000ffd80000)
 ParOldGen       total 1040384K, used 53766K [0x00000000a0c00000, 0x00000000e0400000, 0x00000000e0400000)
  object space 1040384K, 5% used [0x00000000a0c00000,0x00000000a4081b58,0x00000000e0400000)
 Metaspace       used 13027K, capacity 13234K, committed 13312K, reserved 1060864K
  class space    used 1469K, capacity 1501K, committed 1536K, reserved 1048576K
}
{Heap before GC invocations=211 (full 0):
 PSYoungGen      total 518144K, used 515808K [0x00000000e0400000, 0x0000000100000000, 0x0000000100000000)
  eden space 515584K, 100% used [0x00000000e0400000,0x00000000ffb80000,0x00000000ffb80000)
  from space 2560K, 8% used [0x00000000ffd80000,0x00000000ffdb8000,0x0000000100000000)
  to   space 2048K, 0% used [0x00000000ffb80000,0x00000000ffb80000,0x00000000ffd80000)
 ParOldGen       total 1040384K, used 53766K [0x00000000a0c00000, 0x00000000e0400000, 0x00000000e0400000)
  object space 1040384K, 5% used [0x00000000a0c00000,0x00000000a4081b58,0x00000000e0400000)
 Metaspace       used 13027K, capacity 13234K, committed 13312K, reserved 1060864K
  class space    used 1469K, capacity 1501K, committed 1536K, reserved 1048576K
1456.349: [GC (Allocation Failure) [PSYoungGen: 515808K->512K(517632K)] 569574K->54278K(1558016K), 0.0016104 secs] [Times: user=0.00 sys=0.00, real=0.00 secs] 
Heap after GC invocations=211 (full 0):
 PSYoungGen      total 517632K, used 512K [0x00000000e0400000, 0x0000000100000000, 0x0000000100000000)
  eden space 515584K, 0% used [0x00000000e0400000,0x00000000e0400000,0x00000000ffb80000)
  from space 2048K, 25% used [0x00000000ffb80000,0x00000000ffc00000,0x00000000ffd80000)
  to   space 2048K, 0% used [0x00000000ffe00000,0x00000000ffe00000,0x0000000100000000)
 ParOldGen       total 1040384K, used 53766K [0x00000000a0c00000, 0x00000000e0400000, 0x00000000e0400000)
  object space 1040384K, 5% used [0x00000000a0c00000,0x00000000a4081b58,0x00000000e0400000)
 Metaspace       used 13027K, capacity 13234K, committed 13312K, reserved 1060864K
  class space    used 1469K, capacity 1501K, committed 1536K, reserved 1048576K
}
{Heap before GC invocations=212 (full 0):
 PSYoungGen      total 517632K, used 516096K [0x00000000e0400000, 0x0000000100000000, 0x0000000100000000)
  eden space 515584K, 100% used [0x00000000e0400000,0x00000000ffb80000,0x00000000ffb80000)
  from space 2048K, 25% used [0x00000000ffb80000,0x00000000ffc00000,0x00000000ffd80000)
  to   space 2048K, 0% used [0x00000000ffe00000,0x00000000ffe00000,0x0000000100000000)
 ParOldGen       total 1040384K, used 53766K [0x00000000a0c00000, 0x00000000e0400000, 0x00000000e0400000)
  object space 1040384K, 5% used [0x00000000a0c00000,0x00000000a4081b58,0x00000000e0400000)
 Metaspace       used 13027K, capacity 13234K, committed 13312K, reserved 1060864K
  class space    used 1469K, capacity 1501K, committed 1536K, reserved 1048576K
1463.338: [GC (Allocation Failure) [PSYoungGen: 516096K->160K(518144K)] 569862K->53926K(1558528K), 0.0016207 secs] [Times: user=0.00 sys=0.00, real=0.00 secs] 
Heap after GC invocations=212 (full 0):
 PSYoungGen      total 518144K, used 160K [0x00000000e0400000, 0x0000000100000000, 0x0000000100000000)
  eden space 516096K, 0% used [0x00000000e0400000,0x00000000e0400000,0x00000000ffc00000)
  from space 2048K, 7% used [0x00000000ffe00000,0x00000000ffe28000,0x0000000100000000)
  to   space 2048K, 0% used [0x00000000ffc00000,0x00000000ffc00000,0x00000000ffe00000)
 ParOldGen       total 1040384K, used 53766K [0x00000000a0c00000, 0x00000000e0400000, 0x00000000e0400000)
  object space 1040384K, 5% used [0x00000000a0c00000,0x00000000a4081b58,0x00000000e0400000)
 Metaspace       used 13027K, capacity 13234K, committed 13312K, reserved 1060864K
  class space    used 1469K, capacity 1501K, committed 1536K, reserved 1048576K
}
{Heap before GC invocations=213 (full 0):
 PSYoungGen      total 518144K, used 516256K [0x00000000e0400000, 0x0000000100000000, 0x0000000100000000)
  eden space 516096K, 100% used [0x00000000e0400000,0x00000000ffc00000,0x00000000ffc00000)
  from space 2048K, 7% used [0x00000000ffe00000,0x00000000ffe28000,0x0000000100000000)
  to   space 2048K, 0% used [0x00000000ffc00000,0x00000000ffc00000,0x00000000ffe00000)
 ParOldGen       total 1040384K, used 53766K [0x00000000a0c00000, 0x00000000e0400000, 0x00000000e0400000)
  object space 1040384K, 5% used [0x00000000a0c00000,0x00000000a4081b58,0x00000000e0400000)
 Metaspace       used 13027K, capacity 13234K, committed 13312K, reserved 1060864K
  class space    used 1469K, capacity 1501K, committed 1536K, reserved 1048576K
1470.345: [GC (Allocation Failure) [PSYoungGen: 516256K->128K(518144K)] 570022K->53894K(1558528K), 0.0018063 secs] [Times: user=0.00 sys=0.00, real=0.00 secs] 
Heap after GC invocations=213 (full 0):
 PSYoungGen      total 518144K, used 128K [0x00000000e0400000, 0x0000000100000000, 0x0000000100000000)
  eden space 516096K, 0% used [0x00000000e0400000,0x00000000e0400000,0x00000000ffc00000)
  from space 2048K, 6% used [0x00000000ffc00000,0x00000000ffc20000,0x00000000ffe00000)
  to   space 2048K, 0% used [0x00000000ffe00000,0x00000000ffe00000,0x0000000100000000)
 ParOldGen       total 1040384K, used 53766K [0x00000000a0c00000, 0x00000000e0400000, 0x00000000e0400000)
  object space 1040384K, 5% used [0x00000000a0c00000,0x00000000a4081b58,0x00000000e0400000)
 Metaspace       used 13027K, capacity 13234K, committed 13312K, reserved 1060864K
  class space    used 1469K, capacity 1501K, committed 1536K, reserved 1048576K
}
{Heap before GC invocations=214 (full 0):
 PSYoungGen      total 518144K, used 516224K [0x00000000e0400000, 0x0000000100000000, 0x0000000100000000)
  eden space 516096K, 100% used [0x00000000e0400000,0x00000000ffc00000,0x00000000ffc00000)
  from space 2048K, 6% used [0x00000000ffc00000,0x00000000ffc20000,0x00000000ffe00000)
  to   space 2048K, 0% used [0x00000000ffe00000,0x00000000ffe00000,0x0000000100000000)
 ParOldGen       total 1040384K, used 53766K [0x00000000a0c00000, 0x00000000e0400000, 0x00000000e0400000)
  object space 1040384K, 5% used [0x00000000a0c00000,0x00000000a4081b58,0x00000000e0400000)
 Metaspace       used 13027K, capacity 13234K, committed 13312K, reserved 1060864K
  class space    used 1469K, capacity 1501K, committed 1536K, reserved 1048576K
1477.425: [GC (Allocation Failure) [PSYoungGen: 516224K->160K(518144K)] 569990K->53926K(1558528K), 0.0018452 secs] [Times: user=0.00 sys=0.02, real=0.00 secs] 
Heap after GC invocations=214 (full 0):
 PSYoungGen      total 518144K, used 160K [0x00000000e0400000, 0x0000000100000000, 0x0000000100000000)
  eden space 516096K, 0% used [0x00000000e0400000,0x00000000e0400000,0x00000000ffc00000)
  from space 2048K, 7% used [0x00000000ffe00000,0x00000000ffe28000,0x0000000100000000)
  to   space 2048K, 0% used [0x00000000ffc00000,0x00000000ffc00000,0x00000000ffe00000)
 ParOldGen       total 1040384K, used 53766K [0x00000000a0c00000, 0x00000000e0400000, 0x00000000e0400000)
  object space 1040384K, 5% used [0x00000000a0c00000,0x00000000a4081b58,0x00000000e0400000)
 Metaspace       used 13027K, capacity 13234K, committed 13312K, reserved 1060864K
  class space    used 1469K, capacity 1501K, committed 1536K, reserved 1048576K
}
{Heap before GC invocations=215 (full 0):
 PSYoungGen      total 518144K, used 516256K [0x00000000e0400000, 0x0000000100000000, 0x0000000100000000)
  eden space 516096K, 100% used [0x00000000e0400000,0x00000000ffc00000,0x00000000ffc00000)
  from space 2048K, 7% used [0x00000000ffe00000,0x00000000ffe28000,0x0000000100000000)
  to   space 2048K, 0% used [0x00000000ffc00000,0x00000000ffc00000,0x00000000ffe00000)
 ParOldGen       total 1040384K, used 53766K [0x00000000a0c00000, 0x00000000e0400000, 0x00000000e0400000)
  object space 1040384K, 5% used [0x00000000a0c00000,0x00000000a4081b58,0x00000000e0400000)
 Metaspace       used 13027K, capacity 13234K, committed 13312K, reserved 1060864K
  class space    used 1469K, capacity 1501K, committed 1536K, reserved 1048576K
1484.293: [GC (Allocation Failure) [PSYoungGen: 516256K->224K(518144K)] 570022K->53998K(1558528K), 0.0012487 secs] [Times: user=0.00 sys=0.00, real=0.00 secs] 
Heap after GC invocations=215 (full 0):
 PSYoungGen      total 518144K, used 224K [0x00000000e0400000, 0x0000000100000000, 0x0000000100000000)
  eden space 516096K, 0% used [0x00000000e0400000,0x00000000e0400000,0x00000000ffc00000)
  from space 2048K, 10% used [0x00000000ffc00000,0x00000000ffc38000,0x00000000ffe00000)
  to   space 1536K, 0% used [0x00000000ffe80000,0x00000000ffe80000,0x0000000100000000)
 ParOldGen       total 1040384K, used 53774K [0x00000000a0c00000, 0x00000000e0400000, 0x00000000e0400000)
  object space 1040384K, 5% used [0x00000000a0c00000,0x00000000a4083b58,0x00000000e0400000)
 Metaspace       used 13027K, capacity 13234K, committed 13312K, reserved 1060864K
  class space    used 1469K, capacity 1501K, committed 1536K, reserved 1048576K
}
{Heap before GC invocations=216 (full 0):
 PSYoungGen      total 518144K, used 516320K [0x00000000e0400000, 0x0000000100000000, 0x0000000100000000)
  eden space 516096K, 100% used [0x00000000e0400000,0x00000000ffc00000,0x00000000ffc00000)
  from space 2048K, 10% used [0x00000000ffc00000,0x00000000ffc38000,0x00000000ffe00000)
  to   space 1536K, 0% used [0x00000000ffe80000,0x00000000ffe80000,0x0000000100000000)
 ParOldGen       total 1040384K, used 53774K [0x00000000a0c00000, 0x00000000e0400000, 0x00000000e0400000)
  object space 1040384K, 5% used [0x00000000a0c00000,0x00000000a4083bb0,0x00000000e0400000)
 Metaspace       used 13027K, capacity 13234K, committed 13312K, reserved 1060864K
  class space    used 1469K, capacity 1501K, committed 1536K, reserved 1048576K
1491.218: [GC (GCLocker Initiated GC) [PSYoungGen: 516320K->1536K(516608K)] 570094K->56822K(1556992K), 0.0027739 secs] [Times: user=0.00 sys=0.00, real=0.00 secs] 
Heap after GC invocations=216 (full 0):
 PSYoungGen      total 516608K, used 1536K [0x00000000e0400000, 0x0000000100000000, 0x0000000100000000)
  eden space 515072K, 0% used [0x00000000e0400000,0x00000000e0400000,0x00000000ffb00000)
  from space 1536K, 100% used [0x00000000ffe80000,0x0000000100000000,0x0000000100000000)
  to   space 2560K, 0% used [0x00000000ffb00000,0x00000000ffb00000,0x00000000ffd80000)
 ParOldGen       total 1040384K, used 55286K [0x00000000a0c00000, 0x00000000e0400000, 0x00000000e0400000)
  object space 1040384K, 5% used [0x00000000a0c00000,0x00000000a41fdbb0,0x00000000e0400000)
 Metaspace       used 13027K, capacity 13234K, committed 13312K, reserved 1060864K
  class space    used 1469K, capacity 1501K, committed 1536K, reserved 1048576K
}
{Heap before GC invocations=217 (full 0):
 PSYoungGen      total 516608K, used 516608K [0x00000000e0400000, 0x0000000100000000, 0x0000000100000000)
  eden space 515072K, 100% used [0x00000000e0400000,0x00000000ffb00000,0x00000000ffb00000)
  from space 1536K, 100% used [0x00000000ffe80000,0x0000000100000000,0x0000000100000000)
  to   space 2560K, 0% used [0x00000000ffb00000,0x00000000ffb00000,0x00000000ffd80000)
 ParOldGen       total 1040384K, used 55290K [0x00000000a0c00000, 0x00000000e0400000, 0x00000000e0400000)
  object space 1040384K, 5% used [0x00000000a0c00000,0x00000000a41fe958,0x00000000e0400000)
 Metaspace       used 13027K, capacity 13234K, committed 13312K, reserved 1060864K
  class space    used 1469K, capacity 1501K, committed 1536K, reserved 1048576K
1498.166: [GC (Allocation Failure) [PSYoungGen: 516608K->128K(517632K)] 571898K->55434K(1558016K), 0.0016745 secs] [Times: user=0.00 sys=0.00, real=0.00 secs] 
Heap after GC invocations=217 (full 0):
 PSYoungGen      total 517632K, used 128K [0x00000000e0400000, 0x0000000100000000, 0x0000000100000000)
  eden space 515072K, 0% used [0x00000000e0400000,0x00000000e0400000,0x00000000ffb00000)
  from space 2560K, 5% used [0x00000000ffb00000,0x00000000ffb20000,0x00000000ffd80000)
  to   space 2560K, 0% used [0x00000000ffd80000,0x00000000ffd80000,0x0000000100000000)
 ParOldGen       total 1040384K, used 55306K [0x00000000a0c00000, 0x00000000e0400000, 0x00000000e0400000)
  object space 1040384K, 5% used [0x00000000a0c00000,0x00000000a4202958,0x00000000e0400000)
 Metaspace       used 13027K, capacity 13234K, committed 13312K, reserved 1060864K
  class space    used 1469K, capacity 1501K, committed 1536K, reserved 1048576K
}
{Heap before GC invocations=218 (full 0):
 PSYoungGen      total 517632K, used 515200K [0x00000000e0400000, 0x0000000100000000, 0x0000000100000000)
  eden space 515072K, 100% used [0x00000000e0400000,0x00000000ffb00000,0x00000000ffb00000)
  from space 2560K, 5% used [0x00000000ffb00000,0x00000000ffb20000,0x00000000ffd80000)
  to   space 2560K, 0% used [0x00000000ffd80000,0x00000000ffd80000,0x0000000100000000)
 ParOldGen       total 1040384K, used 55306K [0x00000000a0c00000, 0x00000000e0400000, 0x00000000e0400000)
  object space 1040384K, 5% used [0x00000000a0c00000,0x00000000a4202958,0x00000000e0400000)
 Metaspace       used 13027K, capacity 13234K, committed 13312K, reserved 1060864K
  class space    used 1469K, capacity 1501K, committed 1536K, reserved 1048576K
1505.127: [GC (Allocation Failure) [PSYoungGen: 515200K->192K(517632K)] 570506K->55514K(1558016K), 0.0018477 secs] [Times: user=0.00 sys=0.00, real=0.00 secs] 
Heap after GC invocations=218 (full 0):
 PSYoungGen      total 517632K, used 192K [0x00000000e0400000, 0x0000000100000000, 0x0000000100000000)
  eden space 515072K, 0% used [0x00000000e0400000,0x00000000e0400000,0x00000000ffb00000)
  from space 2560K, 7% used [0x00000000ffd80000,0x00000000ffdb0000,0x0000000100000000)
  to   space 2560K, 0% used [0x00000000ffb00000,0x00000000ffb00000,0x00000000ffd80000)
 ParOldGen       total 1040384K, used 55322K [0x00000000a0c00000, 0x00000000e0400000, 0x00000000e0400000)
  object space 1040384K, 5% used [0x00000000a0c00000,0x00000000a4206958,0x00000000e0400000)
 Metaspace       used 13027K, capacity 13234K, committed 13312K, reserved 1060864K
  class space    used 1469K, capacity 1501K, committed 1536K, reserved 1048576K
}
{Heap before GC invocations=219 (full 0):
 PSYoungGen      total 517632K, used 515264K [0x00000000e0400000, 0x0000000100000000, 0x0000000100000000)
  eden space 515072K, 100% used [0x00000000e0400000,0x00000000ffb00000,0x00000000ffb00000)
  from space 2560K, 7% used [0x00000000ffd80000,0x00000000ffdb0000,0x0000000100000000)
  to   space 2560K, 0% used [0x00000000ffb00000,0x00000000ffb00000,0x00000000ffd80000)
 ParOldGen       total 1040384K, used 55322K [0x00000000a0c00000, 0x00000000e0400000, 0x00000000e0400000)
  object space 1040384K, 5% used [0x00000000a0c00000,0x00000000a4206958,0x00000000e0400000)
 Metaspace       used 13028K, capacity 13234K, committed 13312K, reserved 1060864K
  class space    used 1469K, capacity 1501K, committed 1536K, reserved 1048576K
1512.149: [GC (Allocation Failure) [PSYoungGen: 515264K->224K(517632K)] 570586K->55562K(1558016K), 0.0012543 secs] [Times: user=0.00 sys=0.00, real=0.00 secs] 
Heap after GC invocations=219 (full 0):
 PSYoungGen      total 517632K, used 224K [0x00000000e0400000, 0x0000000100000000, 0x0000000100000000)
  eden space 515072K, 0% used [0x00000000e0400000,0x00000000e0400000,0x00000000ffb00000)
  from space 2560K, 8% used [0x00000000ffb00000,0x00000000ffb38000,0x00000000ffd80000)
  to   space 2560K, 0% used [0x00000000ffd80000,0x00000000ffd80000,0x0000000100000000)
 ParOldGen       total 1040384K, used 55338K [0x00000000a0c00000, 0x00000000e0400000, 0x00000000e0400000)
  object space 1040384K, 5% used [0x00000000a0c00000,0x00000000a420a958,0x00000000e0400000)
 Metaspace       used 13028K, capacity 13234K, committed 13312K, reserved 1060864K
  class space    used 1469K, capacity 1501K, committed 1536K, reserved 1048576K
}
{Heap before GC invocations=220 (full 0):
 PSYoungGen      total 517632K, used 515296K [0x00000000e0400000, 0x0000000100000000, 0x0000000100000000)
  eden space 515072K, 100% used [0x00000000e0400000,0x00000000ffb00000,0x00000000ffb00000)
  from space 2560K, 8% used [0x00000000ffb00000,0x00000000ffb38000,0x00000000ffd80000)
  to   space 2560K, 0% used [0x00000000ffd80000,0x00000000ffd80000,0x0000000100000000)
 ParOldGen       total 1040384K, used 55338K [0x00000000a0c00000, 0x00000000e0400000, 0x00000000e0400000)
  object space 1040384K, 5% used [0x00000000a0c00000,0x00000000a420a958,0x00000000e0400000)
 Metaspace       used 13028K, capacity 13234K, committed 13312K, reserved 1060864K
  class space    used 1469K, capacity 1501K, committed 1536K, reserved 1048576K
1519.081: [GC (Allocation Failure) [PSYoungGen: 515296K->320K(518144K)] 570634K->55658K(1558528K), 0.0012832 secs] [Times: user=0.00 sys=0.00, real=0.00 secs] 
Heap after GC invocations=220 (full 0):
 PSYoungGen      total 518144K, used 320K [0x00000000e0400000, 0x0000000100000000, 0x0000000100000000)
  eden space 515584K, 0% used [0x00000000e0400000,0x00000000e0400000,0x00000000ffb80000)
  from space 2560K, 12% used [0x00000000ffd80000,0x00000000ffdd0000,0x0000000100000000)
  to   space 2048K, 0% used [0x00000000ffb80000,0x00000000ffb80000,0x00000000ffd80000)
 ParOldGen       total 1040384K, used 55338K [0x00000000a0c00000, 0x00000000e0400000, 0x00000000e0400000)
  object space 1040384K, 5% used [0x00000000a0c00000,0x00000000a420a958,0x00000000e0400000)
 Metaspace       used 13028K, capacity 13234K, committed 13312K, reserved 1060864K
  class space    used 1469K, capacity 1501K, committed 1536K, reserved 1048576K
}
{Heap before GC invocations=221 (full 0):
 PSYoungGen      total 518144K, used 515904K [0x00000000e0400000, 0x0000000100000000, 0x0000000100000000)
  eden space 515584K, 100% used [0x00000000e0400000,0x00000000ffb80000,0x00000000ffb80000)
  from space 2560K, 12% used [0x00000000ffd80000,0x00000000ffdd0000,0x0000000100000000)
  to   space 2048K, 0% used [0x00000000ffb80000,0x00000000ffb80000,0x00000000ffd80000)
 ParOldGen       total 1040384K, used 55338K [0x00000000a0c00000, 0x00000000e0400000, 0x00000000e0400000)
  object space 1040384K, 5% used [0x00000000a0c00000,0x00000000a420a958,0x00000000e0400000)
 Metaspace       used 13028K, capacity 13234K, committed 13312K, reserved 1060864K
  class space    used 1469K, capacity 1501K, committed 1536K, reserved 1048576K
1526.038: [GC (Allocation Failure) [PSYoungGen: 515904K->128K(517632K)] 571242K->55466K(1558016K), 0.0015927 secs] [Times: user=0.00 sys=0.00, real=0.00 secs] 
Heap after GC invocations=221 (full 0):
 PSYoungGen      total 517632K, used 128K [0x00000000e0400000, 0x0000000100000000, 0x0000000100000000)
  eden space 515584K, 0% used [0x00000000e0400000,0x00000000e0400000,0x00000000ffb80000)
  from space 2048K, 6% used [0x00000000ffb80000,0x00000000ffba0000,0x00000000ffd80000)
  to   space 2048K, 0% used [0x00000000ffe00000,0x00000000ffe00000,0x0000000100000000)
 ParOldGen       total 1040384K, used 55338K [0x00000000a0c00000, 0x00000000e0400000, 0x00000000e0400000)
  object space 1040384K, 5% used [0x00000000a0c00000,0x00000000a420a958,0x00000000e0400000)
 Metaspace       used 13028K, capacity 13234K, committed 13312K, reserved 1060864K
  class space    used 1469K, capacity 1501K, committed 1536K, reserved 1048576K
}
{Heap before GC invocations=222 (full 0):
 PSYoungGen      total 517632K, used 515712K [0x00000000e0400000, 0x0000000100000000, 0x0000000100000000)
  eden space 515584K, 100% used [0x00000000e0400000,0x00000000ffb80000,0x00000000ffb80000)
  from space 2048K, 6% used [0x00000000ffb80000,0x00000000ffba0000,0x00000000ffd80000)
  to   space 2048K, 0% used [0x00000000ffe00000,0x00000000ffe00000,0x0000000100000000)
 ParOldGen       total 1040384K, used 55338K [0x00000000a0c00000, 0x00000000e0400000, 0x00000000e0400000)
  object space 1040384K, 5% used [0x00000000a0c00000,0x00000000a420a958,0x00000000e0400000)
 Metaspace       used 13028K, capacity 13234K, committed 13312K, reserved 1060864K
  class space    used 1469K, capacity 1501K, committed 1536K, reserved 1048576K
1532.983: [GC (Allocation Failure) [PSYoungGen: 515712K->192K(518144K)] 571050K->55530K(1558528K), 0.0018241 secs] [Times: user=0.00 sys=0.00, real=0.00 secs] 
Heap after GC invocations=222 (full 0):
 PSYoungGen      total 518144K, used 192K [0x00000000e0400000, 0x0000000100000000, 0x0000000100000000)
  eden space 516096K, 0% used [0x00000000e0400000,0x00000000e0400000,0x00000000ffc00000)
  from space 2048K, 9% used [0x00000000ffe00000,0x00000000ffe30000,0x0000000100000000)
  to   space 2048K, 0% used [0x00000000ffc00000,0x00000000ffc00000,0x00000000ffe00000)
 ParOldGen       total 1040384K, used 55338K [0x00000000a0c00000, 0x00000000e0400000, 0x00000000e0400000)
  object space 1040384K, 5% used [0x00000000a0c00000,0x00000000a420a958,0x00000000e0400000)
 Metaspace       used 13028K, capacity 13234K, committed 13312K, reserved 1060864K
  class space    used 1469K, capacity 1501K, committed 1536K, reserved 1048576K
}
{Heap before GC invocations=223 (full 0):
 PSYoungGen      total 518144K, used 516288K [0x00000000e0400000, 0x0000000100000000, 0x0000000100000000)
  eden space 516096K, 100% used [0x00000000e0400000,0x00000000ffc00000,0x00000000ffc00000)
  from space 2048K, 9% used [0x00000000ffe00000,0x00000000ffe30000,0x0000000100000000)
  to   space 2048K, 0% used [0x00000000ffc00000,0x00000000ffc00000,0x00000000ffe00000)
 ParOldGen       total 1040384K, used 55338K [0x00000000a0c00000, 0x00000000e0400000, 0x00000000e0400000)
  object space 1040384K, 5% used [0x00000000a0c00000,0x00000000a420a958,0x00000000e0400000)
 Metaspace       used 13028K, capacity 13234K, committed 13312K, reserved 1060864K
  class space    used 1469K, capacity 1501K, committed 1536K, reserved 1048576K
1539.836: [GC (Allocation Failure) [PSYoungGen: 516288K->96K(518144K)] 571626K->55442K(1558528K), 0.0018051 secs] [Times: user=0.00 sys=0.00, real=0.00 secs] 
Heap after GC invocations=223 (full 0):
 PSYoungGen      total 518144K, used 96K [0x00000000e0400000, 0x0000000100000000, 0x0000000100000000)
  eden space 516096K, 0% used [0x00000000e0400000,0x00000000e0400000,0x00000000ffc00000)
  from space 2048K, 4% used [0x00000000ffc00000,0x00000000ffc18000,0x00000000ffe00000)
  to   space 2048K, 0% used [0x00000000ffe00000,0x00000000ffe00000,0x0000000100000000)
 ParOldGen       total 1040384K, used 55346K [0x00000000a0c00000, 0x00000000e0400000, 0x00000000e0400000)
  object space 1040384K, 5% used [0x00000000a0c00000,0x00000000a420c958,0x00000000e0400000)
 Metaspace       used 13028K, capacity 13234K, committed 13312K, reserved 1060864K
  class space    used 1469K, capacity 1501K, committed 1536K, reserved 1048576K
}
{Heap before GC invocations=224 (full 0):
 PSYoungGen      total 518144K, used 516192K [0x00000000e0400000, 0x0000000100000000, 0x0000000100000000)
  eden space 516096K, 100% used [0x00000000e0400000,0x00000000ffc00000,0x00000000ffc00000)
  from space 2048K, 4% used [0x00000000ffc00000,0x00000000ffc18000,0x00000000ffe00000)
  to   space 2048K, 0% used [0x00000000ffe00000,0x00000000ffe00000,0x0000000100000000)
 ParOldGen       total 1040384K, used 55346K [0x00000000a0c00000, 0x00000000e0400000, 0x00000000e0400000)
  object space 1040384K, 5% used [0x00000000a0c00000,0x00000000a420c958,0x00000000e0400000)
 Metaspace       used 13028K, capacity 13234K, committed 13312K, reserved 1060864K
  class space    used 1469K, capacity 1501K, committed 1536K, reserved 1048576K
1546.769: [GC (Allocation Failure) [PSYoungGen: 516192K->224K(518144K)] 571538K->55570K(1558528K), 0.0017326 secs] [Times: user=0.02 sys=0.00, real=0.00 secs] 
Heap after GC invocations=224 (full 0):
 PSYoungGen      total 518144K, used 224K [0x00000000e0400000, 0x0000000100000000, 0x0000000100000000)
  eden space 516096K, 0% used [0x00000000e0400000,0x00000000e0400000,0x00000000ffc00000)
  from space 2048K, 10% used [0x00000000ffe00000,0x00000000ffe38000,0x0000000100000000)
  to   space 2048K, 0% used [0x00000000ffc00000,0x00000000ffc00000,0x00000000ffe00000)
 ParOldGen       total 1040384K, used 55346K [0x00000000a0c00000, 0x00000000e0400000, 0x00000000e0400000)
  object space 1040384K, 5% used [0x00000000a0c00000,0x00000000a420c958,0x00000000e0400000)
 Metaspace       used 13028K, capacity 13234K, committed 13312K, reserved 1060864K
  class space    used 1469K, capacity 1501K, committed 1536K, reserved 1048576K
}
{Heap before GC invocations=225 (full 0):
 PSYoungGen      total 518144K, used 516320K [0x00000000e0400000, 0x0000000100000000, 0x0000000100000000)
  eden space 516096K, 100% used [0x00000000e0400000,0x00000000ffc00000,0x00000000ffc00000)
  from space 2048K, 10% used [0x00000000ffe00000,0x00000000ffe38000,0x0000000100000000)
  to   space 2048K, 0% used [0x00000000ffc00000,0x00000000ffc00000,0x00000000ffe00000)
 ParOldGen       total 1040384K, used 55346K [0x00000000a0c00000, 0x00000000e0400000, 0x00000000e0400000)
  object space 1040384K, 5% used [0x00000000a0c00000,0x00000000a420c978,0x00000000e0400000)
 Metaspace       used 13028K, capacity 13234K, committed 13312K, reserved 1060864K
  class space    used 1469K, capacity 1501K, committed 1536K, reserved 1048576K
1553.663: [GC (GCLocker Initiated GC) [PSYoungGen: 516320K->1248K(518144K)] 571666K->56594K(1558528K), 0.0018542 secs] [Times: user=0.00 sys=0.00, real=0.00 secs] 
Heap after GC invocations=225 (full 0):
 PSYoungGen      total 518144K, used 1248K [0x00000000e0400000, 0x0000000100000000, 0x0000000100000000)
  eden space 516096K, 0% used [0x00000000e0400000,0x00000000e0400000,0x00000000ffc00000)
  from space 2048K, 60% used [0x00000000ffc00000,0x00000000ffd38000,0x00000000ffe00000)
  to   space 2048K, 0% used [0x00000000ffe00000,0x00000000ffe00000,0x0000000100000000)
 ParOldGen       total 1040384K, used 55346K [0x00000000a0c00000, 0x00000000e0400000, 0x00000000e0400000)
  object space 1040384K, 5% used [0x00000000a0c00000,0x00000000a420c978,0x00000000e0400000)
 Metaspace       used 13028K, capacity 13234K, committed 13312K, reserved 1060864K
  class space    used 1469K, capacity 1501K, committed 1536K, reserved 1048576K
}
{Heap before GC invocations=226 (full 0):
 PSYoungGen      total 518144K, used 517344K [0x00000000e0400000, 0x0000000100000000, 0x0000000100000000)
  eden space 516096K, 100% used [0x00000000e0400000,0x00000000ffc00000,0x00000000ffc00000)
  from space 2048K, 60% used [0x00000000ffc00000,0x00000000ffd38000,0x00000000ffe00000)
  to   space 2048K, 0% used [0x00000000ffe00000,0x00000000ffe00000,0x0000000100000000)
 ParOldGen       total 1040384K, used 55349K [0x00000000a0c00000, 0x00000000e0400000, 0x00000000e0400000)
  object space 1040384K, 5% used [0x00000000a0c00000,0x00000000a420d570,0x00000000e0400000)
 Metaspace       used 13028K, capacity 13234K, committed 13312K, reserved 1060864K
  class space    used 1469K, capacity 1501K, committed 1536K, reserved 1048576K
1560.672: [GC (Allocation Failure) [PSYoungGen: 517344K->192K(518144K)] 572693K->55557K(1558528K), 0.0016247 secs] [Times: user=0.00 sys=0.00, real=0.00 secs] 
Heap after GC invocations=226 (full 0):
 PSYoungGen      total 518144K, used 192K [0x00000000e0400000, 0x0000000100000000, 0x0000000100000000)
  eden space 516096K, 0% used [0x00000000e0400000,0x00000000e0400000,0x00000000ffc00000)
  from space 2048K, 9% used [0x00000000ffe00000,0x00000000ffe30000,0x0000000100000000)
  to   space 2048K, 0% used [0x00000000ffc00000,0x00000000ffc00000,0x00000000ffe00000)
 ParOldGen       total 1040384K, used 55365K [0x00000000a0c00000, 0x00000000e0400000, 0x00000000e0400000)
  object space 1040384K, 5% used [0x00000000a0c00000,0x00000000a4211570,0x00000000e0400000)
 Metaspace       used 13028K, capacity 13234K, committed 13312K, reserved 1060864K
  class space    used 1469K, capacity 1501K, committed 1536K, reserved 1048576K
}
{Heap before GC invocations=227 (full 0):
 PSYoungGen      total 518144K, used 516288K [0x00000000e0400000, 0x0000000100000000, 0x0000000100000000)
  eden space 516096K, 100% used [0x00000000e0400000,0x00000000ffc00000,0x00000000ffc00000)
  from space 2048K, 9% used [0x00000000ffe00000,0x00000000ffe30000,0x0000000100000000)
  to   space 2048K, 0% used [0x00000000ffc00000,0x00000000ffc00000,0x00000000ffe00000)
 ParOldGen       total 1040384K, used 55365K [0x00000000a0c00000, 0x00000000e0400000, 0x00000000e0400000)
  object space 1040384K, 5% used [0x00000000a0c00000,0x00000000a4211570,0x00000000e0400000)
 Metaspace       used 13029K, capacity 13234K, committed 13312K, reserved 1060864K
  class space    used 1469K, capacity 1501K, committed 1536K, reserved 1048576K
1567.590: [GC (Allocation Failure) [PSYoungGen: 516288K->224K(518144K)] 571653K->55605K(1558528K), 0.0015715 secs] [Times: user=0.00 sys=0.00, real=0.00 secs] 
Heap after GC invocations=227 (full 0):
 PSYoungGen      total 518144K, used 224K [0x00000000e0400000, 0x0000000100000000, 0x0000000100000000)
  eden space 516096K, 0% used [0x00000000e0400000,0x00000000e0400000,0x00000000ffc00000)
  from space 2048K, 10% used [0x00000000ffc00000,0x00000000ffc38000,0x00000000ffe00000)
  to   space 2048K, 0% used [0x00000000ffe00000,0x00000000ffe00000,0x0000000100000000)
 ParOldGen       total 1040384K, used 55381K [0x00000000a0c00000, 0x00000000e0400000, 0x00000000e0400000)
  object space 1040384K, 5% used [0x00000000a0c00000,0x00000000a4215570,0x00000000e0400000)
 Metaspace       used 13029K, capacity 13234K, committed 13312K, reserved 1060864K
  class space    used 1469K, capacity 1501K, committed 1536K, reserved 1048576K
}
{Heap before GC invocations=228 (full 0):
 PSYoungGen      total 518144K, used 516320K [0x00000000e0400000, 0x0000000100000000, 0x0000000100000000)
  eden space 516096K, 100% used [0x00000000e0400000,0x00000000ffc00000,0x00000000ffc00000)
  from space 2048K, 10% used [0x00000000ffc00000,0x00000000ffc38000,0x00000000ffe00000)
  to   space 2048K, 0% used [0x00000000ffe00000,0x00000000ffe00000,0x0000000100000000)
 ParOldGen       total 1040384K, used 55381K [0x00000000a0c00000, 0x00000000e0400000, 0x00000000e0400000)
  object space 1040384K, 5% used [0x00000000a0c00000,0x00000000a4215570,0x00000000e0400000)
 Metaspace       used 13029K, capacity 13234K, committed 13312K, reserved 1060864K
  class space    used 1469K, capacity 1501K, committed 1536K, reserved 1048576K
1574.650: [GC (Allocation Failure) [PSYoungGen: 516320K->96K(518656K)] 571701K->55493K(1559040K), 0.0014341 secs] [Times: user=0.00 sys=0.00, real=0.00 secs] 
Heap after GC invocations=228 (full 0):
 PSYoungGen      total 518656K, used 96K [0x00000000e0400000, 0x0000000100000000, 0x0000000100000000)
  eden space 516608K, 0% used [0x00000000e0400000,0x00000000e0400000,0x00000000ffc80000)
  from space 2048K, 4% used [0x00000000ffe00000,0x00000000ffe18000,0x0000000100000000)
  to   space 1536K, 0% used [0x00000000ffc80000,0x00000000ffc80000,0x00000000ffe00000)
 ParOldGen       total 1040384K, used 55397K [0x00000000a0c00000, 0x00000000e0400000, 0x00000000e0400000)
  object space 1040384K, 5% used [0x00000000a0c00000,0x00000000a4219570,0x00000000e0400000)
 Metaspace       used 13029K, capacity 13234K, committed 13312K, reserved 1060864K
  class space    used 1469K, capacity 1501K, committed 1536K, reserved 1048576K
}
{Heap before GC invocations=229 (full 0):
 PSYoungGen      total 518656K, used 516704K [0x00000000e0400000, 0x0000000100000000, 0x0000000100000000)
  eden space 516608K, 100% used [0x00000000e0400000,0x00000000ffc80000,0x00000000ffc80000)
  from space 2048K, 4% used [0x00000000ffe00000,0x00000000ffe18000,0x0000000100000000)
  to   space 1536K, 0% used [0x00000000ffc80000,0x00000000ffc80000,0x00000000ffe00000)
 ParOldGen       total 1040384K, used 55397K [0x00000000a0c00000, 0x00000000e0400000, 0x00000000e0400000)
  object space 1040384K, 5% used [0x00000000a0c00000,0x00000000a4219570,0x00000000e0400000)
 Metaspace       used 13029K, capacity 13234K, committed 13312K, reserved 1060864K
  class space    used 1469K, capacity 1501K, committed 1536K, reserved 1048576K
1581.608: [GC (Allocation Failure) [PSYoungGen: 516704K->192K(518144K)] 572101K->55589K(1558528K), 0.0013031 secs] [Times: user=0.00 sys=0.00, real=0.00 secs] 
Heap after GC invocations=229 (full 0):
 PSYoungGen      total 518144K, used 192K [0x00000000e0400000, 0x0000000100000000, 0x0000000100000000)
  eden space 516608K, 0% used [0x00000000e0400000,0x00000000e0400000,0x00000000ffc80000)
  from space 1536K, 12% used [0x00000000ffc80000,0x00000000ffcb0000,0x00000000ffe00000)
  to   space 1536K, 0% used [0x00000000ffe80000,0x00000000ffe80000,0x0000000100000000)
 ParOldGen       total 1040384K, used 55397K [0x00000000a0c00000, 0x00000000e0400000, 0x00000000e0400000)
  object space 1040384K, 5% used [0x00000000a0c00000,0x00000000a4219570,0x00000000e0400000)
 Metaspace       used 13029K, capacity 13234K, committed 13312K, reserved 1060864K
  class space    used 1469K, capacity 1501K, committed 1536K, reserved 1048576K
}
{Heap before GC invocations=230 (full 0):
 PSYoungGen      total 518144K, used 516800K [0x00000000e0400000, 0x0000000100000000, 0x0000000100000000)
  eden space 516608K, 100% used [0x00000000e0400000,0x00000000ffc80000,0x00000000ffc80000)
  from space 1536K, 12% used [0x00000000ffc80000,0x00000000ffcb0000,0x00000000ffe00000)
  to   space 1536K, 0% used [0x00000000ffe80000,0x00000000ffe80000,0x0000000100000000)
 ParOldGen       total 1040384K, used 55397K [0x00000000a0c00000, 0x00000000e0400000, 0x00000000e0400000)
  object space 1040384K, 5% used [0x00000000a0c00000,0x00000000a4219570,0x00000000e0400000)
 Metaspace       used 13029K, capacity 13234K, committed 13312K, reserved 1060864K
  class space    used 1469K, capacity 1501K, committed 1536K, reserved 1048576K
1588.619: [GC (Allocation Failure) [PSYoungGen: 516800K->1536K(517632K)] 572197K->57213K(1558016K), 0.0025702 secs] [Times: user=0.00 sys=0.00, real=0.00 secs] 
Heap after GC invocations=230 (full 0):
 PSYoungGen      total 517632K, used 1536K [0x00000000e0400000, 0x0000000100000000, 0x0000000100000000)
  eden space 516096K, 0% used [0x00000000e0400000,0x00000000e0400000,0x00000000ffc00000)
  from space 1536K, 100% used [0x00000000ffe80000,0x0000000100000000,0x0000000100000000)
  to   space 2048K, 0% used [0x00000000ffc00000,0x00000000ffc00000,0x00000000ffe00000)
 ParOldGen       total 1040384K, used 55677K [0x00000000a0c00000, 0x00000000e0400000, 0x00000000e0400000)
  object space 1040384K, 5% used [0x00000000a0c00000,0x00000000a425f570,0x00000000e0400000)
 Metaspace       used 13029K, capacity 13234K, committed 13312K, reserved 1060864K
  class space    used 1469K, capacity 1501K, committed 1536K, reserved 1048576K
}
{Heap before GC invocations=231 (full 0):
 PSYoungGen      total 517632K, used 517632K [0x00000000e0400000, 0x0000000100000000, 0x0000000100000000)
  eden space 516096K, 100% used [0x00000000e0400000,0x00000000ffc00000,0x00000000ffc00000)
  from space 1536K, 100% used [0x00000000ffe80000,0x0000000100000000,0x0000000100000000)
  to   space 2048K, 0% used [0x00000000ffc00000,0x00000000ffc00000,0x00000000ffe00000)
 ParOldGen       total 1040384K, used 55677K [0x00000000a0c00000, 0x00000000e0400000, 0x00000000e0400000)
  object space 1040384K, 5% used [0x00000000a0c00000,0x00000000a425f570,0x00000000e0400000)
 Metaspace       used 13029K, capacity 13234K, committed 13312K, reserved 1060864K
  class space    used 1469K, capacity 1501K, committed 1536K, reserved 1048576K
1595.444: [GC (Allocation Failure) [PSYoungGen: 517632K->160K(518144K)] 573309K->55861K(1558528K), 0.0019733 secs] [Times: user=0.00 sys=0.00, real=0.00 secs] 
Heap after GC invocations=231 (full 0):
 PSYoungGen      total 518144K, used 160K [0x00000000e0400000, 0x0000000100000000, 0x0000000100000000)
  eden space 516096K, 0% used [0x00000000e0400000,0x00000000e0400000,0x00000000ffc00000)
  from space 2048K, 7% used [0x00000000ffc00000,0x00000000ffc28000,0x00000000ffe00000)
  to   space 2048K, 0% used [0x00000000ffe00000,0x00000000ffe00000,0x0000000100000000)
 ParOldGen       total 1040384K, used 55701K [0x00000000a0c00000, 0x00000000e0400000, 0x00000000e0400000)
  object space 1040384K, 5% used [0x00000000a0c00000,0x00000000a4265570,0x00000000e0400000)
 Metaspace       used 13029K, capacity 13234K, committed 13312K, reserved 1060864K
  class space    used 1469K, capacity 1501K, committed 1536K, reserved 1048576K
}
{Heap before GC invocations=232 (full 0):
 PSYoungGen      total 518144K, used 516256K [0x00000000e0400000, 0x0000000100000000, 0x0000000100000000)
  eden space 516096K, 100% used [0x00000000e0400000,0x00000000ffc00000,0x00000000ffc00000)
  from space 2048K, 7% used [0x00000000ffc00000,0x00000000ffc28000,0x00000000ffe00000)
  to   space 2048K, 0% used [0x00000000ffe00000,0x00000000ffe00000,0x0000000100000000)
 ParOldGen       total 1040384K, used 55701K [0x00000000a0c00000, 0x00000000e0400000, 0x00000000e0400000)
  object space 1040384K, 5% used [0x00000000a0c00000,0x00000000a4265570,0x00000000e0400000)
 Metaspace       used 13029K, capacity 13234K, committed 13312K, reserved 1060864K
  class space    used 1469K, capacity 1501K, committed 1536K, reserved 1048576K
1602.395: [GC (Allocation Failure) [PSYoungGen: 516256K->192K(518144K)] 571957K->55901K(1558528K), 0.0017062 secs] [Times: user=0.11 sys=0.00, real=0.00 secs] 
Heap after GC invocations=232 (full 0):
 PSYoungGen      total 518144K, used 192K [0x00000000e0400000, 0x0000000100000000, 0x0000000100000000)
  eden space 516096K, 0% used [0x00000000e0400000,0x00000000e0400000,0x00000000ffc00000)
  from space 2048K, 9% used [0x00000000ffe00000,0x00000000ffe30000,0x0000000100000000)
  to   space 2048K, 0% used [0x00000000ffc00000,0x00000000ffc00000,0x00000000ffe00000)
 ParOldGen       total 1040384K, used 55709K [0x00000000a0c00000, 0x00000000e0400000, 0x00000000e0400000)
  object space 1040384K, 5% used [0x00000000a0c00000,0x00000000a4267570,0x00000000e0400000)
 Metaspace       used 13029K, capacity 13234K, committed 13312K, reserved 1060864K
  class space    used 1469K, capacity 1501K, committed 1536K, reserved 1048576K
}
{Heap before GC invocations=233 (full 0):
 PSYoungGen      total 518144K, used 516288K [0x00000000e0400000, 0x0000000100000000, 0x0000000100000000)
  eden space 516096K, 100% used [0x00000000e0400000,0x00000000ffc00000,0x00000000ffc00000)
  from space 2048K, 9% used [0x00000000ffe00000,0x00000000ffe30000,0x0000000100000000)
  to   space 2048K, 0% used [0x00000000ffc00000,0x00000000ffc00000,0x00000000ffe00000)
 ParOldGen       total 1040384K, used 55709K [0x00000000a0c00000, 0x00000000e0400000, 0x00000000e0400000)
  object space 1040384K, 5% used [0x00000000a0c00000,0x00000000a4267570,0x00000000e0400000)
 Metaspace       used 13029K, capacity 13234K, committed 13312K, reserved 1060864K
  class space    used 1469K, capacity 1501K, committed 1536K, reserved 1048576K
1609.381: [GC (Allocation Failure) [PSYoungGen: 516288K->224K(518144K)] 571997K->55933K(1558528K), 0.0016726 secs] [Times: user=0.00 sys=0.00, real=0.00 secs] 
Heap after GC invocations=233 (full 0):
 PSYoungGen      total 518144K, used 224K [0x00000000e0400000, 0x0000000100000000, 0x0000000100000000)
  eden space 516096K, 0% used [0x00000000e0400000,0x00000000e0400000,0x00000000ffc00000)
  from space 2048K, 10% used [0x00000000ffc00000,0x00000000ffc38000,0x00000000ffe00000)
  to   space 2048K, 0% used [0x00000000ffe00000,0x00000000ffe00000,0x0000000100000000)
 ParOldGen       total 1040384K, used 55709K [0x00000000a0c00000, 0x00000000e0400000, 0x00000000e0400000)
  object space 1040384K, 5% used [0x00000000a0c00000,0x00000000a4267570,0x00000000e0400000)
 Metaspace       used 13029K, capacity 13234K, committed 13312K, reserved 1060864K
  class space    used 1469K, capacity 1501K, committed 1536K, reserved 1048576K
}
{Heap before GC invocations=234 (full 0):
 PSYoungGen      total 518144K, used 516320K [0x00000000e0400000, 0x0000000100000000, 0x0000000100000000)
  eden space 516096K, 100% used [0x00000000e0400000,0x00000000ffc00000,0x00000000ffc00000)
  from space 2048K, 10% used [0x00000000ffc00000,0x00000000ffc38000,0x00000000ffe00000)
  to   space 2048K, 0% used [0x00000000ffe00000,0x00000000ffe00000,0x0000000100000000)
 ParOldGen       total 1040384K, used 55709K [0x00000000a0c00000, 0x00000000e0400000, 0x00000000e0400000)
  object space 1040384K, 5% used [0x00000000a0c00000,0x00000000a4267570,0x00000000e0400000)
 Metaspace       used 13029K, capacity 13234K, committed 13312K, reserved 1060864K
  class space    used 1469K, capacity 1501K, committed 1536K, reserved 1048576K
1616.365: [GC (Allocation Failure) [PSYoungGen: 516320K->1376K(518144K)] 572029K->57085K(1558528K), 0.0028439 secs] [Times: user=0.00 sys=0.00, real=0.00 secs] 
Heap after GC invocations=234 (full 0):
 PSYoungGen      total 518144K, used 1376K [0x00000000e0400000, 0x0000000100000000, 0x0000000100000000)
  eden space 516096K, 0% used [0x00000000e0400000,0x00000000e0400000,0x00000000ffc00000)
  from space 2048K, 67% used [0x00000000ffe00000,0x00000000fff58000,0x0000000100000000)
  to   space 2048K, 0% used [0x00000000ffc00000,0x00000000ffc00000,0x00000000ffe00000)
 ParOldGen       total 1040384K, used 55709K [0x00000000a0c00000, 0x00000000e0400000, 0x00000000e0400000)
  object space 1040384K, 5% used [0x00000000a0c00000,0x00000000a4267570,0x00000000e0400000)
 Metaspace       used 13029K, capacity 13234K, committed 13312K, reserved 1060864K
  class space    used 1469K, capacity 1501K, committed 1536K, reserved 1048576K
}
{Heap before GC invocations=235 (full 0):
 PSYoungGen      total 518144K, used 517472K [0x00000000e0400000, 0x0000000100000000, 0x0000000100000000)
  eden space 516096K, 100% used [0x00000000e0400000,0x00000000ffc00000,0x00000000ffc00000)
  from space 2048K, 67% used [0x00000000ffe00000,0x00000000fff58000,0x0000000100000000)
  to   space 2048K, 0% used [0x00000000ffc00000,0x00000000ffc00000,0x00000000ffe00000)
 ParOldGen       total 1040384K, used 55709K [0x00000000a0c00000, 0x00000000e0400000, 0x00000000e0400000)
  object space 1040384K, 5% used [0x00000000a0c00000,0x00000000a4267570,0x00000000e0400000)
 Metaspace       used 13029K, capacity 13234K, committed 13312K, reserved 1060864K
  class space    used 1469K, capacity 1501K, committed 1536K, reserved 1048576K
1623.411: [GC (Allocation Failure) [PSYoungGen: 517472K->160K(518144K)] 573181K->55893K(1558528K), 0.0016860 secs] [Times: user=0.11 sys=0.00, real=0.00 secs] 
Heap after GC invocations=235 (full 0):
 PSYoungGen      total 518144K, used 160K [0x00000000e0400000, 0x0000000100000000, 0x0000000100000000)
  eden space 516096K, 0% used [0x00000000e0400000,0x00000000e0400000,0x00000000ffc00000)
  from space 2048K, 7% used [0x00000000ffc00000,0x00000000ffc28000,0x00000000ffe00000)
  to   space 2048K, 0% used [0x00000000ffe00000,0x00000000ffe00000,0x0000000100000000)
 ParOldGen       total 1040384K, used 55733K [0x00000000a0c00000, 0x00000000e0400000, 0x00000000e0400000)
  object space 1040384K, 5% used [0x00000000a0c00000,0x00000000a426d570,0x00000000e0400000)
 Metaspace       used 13029K, capacity 13234K, committed 13312K, reserved 1060864K
  class space    used 1469K, capacity 1501K, committed 1536K, reserved 1048576K
}
{Heap before GC invocations=236 (full 0):
 PSYoungGen      total 518144K, used 516256K [0x00000000e0400000, 0x0000000100000000, 0x0000000100000000)
  eden space 516096K, 100% used [0x00000000e0400000,0x00000000ffc00000,0x00000000ffc00000)
  from space 2048K, 7% used [0x00000000ffc00000,0x00000000ffc28000,0x00000000ffe00000)
  to   space 2048K, 0% used [0x00000000ffe00000,0x00000000ffe00000,0x0000000100000000)
 ParOldGen       total 1040384K, used 55733K [0x00000000a0c00000, 0x00000000e0400000, 0x00000000e0400000)
  object space 1040384K, 5% used [0x00000000a0c00000,0x00000000a426d570,0x00000000e0400000)
 Metaspace       used 13029K, capacity 13234K, committed 13312K, reserved 1060864K
  class space    used 1469K, capacity 1501K, committed 1536K, reserved 1048576K
1630.447: [GC (Allocation Failure) [PSYoungGen: 516256K->192K(518144K)] 571989K->55933K(1558528K), 0.0015103 secs] [Times: user=0.00 sys=0.00, real=0.00 secs] 
Heap after GC invocations=236 (full 0):
 PSYoungGen      total 518144K, used 192K [0x00000000e0400000, 0x0000000100000000, 0x0000000100000000)
  eden space 516096K, 0% used [0x00000000e0400000,0x00000000e0400000,0x00000000ffc00000)
  from space 2048K, 9% used [0x00000000ffe00000,0x00000000ffe30000,0x0000000100000000)
  to   space 2048K, 0% used [0x00000000ffc00000,0x00000000ffc00000,0x00000000ffe00000)
 ParOldGen       total 1040384K, used 55741K [0x00000000a0c00000, 0x00000000e0400000, 0x00000000e0400000)
  object space 1040384K, 5% used [0x00000000a0c00000,0x00000000a426f570,0x00000000e0400000)
 Metaspace       used 13029K, capacity 13234K, committed 13312K, reserved 1060864K
  class space    used 1469K, capacity 1501K, committed 1536K, reserved 1048576K
}
{Heap before GC invocations=237 (full 0):
 PSYoungGen      total 518144K, used 516288K [0x00000000e0400000, 0x0000000100000000, 0x0000000100000000)
  eden space 516096K, 100% used [0x00000000e0400000,0x00000000ffc00000,0x00000000ffc00000)
  from space 2048K, 9% used [0x00000000ffe00000,0x00000000ffe30000,0x0000000100000000)
  to   space 2048K, 0% used [0x00000000ffc00000,0x00000000ffc00000,0x00000000ffe00000)
 ParOldGen       total 1040384K, used 55741K [0x00000000a0c00000, 0x00000000e0400000, 0x00000000e0400000)
  object space 1040384K, 5% used [0x00000000a0c00000,0x00000000a426f570,0x00000000e0400000)
 Metaspace       used 13030K, capacity 13234K, committed 13312K, reserved 1060864K
  class space    used 1469K, capacity 1501K, committed 1536K, reserved 1048576K
1637.327: [GC (Allocation Failure) [PSYoungGen: 516288K->192K(518144K)] 572029K->55933K(1558528K), 0.0016216 secs] [Times: user=0.00 sys=0.00, real=0.00 secs] 
Heap after GC invocations=237 (full 0):
 PSYoungGen      total 518144K, used 192K [0x00000000e0400000, 0x0000000100000000, 0x0000000100000000)
  eden space 516096K, 0% used [0x00000000e0400000,0x00000000e0400000,0x00000000ffc00000)
  from space 2048K, 9% used [0x00000000ffc00000,0x00000000ffc30000,0x00000000ffe00000)
  to   space 2048K, 0% used [0x00000000ffe00000,0x00000000ffe00000,0x0000000100000000)
 ParOldGen       total 1040384K, used 55741K [0x00000000a0c00000, 0x00000000e0400000, 0x00000000e0400000)
  object space 1040384K, 5% used [0x00000000a0c00000,0x00000000a426f570,0x00000000e0400000)
 Metaspace       used 13030K, capacity 13234K, committed 13312K, reserved 1060864K
  class space    used 1469K, capacity 1501K, committed 1536K, reserved 1048576K
}
{Heap before GC invocations=238 (full 0):
 PSYoungGen      total 518144K, used 516288K [0x00000000e0400000, 0x0000000100000000, 0x0000000100000000)
  eden space 516096K, 100% used [0x00000000e0400000,0x00000000ffc00000,0x00000000ffc00000)
  from space 2048K, 9% used [0x00000000ffc00000,0x00000000ffc30000,0x00000000ffe00000)
  to   space 2048K, 0% used [0x00000000ffe00000,0x00000000ffe00000,0x0000000100000000)
 ParOldGen       total 1040384K, used 55741K [0x00000000a0c00000, 0x00000000e0400000, 0x00000000e0400000)
  object space 1040384K, 5% used [0x00000000a0c00000,0x00000000a426f570,0x00000000e0400000)
 Metaspace       used 13030K, capacity 13234K, committed 13312K, reserved 1060864K
  class space    used 1469K, capacity 1501K, committed 1536K, reserved 1048576K
1644.224: [GC (Allocation Failure) [PSYoungGen: 516288K->128K(518144K)] 572029K->55869K(1558528K), 0.0014910 secs] [Times: user=0.13 sys=0.00, real=0.00 secs] 
Heap after GC invocations=238 (full 0):
 PSYoungGen      total 518144K, used 128K [0x00000000e0400000, 0x0000000100000000, 0x0000000100000000)
  eden space 516096K, 0% used [0x00000000e0400000,0x00000000e0400000,0x00000000ffc00000)
  from space 2048K, 6% used [0x00000000ffe00000,0x00000000ffe20000,0x0000000100000000)
  to   space 2048K, 0% used [0x00000000ffc00000,0x00000000ffc00000,0x00000000ffe00000)
 ParOldGen       total 1040384K, used 55741K [0x00000000a0c00000, 0x00000000e0400000, 0x00000000e0400000)
  object space 1040384K, 5% used [0x00000000a0c00000,0x00000000a426f570,0x00000000e0400000)
 Metaspace       used 13030K, capacity 13234K, committed 13312K, reserved 1060864K
  class space    used 1469K, capacity 1501K, committed 1536K, reserved 1048576K
}
{Heap before GC invocations=239 (full 0):
 PSYoungGen      total 518144K, used 516224K [0x00000000e0400000, 0x0000000100000000, 0x0000000100000000)
  eden space 516096K, 100% used [0x00000000e0400000,0x00000000ffc00000,0x00000000ffc00000)
  from space 2048K, 6% used [0x00000000ffe00000,0x00000000ffe20000,0x0000000100000000)
  to   space 2048K, 0% used [0x00000000ffc00000,0x00000000ffc00000,0x00000000ffe00000)
 ParOldGen       total 1040384K, used 55741K [0x00000000a0c00000, 0x00000000e0400000, 0x00000000e0400000)
  object space 1040384K, 5% used [0x00000000a0c00000,0x00000000a426f570,0x00000000e0400000)
 Metaspace       used 13030K, capacity 13234K, committed 13312K, reserved 1060864K
  class space    used 1469K, capacity 1501K, committed 1536K, reserved 1048576K
1651.137: [GC (Allocation Failure) [PSYoungGen: 516224K->1824K(518144K)] 571965K->57565K(1558528K), 0.0020993 secs] [Times: user=0.00 sys=0.00, real=0.00 secs] 
Heap after GC invocations=239 (full 0):
 PSYoungGen      total 518144K, used 1824K [0x00000000e0400000, 0x0000000100000000, 0x0000000100000000)
  eden space 516096K, 0% used [0x00000000e0400000,0x00000000e0400000,0x00000000ffc00000)
  from space 2048K, 89% used [0x00000000ffc00000,0x00000000ffdc8000,0x00000000ffe00000)
  to   space 2048K, 0% used [0x00000000ffe00000,0x00000000ffe00000,0x0000000100000000)
 ParOldGen       total 1040384K, used 55741K [0x00000000a0c00000, 0x00000000e0400000, 0x00000000e0400000)
  object space 1040384K, 5% used [0x00000000a0c00000,0x00000000a426f570,0x00000000e0400000)
 Metaspace       used 13030K, capacity 13234K, committed 13312K, reserved 1060864K
  class space    used 1469K, capacity 1501K, committed 1536K, reserved 1048576K
}
{Heap before GC invocations=240 (full 0):
 PSYoungGen      total 518144K, used 517920K [0x00000000e0400000, 0x0000000100000000, 0x0000000100000000)
  eden space 516096K, 100% used [0x00000000e0400000,0x00000000ffc00000,0x00000000ffc00000)
  from space 2048K, 89% used [0x00000000ffc00000,0x00000000ffdc8000,0x00000000ffe00000)
  to   space 2048K, 0% used [0x00000000ffe00000,0x00000000ffe00000,0x0000000100000000)
 ParOldGen       total 1040384K, used 55741K [0x00000000a0c00000, 0x00000000e0400000, 0x00000000e0400000)
  object space 1040384K, 5% used [0x00000000a0c00000,0x00000000a426f570,0x00000000e0400000)
 Metaspace       used 13030K, capacity 13234K, committed 13312K, reserved 1060864K
  class space    used 1469K, capacity 1501K, committed 1536K, reserved 1048576K
1658.131: [GC (Allocation Failure) [PSYoungGen: 517920K->128K(518144K)] 573661K->55885K(1558528K), 0.0019046 secs] [Times: user=0.00 sys=0.00, real=0.00 secs] 
Heap after GC invocations=240 (full 0):
 PSYoungGen      total 518144K, used 128K [0x00000000e0400000, 0x0000000100000000, 0x0000000100000000)
  eden space 516096K, 0% used [0x00000000e0400000,0x00000000e0400000,0x00000000ffc00000)
  from space 2048K, 6% used [0x00000000ffe00000,0x00000000ffe20000,0x0000000100000000)
  to   space 2048K, 0% used [0x00000000ffc00000,0x00000000ffc00000,0x00000000ffe00000)
 ParOldGen       total 1040384K, used 55757K [0x00000000a0c00000, 0x00000000e0400000, 0x00000000e0400000)
  object space 1040384K, 5% used [0x00000000a0c00000,0x00000000a4273570,0x00000000e0400000)
 Metaspace       used 13030K, capacity 13234K, committed 13312K, reserved 1060864K
  class space    used 1469K, capacity 1501K, committed 1536K, reserved 1048576K
}
{Heap before GC invocations=241 (full 0):
 PSYoungGen      total 518144K, used 516224K [0x00000000e0400000, 0x0000000100000000, 0x0000000100000000)
  eden space 516096K, 100% used [0x00000000e0400000,0x00000000ffc00000,0x00000000ffc00000)
  from space 2048K, 6% used [0x00000000ffe00000,0x00000000ffe20000,0x0000000100000000)
  to   space 2048K, 0% used [0x00000000ffc00000,0x00000000ffc00000,0x00000000ffe00000)
 ParOldGen       total 1040384K, used 55757K [0x00000000a0c00000, 0x00000000e0400000, 0x00000000e0400000)
  object space 1040384K, 5% used [0x00000000a0c00000,0x00000000a4273570,0x00000000e0400000)
 Metaspace       used 13030K, capacity 13234K, committed 13312K, reserved 1060864K
  class space    used 1469K, capacity 1501K, committed 1536K, reserved 1048576K
1665.191: [GC (Allocation Failure) [PSYoungGen: 516224K->192K(518144K)] 571981K->55949K(1558528K), 0.0016291 secs] [Times: user=0.00 sys=0.00, real=0.00 secs] 
Heap after GC invocations=241 (full 0):
 PSYoungGen      total 518144K, used 192K [0x00000000e0400000, 0x0000000100000000, 0x0000000100000000)
  eden space 516096K, 0% used [0x00000000e0400000,0x00000000e0400000,0x00000000ffc00000)
  from space 2048K, 9% used [0x00000000ffc00000,0x00000000ffc30000,0x00000000ffe00000)
  to   space 2048K, 0% used [0x00000000ffe00000,0x00000000ffe00000,0x0000000100000000)
 ParOldGen       total 1040384K, used 55757K [0x00000000a0c00000, 0x00000000e0400000, 0x00000000e0400000)
  object space 1040384K, 5% used [0x00000000a0c00000,0x00000000a4273570,0x00000000e0400000)
 Metaspace       used 13030K, capacity 13234K, committed 13312K, reserved 1060864K
  class space    used 1469K, capacity 1501K, committed 1536K, reserved 1048576K
}
{Heap before GC invocations=242 (full 0):
 PSYoungGen      total 518144K, used 516288K [0x00000000e0400000, 0x0000000100000000, 0x0000000100000000)
  eden space 516096K, 100% used [0x00000000e0400000,0x00000000ffc00000,0x00000000ffc00000)
  from space 2048K, 9% used [0x00000000ffc00000,0x00000000ffc30000,0x00000000ffe00000)
  to   space 2048K, 0% used [0x00000000ffe00000,0x00000000ffe00000,0x0000000100000000)
 ParOldGen       total 1040384K, used 55757K [0x00000000a0c00000, 0x00000000e0400000, 0x00000000e0400000)
  object space 1040384K, 5% used [0x00000000a0c00000,0x00000000a4273570,0x00000000e0400000)
 Metaspace       used 13030K, capacity 13234K, committed 13312K, reserved 1060864K
  class space    used 1469K, capacity 1501K, committed 1536K, reserved 1048576K
1672.047: [GC (Allocation Failure) [PSYoungGen: 516288K->192K(518144K)] 572045K->55949K(1558528K), 0.0016449 secs] [Times: user=0.00 sys=0.00, real=0.00 secs] 
Heap after GC invocations=242 (full 0):
 PSYoungGen      total 518144K, used 192K [0x00000000e0400000, 0x0000000100000000, 0x0000000100000000)
  eden space 516096K, 0% used [0x00000000e0400000,0x00000000e0400000,0x00000000ffc00000)
  from space 2048K, 9% used [0x00000000ffe00000,0x00000000ffe30000,0x0000000100000000)
  to   space 2048K, 0% used [0x00000000ffc00000,0x00000000ffc00000,0x00000000ffe00000)
 ParOldGen       total 1040384K, used 55757K [0x00000000a0c00000, 0x00000000e0400000, 0x00000000e0400000)
  object space 1040384K, 5% used [0x00000000a0c00000,0x00000000a4273570,0x00000000e0400000)
 Metaspace       used 13030K, capacity 13234K, committed 13312K, reserved 1060864K
  class space    used 1469K, capacity 1501K, committed 1536K, reserved 1048576K
}
{Heap before GC invocations=243 (full 0):
 PSYoungGen      total 518144K, used 516288K [0x00000000e0400000, 0x0000000100000000, 0x0000000100000000)
  eden space 516096K, 100% used [0x00000000e0400000,0x00000000ffc00000,0x00000000ffc00000)
  from space 2048K, 9% used [0x00000000ffe00000,0x00000000ffe30000,0x0000000100000000)
  to   space 2048K, 0% used [0x00000000ffc00000,0x00000000ffc00000,0x00000000ffe00000)
 ParOldGen       total 1040384K, used 55757K [0x00000000a0c00000, 0x00000000e0400000, 0x00000000e0400000)
  object space 1040384K, 5% used [0x00000000a0c00000,0x00000000a42735d8,0x00000000e0400000)
 Metaspace       used 13030K, capacity 13234K, committed 13312K, reserved 1060864K
  class space    used 1469K, capacity 1501K, committed 1536K, reserved 1048576K
1678.902: [GC (GCLocker Initiated GC) [PSYoungGen: 516288K->1408K(518144K)] 572045K->57165K(1558528K), 0.0017768 secs] [Times: user=0.00 sys=0.00, real=0.00 secs] 
Heap after GC invocations=243 (full 0):
 PSYoungGen      total 518144K, used 1408K [0x00000000e0400000, 0x0000000100000000, 0x0000000100000000)
  eden space 516096K, 0% used [0x00000000e0400000,0x00000000e0400000,0x00000000ffc00000)
  from space 2048K, 68% used [0x00000000ffc00000,0x00000000ffd60000,0x00000000ffe00000)
  to   space 2048K, 0% used [0x00000000ffe00000,0x00000000ffe00000,0x0000000100000000)
 ParOldGen       total 1040384K, used 55757K [0x00000000a0c00000, 0x00000000e0400000, 0x00000000e0400000)
  object space 1040384K, 5% used [0x00000000a0c00000,0x00000000a42735d8,0x00000000e0400000)
 Metaspace       used 13030K, capacity 13234K, committed 13312K, reserved 1060864K
  class space    used 1469K, capacity 1501K, committed 1536K, reserved 1048576K
}
{Heap before GC invocations=244 (full 0):
 PSYoungGen      total 518144K, used 517504K [0x00000000e0400000, 0x0000000100000000, 0x0000000100000000)
  eden space 516096K, 100% used [0x00000000e0400000,0x00000000ffc00000,0x00000000ffc00000)
  from space 2048K, 68% used [0x00000000ffc00000,0x00000000ffd60000,0x00000000ffe00000)
  to   space 2048K, 0% used [0x00000000ffe00000,0x00000000ffe00000,0x0000000100000000)
 ParOldGen       total 1040384K, used 55760K [0x00000000a0c00000, 0x00000000e0400000, 0x00000000e0400000)
  object space 1040384K, 5% used [0x00000000a0c00000,0x00000000a4274228,0x00000000e0400000)
 Metaspace       used 13030K, capacity 13234K, committed 13312K, reserved 1060864K
  class space    used 1469K, capacity 1501K, committed 1536K, reserved 1048576K
1685.919: [GC (Allocation Failure) [PSYoungGen: 517504K->224K(518144K)] 573264K->55992K(1558528K), 0.0017221 secs] [Times: user=0.00 sys=0.00, real=0.00 secs] 
Heap after GC invocations=244 (full 0):
 PSYoungGen      total 518144K, used 224K [0x00000000e0400000, 0x0000000100000000, 0x0000000100000000)
  eden space 516096K, 0% used [0x00000000e0400000,0x00000000e0400000,0x00000000ffc00000)
  from space 2048K, 10% used [0x00000000ffe00000,0x00000000ffe38000,0x0000000100000000)
  to   space 2048K, 0% used [0x00000000ffc00000,0x00000000ffc00000,0x00000000ffe00000)
 ParOldGen       total 1040384K, used 55768K [0x00000000a0c00000, 0x00000000e0400000, 0x00000000e0400000)
  object space 1040384K, 5% used [0x00000000a0c00000,0x00000000a4276228,0x00000000e0400000)
 Metaspace       used 13030K, capacity 13234K, committed 13312K, reserved 1060864K
  class space    used 1469K, capacity 1501K, committed 1536K, reserved 1048576K
}
{Heap before GC invocations=245 (full 0):
 PSYoungGen      total 518144K, used 516320K [0x00000000e0400000, 0x0000000100000000, 0x0000000100000000)
  eden space 516096K, 100% used [0x00000000e0400000,0x00000000ffc00000,0x00000000ffc00000)
  from space 2048K, 10% used [0x00000000ffe00000,0x00000000ffe38000,0x0000000100000000)
  to   space 2048K, 0% used [0x00000000ffc00000,0x00000000ffc00000,0x00000000ffe00000)
 ParOldGen       total 1040384K, used 55768K [0x00000000a0c00000, 0x00000000e0400000, 0x00000000e0400000)
  object space 1040384K, 5% used [0x00000000a0c00000,0x00000000a4276228,0x00000000e0400000)
 Metaspace       used 13030K, capacity 13234K, committed 13312K, reserved 1060864K
  class space    used 1469K, capacity 1501K, committed 1536K, reserved 1048576K
1692.916: [GC (Allocation Failure) [PSYoungGen: 516320K->192K(518144K)] 572088K->56008K(1558528K), 0.0020831 secs] [Times: user=0.00 sys=0.00, real=0.00 secs] 
Heap after GC invocations=245 (full 0):
 PSYoungGen      total 518144K, used 192K [0x00000000e0400000, 0x0000000100000000, 0x0000000100000000)
  eden space 516096K, 0% used [0x00000000e0400000,0x00000000e0400000,0x00000000ffc00000)
  from space 2048K, 9% used [0x00000000ffc00000,0x00000000ffc30000,0x00000000ffe00000)
  to   space 2048K, 0% used [0x00000000ffe00000,0x00000000ffe00000,0x0000000100000000)
 ParOldGen       total 1040384K, used 55816K [0x00000000a0c00000, 0x00000000e0400000, 0x00000000e0400000)
  object space 1040384K, 5% used [0x00000000a0c00000,0x00000000a4282228,0x00000000e0400000)
 Metaspace       used 13030K, capacity 13234K, committed 13312K, reserved 1060864K
  class space    used 1469K, capacity 1501K, committed 1536K, reserved 1048576K
}
{Heap before GC invocations=246 (full 0):
 PSYoungGen      total 518144K, used 516288K [0x00000000e0400000, 0x0000000100000000, 0x0000000100000000)
  eden space 516096K, 100% used [0x00000000e0400000,0x00000000ffc00000,0x00000000ffc00000)
  from space 2048K, 9% used [0x00000000ffc00000,0x00000000ffc30000,0x00000000ffe00000)
  to   space 2048K, 0% used [0x00000000ffe00000,0x00000000ffe00000,0x0000000100000000)
 ParOldGen       total 1040384K, used 55816K [0x00000000a0c00000, 0x00000000e0400000, 0x00000000e0400000)
  object space 1040384K, 5% used [0x00000000a0c00000,0x00000000a4282228,0x00000000e0400000)
 Metaspace       used 13030K, capacity 13234K, committed 13312K, reserved 1060864K
  class space    used 1469K, capacity 1501K, committed 1536K, reserved 1048576K
1699.897: [GC (Allocation Failure) [PSYoungGen: 516288K->128K(518144K)] 572104K->55992K(1558528K), 0.0018639 secs] [Times: user=0.00 sys=0.00, real=0.00 secs] 
Heap after GC invocations=246 (full 0):
 PSYoungGen      total 518144K, used 128K [0x00000000e0400000, 0x0000000100000000, 0x0000000100000000)
  eden space 516096K, 0% used [0x00000000e0400000,0x00000000e0400000,0x00000000ffc00000)
  from space 2048K, 6% used [0x00000000ffe00000,0x00000000ffe20000,0x0000000100000000)
  to   space 2048K, 0% used [0x00000000ffc00000,0x00000000ffc00000,0x00000000ffe00000)
 ParOldGen       total 1040384K, used 55864K [0x00000000a0c00000, 0x00000000e0400000, 0x00000000e0400000)
  object space 1040384K, 5% used [0x00000000a0c00000,0x00000000a428e228,0x00000000e0400000)
 Metaspace       used 13030K, capacity 13234K, committed 13312K, reserved 1060864K
  class space    used 1469K, capacity 1501K, committed 1536K, reserved 1048576K
}
{Heap before GC invocations=247 (full 0):
 PSYoungGen      total 518144K, used 516224K [0x00000000e0400000, 0x0000000100000000, 0x0000000100000000)
  eden space 516096K, 100% used [0x00000000e0400000,0x00000000ffc00000,0x00000000ffc00000)
  from space 2048K, 6% used [0x00000000ffe00000,0x00000000ffe20000,0x0000000100000000)
  to   space 2048K, 0% used [0x00000000ffc00000,0x00000000ffc00000,0x00000000ffe00000)
 ParOldGen       total 1040384K, used 55864K [0x00000000a0c00000, 0x00000000e0400000, 0x00000000e0400000)
  object space 1040384K, 5% used [0x00000000a0c00000,0x00000000a428e228,0x00000000e0400000)
 Metaspace       used 13030K, capacity 13234K, committed 13312K, reserved 1060864K
  class space    used 1469K, capacity 1501K, committed 1536K, reserved 1048576K
1706.823: [GC (Allocation Failure) [PSYoungGen: 516224K->128K(518144K)] 572088K->55992K(1558528K), 0.0017647 secs] [Times: user=0.00 sys=0.00, real=0.00 secs] 
Heap after GC invocations=247 (full 0):
 PSYoungGen      total 518144K, used 128K [0x00000000e0400000, 0x0000000100000000, 0x0000000100000000)
  eden space 516096K, 0% used [0x00000000e0400000,0x00000000e0400000,0x00000000ffc00000)
  from space 2048K, 6% used [0x00000000ffc00000,0x00000000ffc20000,0x00000000ffe00000)
  to   space 2048K, 0% used [0x00000000ffe00000,0x00000000ffe00000,0x0000000100000000)
 ParOldGen       total 1040384K, used 55864K [0x00000000a0c00000, 0x00000000e0400000, 0x00000000e0400000)
  object space 1040384K, 5% used [0x00000000a0c00000,0x00000000a428e228,0x00000000e0400000)
 Metaspace       used 13030K, capacity 13234K, committed 13312K, reserved 1060864K
  class space    used 1469K, capacity 1501K, committed 1536K, reserved 1048576K
}
{Heap before GC invocations=248 (full 0):
 PSYoungGen      total 518144K, used 516224K [0x00000000e0400000, 0x0000000100000000, 0x0000000100000000)
  eden space 516096K, 100% used [0x00000000e0400000,0x00000000ffc00000,0x00000000ffc00000)
  from space 2048K, 6% used [0x00000000ffc00000,0x00000000ffc20000,0x00000000ffe00000)
  to   space 2048K, 0% used [0x00000000ffe00000,0x00000000ffe00000,0x0000000100000000)
 ParOldGen       total 1040384K, used 55864K [0x00000000a0c00000, 0x00000000e0400000, 0x00000000e0400000)
  object space 1040384K, 5% used [0x00000000a0c00000,0x00000000a428e228,0x00000000e0400000)
 Metaspace       used 13030K, capacity 13234K, committed 13312K, reserved 1060864K
  class space    used 1469K, capacity 1501K, committed 1536K, reserved 1048576K
1713.704: [GC (Allocation Failure) [PSYoungGen: 516224K->1760K(518144K)] 572088K->57624K(1558528K), 0.0019988 secs] [Times: user=0.00 sys=0.00, real=0.00 secs] 
Heap after GC invocations=248 (full 0):
 PSYoungGen      total 518144K, used 1760K [0x00000000e0400000, 0x0000000100000000, 0x0000000100000000)
  eden space 516096K, 0% used [0x00000000e0400000,0x00000000e0400000,0x00000000ffc00000)
  from space 2048K, 85% used [0x00000000ffe00000,0x00000000fffb8000,0x0000000100000000)
  to   space 2048K, 0% used [0x00000000ffc00000,0x00000000ffc00000,0x00000000ffe00000)
 ParOldGen       total 1040384K, used 55864K [0x00000000a0c00000, 0x00000000e0400000, 0x00000000e0400000)
  object space 1040384K, 5% used [0x00000000a0c00000,0x00000000a428e228,0x00000000e0400000)
 Metaspace       used 13030K, capacity 13234K, committed 13312K, reserved 1060864K
  class space    used 1469K, capacity 1501K, committed 1536K, reserved 1048576K
}
{Heap before GC invocations=249 (full 0):
 PSYoungGen      total 518144K, used 517856K [0x00000000e0400000, 0x0000000100000000, 0x0000000100000000)
  eden space 516096K, 100% used [0x00000000e0400000,0x00000000ffc00000,0x00000000ffc00000)
  from space 2048K, 85% used [0x00000000ffe00000,0x00000000fffb8000,0x0000000100000000)
  to   space 2048K, 0% used [0x00000000ffc00000,0x00000000ffc00000,0x00000000ffe00000)
 ParOldGen       total 1040384K, used 55864K [0x00000000a0c00000, 0x00000000e0400000, 0x00000000e0400000)
  object space 1040384K, 5% used [0x00000000a0c00000,0x00000000a428e228,0x00000000e0400000)
 Metaspace       used 13030K, capacity 13234K, committed 13312K, reserved 1060864K
  class space    used 1469K, capacity 1501K, committed 1536K, reserved 1048576K
1720.634: [GC (Allocation Failure) [PSYoungGen: 517856K->224K(518144K)] 573720K->56096K(1558528K), 0.0014565 secs] [Times: user=0.00 sys=0.00, real=0.00 secs] 
Heap after GC invocations=249 (full 0):
 PSYoungGen      total 518144K, used 224K [0x00000000e0400000, 0x0000000100000000, 0x0000000100000000)
  eden space 516096K, 0% used [0x00000000e0400000,0x00000000e0400000,0x00000000ffc00000)
  from space 2048K, 10% used [0x00000000ffc00000,0x00000000ffc38000,0x00000000ffe00000)
  to   space 2048K, 0% used [0x00000000ffe00000,0x00000000ffe00000,0x0000000100000000)
 ParOldGen       total 1040384K, used 55872K [0x00000000a0c00000, 0x00000000e0400000, 0x00000000e0400000)
  object space 1040384K, 5% used [0x00000000a0c00000,0x00000000a4290228,0x00000000e0400000)
 Metaspace       used 13030K, capacity 13234K, committed 13312K, reserved 1060864K
  class space    used 1469K, capacity 1501K, committed 1536K, reserved 1048576K
}
{Heap before GC invocations=250 (full 0):
 PSYoungGen      total 518144K, used 516320K [0x00000000e0400000, 0x0000000100000000, 0x0000000100000000)
  eden space 516096K, 100% used [0x00000000e0400000,0x00000000ffc00000,0x00000000ffc00000)
  from space 2048K, 10% used [0x00000000ffc00000,0x00000000ffc38000,0x00000000ffe00000)
  to   space 2048K, 0% used [0x00000000ffe00000,0x00000000ffe00000,0x0000000100000000)
 ParOldGen       total 1040384K, used 55872K [0x00000000a0c00000, 0x00000000e0400000, 0x00000000e0400000)
  object space 1040384K, 5% used [0x00000000a0c00000,0x00000000a4290228,0x00000000e0400000)
 Metaspace       used 13030K, capacity 13234K, committed 13312K, reserved 1060864K
  class space    used 1469K, capacity 1501K, committed 1536K, reserved 1048576K
1727.583: [GC (Allocation Failure) [PSYoungGen: 516320K->96K(518144K)] 572192K->55968K(1558528K), 0.0017833 secs] [Times: user=0.11 sys=0.00, real=0.00 secs] 
Heap after GC invocations=250 (full 0):
 PSYoungGen      total 518144K, used 96K [0x00000000e0400000, 0x0000000100000000, 0x0000000100000000)
  eden space 516096K, 0% used [0x00000000e0400000,0x00000000e0400000,0x00000000ffc00000)
  from space 2048K, 4% used [0x00000000ffe00000,0x00000000ffe18000,0x0000000100000000)
  to   space 2048K, 0% used [0x00000000ffc00000,0x00000000ffc00000,0x00000000ffe00000)
 ParOldGen       total 1040384K, used 55872K [0x00000000a0c00000, 0x00000000e0400000, 0x00000000e0400000)
  object space 1040384K, 5% used [0x00000000a0c00000,0x00000000a4290228,0x00000000e0400000)
 Metaspace       used 13030K, capacity 13234K, committed 13312K, reserved 1060864K
  class space    used 1469K, capacity 1501K, committed 1536K, reserved 1048576K
}
{Heap before GC invocations=251 (full 0):
 PSYoungGen      total 518144K, used 516192K [0x00000000e0400000, 0x0000000100000000, 0x0000000100000000)
  eden space 516096K, 100% used [0x00000000e0400000,0x00000000ffc00000,0x00000000ffc00000)
  from space 2048K, 4% used [0x00000000ffe00000,0x00000000ffe18000,0x0000000100000000)
  to   space 2048K, 0% used [0x00000000ffc00000,0x00000000ffc00000,0x00000000ffe00000)
 ParOldGen       total 1040384K, used 55872K [0x00000000a0c00000, 0x00000000e0400000, 0x00000000e0400000)
  object space 1040384K, 5% used [0x00000000a0c00000,0x00000000a4290228,0x00000000e0400000)
 Metaspace       used 13030K, capacity 13234K, committed 13312K, reserved 1060864K
  class space    used 1469K, capacity 1501K, committed 1536K, reserved 1048576K
1734.455: [GC (Allocation Failure) [PSYoungGen: 516192K->192K(518144K)] 572064K->56064K(1558528K), 0.0016567 secs] [Times: user=0.00 sys=0.00, real=0.00 secs] 
Heap after GC invocations=251 (full 0):
 PSYoungGen      total 518144K, used 192K [0x00000000e0400000, 0x0000000100000000, 0x0000000100000000)
  eden space 516096K, 0% used [0x00000000e0400000,0x00000000e0400000,0x00000000ffc00000)
  from space 2048K, 9% used [0x00000000ffc00000,0x00000000ffc30000,0x00000000ffe00000)
  to   space 2048K, 0% used [0x00000000ffe00000,0x00000000ffe00000,0x0000000100000000)
 ParOldGen       total 1040384K, used 55872K [0x00000000a0c00000, 0x00000000e0400000, 0x00000000e0400000)
  object space 1040384K, 5% used [0x00000000a0c00000,0x00000000a4290228,0x00000000e0400000)
 Metaspace       used 13030K, capacity 13234K, committed 13312K, reserved 1060864K
  class space    used 1469K, capacity 1501K, committed 1536K, reserved 1048576K
}
{Heap before GC invocations=252 (full 0):
 PSYoungGen      total 518144K, used 516288K [0x00000000e0400000, 0x0000000100000000, 0x0000000100000000)
  eden space 516096K, 100% used [0x00000000e0400000,0x00000000ffc00000,0x00000000ffc00000)
  from space 2048K, 9% used [0x00000000ffc00000,0x00000000ffc30000,0x00000000ffe00000)
  to   space 2048K, 0% used [0x00000000ffe00000,0x00000000ffe00000,0x0000000100000000)
 ParOldGen       total 1040384K, used 55872K [0x00000000a0c00000, 0x00000000e0400000, 0x00000000e0400000)
  object space 1040384K, 5% used [0x00000000a0c00000,0x00000000a4290228,0x00000000e0400000)
 Metaspace       used 13030K, capacity 13234K, committed 13312K, reserved 1060864K
  class space    used 1469K, capacity 1501K, committed 1536K, reserved 1048576K
1741.354: [GC (Allocation Failure) [PSYoungGen: 516288K->1376K(518144K)] 572160K->57248K(1558528K), 0.0018455 secs] [Times: user=0.00 sys=0.00, real=0.00 secs] 
Heap after GC invocations=252 (full 0):
 PSYoungGen      total 518144K, used 1376K [0x00000000e0400000, 0x0000000100000000, 0x0000000100000000)
  eden space 516096K, 0% used [0x00000000e0400000,0x00000000e0400000,0x00000000ffc00000)
  from space 2048K, 67% used [0x00000000ffe00000,0x00000000fff58000,0x0000000100000000)
  to   space 2048K, 0% used [0x00000000ffc00000,0x00000000ffc00000,0x00000000ffe00000)
 ParOldGen       total 1040384K, used 55872K [0x00000000a0c00000, 0x00000000e0400000, 0x00000000e0400000)
  object space 1040384K, 5% used [0x00000000a0c00000,0x00000000a4290228,0x00000000e0400000)
 Metaspace       used 13030K, capacity 13234K, committed 13312K, reserved 1060864K
  class space    used 1469K, capacity 1501K, committed 1536K, reserved 1048576K
}
{Heap before GC invocations=253 (full 0):
 PSYoungGen      total 518144K, used 517472K [0x00000000e0400000, 0x0000000100000000, 0x0000000100000000)
  eden space 516096K, 100% used [0x00000000e0400000,0x00000000ffc00000,0x00000000ffc00000)
  from space 2048K, 67% used [0x00000000ffe00000,0x00000000fff58000,0x0000000100000000)
  to   space 2048K, 0% used [0x00000000ffc00000,0x00000000ffc00000,0x00000000ffe00000)
 ParOldGen       total 1040384K, used 55872K [0x00000000a0c00000, 0x00000000e0400000, 0x00000000e0400000)
  object space 1040384K, 5% used [0x00000000a0c00000,0x00000000a4290228,0x00000000e0400000)
 Metaspace       used 13030K, capacity 13234K, committed 13312K, reserved 1060864K
  class space    used 1469K, capacity 1501K, committed 1536K, reserved 1048576K
1748.312: [GC (Allocation Failure) [PSYoungGen: 517472K->160K(518144K)] 573344K->56040K(1558528K), 0.0018427 secs] [Times: user=0.00 sys=0.00, real=0.00 secs] 
Heap after GC invocations=253 (full 0):
 PSYoungGen      total 518144K, used 160K [0x00000000e0400000, 0x0000000100000000, 0x0000000100000000)
  eden space 516096K, 0% used [0x00000000e0400000,0x00000000e0400000,0x00000000ffc00000)
  from space 2048K, 7% used [0x00000000ffc00000,0x00000000ffc28000,0x00000000ffe00000)
  to   space 2048K, 0% used [0x00000000ffe00000,0x00000000ffe00000,0x0000000100000000)
 ParOldGen       total 1040384K, used 55880K [0x00000000a0c00000, 0x00000000e0400000, 0x00000000e0400000)
  object space 1040384K, 5% used [0x00000000a0c00000,0x00000000a4292228,0x00000000e0400000)
 Metaspace       used 13030K, capacity 13234K, committed 13312K, reserved 1060864K
  class space    used 1469K, capacity 1501K, committed 1536K, reserved 1048576K
}
{Heap before GC invocations=254 (full 0):
 PSYoungGen      total 518144K, used 516256K [0x00000000e0400000, 0x0000000100000000, 0x0000000100000000)
  eden space 516096K, 100% used [0x00000000e0400000,0x00000000ffc00000,0x00000000ffc00000)
  from space 2048K, 7% used [0x00000000ffc00000,0x00000000ffc28000,0x00000000ffe00000)
  to   space 2048K, 0% used [0x00000000ffe00000,0x00000000ffe00000,0x0000000100000000)
 ParOldGen       total 1040384K, used 55880K [0x00000000a0c00000, 0x00000000e0400000, 0x00000000e0400000)
  object space 1040384K, 5% used [0x00000000a0c00000,0x00000000a4292228,0x00000000e0400000)
 Metaspace       used 13030K, capacity 13234K, committed 13312K, reserved 1060864K
  class space    used 1469K, capacity 1501K, committed 1536K, reserved 1048576K
1755.226: [GC (Allocation Failure) [PSYoungGen: 516256K->128K(518144K)] 572136K->56008K(1558528K), 0.0020688 secs] [Times: user=0.00 sys=0.00, real=0.00 secs] 
Heap after GC invocations=254 (full 0):
 PSYoungGen      total 518144K, used 128K [0x00000000e0400000, 0x0000000100000000, 0x0000000100000000)
  eden space 516096K, 0% used [0x00000000e0400000,0x00000000e0400000,0x00000000ffc00000)
  from space 2048K, 6% used [0x00000000ffe00000,0x00000000ffe20000,0x0000000100000000)
  to   space 2048K, 0% used [0x00000000ffc00000,0x00000000ffc00000,0x00000000ffe00000)
 ParOldGen       total 1040384K, used 55880K [0x00000000a0c00000, 0x00000000e0400000, 0x00000000e0400000)
  object space 1040384K, 5% used [0x00000000a0c00000,0x00000000a4292228,0x00000000e0400000)
 Metaspace       used 13030K, capacity 13234K, committed 13312K, reserved 1060864K
  class space    used 1469K, capacity 1501K, committed 1536K, reserved 1048576K
}
{Heap before GC invocations=255 (full 0):
 PSYoungGen      total 518144K, used 516224K [0x00000000e0400000, 0x0000000100000000, 0x0000000100000000)
  eden space 516096K, 100% used [0x00000000e0400000,0x00000000ffc00000,0x00000000ffc00000)
  from space 2048K, 6% used [0x00000000ffe00000,0x00000000ffe20000,0x0000000100000000)
  to   space 2048K, 0% used [0x00000000ffc00000,0x00000000ffc00000,0x00000000ffe00000)
 ParOldGen       total 1040384K, used 55880K [0x00000000a0c00000, 0x00000000e0400000, 0x00000000e0400000)
  object space 1040384K, 5% used [0x00000000a0c00000,0x00000000a4292228,0x00000000e0400000)
 Metaspace       used 13030K, capacity 13234K, committed 13312K, reserved 1060864K
  class space    used 1469K, capacity 1501K, committed 1536K, reserved 1048576K
1762.160: [GC (Allocation Failure) [PSYoungGen: 516224K->160K(518144K)] 572104K->56040K(1558528K), 0.0016770 secs] [Times: user=0.08 sys=0.01, real=0.00 secs] 
Heap after GC invocations=255 (full 0):
 PSYoungGen      total 518144K, used 160K [0x00000000e0400000, 0x0000000100000000, 0x0000000100000000)
  eden space 516096K, 0% used [0x00000000e0400000,0x00000000e0400000,0x00000000ffc00000)
  from space 2048K, 7% used [0x00000000ffc00000,0x00000000ffc28000,0x00000000ffe00000)
  to   space 2048K, 0% used [0x00000000ffe00000,0x00000000ffe00000,0x0000000100000000)
 ParOldGen       total 1040384K, used 55880K [0x00000000a0c00000, 0x00000000e0400000, 0x00000000e0400000)
  object space 1040384K, 5% used [0x00000000a0c00000,0x00000000a4292228,0x00000000e0400000)
 Metaspace       used 13030K, capacity 13234K, committed 13312K, reserved 1060864K
  class space    used 1469K, capacity 1501K, committed 1536K, reserved 1048576K
}
{Heap before GC invocations=256 (full 0):
 PSYoungGen      total 518144K, used 516256K [0x00000000e0400000, 0x0000000100000000, 0x0000000100000000)
  eden space 516096K, 100% used [0x00000000e0400000,0x00000000ffc00000,0x00000000ffc00000)
  from space 2048K, 7% used [0x00000000ffc00000,0x00000000ffc28000,0x00000000ffe00000)
  to   space 2048K, 0% used [0x00000000ffe00000,0x00000000ffe00000,0x0000000100000000)
 ParOldGen       total 1040384K, used 55880K [0x00000000a0c00000, 0x00000000e0400000, 0x00000000e0400000)
  object space 1040384K, 5% used [0x00000000a0c00000,0x00000000a4292228,0x00000000e0400000)
 Metaspace       used 13030K, capacity 13234K, committed 13312K, reserved 1060864K
  class space    used 1469K, capacity 1501K, committed 1536K, reserved 1048576K
1768.992: [GC (Allocation Failure) [PSYoungGen: 516256K->128K(518144K)] 572136K->56008K(1558528K), 0.0018054 secs] [Times: user=0.00 sys=0.00, real=0.00 secs] 
Heap after GC invocations=256 (full 0):
 PSYoungGen      total 518144K, used 128K [0x00000000e0400000, 0x0000000100000000, 0x0000000100000000)
  eden space 516096K, 0% used [0x00000000e0400000,0x00000000e0400000,0x00000000ffc00000)
  from space 2048K, 6% used [0x00000000ffe00000,0x00000000ffe20000,0x0000000100000000)
  to   space 2048K, 0% used [0x00000000ffc00000,0x00000000ffc00000,0x00000000ffe00000)
 ParOldGen       total 1040384K, used 55880K [0x00000000a0c00000, 0x00000000e0400000, 0x00000000e0400000)
  object space 1040384K, 5% used [0x00000000a0c00000,0x00000000a4292228,0x00000000e0400000)
 Metaspace       used 13030K, capacity 13234K, committed 13312K, reserved 1060864K
  class space    used 1469K, capacity 1501K, committed 1536K, reserved 1048576K
}
{Heap before GC invocations=257 (full 0):
 PSYoungGen      total 518144K, used 516224K [0x00000000e0400000, 0x0000000100000000, 0x0000000100000000)
  eden space 516096K, 100% used [0x00000000e0400000,0x00000000ffc00000,0x00000000ffc00000)
  from space 2048K, 6% used [0x00000000ffe00000,0x00000000ffe20000,0x0000000100000000)
  to   space 2048K, 0% used [0x00000000ffc00000,0x00000000ffc00000,0x00000000ffe00000)
 ParOldGen       total 1040384K, used 55880K [0x00000000a0c00000, 0x00000000e0400000, 0x00000000e0400000)
  object space 1040384K, 5% used [0x00000000a0c00000,0x00000000a4292228,0x00000000e0400000)
 Metaspace       used 13030K, capacity 13234K, committed 13312K, reserved 1060864K
  class space    used 1469K, capacity 1501K, committed 1536K, reserved 1048576K
1775.909: [GC (Allocation Failure) [PSYoungGen: 516224K->1728K(518144K)] 572104K->57608K(1558528K), 0.0022424 secs] [Times: user=0.02 sys=0.00, real=0.00 secs] 
Heap after GC invocations=257 (full 0):
 PSYoungGen      total 518144K, used 1728K [0x00000000e0400000, 0x0000000100000000, 0x0000000100000000)
  eden space 516096K, 0% used [0x00000000e0400000,0x00000000e0400000,0x00000000ffc00000)
  from space 2048K, 84% used [0x00000000ffc00000,0x00000000ffdb0000,0x00000000ffe00000)
  to   space 2048K, 0% used [0x00000000ffe00000,0x00000000ffe00000,0x0000000100000000)
 ParOldGen       total 1040384K, used 55880K [0x00000000a0c00000, 0x00000000e0400000, 0x00000000e0400000)
  object space 1040384K, 5% used [0x00000000a0c00000,0x00000000a4292228,0x00000000e0400000)
 Metaspace       used 13030K, capacity 13234K, committed 13312K, reserved 1060864K
  class space    used 1469K, capacity 1501K, committed 1536K, reserved 1048576K
}
{Heap before GC invocations=258 (full 0):
 PSYoungGen      total 518144K, used 517824K [0x00000000e0400000, 0x0000000100000000, 0x0000000100000000)
  eden space 516096K, 100% used [0x00000000e0400000,0x00000000ffc00000,0x00000000ffc00000)
  from space 2048K, 84% used [0x00000000ffc00000,0x00000000ffdb0000,0x00000000ffe00000)
  to   space 2048K, 0% used [0x00000000ffe00000,0x00000000ffe00000,0x0000000100000000)
 ParOldGen       total 1040384K, used 55880K [0x00000000a0c00000, 0x00000000e0400000, 0x00000000e0400000)
  object space 1040384K, 5% used [0x00000000a0c00000,0x00000000a4292228,0x00000000e0400000)
 Metaspace       used 13030K, capacity 13234K, committed 13312K, reserved 1060864K
  class space    used 1469K, capacity 1501K, committed 1536K, reserved 1048576K
1782.911: [GC (Allocation Failure) [PSYoungGen: 517824K->128K(518144K)] 573704K->56024K(1558528K), 0.0017314 secs] [Times: user=0.06 sys=0.00, real=0.00 secs] 
Heap after GC invocations=258 (full 0):
 PSYoungGen      total 518144K, used 128K [0x00000000e0400000, 0x0000000100000000, 0x0000000100000000)
  eden space 516096K, 0% used [0x00000000e0400000,0x00000000e0400000,0x00000000ffc00000)
  from space 2048K, 6% used [0x00000000ffe00000,0x00000000ffe20000,0x0000000100000000)
  to   space 2048K, 0% used [0x00000000ffc00000,0x00000000ffc00000,0x00000000ffe00000)
 ParOldGen       total 1040384K, used 55896K [0x00000000a0c00000, 0x00000000e0400000, 0x00000000e0400000)
  object space 1040384K, 5% used [0x00000000a0c00000,0x00000000a4296228,0x00000000e0400000)
 Metaspace       used 13030K, capacity 13234K, committed 13312K, reserved 1060864K
  class space    used 1469K, capacity 1501K, committed 1536K, reserved 1048576K
}
{Heap before GC invocations=259 (full 0):
 PSYoungGen      total 518144K, used 516224K [0x00000000e0400000, 0x0000000100000000, 0x0000000100000000)
  eden space 516096K, 100% used [0x00000000e0400000,0x00000000ffc00000,0x00000000ffc00000)
  from space 2048K, 6% used [0x00000000ffe00000,0x00000000ffe20000,0x0000000100000000)
  to   space 2048K, 0% used [0x00000000ffc00000,0x00000000ffc00000,0x00000000ffe00000)
 ParOldGen       total 1040384K, used 55896K [0x00000000a0c00000, 0x00000000e0400000, 0x00000000e0400000)
  object space 1040384K, 5% used [0x00000000a0c00000,0x00000000a4296228,0x00000000e0400000)
 Metaspace       used 13030K, capacity 13234K, committed 13312K, reserved 1060864K
  class space    used 1469K, capacity 1501K, committed 1536K, reserved 1048576K
1789.841: [GC (Allocation Failure) [PSYoungGen: 516224K->96K(518144K)] 572120K->55992K(1558528K), 0.0016760 secs] [Times: user=0.00 sys=0.00, real=0.00 secs] 
Heap after GC invocations=259 (full 0):
 PSYoungGen      total 518144K, used 96K [0x00000000e0400000, 0x0000000100000000, 0x0000000100000000)
  eden space 516096K, 0% used [0x00000000e0400000,0x00000000e0400000,0x00000000ffc00000)
  from space 2048K, 4% used [0x00000000ffc00000,0x00000000ffc18000,0x00000000ffe00000)
  to   space 2048K, 0% used [0x00000000ffe00000,0x00000000ffe00000,0x0000000100000000)
 ParOldGen       total 1040384K, used 55896K [0x00000000a0c00000, 0x00000000e0400000, 0x00000000e0400000)
  object space 1040384K, 5% used [0x00000000a0c00000,0x00000000a4296228,0x00000000e0400000)
 Metaspace       used 13030K, capacity 13234K, committed 13312K, reserved 1060864K
  class space    used 1469K, capacity 1501K, committed 1536K, reserved 1048576K
}
{Heap before GC invocations=260 (full 0):
 PSYoungGen      total 518144K, used 516192K [0x00000000e0400000, 0x0000000100000000, 0x0000000100000000)
  eden space 516096K, 100% used [0x00000000e0400000,0x00000000ffc00000,0x00000000ffc00000)
  from space 2048K, 4% used [0x00000000ffc00000,0x00000000ffc18000,0x00000000ffe00000)
  to   space 2048K, 0% used [0x00000000ffe00000,0x00000000ffe00000,0x0000000100000000)
 ParOldGen       total 1040384K, used 55896K [0x00000000a0c00000, 0x00000000e0400000, 0x00000000e0400000)
  object space 1040384K, 5% used [0x00000000a0c00000,0x00000000a4296228,0x00000000e0400000)
 Metaspace       used 13030K, capacity 13234K, committed 13312K, reserved 1060864K
  class space    used 1469K, capacity 1501K, committed 1536K, reserved 1048576K
1796.729: [GC (Allocation Failure) [PSYoungGen: 516192K->128K(518144K)] 572088K->56024K(1558528K), 0.0017578 secs] [Times: user=0.00 sys=0.00, real=0.00 secs] 
Heap after GC invocations=260 (full 0):
 PSYoungGen      total 518144K, used 128K [0x00000000e0400000, 0x0000000100000000, 0x0000000100000000)
  eden space 516096K, 0% used [0x00000000e0400000,0x00000000e0400000,0x00000000ffc00000)
  from space 2048K, 6% used [0x00000000ffe00000,0x00000000ffe20000,0x0000000100000000)
  to   space 2048K, 0% used [0x00000000ffc00000,0x00000000ffc00000,0x00000000ffe00000)
 ParOldGen       total 1040384K, used 55896K [0x00000000a0c00000, 0x00000000e0400000, 0x00000000e0400000)
  object space 1040384K, 5% used [0x00000000a0c00000,0x00000000a4296228,0x00000000e0400000)
 Metaspace       used 13030K, capacity 13234K, committed 13312K, reserved 1060864K
  class space    used 1469K, capacity 1501K, committed 1536K, reserved 1048576K
}
{Heap before GC invocations=261 (full 0):
 PSYoungGen      total 518144K, used 516224K [0x00000000e0400000, 0x0000000100000000, 0x0000000100000000)
  eden space 516096K, 100% used [0x00000000e0400000,0x00000000ffc00000,0x00000000ffc00000)
  from space 2048K, 6% used [0x00000000ffe00000,0x00000000ffe20000,0x0000000100000000)
  to   space 2048K, 0% used [0x00000000ffc00000,0x00000000ffc00000,0x00000000ffe00000)
 ParOldGen       total 1040384K, used 55896K [0x00000000a0c00000, 0x00000000e0400000, 0x00000000e0400000)
  object space 1040384K, 5% used [0x00000000a0c00000,0x00000000a4296228,0x00000000e0400000)
 Metaspace       used 13030K, capacity 13234K, committed 13312K, reserved 1060864K
  class space    used 1469K, capacity 1501K, committed 1536K, reserved 1048576K
1803.708: [GC (Allocation Failure) [PSYoungGen: 516224K->160K(518144K)] 572120K->56056K(1558528K), 0.0018073 secs] [Times: user=0.00 sys=0.00, real=0.00 secs] 
Heap after GC invocations=261 (full 0):
 PSYoungGen      total 518144K, used 160K [0x00000000e0400000, 0x0000000100000000, 0x0000000100000000)
  eden space 516096K, 0% used [0x00000000e0400000,0x00000000e0400000,0x00000000ffc00000)
  from space 2048K, 7% used [0x00000000ffc00000,0x00000000ffc28000,0x00000000ffe00000)
  to   space 2048K, 0% used [0x00000000ffe00000,0x00000000ffe00000,0x0000000100000000)
 ParOldGen       total 1040384K, used 55896K [0x00000000a0c00000, 0x00000000e0400000, 0x00000000e0400000)
  object space 1040384K, 5% used [0x00000000a0c00000,0x00000000a4296228,0x00000000e0400000)
 Metaspace       used 13030K, capacity 13234K, committed 13312K, reserved 1060864K
  class space    used 1469K, capacity 1501K, committed 1536K, reserved 1048576K
}
{Heap before GC invocations=262 (full 0):
 PSYoungGen      total 518144K, used 516256K [0x00000000e0400000, 0x0000000100000000, 0x0000000100000000)
  eden space 516096K, 100% used [0x00000000e0400000,0x00000000ffc00000,0x00000000ffc00000)
  from space 2048K, 7% used [0x00000000ffc00000,0x00000000ffc28000,0x00000000ffe00000)
  to   space 2048K, 0% used [0x00000000ffe00000,0x00000000ffe00000,0x0000000100000000)
 ParOldGen       total 1040384K, used 55896K [0x00000000a0c00000, 0x00000000e0400000, 0x00000000e0400000)
  object space 1040384K, 5% used [0x00000000a0c00000,0x00000000a4296228,0x00000000e0400000)
 Metaspace       used 13030K, capacity 13234K, committed 13312K, reserved 1060864K
  class space    used 1469K, capacity 1501K, committed 1536K, reserved 1048576K
1810.682: [GC (Allocation Failure) [PSYoungGen: 516256K->1888K(517120K)] 572152K->57792K(1557504K), 0.0027145 secs] [Times: user=0.00 sys=0.00, real=0.00 secs] 
Heap after GC invocations=262 (full 0):
 PSYoungGen      total 517120K, used 1888K [0x00000000e0400000, 0x0000000100000000, 0x0000000100000000)
  eden space 515072K, 0% used [0x00000000e0400000,0x00000000e0400000,0x00000000ffb00000)
  from space 2048K, 92% used [0x00000000ffe00000,0x00000000fffd8000,0x0000000100000000)
  to   space 2560K, 0% used [0x00000000ffb00000,0x00000000ffb00000,0x00000000ffd80000)
 ParOldGen       total 1040384K, used 55904K [0x00000000a0c00000, 0x00000000e0400000, 0x00000000e0400000)
  object space 1040384K, 5% used [0x00000000a0c00000,0x00000000a4298228,0x00000000e0400000)
 Metaspace       used 13030K, capacity 13234K, committed 13312K, reserved 1060864K
  class space    used 1469K, capacity 1501K, committed 1536K, reserved 1048576K
}
{Heap before GC invocations=263 (full 0):
 PSYoungGen      total 517120K, used 516960K [0x00000000e0400000, 0x0000000100000000, 0x0000000100000000)
  eden space 515072K, 100% used [0x00000000e0400000,0x00000000ffb00000,0x00000000ffb00000)
  from space 2048K, 92% used [0x00000000ffe00000,0x00000000fffd8000,0x0000000100000000)
  to   space 2560K, 0% used [0x00000000ffb00000,0x00000000ffb00000,0x00000000ffd80000)
 ParOldGen       total 1040384K, used 55904K [0x00000000a0c00000, 0x00000000e0400000, 0x00000000e0400000)
  object space 1040384K, 5% used [0x00000000a0c00000,0x00000000a4298228,0x00000000e0400000)
 Metaspace       used 13030K, capacity 13234K, committed 13312K, reserved 1060864K
  class space    used 1469K, capacity 1501K, committed 1536K, reserved 1048576K
1817.529: [GC (Allocation Failure) [PSYoungGen: 516960K->224K(517632K)] 572864K->56136K(1558016K), 0.0012835 secs] [Times: user=0.00 sys=0.00, real=0.00 secs] 
Heap after GC invocations=263 (full 0):
 PSYoungGen      total 517632K, used 224K [0x00000000e0400000, 0x0000000100000000, 0x0000000100000000)
  eden space 515072K, 0% used [0x00000000e0400000,0x00000000e0400000,0x00000000ffb00000)
  from space 2560K, 8% used [0x00000000ffb00000,0x00000000ffb38000,0x00000000ffd80000)
  to   space 2048K, 0% used [0x00000000ffe00000,0x00000000ffe00000,0x0000000100000000)
 ParOldGen       total 1040384K, used 55912K [0x00000000a0c00000, 0x00000000e0400000, 0x00000000e0400000)
  object space 1040384K, 5% used [0x00000000a0c00000,0x00000000a429a228,0x00000000e0400000)
 Metaspace       used 13030K, capacity 13234K, committed 13312K, reserved 1060864K
  class space    used 1469K, capacity 1501K, committed 1536K, reserved 1048576K
}
{Heap before GC invocations=264 (full 0):
 PSYoungGen      total 517632K, used 515296K [0x00000000e0400000, 0x0000000100000000, 0x0000000100000000)
  eden space 515072K, 100% used [0x00000000e0400000,0x00000000ffb00000,0x00000000ffb00000)
  from space 2560K, 8% used [0x00000000ffb00000,0x00000000ffb38000,0x00000000ffd80000)
  to   space 2048K, 0% used [0x00000000ffe00000,0x00000000ffe00000,0x0000000100000000)
 ParOldGen       total 1040384K, used 55912K [0x00000000a0c00000, 0x00000000e0400000, 0x00000000e0400000)
  object space 1040384K, 5% used [0x00000000a0c00000,0x00000000a429a228,0x00000000e0400000)
 Metaspace       used 13030K, capacity 13234K, committed 13312K, reserved 1060864K
  class space    used 1469K, capacity 1501K, committed 1536K, reserved 1048576K
1824.426: [GC (Allocation Failure) [PSYoungGen: 515296K->192K(518144K)] 571208K->56104K(1558528K), 0.0016742 secs] [Times: user=0.11 sys=0.00, real=0.00 secs] 
Heap after GC invocations=264 (full 0):
 PSYoungGen      total 518144K, used 192K [0x00000000e0400000, 0x0000000100000000, 0x0000000100000000)
  eden space 516096K, 0% used [0x00000000e0400000,0x00000000e0400000,0x00000000ffc00000)
  from space 2048K, 9% used [0x00000000ffe00000,0x00000000ffe30000,0x0000000100000000)
  to   space 2048K, 0% used [0x00000000ffc00000,0x00000000ffc00000,0x00000000ffe00000)
 ParOldGen       total 1040384K, used 55912K [0x00000000a0c00000, 0x00000000e0400000, 0x00000000e0400000)
  object space 1040384K, 5% used [0x00000000a0c00000,0x00000000a429a228,0x00000000e0400000)
 Metaspace       used 13030K, capacity 13234K, committed 13312K, reserved 1060864K
  class space    used 1469K, capacity 1501K, committed 1536K, reserved 1048576K
}
{Heap before GC invocations=265 (full 0):
 PSYoungGen      total 518144K, used 516288K [0x00000000e0400000, 0x0000000100000000, 0x0000000100000000)
  eden space 516096K, 100% used [0x00000000e0400000,0x00000000ffc00000,0x00000000ffc00000)
  from space 2048K, 9% used [0x00000000ffe00000,0x00000000ffe30000,0x0000000100000000)
  to   space 2048K, 0% used [0x00000000ffc00000,0x00000000ffc00000,0x00000000ffe00000)
 ParOldGen       total 1040384K, used 55912K [0x00000000a0c00000, 0x00000000e0400000, 0x00000000e0400000)
  object space 1040384K, 5% used [0x00000000a0c00000,0x00000000a429a228,0x00000000e0400000)
 Metaspace       used 13030K, capacity 13234K, committed 13312K, reserved 1060864K
  class space    used 1469K, capacity 1501K, committed 1536K, reserved 1048576K
1831.370: [GC (Allocation Failure) [PSYoungGen: 516288K->224K(518144K)] 572200K->56136K(1558528K), 0.0012266 secs] [Times: user=0.00 sys=0.00, real=0.00 secs] 
Heap after GC invocations=265 (full 0):
 PSYoungGen      total 518144K, used 224K [0x00000000e0400000, 0x0000000100000000, 0x0000000100000000)
  eden space 516096K, 0% used [0x00000000e0400000,0x00000000e0400000,0x00000000ffc00000)
  from space 2048K, 10% used [0x00000000ffc00000,0x00000000ffc38000,0x00000000ffe00000)
  to   space 2048K, 0% used [0x00000000ffe00000,0x00000000ffe00000,0x0000000100000000)
 ParOldGen       total 1040384K, used 55912K [0x00000000a0c00000, 0x00000000e0400000, 0x00000000e0400000)
  object space 1040384K, 5% used [0x00000000a0c00000,0x00000000a429a228,0x00000000e0400000)
 Metaspace       used 13030K, capacity 13234K, committed 13312K, reserved 1060864K
  class space    used 1469K, capacity 1501K, committed 1536K, reserved 1048576K
}
{Heap before GC invocations=266 (full 0):
 PSYoungGen      total 518144K, used 516320K [0x00000000e0400000, 0x0000000100000000, 0x0000000100000000)
  eden space 516096K, 100% used [0x00000000e0400000,0x00000000ffc00000,0x00000000ffc00000)
  from space 2048K, 10% used [0x00000000ffc00000,0x00000000ffc38000,0x00000000ffe00000)
  to   space 2048K, 0% used [0x00000000ffe00000,0x00000000ffe00000,0x0000000100000000)
 ParOldGen       total 1040384K, used 55912K [0x00000000a0c00000, 0x00000000e0400000, 0x00000000e0400000)
  object space 1040384K, 5% used [0x00000000a0c00000,0x00000000a429a228,0x00000000e0400000)
 Metaspace       used 13030K, capacity 13234K, committed 13312K, reserved 1060864K
  class space    used 1469K, capacity 1501K, committed 1536K, reserved 1048576K
1838.372: [GC (Allocation Failure) [PSYoungGen: 516320K->1184K(518144K)] 572232K->57104K(1558528K), 0.0022483 secs] [Times: user=0.00 sys=0.00, real=0.00 secs] 
Heap after GC invocations=266 (full 0):
 PSYoungGen      total 518144K, used 1184K [0x00000000e0400000, 0x0000000100000000, 0x0000000100000000)
  eden space 516096K, 0% used [0x00000000e0400000,0x00000000e0400000,0x00000000ffc00000)
  from space 2048K, 57% used [0x00000000ffe00000,0x00000000fff28000,0x0000000100000000)
  to   space 2048K, 0% used [0x00000000ffc00000,0x00000000ffc00000,0x00000000ffe00000)
 ParOldGen       total 1040384K, used 55920K [0x00000000a0c00000, 0x00000000e0400000, 0x00000000e0400000)
  object space 1040384K, 5% used [0x00000000a0c00000,0x00000000a429c228,0x00000000e0400000)
 Metaspace       used 13030K, capacity 13234K, committed 13312K, reserved 1060864K
  class space    used 1469K, capacity 1501K, committed 1536K, reserved 1048576K
}
{Heap before GC invocations=267 (full 0):
 PSYoungGen      total 518144K, used 517280K [0x00000000e0400000, 0x0000000100000000, 0x0000000100000000)
  eden space 516096K, 100% used [0x00000000e0400000,0x00000000ffc00000,0x00000000ffc00000)
  from space 2048K, 57% used [0x00000000ffe00000,0x00000000fff28000,0x0000000100000000)
  to   space 2048K, 0% used [0x00000000ffc00000,0x00000000ffc00000,0x00000000ffe00000)
 ParOldGen       total 1040384K, used 55920K [0x00000000a0c00000, 0x00000000e0400000, 0x00000000e0400000)
  object space 1040384K, 5% used [0x00000000a0c00000,0x00000000a429c228,0x00000000e0400000)
 Metaspace       used 13030K, capacity 13234K, committed 13312K, reserved 1060864K
  class space    used 1469K, capacity 1501K, committed 1536K, reserved 1048576K
1845.339: [GC (Allocation Failure) [PSYoungGen: 517280K->256K(518144K)] 573200K->56176K(1558528K), 0.0013544 secs] [Times: user=0.00 sys=0.00, real=0.00 secs] 
Heap after GC invocations=267 (full 0):
 PSYoungGen      total 518144K, used 256K [0x00000000e0400000, 0x0000000100000000, 0x0000000100000000)
  eden space 516096K, 0% used [0x00000000e0400000,0x00000000e0400000,0x00000000ffc00000)
  from space 2048K, 12% used [0x00000000ffc00000,0x00000000ffc40000,0x00000000ffe00000)
  to   space 2048K, 0% used [0x00000000ffe00000,0x00000000ffe00000,0x0000000100000000)
 ParOldGen       total 1040384K, used 55920K [0x00000000a0c00000, 0x00000000e0400000, 0x00000000e0400000)
  object space 1040384K, 5% used [0x00000000a0c00000,0x00000000a429c228,0x00000000e0400000)
 Metaspace       used 13030K, capacity 13234K, committed 13312K, reserved 1060864K
  class space    used 1469K, capacity 1501K, committed 1536K, reserved 1048576K
}
{Heap before GC invocations=268 (full 0):
 PSYoungGen      total 518144K, used 516352K [0x00000000e0400000, 0x0000000100000000, 0x0000000100000000)
  eden space 516096K, 100% used [0x00000000e0400000,0x00000000ffc00000,0x00000000ffc00000)
  from space 2048K, 12% used [0x00000000ffc00000,0x00000000ffc40000,0x00000000ffe00000)
  to   space 2048K, 0% used [0x00000000ffe00000,0x00000000ffe00000,0x0000000100000000)
 ParOldGen       total 1040384K, used 55920K [0x00000000a0c00000, 0x00000000e0400000, 0x00000000e0400000)
  object space 1040384K, 5% used [0x00000000a0c00000,0x00000000a429c228,0x00000000e0400000)
 Metaspace       used 13030K, capacity 13234K, committed 13312K, reserved 1060864K
  class space    used 1469K, capacity 1501K, committed 1536K, reserved 1048576K
1852.267: [GC (Allocation Failure) [PSYoungGen: 516352K->128K(518144K)] 572272K->56048K(1558528K), 0.0017939 secs] [Times: user=0.00 sys=0.00, real=0.00 secs] 
Heap after GC invocations=268 (full 0):
 PSYoungGen      total 518144K, used 128K [0x00000000e0400000, 0x0000000100000000, 0x0000000100000000)
  eden space 516096K, 0% used [0x00000000e0400000,0x00000000e0400000,0x00000000ffc00000)
  from space 2048K, 6% used [0x00000000ffe00000,0x00000000ffe20000,0x0000000100000000)
  to   space 2048K, 0% used [0x00000000ffc00000,0x00000000ffc00000,0x00000000ffe00000)
 ParOldGen       total 1040384K, used 55920K [0x00000000a0c00000, 0x00000000e0400000, 0x00000000e0400000)
  object space 1040384K, 5% used [0x00000000a0c00000,0x00000000a429c228,0x00000000e0400000)
 Metaspace       used 13030K, capacity 13234K, committed 13312K, reserved 1060864K
  class space    used 1469K, capacity 1501K, committed 1536K, reserved 1048576K
}
{Heap before GC invocations=269 (full 0):
 PSYoungGen      total 518144K, used 516224K [0x00000000e0400000, 0x0000000100000000, 0x0000000100000000)
  eden space 516096K, 100% used [0x00000000e0400000,0x00000000ffc00000,0x00000000ffc00000)
  from space 2048K, 6% used [0x00000000ffe00000,0x00000000ffe20000,0x0000000100000000)
  to   space 2048K, 0% used [0x00000000ffc00000,0x00000000ffc00000,0x00000000ffe00000)
 ParOldGen       total 1040384K, used 55920K [0x00000000a0c00000, 0x00000000e0400000, 0x00000000e0400000)
  object space 1040384K, 5% used [0x00000000a0c00000,0x00000000a429c228,0x00000000e0400000)
 Metaspace       used 13030K, capacity 13234K, committed 13312K, reserved 1060864K
  class space    used 1469K, capacity 1501K, committed 1536K, reserved 1048576K
1859.224: [GC (Allocation Failure) [PSYoungGen: 516224K->64K(518144K)] 572144K->55984K(1558528K), 0.0017485 secs] [Times: user=0.00 sys=0.00, real=0.00 secs] 
Heap after GC invocations=269 (full 0):
 PSYoungGen      total 518144K, used 64K [0x00000000e0400000, 0x0000000100000000, 0x0000000100000000)
  eden space 516096K, 0% used [0x00000000e0400000,0x00000000e0400000,0x00000000ffc00000)
  from space 2048K, 3% used [0x00000000ffc00000,0x00000000ffc10000,0x00000000ffe00000)
  to   space 2048K, 0% used [0x00000000ffe00000,0x00000000ffe00000,0x0000000100000000)
 ParOldGen       total 1040384K, used 55920K [0x00000000a0c00000, 0x00000000e0400000, 0x00000000e0400000)
  object space 1040384K, 5% used [0x00000000a0c00000,0x00000000a429c228,0x00000000e0400000)
 Metaspace       used 13030K, capacity 13234K, committed 13312K, reserved 1060864K
  class space    used 1469K, capacity 1501K, committed 1536K, reserved 1048576K
}
{Heap before GC invocations=270 (full 0):
 PSYoungGen      total 518144K, used 516160K [0x00000000e0400000, 0x0000000100000000, 0x0000000100000000)
  eden space 516096K, 100% used [0x00000000e0400000,0x00000000ffc00000,0x00000000ffc00000)
  from space 2048K, 3% used [0x00000000ffc00000,0x00000000ffc10000,0x00000000ffe00000)
  to   space 2048K, 0% used [0x00000000ffe00000,0x00000000ffe00000,0x0000000100000000)
 ParOldGen       total 1040384K, used 55920K [0x00000000a0c00000, 0x00000000e0400000, 0x00000000e0400000)
  object space 1040384K, 5% used [0x00000000a0c00000,0x00000000a429c228,0x00000000e0400000)
 Metaspace       used 13030K, capacity 13234K, committed 13312K, reserved 1060864K
  class space    used 1469K, capacity 1501K, committed 1536K, reserved 1048576K
1866.115: [GC (Allocation Failure) [PSYoungGen: 516160K->128K(518144K)] 572080K->56048K(1558528K), 0.0018558 secs] [Times: user=0.00 sys=0.00, real=0.00 secs] 
Heap after GC invocations=270 (full 0):
 PSYoungGen      total 518144K, used 128K [0x00000000e0400000, 0x0000000100000000, 0x0000000100000000)
  eden space 516096K, 0% used [0x00000000e0400000,0x00000000e0400000,0x00000000ffc00000)
  from space 2048K, 6% used [0x00000000ffe00000,0x00000000ffe20000,0x0000000100000000)
  to   space 2048K, 0% used [0x00000000ffc00000,0x00000000ffc00000,0x00000000ffe00000)
 ParOldGen       total 1040384K, used 55920K [0x00000000a0c00000, 0x00000000e0400000, 0x00000000e0400000)
  object space 1040384K, 5% used [0x00000000a0c00000,0x00000000a429c228,0x00000000e0400000)
 Metaspace       used 13030K, capacity 13234K, committed 13312K, reserved 1060864K
  class space    used 1469K, capacity 1501K, committed 1536K, reserved 1048576K
}
{Heap before GC invocations=271 (full 0):
 PSYoungGen      total 518144K, used 516224K [0x00000000e0400000, 0x0000000100000000, 0x0000000100000000)
  eden space 516096K, 100% used [0x00000000e0400000,0x00000000ffc00000,0x00000000ffc00000)
  from space 2048K, 6% used [0x00000000ffe00000,0x00000000ffe20000,0x0000000100000000)
  to   space 2048K, 0% used [0x00000000ffc00000,0x00000000ffc00000,0x00000000ffe00000)
 ParOldGen       total 1040384K, used 55920K [0x00000000a0c00000, 0x00000000e0400000, 0x00000000e0400000)
  object space 1040384K, 5% used [0x00000000a0c00000,0x00000000a429c228,0x00000000e0400000)
 Metaspace       used 13030K, capacity 13234K, committed 13312K, reserved 1060864K
  class space    used 1469K, capacity 1501K, committed 1536K, reserved 1048576K
1873.094: [GC (Allocation Failure) [PSYoungGen: 516224K->1504K(518144K)] 572144K->57432K(1558528K), 0.0020088 secs] [Times: user=0.00 sys=0.00, real=0.00 secs] 
Heap after GC invocations=271 (full 0):
 PSYoungGen      total 518144K, used 1504K [0x00000000e0400000, 0x0000000100000000, 0x0000000100000000)
  eden space 516096K, 0% used [0x00000000e0400000,0x00000000e0400000,0x00000000ffc00000)
  from space 2048K, 73% used [0x00000000ffc00000,0x00000000ffd78000,0x00000000ffe00000)
  to   space 2048K, 0% used [0x00000000ffe00000,0x00000000ffe00000,0x0000000100000000)
 ParOldGen       total 1040384K, used 55928K [0x00000000a0c00000, 0x00000000e0400000, 0x00000000e0400000)
  object space 1040384K, 5% used [0x00000000a0c00000,0x00000000a429e228,0x00000000e0400000)
 Metaspace       used 13030K, capacity 13234K, committed 13312K, reserved 1060864K
  class space    used 1469K, capacity 1501K, committed 1536K, reserved 1048576K
}
{Heap before GC invocations=272 (full 0):
 PSYoungGen      total 518144K, used 517600K [0x00000000e0400000, 0x0000000100000000, 0x0000000100000000)
  eden space 516096K, 100% used [0x00000000e0400000,0x00000000ffc00000,0x00000000ffc00000)
  from space 2048K, 73% used [0x00000000ffc00000,0x00000000ffd78000,0x00000000ffe00000)
  to   space 2048K, 0% used [0x00000000ffe00000,0x00000000ffe00000,0x0000000100000000)
 ParOldGen       total 1040384K, used 55928K [0x00000000a0c00000, 0x00000000e0400000, 0x00000000e0400000)
  object space 1040384K, 5% used [0x00000000a0c00000,0x00000000a429e228,0x00000000e0400000)
 Metaspace       used 13030K, capacity 13234K, committed 13312K, reserved 1060864K
  class space    used 1469K, capacity 1501K, committed 1536K, reserved 1048576K
1880.112: [GC (Allocation Failure) [PSYoungGen: 517600K->160K(518144K)] 573528K->56088K(1558528K), 0.0016564 secs] [Times: user=0.00 sys=0.00, real=0.00 secs] 
Heap after GC invocations=272 (full 0):
 PSYoungGen      total 518144K, used 160K [0x00000000e0400000, 0x0000000100000000, 0x0000000100000000)
  eden space 516096K, 0% used [0x00000000e0400000,0x00000000e0400000,0x00000000ffc00000)
  from space 2048K, 7% used [0x00000000ffe00000,0x00000000ffe28000,0x0000000100000000)
  to   space 2048K, 0% used [0x00000000ffc00000,0x00000000ffc00000,0x00000000ffe00000)
 ParOldGen       total 1040384K, used 55928K [0x00000000a0c00000, 0x00000000e0400000, 0x00000000e0400000)
  object space 1040384K, 5% used [0x00000000a0c00000,0x00000000a429e228,0x00000000e0400000)
 Metaspace       used 13030K, capacity 13234K, committed 13312K, reserved 1060864K
  class space    used 1469K, capacity 1501K, committed 1536K, reserved 1048576K
}
{Heap before GC invocations=273 (full 0):
 PSYoungGen      total 518144K, used 516256K [0x00000000e0400000, 0x0000000100000000, 0x0000000100000000)
  eden space 516096K, 100% used [0x00000000e0400000,0x00000000ffc00000,0x00000000ffc00000)
  from space 2048K, 7% used [0x00000000ffe00000,0x00000000ffe28000,0x0000000100000000)
  to   space 2048K, 0% used [0x00000000ffc00000,0x00000000ffc00000,0x00000000ffe00000)
 ParOldGen       total 1040384K, used 55928K [0x00000000a0c00000, 0x00000000e0400000, 0x00000000e0400000)
  object space 1040384K, 5% used [0x00000000a0c00000,0x00000000a429e228,0x00000000e0400000)
 Metaspace       used 13030K, capacity 13234K, committed 13312K, reserved 1060864K
  class space    used 1469K, capacity 1501K, committed 1536K, reserved 1048576K
1887.144: [GC (Allocation Failure) [PSYoungGen: 516256K->128K(518144K)] 572184K->56056K(1558528K), 0.0016571 secs] [Times: user=0.00 sys=0.00, real=0.00 secs] 
Heap after GC invocations=273 (full 0):
 PSYoungGen      total 518144K, used 128K [0x00000000e0400000, 0x0000000100000000, 0x0000000100000000)
  eden space 516096K, 0% used [0x00000000e0400000,0x00000000e0400000,0x00000000ffc00000)
  from space 2048K, 6% used [0x00000000ffc00000,0x00000000ffc20000,0x00000000ffe00000)
  to   space 2048K, 0% used [0x00000000ffe00000,0x00000000ffe00000,0x0000000100000000)
 ParOldGen       total 1040384K, used 55928K [0x00000000a0c00000, 0x00000000e0400000, 0x00000000e0400000)
  object space 1040384K, 5% used [0x00000000a0c00000,0x00000000a429e228,0x00000000e0400000)
 Metaspace       used 13030K, capacity 13234K, committed 13312K, reserved 1060864K
  class space    used 1469K, capacity 1501K, committed 1536K, reserved 1048576K
}
{Heap before GC invocations=274 (full 0):
 PSYoungGen      total 518144K, used 516224K [0x00000000e0400000, 0x0000000100000000, 0x0000000100000000)
  eden space 516096K, 100% used [0x00000000e0400000,0x00000000ffc00000,0x00000000ffc00000)
  from space 2048K, 6% used [0x00000000ffc00000,0x00000000ffc20000,0x00000000ffe00000)
  to   space 2048K, 0% used [0x00000000ffe00000,0x00000000ffe00000,0x0000000100000000)
 ParOldGen       total 1040384K, used 55928K [0x00000000a0c00000, 0x00000000e0400000, 0x00000000e0400000)
  object space 1040384K, 5% used [0x00000000a0c00000,0x00000000a429e228,0x00000000e0400000)
 Metaspace       used 13030K, capacity 13234K, committed 13312K, reserved 1060864K
  class space    used 1469K, capacity 1501K, committed 1536K, reserved 1048576K
1894.081: [GC (Allocation Failure) [PSYoungGen: 516224K->224K(518144K)] 572152K->56152K(1558528K), 0.0012565 secs] [Times: user=0.00 sys=0.00, real=0.00 secs] 
Heap after GC invocations=274 (full 0):
 PSYoungGen      total 518144K, used 224K [0x00000000e0400000, 0x0000000100000000, 0x0000000100000000)
  eden space 516096K, 0% used [0x00000000e0400000,0x00000000e0400000,0x00000000ffc00000)
  from space 2048K, 10% used [0x00000000ffe00000,0x00000000ffe38000,0x0000000100000000)
  to   space 2048K, 0% used [0x00000000ffc00000,0x00000000ffc00000,0x00000000ffe00000)
 ParOldGen       total 1040384K, used 55928K [0x00000000a0c00000, 0x00000000e0400000, 0x00000000e0400000)
  object space 1040384K, 5% used [0x00000000a0c00000,0x00000000a429e228,0x00000000e0400000)
 Metaspace       used 13030K, capacity 13234K, committed 13312K, reserved 1060864K
  class space    used 1469K, capacity 1501K, committed 1536K, reserved 1048576K
}
{Heap before GC invocations=275 (full 0):
 PSYoungGen      total 518144K, used 516320K [0x00000000e0400000, 0x0000000100000000, 0x0000000100000000)
  eden space 516096K, 100% used [0x00000000e0400000,0x00000000ffc00000,0x00000000ffc00000)
  from space 2048K, 10% used [0x00000000ffe00000,0x00000000ffe38000,0x0000000100000000)
  to   space 2048K, 0% used [0x00000000ffc00000,0x00000000ffc00000,0x00000000ffe00000)
 ParOldGen       total 1040384K, used 55928K [0x00000000a0c00000, 0x00000000e0400000, 0x00000000e0400000)
  object space 1040384K, 5% used [0x00000000a0c00000,0x00000000a429e228,0x00000000e0400000)
 Metaspace       used 13030K, capacity 13234K, committed 13312K, reserved 1060864K
  class space    used 1469K, capacity 1501K, committed 1536K, reserved 1048576K
1901.048: [GC (Allocation Failure) [PSYoungGen: 516320K->512K(518144K)] 572248K->56448K(1558528K), 0.0017012 secs] [Times: user=0.00 sys=0.00, real=0.00 secs] 
Heap after GC invocations=275 (full 0):
 PSYoungGen      total 518144K, used 512K [0x00000000e0400000, 0x0000000100000000, 0x0000000100000000)
  eden space 516096K, 0% used [0x00000000e0400000,0x00000000e0400000,0x00000000ffc00000)
  from space 2048K, 25% used [0x00000000ffc00000,0x00000000ffc80000,0x00000000ffe00000)
  to   space 2048K, 0% used [0x00000000ffe00000,0x00000000ffe00000,0x0000000100000000)
 ParOldGen       total 1040384K, used 55936K [0x00000000a0c00000, 0x00000000e0400000, 0x00000000e0400000)
  object space 1040384K, 5% used [0x00000000a0c00000,0x00000000a42a0228,0x00000000e0400000)
 Metaspace       used 13030K, capacity 13234K, committed 13312K, reserved 1060864K
  class space    used 1469K, capacity 1501K, committed 1536K, reserved 1048576K
}
{Heap before GC invocations=276 (full 0):
 PSYoungGen      total 518144K, used 516608K [0x00000000e0400000, 0x0000000100000000, 0x0000000100000000)
  eden space 516096K, 100% used [0x00000000e0400000,0x00000000ffc00000,0x00000000ffc00000)
  from space 2048K, 25% used [0x00000000ffc00000,0x00000000ffc80000,0x00000000ffe00000)
  to   space 2048K, 0% used [0x00000000ffe00000,0x00000000ffe00000,0x0000000100000000)
 ParOldGen       total 1040384K, used 55936K [0x00000000a0c00000, 0x00000000e0400000, 0x00000000e0400000)
  object space 1040384K, 5% used [0x00000000a0c00000,0x00000000a42a0228,0x00000000e0400000)
 Metaspace       used 13030K, capacity 13234K, committed 13312K, reserved 1060864K
  class space    used 1469K, capacity 1501K, committed 1536K, reserved 1048576K
1908.097: [GC (Allocation Failure) [PSYoungGen: 516608K->128K(518656K)] 572544K->56064K(1559040K), 0.0016633 secs] [Times: user=0.00 sys=0.00, real=0.00 secs] 
Heap after GC invocations=276 (full 0):
 PSYoungGen      total 518656K, used 128K [0x00000000e0400000, 0x0000000100000000, 0x0000000100000000)
  eden space 516608K, 0% used [0x00000000e0400000,0x00000000e0400000,0x00000000ffc80000)
  from space 2048K, 6% used [0x00000000ffe00000,0x00000000ffe20000,0x0000000100000000)
  to   space 1536K, 0% used [0x00000000ffc80000,0x00000000ffc80000,0x00000000ffe00000)
 ParOldGen       total 1040384K, used 55936K [0x00000000a0c00000, 0x00000000e0400000, 0x00000000e0400000)
  object space 1040384K, 5% used [0x00000000a0c00000,0x00000000a42a0228,0x00000000e0400000)
 Metaspace       used 13030K, capacity 13234K, committed 13312K, reserved 1060864K
  class space    used 1469K, capacity 1501K, committed 1536K, reserved 1048576K
}
{Heap before GC invocations=277 (full 0):
 PSYoungGen      total 518656K, used 516736K [0x00000000e0400000, 0x0000000100000000, 0x0000000100000000)
  eden space 516608K, 100% used [0x00000000e0400000,0x00000000ffc80000,0x00000000ffc80000)
  from space 2048K, 6% used [0x00000000ffe00000,0x00000000ffe20000,0x0000000100000000)
  to   space 1536K, 0% used [0x00000000ffc80000,0x00000000ffc80000,0x00000000ffe00000)
 ParOldGen       total 1040384K, used 55936K [0x00000000a0c00000, 0x00000000e0400000, 0x00000000e0400000)
  object space 1040384K, 5% used [0x00000000a0c00000,0x00000000a42a0228,0x00000000e0400000)
 Metaspace       used 13030K, capacity 13234K, committed 13312K, reserved 1060864K
  class space    used 1469K, capacity 1501K, committed 1536K, reserved 1048576K
1914.974: [GC (Allocation Failure) [PSYoungGen: 516736K->192K(518144K)] 572672K->56128K(1558528K), 0.0016956 secs] [Times: user=0.11 sys=0.00, real=0.00 secs] 
Heap after GC invocations=277 (full 0):
 PSYoungGen      total 518144K, used 192K [0x00000000e0400000, 0x0000000100000000, 0x0000000100000000)
  eden space 516608K, 0% used [0x00000000e0400000,0x00000000e0400000,0x00000000ffc80000)
  from space 1536K, 12% used [0x00000000ffc80000,0x00000000ffcb0000,0x00000000ffe00000)
  to   space 1536K, 0% used [0x00000000ffe80000,0x00000000ffe80000,0x0000000100000000)
 ParOldGen       total 1040384K, used 55936K [0x00000000a0c00000, 0x00000000e0400000, 0x00000000e0400000)
  object space 1040384K, 5% used [0x00000000a0c00000,0x00000000a42a0228,0x00000000e0400000)
 Metaspace       used 13030K, capacity 13234K, committed 13312K, reserved 1060864K
  class space    used 1469K, capacity 1501K, committed 1536K, reserved 1048576K
}
{Heap before GC invocations=278 (full 0):
 PSYoungGen      total 518144K, used 516800K [0x00000000e0400000, 0x0000000100000000, 0x0000000100000000)
  eden space 516608K, 100% used [0x00000000e0400000,0x00000000ffc80000,0x00000000ffc80000)
  from space 1536K, 12% used [0x00000000ffc80000,0x00000000ffcb0000,0x00000000ffe00000)
  to   space 1536K, 0% used [0x00000000ffe80000,0x00000000ffe80000,0x0000000100000000)
 ParOldGen       total 1040384K, used 55936K [0x00000000a0c00000, 0x00000000e0400000, 0x00000000e0400000)
  object space 1040384K, 5% used [0x00000000a0c00000,0x00000000a42a0228,0x00000000e0400000)
 Metaspace       used 13030K, capacity 13234K, committed 13312K, reserved 1060864K
  class space    used 1469K, capacity 1501K, committed 1536K, reserved 1048576K
1921.933: [GC (Allocation Failure) [PSYoungGen: 516800K->160K(518656K)] 572736K->56096K(1559040K), 0.0017752 secs] [Times: user=0.00 sys=0.00, real=0.00 secs] 
Heap after GC invocations=278 (full 0):
 PSYoungGen      total 518656K, used 160K [0x00000000e0400000, 0x0000000100000000, 0x0000000100000000)
  eden space 517120K, 0% used [0x00000000e0400000,0x00000000e0400000,0x00000000ffd00000)
  from space 1536K, 10% used [0x00000000ffe80000,0x00000000ffea8000,0x0000000100000000)
  to   space 1536K, 0% used [0x00000000ffd00000,0x00000000ffd00000,0x00000000ffe80000)
 ParOldGen       total 1040384K, used 55936K [0x00000000a0c00000, 0x00000000e0400000, 0x00000000e0400000)
  object space 1040384K, 5% used [0x00000000a0c00000,0x00000000a42a0228,0x00000000e0400000)
 Metaspace       used 13030K, capacity 13234K, committed 13312K, reserved 1060864K
  class space    used 1469K, capacity 1501K, committed 1536K, reserved 1048576K
}
{Heap before GC invocations=279 (full 0):
 PSYoungGen      total 518656K, used 517280K [0x00000000e0400000, 0x0000000100000000, 0x0000000100000000)
  eden space 517120K, 100% used [0x00000000e0400000,0x00000000ffd00000,0x00000000ffd00000)
  from space 1536K, 10% used [0x00000000ffe80000,0x00000000ffea8000,0x0000000100000000)
  to   space 1536K, 0% used [0x00000000ffd00000,0x00000000ffd00000,0x00000000ffe80000)
 ParOldGen       total 1040384K, used 55936K [0x00000000a0c00000, 0x00000000e0400000, 0x00000000e0400000)
  object space 1040384K, 5% used [0x00000000a0c00000,0x00000000a42a0228,0x00000000e0400000)
 Metaspace       used 13030K, capacity 13234K, committed 13312K, reserved 1060864K
  class space    used 1469K, capacity 1501K, committed 1536K, reserved 1048576K
1928.862: [GC (Allocation Failure) [PSYoungGen: 517280K->192K(518656K)] 573216K->56136K(1559040K), 0.0017105 secs] [Times: user=0.00 sys=0.00, real=0.00 secs] 
Heap after GC invocations=279 (full 0):
 PSYoungGen      total 518656K, used 192K [0x00000000e0400000, 0x0000000100000000, 0x0000000100000000)
  eden space 517120K, 0% used [0x00000000e0400000,0x00000000e0400000,0x00000000ffd00000)
  from space 1536K, 12% used [0x00000000ffd00000,0x00000000ffd30000,0x00000000ffe80000)
  to   space 1536K, 0% used [0x00000000ffe80000,0x00000000ffe80000,0x0000000100000000)
 ParOldGen       total 1040384K, used 55944K [0x00000000a0c00000, 0x00000000e0400000, 0x00000000e0400000)
  object space 1040384K, 5% used [0x00000000a0c00000,0x00000000a42a2228,0x00000000e0400000)
 Metaspace       used 13030K, capacity 13234K, committed 13312K, reserved 1060864K
  class space    used 1469K, capacity 1501K, committed 1536K, reserved 1048576K
}
{Heap before GC invocations=280 (full 0):
 PSYoungGen      total 518656K, used 517312K [0x00000000e0400000, 0x0000000100000000, 0x0000000100000000)
  eden space 517120K, 100% used [0x00000000e0400000,0x00000000ffd00000,0x00000000ffd00000)
  from space 1536K, 12% used [0x00000000ffd00000,0x00000000ffd30000,0x00000000ffe80000)
  to   space 1536K, 0% used [0x00000000ffe80000,0x00000000ffe80000,0x0000000100000000)
 ParOldGen       total 1040384K, used 55944K [0x00000000a0c00000, 0x00000000e0400000, 0x00000000e0400000)
  object space 1040384K, 5% used [0x00000000a0c00000,0x00000000a42a2250,0x00000000e0400000)
 Metaspace       used 13030K, capacity 13234K, committed 13312K, reserved 1060864K
  class space    used 1469K, capacity 1501K, committed 1536K, reserved 1048576K
1935.837: [GC (GCLocker Initiated GC) [PSYoungGen: 517312K->1408K(517632K)] 573256K->57352K(1558016K), 0.0019391 secs] [Times: user=0.00 sys=0.00, real=0.00 secs] 
Heap after GC invocations=280 (full 0):
 PSYoungGen      total 517632K, used 1408K [0x00000000e0400000, 0x0000000100000000, 0x0000000100000000)
  eden space 516096K, 0% used [0x00000000e0400000,0x00000000e0400000,0x00000000ffc00000)
  from space 1536K, 91% used [0x00000000ffe80000,0x00000000fffe0000,0x0000000100000000)
  to   space 2048K, 0% used [0x00000000ffc00000,0x00000000ffc00000,0x00000000ffe00000)
 ParOldGen       total 1040384K, used 55944K [0x00000000a0c00000, 0x00000000e0400000, 0x00000000e0400000)
  object space 1040384K, 5% used [0x00000000a0c00000,0x00000000a42a2250,0x00000000e0400000)
 Metaspace       used 13030K, capacity 13234K, committed 13312K, reserved 1060864K
  class space    used 1469K, capacity 1501K, committed 1536K, reserved 1048576K
}
{Heap before GC invocations=281 (full 0):
 PSYoungGen      total 517632K, used 517504K [0x00000000e0400000, 0x0000000100000000, 0x0000000100000000)
  eden space 516096K, 100% used [0x00000000e0400000,0x00000000ffc00000,0x00000000ffc00000)
  from space 1536K, 91% used [0x00000000ffe80000,0x00000000fffe0000,0x0000000100000000)
  to   space 2048K, 0% used [0x00000000ffc00000,0x00000000ffc00000,0x00000000ffe00000)
 ParOldGen       total 1040384K, used 55947K [0x00000000a0c00000, 0x00000000e0400000, 0x00000000e0400000)
  object space 1040384K, 5% used [0x00000000a0c00000,0x00000000a42a2ea0,0x00000000e0400000)
 Metaspace       used 13030K, capacity 13234K, committed 13312K, reserved 1060864K
  class space    used 1469K, capacity 1501K, committed 1536K, reserved 1048576K
1942.819: [GC (Allocation Failure) [PSYoungGen: 517504K->192K(518144K)] 573451K->56179K(1558528K), 0.0012574 secs] [Times: user=0.00 sys=0.00, real=0.00 secs] 
Heap after GC invocations=281 (full 0):
 PSYoungGen      total 518144K, used 192K [0x00000000e0400000, 0x0000000100000000, 0x0000000100000000)
  eden space 516096K, 0% used [0x00000000e0400000,0x00000000e0400000,0x00000000ffc00000)
  from space 2048K, 9% used [0x00000000ffc00000,0x00000000ffc30000,0x00000000ffe00000)
  to   space 1536K, 0% used [0x00000000ffe80000,0x00000000ffe80000,0x0000000100000000)
 ParOldGen       total 1040384K, used 55987K [0x00000000a0c00000, 0x00000000e0400000, 0x00000000e0400000)
  object space 1040384K, 5% used [0x00000000a0c00000,0x00000000a42acea0,0x00000000e0400000)
 Metaspace       used 13030K, capacity 13234K, committed 13312K, reserved 1060864K
  class space    used 1469K, capacity 1501K, committed 1536K, reserved 1048576K
}
{Heap before GC invocations=282 (full 0):
 PSYoungGen      total 518144K, used 516288K [0x00000000e0400000, 0x0000000100000000, 0x0000000100000000)
  eden space 516096K, 100% used [0x00000000e0400000,0x00000000ffc00000,0x00000000ffc00000)
  from space 2048K, 9% used [0x00000000ffc00000,0x00000000ffc30000,0x00000000ffe00000)
  to   space 1536K, 0% used [0x00000000ffe80000,0x00000000ffe80000,0x0000000100000000)
 ParOldGen       total 1040384K, used 55987K [0x00000000a0c00000, 0x00000000e0400000, 0x00000000e0400000)
  object space 1040384K, 5% used [0x00000000a0c00000,0x00000000a42acea0,0x00000000e0400000)
 Metaspace       used 13030K, capacity 13234K, committed 13312K, reserved 1060864K
  class space    used 1469K, capacity 1501K, committed 1536K, reserved 1048576K
1949.637: [GC (Allocation Failure) [PSYoungGen: 516288K->96K(518656K)] 572275K->56099K(1559040K), 0.0016720 secs] [Times: user=0.00 sys=0.00, real=0.00 secs] 
Heap after GC invocations=282 (full 0):
 PSYoungGen      total 518656K, used 96K [0x00000000e0400000, 0x0000000100000000, 0x0000000100000000)
  eden space 517120K, 0% used [0x00000000e0400000,0x00000000e0400000,0x00000000ffd00000)
  from space 1536K, 6% used [0x00000000ffe80000,0x00000000ffe98000,0x0000000100000000)
  to   space 1536K, 0% used [0x00000000ffd00000,0x00000000ffd00000,0x00000000ffe80000)
 ParOldGen       total 1040384K, used 56003K [0x00000000a0c00000, 0x00000000e0400000, 0x00000000e0400000)
  object space 1040384K, 5% used [0x00000000a0c00000,0x00000000a42b0ea0,0x00000000e0400000)
 Metaspace       used 13030K, capacity 13234K, committed 13312K, reserved 1060864K
  class space    used 1469K, capacity 1501K, committed 1536K, reserved 1048576K
}
{Heap before GC invocations=283 (full 0):
 PSYoungGen      total 518656K, used 517216K [0x00000000e0400000, 0x0000000100000000, 0x0000000100000000)
  eden space 517120K, 100% used [0x00000000e0400000,0x00000000ffd00000,0x00000000ffd00000)
  from space 1536K, 6% used [0x00000000ffe80000,0x00000000ffe98000,0x0000000100000000)
  to   space 1536K, 0% used [0x00000000ffd00000,0x00000000ffd00000,0x00000000ffe80000)
 ParOldGen       total 1040384K, used 56003K [0x00000000a0c00000, 0x00000000e0400000, 0x00000000e0400000)
  object space 1040384K, 5% used [0x00000000a0c00000,0x00000000a42b0ea0,0x00000000e0400000)
 Metaspace       used 13030K, capacity 13234K, committed 13312K, reserved 1060864K
  class space    used 1469K, capacity 1501K, committed 1536K, reserved 1048576K
1956.790: [GC (Allocation Failure) [PSYoungGen: 517216K->128K(518656K)] 573219K->56163K(1559040K), 0.0018912 secs] [Times: user=0.00 sys=0.00, real=0.00 secs] 
Heap after GC invocations=283 (full 0):
 PSYoungGen      total 518656K, used 128K [0x00000000e0400000, 0x0000000100000000, 0x0000000100000000)
  eden space 517120K, 0% used [0x00000000e0400000,0x00000000e0400000,0x00000000ffd00000)
  from space 1536K, 8% used [0x00000000ffd00000,0x00000000ffd20000,0x00000000ffe80000)
  to   space 1536K, 0% used [0x00000000ffe80000,0x00000000ffe80000,0x0000000100000000)
 ParOldGen       total 1040384K, used 56035K [0x00000000a0c00000, 0x00000000e0400000, 0x00000000e0400000)
  object space 1040384K, 5% used [0x00000000a0c00000,0x00000000a42b8ea0,0x00000000e0400000)
 Metaspace       used 13030K, capacity 13234K, committed 13312K, reserved 1060864K
  class space    used 1469K, capacity 1501K, committed 1536K, reserved 1048576K
}
{Heap before GC invocations=284 (full 0):
 PSYoungGen      total 518656K, used 517248K [0x00000000e0400000, 0x0000000100000000, 0x0000000100000000)
  eden space 517120K, 100% used [0x00000000e0400000,0x00000000ffd00000,0x00000000ffd00000)
  from space 1536K, 8% used [0x00000000ffd00000,0x00000000ffd20000,0x00000000ffe80000)
  to   space 1536K, 0% used [0x00000000ffe80000,0x00000000ffe80000,0x0000000100000000)
 ParOldGen       total 1040384K, used 56035K [0x00000000a0c00000, 0x00000000e0400000, 0x00000000e0400000)
  object space 1040384K, 5% used [0x00000000a0c00000,0x00000000a42b8ea0,0x00000000e0400000)
 Metaspace       used 13030K, capacity 13234K, committed 13312K, reserved 1060864K
  class space    used 1469K, capacity 1501K, committed 1536K, reserved 1048576K
1963.711: [GC (Allocation Failure) [PSYoungGen: 517248K->224K(518656K)] 573283K->56267K(1559040K), 0.0012972 secs] [Times: user=0.00 sys=0.00, real=0.00 secs] 
Heap after GC invocations=284 (full 0):
 PSYoungGen      total 518656K, used 224K [0x00000000e0400000, 0x0000000100000000, 0x0000000100000000)
  eden space 517120K, 0% used [0x00000000e0400000,0x00000000e0400000,0x00000000ffd00000)
  from space 1536K, 14% used [0x00000000ffe80000,0x00000000ffeb8000,0x0000000100000000)
  to   space 1536K, 0% used [0x00000000ffd00000,0x00000000ffd00000,0x00000000ffe80000)
 ParOldGen       total 1040384K, used 56043K [0x00000000a0c00000, 0x00000000e0400000, 0x00000000e0400000)
  object space 1040384K, 5% used [0x00000000a0c00000,0x00000000a42baea0,0x00000000e0400000)
 Metaspace       used 13030K, capacity 13234K, committed 13312K, reserved 1060864K
  class space    used 1469K, capacity 1501K, committed 1536K, reserved 1048576K
}
{Heap before GC invocations=285 (full 0):
 PSYoungGen      total 518656K, used 517344K [0x00000000e0400000, 0x0000000100000000, 0x0000000100000000)
  eden space 517120K, 100% used [0x00000000e0400000,0x00000000ffd00000,0x00000000ffd00000)
  from space 1536K, 14% used [0x00000000ffe80000,0x00000000ffeb8000,0x0000000100000000)
  to   space 1536K, 0% used [0x00000000ffd00000,0x00000000ffd00000,0x00000000ffe80000)
 ParOldGen       total 1040384K, used 56043K [0x00000000a0c00000, 0x00000000e0400000, 0x00000000e0400000)
  object space 1040384K, 5% used [0x00000000a0c00000,0x00000000a42baea0,0x00000000e0400000)
 Metaspace       used 13030K, capacity 13234K, committed 13312K, reserved 1060864K
  class space    used 1469K, capacity 1501K, committed 1536K, reserved 1048576K
1970.611: [GC (Allocation Failure) [PSYoungGen: 517344K->1536K(518656K)] 573387K->57859K(1559040K), 0.0025002 secs] [Times: user=0.00 sys=0.00, real=0.00 secs] 
Heap after GC invocations=285 (full 0):
 PSYoungGen      total 518656K, used 1536K [0x00000000e0400000, 0x0000000100000000, 0x0000000100000000)
  eden space 517120K, 0% used [0x00000000e0400000,0x00000000e0400000,0x00000000ffd00000)
  from space 1536K, 100% used [0x00000000ffd00000,0x00000000ffe80000,0x00000000ffe80000)
  to   space 1536K, 0% used [0x00000000ffe80000,0x00000000ffe80000,0x0000000100000000)
 ParOldGen       total 1040384K, used 56323K [0x00000000a0c00000, 0x00000000e0400000, 0x00000000e0400000)
  object space 1040384K, 5% used [0x00000000a0c00000,0x00000000a4300ea0,0x00000000e0400000)
 Metaspace       used 13030K, capacity 13234K, committed 13312K, reserved 1060864K
  class space    used 1469K, capacity 1501K, committed 1536K, reserved 1048576K
}
{Heap before GC invocations=286 (full 0):
 PSYoungGen      total 518656K, used 518656K [0x00000000e0400000, 0x0000000100000000, 0x0000000100000000)
  eden space 517120K, 100% used [0x00000000e0400000,0x00000000ffd00000,0x00000000ffd00000)
  from space 1536K, 100% used [0x00000000ffd00000,0x00000000ffe80000,0x00000000ffe80000)
  to   space 1536K, 0% used [0x00000000ffe80000,0x00000000ffe80000,0x0000000100000000)
 ParOldGen       total 1040384K, used 56323K [0x00000000a0c00000, 0x00000000e0400000, 0x00000000e0400000)
  object space 1040384K, 5% used [0x00000000a0c00000,0x00000000a4300ea0,0x00000000e0400000)
 Metaspace       used 13030K, capacity 13234K, committed 13312K, reserved 1060864K
  class space    used 1469K, capacity 1501K, committed 1536K, reserved 1048576K
1977.545: [GC (Allocation Failure) [PSYoungGen: 518656K->160K(517632K)] 574979K->56523K(1558016K), 0.0017133 secs] [Times: user=0.00 sys=0.00, real=0.00 secs] 
Heap after GC invocations=286 (full 0):
 PSYoungGen      total 517632K, used 160K [0x00000000e0400000, 0x0000000100000000, 0x0000000100000000)
  eden space 516096K, 0% used [0x00000000e0400000,0x00000000e0400000,0x00000000ffc00000)
  from space 1536K, 10% used [0x00000000ffe80000,0x00000000ffea8000,0x0000000100000000)
  to   space 2048K, 0% used [0x00000000ffc00000,0x00000000ffc00000,0x00000000ffe00000)
 ParOldGen       total 1040384K, used 56363K [0x00000000a0c00000, 0x00000000e0400000, 0x00000000e0400000)
  object space 1040384K, 5% used [0x00000000a0c00000,0x00000000a430aea0,0x00000000e0400000)
 Metaspace       used 13030K, capacity 13234K, committed 13312K, reserved 1060864K
  class space    used 1469K, capacity 1501K, committed 1536K, reserved 1048576K
}
{Heap before GC invocations=287 (full 0):
 PSYoungGen      total 517632K, used 516256K [0x00000000e0400000, 0x0000000100000000, 0x0000000100000000)
  eden space 516096K, 100% used [0x00000000e0400000,0x00000000ffc00000,0x00000000ffc00000)
  from space 1536K, 10% used [0x00000000ffe80000,0x00000000ffea8000,0x0000000100000000)
  to   space 2048K, 0% used [0x00000000ffc00000,0x00000000ffc00000,0x00000000ffe00000)
 ParOldGen       total 1040384K, used 56363K [0x00000000a0c00000, 0x00000000e0400000, 0x00000000e0400000)
  object space 1040384K, 5% used [0x00000000a0c00000,0x00000000a430aea0,0x00000000e0400000)
 Metaspace       used 13030K, capacity 13234K, committed 13312K, reserved 1060864K
  class space    used 1469K, capacity 1501K, committed 1536K, reserved 1048576K
1984.417: [GC (Allocation Failure) [PSYoungGen: 516256K->192K(518144K)] 572619K->56555K(1558528K), 0.0017485 secs] [Times: user=0.00 sys=0.00, real=0.00 secs] 
Heap after GC invocations=287 (full 0):
 PSYoungGen      total 518144K, used 192K [0x00000000e0400000, 0x0000000100000000, 0x0000000100000000)
  eden space 516096K, 0% used [0x00000000e0400000,0x00000000e0400000,0x00000000ffc00000)
  from space 2048K, 9% used [0x00000000ffc00000,0x00000000ffc30000,0x00000000ffe00000)
  to   space 2048K, 0% used [0x00000000ffe00000,0x00000000ffe00000,0x0000000100000000)
 ParOldGen       total 1040384K, used 56363K [0x00000000a0c00000, 0x00000000e0400000, 0x00000000e0400000)
  object space 1040384K, 5% used [0x00000000a0c00000,0x00000000a430aea0,0x00000000e0400000)
 Metaspace       used 13030K, capacity 13234K, committed 13312K, reserved 1060864K
  class space    used 1469K, capacity 1501K, committed 1536K, reserved 1048576K
}
{Heap before GC invocations=288 (full 0):
 PSYoungGen      total 518144K, used 516288K [0x00000000e0400000, 0x0000000100000000, 0x0000000100000000)
  eden space 516096K, 100% used [0x00000000e0400000,0x00000000ffc00000,0x00000000ffc00000)
  from space 2048K, 9% used [0x00000000ffc00000,0x00000000ffc30000,0x00000000ffe00000)
  to   space 2048K, 0% used [0x00000000ffe00000,0x00000000ffe00000,0x0000000100000000)
 ParOldGen       total 1040384K, used 56363K [0x00000000a0c00000, 0x00000000e0400000, 0x00000000e0400000)
  object space 1040384K, 5% used [0x00000000a0c00000,0x00000000a430aea0,0x00000000e0400000)
 Metaspace       used 13030K, capacity 13234K, committed 13312K, reserved 1060864K
  class space    used 1469K, capacity 1501K, committed 1536K, reserved 1048576K
1991.283: [GC (Allocation Failure) [PSYoungGen: 516288K->160K(518144K)] 572651K->56531K(1558528K), 0.0014406 secs] [Times: user=0.00 sys=0.00, real=0.00 secs] 
Heap after GC invocations=288 (full 0):
 PSYoungGen      total 518144K, used 160K [0x00000000e0400000, 0x0000000100000000, 0x0000000100000000)
  eden space 516096K, 0% used [0x00000000e0400000,0x00000000e0400000,0x00000000ffc00000)
  from space 2048K, 7% used [0x00000000ffe00000,0x00000000ffe28000,0x0000000100000000)
  to   space 2048K, 0% used [0x00000000ffc00000,0x00000000ffc00000,0x00000000ffe00000)
 ParOldGen       total 1040384K, used 56371K [0x00000000a0c00000, 0x00000000e0400000, 0x00000000e0400000)
  object space 1040384K, 5% used [0x00000000a0c00000,0x00000000a430cea0,0x00000000e0400000)
 Metaspace       used 13030K, capacity 13234K, committed 13312K, reserved 1060864K
  class space    used 1469K, capacity 1501K, committed 1536K, reserved 1048576K
}
{Heap before GC invocations=289 (full 0):
 PSYoungGen      total 518144K, used 516256K [0x00000000e0400000, 0x0000000100000000, 0x0000000100000000)
  eden space 516096K, 100% used [0x00000000e0400000,0x00000000ffc00000,0x00000000ffc00000)
  from space 2048K, 7% used [0x00000000ffe00000,0x00000000ffe28000,0x0000000100000000)
  to   space 2048K, 0% used [0x00000000ffc00000,0x00000000ffc00000,0x00000000ffe00000)
 ParOldGen       total 1040384K, used 56371K [0x00000000a0c00000, 0x00000000e0400000, 0x00000000e0400000)
  object space 1040384K, 5% used [0x00000000a0c00000,0x00000000a430cea0,0x00000000e0400000)
 Metaspace       used 13030K, capacity 13234K, committed 13312K, reserved 1060864K
  class space    used 1469K, capacity 1501K, committed 1536K, reserved 1048576K
1998.201: [GC (Allocation Failure) [PSYoungGen: 516256K->224K(518144K)] 572627K->56595K(1558528K), 0.0016897 secs] [Times: user=0.00 sys=0.00, real=0.00 secs] 
Heap after GC invocations=289 (full 0):
 PSYoungGen      total 518144K, used 224K [0x00000000e0400000, 0x0000000100000000, 0x0000000100000000)
  eden space 516096K, 0% used [0x00000000e0400000,0x00000000e0400000,0x00000000ffc00000)
  from space 2048K, 10% used [0x00000000ffc00000,0x00000000ffc38000,0x00000000ffe00000)
  to   space 1536K, 0% used [0x00000000ffe80000,0x00000000ffe80000,0x0000000100000000)
 ParOldGen       total 1040384K, used 56371K [0x00000000a0c00000, 0x00000000e0400000, 0x00000000e0400000)
  object space 1040384K, 5% used [0x00000000a0c00000,0x00000000a430cea0,0x00000000e0400000)
 Metaspace       used 13030K, capacity 13234K, committed 13312K, reserved 1060864K
  class space    used 1469K, capacity 1501K, committed 1536K, reserved 1048576K
}
{Heap before GC invocations=290 (full 0):
 PSYoungGen      total 518144K, used 516320K [0x00000000e0400000, 0x0000000100000000, 0x0000000100000000)
  eden space 516096K, 100% used [0x00000000e0400000,0x00000000ffc00000,0x00000000ffc00000)
  from space 2048K, 10% used [0x00000000ffc00000,0x00000000ffc38000,0x00000000ffe00000)
  to   space 1536K, 0% used [0x00000000ffe80000,0x00000000ffe80000,0x0000000100000000)
 ParOldGen       total 1040384K, used 56371K [0x00000000a0c00000, 0x00000000e0400000, 0x00000000e0400000)
  object space 1040384K, 5% used [0x00000000a0c00000,0x00000000a430cea0,0x00000000e0400000)
 Metaspace       used 13030K, capacity 13234K, committed 13312K, reserved 1060864K
  class space    used 1469K, capacity 1501K, committed 1536K, reserved 1048576K
2005.215: [GC (Allocation Failure) [PSYoungGen: 516320K->128K(518656K)] 572691K->56499K(1559040K), 0.0018393 secs] [Times: user=0.00 sys=0.00, real=0.00 secs] 
Heap after GC invocations=290 (full 0):
 PSYoungGen      total 518656K, used 128K [0x00000000e0400000, 0x0000000100000000, 0x0000000100000000)
  eden space 517120K, 0% used [0x00000000e0400000,0x00000000e0400000,0x00000000ffd00000)
  from space 1536K, 8% used [0x00000000ffe80000,0x00000000ffea0000,0x0000000100000000)
  to   space 1536K, 0% used [0x00000000ffd00000,0x00000000ffd00000,0x00000000ffe80000)
 ParOldGen       total 1040384K, used 56371K [0x00000000a0c00000, 0x00000000e0400000, 0x00000000e0400000)
  object space 1040384K, 5% used [0x00000000a0c00000,0x00000000a430cea0,0x00000000e0400000)
 Metaspace       used 13030K, capacity 13234K, committed 13312K, reserved 1060864K
  class space    used 1469K, capacity 1501K, committed 1536K, reserved 1048576K
}
{Heap before GC invocations=291 (full 0):
 PSYoungGen      total 518656K, used 517248K [0x00000000e0400000, 0x0000000100000000, 0x0000000100000000)
  eden space 517120K, 100% used [0x00000000e0400000,0x00000000ffd00000,0x00000000ffd00000)
  from space 1536K, 8% used [0x00000000ffe80000,0x00000000ffea0000,0x0000000100000000)
  to   space 1536K, 0% used [0x00000000ffd00000,0x00000000ffd00000,0x00000000ffe80000)
 ParOldGen       total 1040384K, used 56371K [0x00000000a0c00000, 0x00000000e0400000, 0x00000000e0400000)
  object space 1040384K, 5% used [0x00000000a0c00000,0x00000000a430cea0,0x00000000e0400000)
 Metaspace       used 13030K, capacity 13234K, committed 13312K, reserved 1060864K
  class space    used 1469K, capacity 1501K, committed 1536K, reserved 1048576K
2012.212: [GC (Allocation Failure) [PSYoungGen: 517248K->96K(518656K)] 573619K->56467K(1559040K), 0.0015992 secs] [Times: user=0.00 sys=0.00, real=0.00 secs] 
Heap after GC invocations=291 (full 0):
 PSYoungGen      total 518656K, used 96K [0x00000000e0400000, 0x0000000100000000, 0x0000000100000000)
  eden space 517120K, 0% used [0x00000000e0400000,0x00000000e0400000,0x00000000ffd00000)
  from space 1536K, 6% used [0x00000000ffd00000,0x00000000ffd18000,0x00000000ffe80000)
  to   space 1536K, 0% used [0x00000000ffe80000,0x00000000ffe80000,0x0000000100000000)
 ParOldGen       total 1040384K, used 56371K [0x00000000a0c00000, 0x00000000e0400000, 0x00000000e0400000)
  object space 1040384K, 5% used [0x00000000a0c00000,0x00000000a430cea0,0x00000000e0400000)
 Metaspace       used 13030K, capacity 13234K, committed 13312K, reserved 1060864K
  class space    used 1469K, capacity 1501K, committed 1536K, reserved 1048576K
}
{Heap before GC invocations=292 (full 0):
 PSYoungGen      total 518656K, used 517216K [0x00000000e0400000, 0x0000000100000000, 0x0000000100000000)
  eden space 517120K, 100% used [0x00000000e0400000,0x00000000ffd00000,0x00000000ffd00000)
  from space 1536K, 6% used [0x00000000ffd00000,0x00000000ffd18000,0x00000000ffe80000)
  to   space 1536K, 0% used [0x00000000ffe80000,0x00000000ffe80000,0x0000000100000000)
 ParOldGen       total 1040384K, used 56371K [0x00000000a0c00000, 0x00000000e0400000, 0x00000000e0400000)
  object space 1040384K, 5% used [0x00000000a0c00000,0x00000000a430cea0,0x00000000e0400000)
 Metaspace       used 13030K, capacity 13234K, committed 13312K, reserved 1060864K
  class space    used 1469K, capacity 1501K, committed 1536K, reserved 1048576K
2019.074: [GC (Allocation Failure) [PSYoungGen: 517216K->224K(518656K)] 573587K->56603K(1559040K), 0.0016347 secs] [Times: user=0.00 sys=0.00, real=0.00 secs] 
Heap after GC invocations=292 (full 0):
 PSYoungGen      total 518656K, used 224K [0x00000000e0400000, 0x0000000100000000, 0x0000000100000000)
  eden space 517120K, 0% used [0x00000000e0400000,0x00000000e0400000,0x00000000ffd00000)
  from space 1536K, 14% used [0x00000000ffe80000,0x00000000ffeb8000,0x0000000100000000)
  to   space 1536K, 0% used [0x00000000ffd00000,0x00000000ffd00000,0x00000000ffe80000)
 ParOldGen       total 1040384K, used 56379K [0x00000000a0c00000, 0x00000000e0400000, 0x00000000e0400000)
  object space 1040384K, 5% used [0x00000000a0c00000,0x00000000a430eea0,0x00000000e0400000)
 Metaspace       used 13030K, capacity 13234K, committed 13312K, reserved 1060864K
  class space    used 1469K, capacity 1501K, committed 1536K, reserved 1048576K
}
{Heap before GC invocations=293 (full 0):
 PSYoungGen      total 518656K, used 517344K [0x00000000e0400000, 0x0000000100000000, 0x0000000100000000)
  eden space 517120K, 100% used [0x00000000e0400000,0x00000000ffd00000,0x00000000ffd00000)
  from space 1536K, 14% used [0x00000000ffe80000,0x00000000ffeb8000,0x0000000100000000)
  to   space 1536K, 0% used [0x00000000ffd00000,0x00000000ffd00000,0x00000000ffe80000)
 ParOldGen       total 1040384K, used 56379K [0x00000000a0c00000, 0x00000000e0400000, 0x00000000e0400000)
  object space 1040384K, 5% used [0x00000000a0c00000,0x00000000a430eea0,0x00000000e0400000)
 Metaspace       used 13030K, capacity 13234K, committed 13312K, reserved 1060864K
  class space    used 1469K, capacity 1501K, committed 1536K, reserved 1048576K
2026.032: [GC (Allocation Failure) [PSYoungGen: 517344K->192K(518656K)] 573723K->56571K(1559040K), 0.0016070 secs] [Times: user=0.00 sys=0.00, real=0.00 secs] 
Heap after GC invocations=293 (full 0):
 PSYoungGen      total 518656K, used 192K [0x00000000e0400000, 0x0000000100000000, 0x0000000100000000)
  eden space 517120K, 0% used [0x00000000e0400000,0x00000000e0400000,0x00000000ffd00000)
  from space 1536K, 12% used [0x00000000ffd00000,0x00000000ffd30000,0x00000000ffe80000)
  to   space 1536K, 0% used [0x00000000ffe80000,0x00000000ffe80000,0x0000000100000000)
 ParOldGen       total 1040384K, used 56379K [0x00000000a0c00000, 0x00000000e0400000, 0x00000000e0400000)
  object space 1040384K, 5% used [0x00000000a0c00000,0x00000000a430eea0,0x00000000e0400000)
 Metaspace       used 13030K, capacity 13234K, committed 13312K, reserved 1060864K
  class space    used 1469K, capacity 1501K, committed 1536K, reserved 1048576K
}
{Heap before GC invocations=294 (full 0):
 PSYoungGen      total 518656K, used 517312K [0x00000000e0400000, 0x0000000100000000, 0x0000000100000000)
  eden space 517120K, 100% used [0x00000000e0400000,0x00000000ffd00000,0x00000000ffd00000)
  from space 1536K, 12% used [0x00000000ffd00000,0x00000000ffd30000,0x00000000ffe80000)
  to   space 1536K, 0% used [0x00000000ffe80000,0x00000000ffe80000,0x0000000100000000)
 ParOldGen       total 1040384K, used 56379K [0x00000000a0c00000, 0x00000000e0400000, 0x00000000e0400000)
  object space 1040384K, 5% used [0x00000000a0c00000,0x00000000a430eea0,0x00000000e0400000)
 Metaspace       used 13030K, capacity 13234K, committed 13312K, reserved 1060864K
  class space    used 1469K, capacity 1501K, committed 1536K, reserved 1048576K
2032.888: [GC (Allocation Failure) [PSYoungGen: 517312K->1152K(518656K)] 573691K->57531K(1559040K), 0.0017105 secs] [Times: user=0.00 sys=0.00, real=0.00 secs] 
Heap after GC invocations=294 (full 0):
 PSYoungGen      total 518656K, used 1152K [0x00000000e0400000, 0x0000000100000000, 0x0000000100000000)
  eden space 517120K, 0% used [0x00000000e0400000,0x00000000e0400000,0x00000000ffd00000)
  from space 1536K, 75% used [0x00000000ffe80000,0x00000000fffa0000,0x0000000100000000)
  to   space 1536K, 0% used [0x00000000ffd00000,0x00000000ffd00000,0x00000000ffe80000)
 ParOldGen       total 1040384K, used 56379K [0x00000000a0c00000, 0x00000000e0400000, 0x00000000e0400000)
  object space 1040384K, 5% used [0x00000000a0c00000,0x00000000a430eea0,0x00000000e0400000)
 Metaspace       used 13030K, capacity 13234K, committed 13312K, reserved 1060864K
  class space    used 1469K, capacity 1501K, committed 1536K, reserved 1048576K
}
{Heap before GC invocations=295 (full 0):
 PSYoungGen      total 518656K, used 518272K [0x00000000e0400000, 0x0000000100000000, 0x0000000100000000)
  eden space 517120K, 100% used [0x00000000e0400000,0x00000000ffd00000,0x00000000ffd00000)
  from space 1536K, 75% used [0x00000000ffe80000,0x00000000fffa0000,0x0000000100000000)
  to   space 1536K, 0% used [0x00000000ffd00000,0x00000000ffd00000,0x00000000ffe80000)
 ParOldGen       total 1040384K, used 56379K [0x00000000a0c00000, 0x00000000e0400000, 0x00000000e0400000)
  object space 1040384K, 5% used [0x00000000a0c00000,0x00000000a430eea0,0x00000000e0400000)
 Metaspace       used 13030K, capacity 13234K, committed 13312K, reserved 1060864K
  class space    used 1469K, capacity 1501K, committed 1536K, reserved 1048576K
2039.743: [GC (Allocation Failure) [PSYoungGen: 518272K->192K(518656K)] 574651K->56571K(1559040K), 0.0012913 secs] [Times: user=0.00 sys=0.00, real=0.00 secs] 
Heap after GC invocations=295 (full 0):
 PSYoungGen      total 518656K, used 192K [0x00000000e0400000, 0x0000000100000000, 0x0000000100000000)
  eden space 517120K, 0% used [0x00000000e0400000,0x00000000e0400000,0x00000000ffd00000)
  from space 1536K, 12% used [0x00000000ffd00000,0x00000000ffd30000,0x00000000ffe80000)
  to   space 1536K, 0% used [0x00000000ffe80000,0x00000000ffe80000,0x0000000100000000)
 ParOldGen       total 1040384K, used 56379K [0x00000000a0c00000, 0x00000000e0400000, 0x00000000e0400000)
  object space 1040384K, 5% used [0x00000000a0c00000,0x00000000a430eea0,0x00000000e0400000)
 Metaspace       used 13030K, capacity 13234K, committed 13312K, reserved 1060864K
  class space    used 1469K, capacity 1501K, committed 1536K, reserved 1048576K
}
{Heap before GC invocations=296 (full 0):
 PSYoungGen      total 518656K, used 517312K [0x00000000e0400000, 0x0000000100000000, 0x0000000100000000)
  eden space 517120K, 100% used [0x00000000e0400000,0x00000000ffd00000,0x00000000ffd00000)
  from space 1536K, 12% used [0x00000000ffd00000,0x00000000ffd30000,0x00000000ffe80000)
  to   space 1536K, 0% used [0x00000000ffe80000,0x00000000ffe80000,0x0000000100000000)
 ParOldGen       total 1040384K, used 56379K [0x00000000a0c00000, 0x00000000e0400000, 0x00000000e0400000)
  object space 1040384K, 5% used [0x00000000a0c00000,0x00000000a430eea0,0x00000000e0400000)
 Metaspace       used 13030K, capacity 13234K, committed 13312K, reserved 1060864K
  class space    used 1469K, capacity 1501K, committed 1536K, reserved 1048576K
2046.700: [GC (Allocation Failure) [PSYoungGen: 517312K->160K(518656K)] 573691K->56539K(1559040K), 0.0016260 secs] [Times: user=0.00 sys=0.00, real=0.00 secs] 
Heap after GC invocations=296 (full 0):
 PSYoungGen      total 518656K, used 160K [0x00000000e0400000, 0x0000000100000000, 0x0000000100000000)
  eden space 517120K, 0% used [0x00000000e0400000,0x00000000e0400000,0x00000000ffd00000)
  from space 1536K, 10% used [0x00000000ffe80000,0x00000000ffea8000,0x0000000100000000)
  to   space 1536K, 0% used [0x00000000ffd00000,0x00000000ffd00000,0x00000000ffe80000)
 ParOldGen       total 1040384K, used 56379K [0x00000000a0c00000, 0x00000000e0400000, 0x00000000e0400000)
  object space 1040384K, 5% used [0x00000000a0c00000,0x00000000a430eea0,0x00000000e0400000)
 Metaspace       used 13030K, capacity 13234K, committed 13312K, reserved 1060864K
  class space    used 1469K, capacity 1501K, committed 1536K, reserved 1048576K
}
{Heap before GC invocations=297 (full 0):
 PSYoungGen      total 518656K, used 517280K [0x00000000e0400000, 0x0000000100000000, 0x0000000100000000)
  eden space 517120K, 100% used [0x00000000e0400000,0x00000000ffd00000,0x00000000ffd00000)
  from space 1536K, 10% used [0x00000000ffe80000,0x00000000ffea8000,0x0000000100000000)
  to   space 1536K, 0% used [0x00000000ffd00000,0x00000000ffd00000,0x00000000ffe80000)
 ParOldGen       total 1040384K, used 56379K [0x00000000a0c00000, 0x00000000e0400000, 0x00000000e0400000)
  object space 1040384K, 5% used [0x00000000a0c00000,0x00000000a430eea0,0x00000000e0400000)
 Metaspace       used 13030K, capacity 13234K, committed 13312K, reserved 1060864K
  class space    used 1469K, capacity 1501K, committed 1536K, reserved 1048576K
2053.585: [GC (Allocation Failure) [PSYoungGen: 517280K->128K(518656K)] 573659K->56515K(1559040K), 0.0019301 secs] [Times: user=0.00 sys=0.00, real=0.00 secs] 
Heap after GC invocations=297 (full 0):
 PSYoungGen      total 518656K, used 128K [0x00000000e0400000, 0x0000000100000000, 0x0000000100000000)
  eden space 517120K, 0% used [0x00000000e0400000,0x00000000e0400000,0x00000000ffd00000)
  from space 1536K, 8% used [0x00000000ffd00000,0x00000000ffd20000,0x00000000ffe80000)
  to   space 1536K, 0% used [0x00000000ffe80000,0x00000000ffe80000,0x0000000100000000)
 ParOldGen       total 1040384K, used 56387K [0x00000000a0c00000, 0x00000000e0400000, 0x00000000e0400000)
  object space 1040384K, 5% used [0x00000000a0c00000,0x00000000a4310ea0,0x00000000e0400000)
 Metaspace       used 13030K, capacity 13234K, committed 13312K, reserved 1060864K
  class space    used 1469K, capacity 1501K, committed 1536K, reserved 1048576K
}
{Heap before GC invocations=298 (full 0):
 PSYoungGen      total 518656K, used 517248K [0x00000000e0400000, 0x0000000100000000, 0x0000000100000000)
  eden space 517120K, 100% used [0x00000000e0400000,0x00000000ffd00000,0x00000000ffd00000)
  from space 1536K, 8% used [0x00000000ffd00000,0x00000000ffd20000,0x00000000ffe80000)
  to   space 1536K, 0% used [0x00000000ffe80000,0x00000000ffe80000,0x0000000100000000)
 ParOldGen       total 1040384K, used 56387K [0x00000000a0c00000, 0x00000000e0400000, 0x00000000e0400000)
  object space 1040384K, 5% used [0x00000000a0c00000,0x00000000a4310ea0,0x00000000e0400000)
 Metaspace       used 13030K, capacity 13234K, committed 13312K, reserved 1060864K
  class space    used 1469K, capacity 1501K, committed 1536K, reserved 1048576K
2060.667: [GC (Allocation Failure) [PSYoungGen: 517248K->192K(518656K)] 573635K->56579K(1559040K), 0.0016969 secs] [Times: user=0.00 sys=0.00, real=0.00 secs] 
Heap after GC invocations=298 (full 0):
 PSYoungGen      total 518656K, used 192K [0x00000000e0400000, 0x0000000100000000, 0x0000000100000000)
  eden space 517120K, 0% used [0x00000000e0400000,0x00000000e0400000,0x00000000ffd00000)
  from space 1536K, 12% used [0x00000000ffe80000,0x00000000ffeb0000,0x0000000100000000)
  to   space 1536K, 0% used [0x00000000ffd00000,0x00000000ffd00000,0x00000000ffe80000)
 ParOldGen       total 1040384K, used 56387K [0x00000000a0c00000, 0x00000000e0400000, 0x00000000e0400000)
  object space 1040384K, 5% used [0x00000000a0c00000,0x00000000a4310ea0,0x00000000e0400000)
 Metaspace       used 13030K, capacity 13234K, committed 13312K, reserved 1060864K
  class space    used 1469K, capacity 1501K, committed 1536K, reserved 1048576K
}
{Heap before GC invocations=299 (full 0):
 PSYoungGen      total 518656K, used 517312K [0x00000000e0400000, 0x0000000100000000, 0x0000000100000000)
  eden space 517120K, 100% used [0x00000000e0400000,0x00000000ffd00000,0x00000000ffd00000)
  from space 1536K, 12% used [0x00000000ffe80000,0x00000000ffeb0000,0x0000000100000000)
  to   space 1536K, 0% used [0x00000000ffd00000,0x00000000ffd00000,0x00000000ffe80000)
 ParOldGen       total 1040384K, used 56387K [0x00000000a0c00000, 0x00000000e0400000, 0x00000000e0400000)
  object space 1040384K, 5% used [0x00000000a0c00000,0x00000000a4310ea0,0x00000000e0400000)
 Metaspace       used 13030K, capacity 13234K, committed 13312K, reserved 1060864K
  class space    used 1469K, capacity 1501K, committed 1536K, reserved 1048576K
2067.754: [GC (Allocation Failure) [PSYoungGen: 517312K->1536K(518656K)] 573699K->58283K(1559040K), 0.0025870 secs] [Times: user=0.11 sys=0.00, real=0.00 secs] 
Heap after GC invocations=299 (full 0):
 PSYoungGen      total 518656K, used 1536K [0x00000000e0400000, 0x0000000100000000, 0x0000000100000000)
  eden space 517120K, 0% used [0x00000000e0400000,0x00000000e0400000,0x00000000ffd00000)
  from space 1536K, 100% used [0x00000000ffd00000,0x00000000ffe80000,0x00000000ffe80000)
  to   space 1536K, 0% used [0x00000000ffe80000,0x00000000ffe80000,0x0000000100000000)
 ParOldGen       total 1040384K, used 56747K [0x00000000a0c00000, 0x00000000e0400000, 0x00000000e0400000)
  object space 1040384K, 5% used [0x00000000a0c00000,0x00000000a436aea0,0x00000000e0400000)
 Metaspace       used 13030K, capacity 13234K, committed 13312K, reserved 1060864K
  class space    used 1469K, capacity 1501K, committed 1536K, reserved 1048576K
}
{Heap before GC invocations=300 (full 0):
 PSYoungGen      total 518656K, used 518656K [0x00000000e0400000, 0x0000000100000000, 0x0000000100000000)
  eden space 517120K, 100% used [0x00000000e0400000,0x00000000ffd00000,0x00000000ffd00000)
  from space 1536K, 100% used [0x00000000ffd00000,0x00000000ffe80000,0x00000000ffe80000)
  to   space 1536K, 0% used [0x00000000ffe80000,0x00000000ffe80000,0x0000000100000000)
 ParOldGen       total 1040384K, used 56747K [0x00000000a0c00000, 0x00000000e0400000, 0x00000000e0400000)
  object space 1040384K, 5% used [0x00000000a0c00000,0x00000000a436aea0,0x00000000e0400000)
 Metaspace       used 13030K, capacity 13234K, committed 13312K, reserved 1060864K
  class space    used 1469K, capacity 1501K, committed 1536K, reserved 1048576K
2074.645: [GC (Allocation Failure) [PSYoungGen: 518656K->128K(517632K)] 575403K->56907K(1558016K), 0.0016452 secs] [Times: user=0.09 sys=0.00, real=0.00 secs] 
Heap after GC invocations=300 (full 0):
 PSYoungGen      total 517632K, used 128K [0x00000000e0400000, 0x0000000100000000, 0x0000000100000000)
  eden space 516096K, 0% used [0x00000000e0400000,0x00000000e0400000,0x00000000ffc00000)
  from space 1536K, 8% used [0x00000000ffe80000,0x00000000ffea0000,0x0000000100000000)
  to   space 2048K, 0% used [0x00000000ffc00000,0x00000000ffc00000,0x00000000ffe00000)
 ParOldGen       total 1040384K, used 56779K [0x00000000a0c00000, 0x00000000e0400000, 0x00000000e0400000)
  object space 1040384K, 5% used [0x00000000a0c00000,0x00000000a4372ea0,0x00000000e0400000)
 Metaspace       used 13030K, capacity 13234K, committed 13312K, reserved 1060864K
  class space    used 1469K, capacity 1501K, committed 1536K, reserved 1048576K
}
{Heap before GC invocations=301 (full 0):
 PSYoungGen      total 517632K, used 516224K [0x00000000e0400000, 0x0000000100000000, 0x0000000100000000)
  eden space 516096K, 100% used [0x00000000e0400000,0x00000000ffc00000,0x00000000ffc00000)
  from space 1536K, 8% used [0x00000000ffe80000,0x00000000ffea0000,0x0000000100000000)
  to   space 2048K, 0% used [0x00000000ffc00000,0x00000000ffc00000,0x00000000ffe00000)
 ParOldGen       total 1040384K, used 56779K [0x00000000a0c00000, 0x00000000e0400000, 0x00000000e0400000)
  object space 1040384K, 5% used [0x00000000a0c00000,0x00000000a4372ea0,0x00000000e0400000)
 Metaspace       used 13030K, capacity 13234K, committed 13312K, reserved 1060864K
  class space    used 1469K, capacity 1501K, committed 1536K, reserved 1048576K
2081.610: [GC (Allocation Failure) [PSYoungGen: 516224K->224K(518144K)] 573003K->57035K(1558528K), 0.0012394 secs] [Times: user=0.00 sys=0.00, real=0.00 secs] 
Heap after GC invocations=301 (full 0):
 PSYoungGen      total 518144K, used 224K [0x00000000e0400000, 0x0000000100000000, 0x0000000100000000)
  eden space 516096K, 0% used [0x00000000e0400000,0x00000000e0400000,0x00000000ffc00000)
  from space 2048K, 10% used [0x00000000ffc00000,0x00000000ffc38000,0x00000000ffe00000)
  to   space 1536K, 0% used [0x00000000ffe80000,0x00000000ffe80000,0x0000000100000000)
 ParOldGen       total 1040384K, used 56811K [0x00000000a0c00000, 0x00000000e0400000, 0x00000000e0400000)
  object space 1040384K, 5% used [0x00000000a0c00000,0x00000000a437aea0,0x00000000e0400000)
 Metaspace       used 13030K, capacity 13234K, committed 13312K, reserved 1060864K
  class space    used 1469K, capacity 1501K, committed 1536K, reserved 1048576K
}
{Heap before GC invocations=302 (full 0):
 PSYoungGen      total 518144K, used 516320K [0x00000000e0400000, 0x0000000100000000, 0x0000000100000000)
  eden space 516096K, 100% used [0x00000000e0400000,0x00000000ffc00000,0x00000000ffc00000)
  from space 2048K, 10% used [0x00000000ffc00000,0x00000000ffc38000,0x00000000ffe00000)
  to   space 1536K, 0% used [0x00000000ffe80000,0x00000000ffe80000,0x0000000100000000)
 ParOldGen       total 1040384K, used 56811K [0x00000000a0c00000, 0x00000000e0400000, 0x00000000e0400000)
  object space 1040384K, 5% used [0x00000000a0c00000,0x00000000a437aea0,0x00000000e0400000)
 Metaspace       used 13030K, capacity 13234K, committed 13312K, reserved 1060864K
  class space    used 1469K, capacity 1501K, committed 1536K, reserved 1048576K
2088.558: [GC (Allocation Failure) [PSYoungGen: 516320K->192K(518656K)] 573131K->57003K(1559040K), 0.0016315 secs] [Times: user=0.00 sys=0.00, real=0.00 secs] 
Heap after GC invocations=302 (full 0):
 PSYoungGen      total 518656K, used 192K [0x00000000e0400000, 0x0000000100000000, 0x0000000100000000)
  eden space 517120K, 0% used [0x00000000e0400000,0x00000000e0400000,0x00000000ffd00000)
  from space 1536K, 12% used [0x00000000ffe80000,0x00000000ffeb0000,0x0000000100000000)
  to   space 1536K, 0% used [0x00000000ffd00000,0x00000000ffd00000,0x00000000ffe80000)
 ParOldGen       total 1040384K, used 56811K [0x00000000a0c00000, 0x00000000e0400000, 0x00000000e0400000)
  object space 1040384K, 5% used [0x00000000a0c00000,0x00000000a437aea0,0x00000000e0400000)
 Metaspace       used 13030K, capacity 13234K, committed 13312K, reserved 1060864K
  class space    used 1469K, capacity 1501K, committed 1536K, reserved 1048576K
}
{Heap before GC invocations=303 (full 0):
 PSYoungGen      total 518656K, used 517312K [0x00000000e0400000, 0x0000000100000000, 0x0000000100000000)
  eden space 517120K, 100% used [0x00000000e0400000,0x00000000ffd00000,0x00000000ffd00000)
  from space 1536K, 12% used [0x00000000ffe80000,0x00000000ffeb0000,0x0000000100000000)
  to   space 1536K, 0% used [0x00000000ffd00000,0x00000000ffd00000,0x00000000ffe80000)
 ParOldGen       total 1040384K, used 56811K [0x00000000a0c00000, 0x00000000e0400000, 0x00000000e0400000)
  object space 1040384K, 5% used [0x00000000a0c00000,0x00000000a437aea0,0x00000000e0400000)
 Metaspace       used 13030K, capacity 13234K, committed 13312K, reserved 1060864K
  class space    used 1469K, capacity 1501K, committed 1536K, reserved 1048576K
2095.536: [GC (Allocation Failure) [PSYoungGen: 517312K->1120K(518656K)] 574123K->57931K(1559040K), 0.0017749 secs] [Times: user=0.11 sys=0.00, real=0.00 secs] 
Heap after GC invocations=303 (full 0):
 PSYoungGen      total 518656K, used 1120K [0x00000000e0400000, 0x0000000100000000, 0x0000000100000000)
  eden space 517120K, 0% used [0x00000000e0400000,0x00000000e0400000,0x00000000ffd00000)
  from space 1536K, 72% used [0x00000000ffd00000,0x00000000ffe18000,0x00000000ffe80000)
  to   space 1536K, 0% used [0x00000000ffe80000,0x00000000ffe80000,0x0000000100000000)
 ParOldGen       total 1040384K, used 56811K [0x00000000a0c00000, 0x00000000e0400000, 0x00000000e0400000)
  object space 1040384K, 5% used [0x00000000a0c00000,0x00000000a437aea0,0x00000000e0400000)
 Metaspace       used 13030K, capacity 13234K, committed 13312K, reserved 1060864K
  class space    used 1469K, capacity 1501K, committed 1536K, reserved 1048576K
}
{Heap before GC invocations=304 (full 0):
 PSYoungGen      total 518656K, used 518240K [0x00000000e0400000, 0x0000000100000000, 0x0000000100000000)
  eden space 517120K, 100% used [0x00000000e0400000,0x00000000ffd00000,0x00000000ffd00000)
  from space 1536K, 72% used [0x00000000ffd00000,0x00000000ffe18000,0x00000000ffe80000)
  to   space 1536K, 0% used [0x00000000ffe80000,0x00000000ffe80000,0x0000000100000000)
 ParOldGen       total 1040384K, used 56811K [0x00000000a0c00000, 0x00000000e0400000, 0x00000000e0400000)
  object space 1040384K, 5% used [0x00000000a0c00000,0x00000000a437aea0,0x00000000e0400000)
 Metaspace       used 13030K, capacity 13234K, committed 13312K, reserved 1060864K
  class space    used 1469K, capacity 1501K, committed 1536K, reserved 1048576K
2102.416: [GC (Allocation Failure) [PSYoungGen: 518240K->256K(518656K)] 575051K->57067K(1559040K), 0.0012667 secs] [Times: user=0.00 sys=0.00, real=0.00 secs] 
Heap after GC invocations=304 (full 0):
 PSYoungGen      total 518656K, used 256K [0x00000000e0400000, 0x0000000100000000, 0x0000000100000000)
  eden space 517120K, 0% used [0x00000000e0400000,0x00000000e0400000,0x00000000ffd00000)
  from space 1536K, 16% used [0x00000000ffe80000,0x00000000ffec0000,0x0000000100000000)
  to   space 1536K, 0% used [0x00000000ffd00000,0x00000000ffd00000,0x00000000ffe80000)
 ParOldGen       total 1040384K, used 56811K [0x00000000a0c00000, 0x00000000e0400000, 0x00000000e0400000)
  object space 1040384K, 5% used [0x00000000a0c00000,0x00000000a437aea0,0x00000000e0400000)
 Metaspace       used 13030K, capacity 13234K, committed 13312K, reserved 1060864K
  class space    used 1469K, capacity 1501K, committed 1536K, reserved 1048576K
}
{Heap before GC invocations=305 (full 0):
 PSYoungGen      total 518656K, used 517376K [0x00000000e0400000, 0x0000000100000000, 0x0000000100000000)
  eden space 517120K, 100% used [0x00000000e0400000,0x00000000ffd00000,0x00000000ffd00000)
  from space 1536K, 16% used [0x00000000ffe80000,0x00000000ffec0000,0x0000000100000000)
  to   space 1536K, 0% used [0x00000000ffd00000,0x00000000ffd00000,0x00000000ffe80000)
 ParOldGen       total 1040384K, used 56811K [0x00000000a0c00000, 0x00000000e0400000, 0x00000000e0400000)
  object space 1040384K, 5% used [0x00000000a0c00000,0x00000000a437aea0,0x00000000e0400000)
 Metaspace       used 13030K, capacity 13234K, committed 13312K, reserved 1060864K
  class space    used 1469K, capacity 1501K, committed 1536K, reserved 1048576K
2109.239: [GC (Allocation Failure) [PSYoungGen: 517376K->192K(518656K)] 574187K->57011K(1559040K), 0.0019817 secs] [Times: user=0.11 sys=0.00, real=0.00 secs] 
Heap after GC invocations=305 (full 0):
 PSYoungGen      total 518656K, used 192K [0x00000000e0400000, 0x0000000100000000, 0x0000000100000000)
  eden space 517120K, 0% used [0x00000000e0400000,0x00000000e0400000,0x00000000ffd00000)
  from space 1536K, 12% used [0x00000000ffd00000,0x00000000ffd30000,0x00000000ffe80000)
  to   space 1536K, 0% used [0x00000000ffe80000,0x00000000ffe80000,0x0000000100000000)
 ParOldGen       total 1040384K, used 56819K [0x00000000a0c00000, 0x00000000e0400000, 0x00000000e0400000)
  object space 1040384K, 5% used [0x00000000a0c00000,0x00000000a437cea0,0x00000000e0400000)
 Metaspace       used 13030K, capacity 13234K, committed 13312K, reserved 1060864K
  class space    used 1469K, capacity 1501K, committed 1536K, reserved 1048576K
}
{Heap before GC invocations=306 (full 0):
 PSYoungGen      total 518656K, used 517312K [0x00000000e0400000, 0x0000000100000000, 0x0000000100000000)
  eden space 517120K, 100% used [0x00000000e0400000,0x00000000ffd00000,0x00000000ffd00000)
  from space 1536K, 12% used [0x00000000ffd00000,0x00000000ffd30000,0x00000000ffe80000)
  to   space 1536K, 0% used [0x00000000ffe80000,0x00000000ffe80000,0x0000000100000000)
 ParOldGen       total 1040384K, used 56819K [0x00000000a0c00000, 0x00000000e0400000, 0x00000000e0400000)
  object space 1040384K, 5% used [0x00000000a0c00000,0x00000000a437cea0,0x00000000e0400000)
 Metaspace       used 13030K, capacity 13234K, committed 13312K, reserved 1060864K
  class space    used 1469K, capacity 1501K, committed 1536K, reserved 1048576K
2116.187: [GC (Allocation Failure) [PSYoungGen: 517312K->160K(518656K)] 574131K->56979K(1559040K), 0.0016648 secs] [Times: user=0.00 sys=0.00, real=0.00 secs] 
Heap after GC invocations=306 (full 0):
 PSYoungGen      total 518656K, used 160K [0x00000000e0400000, 0x0000000100000000, 0x0000000100000000)
  eden space 517120K, 0% used [0x00000000e0400000,0x00000000e0400000,0x00000000ffd00000)
  from space 1536K, 10% used [0x00000000ffe80000,0x00000000ffea8000,0x0000000100000000)
  to   space 1536K, 0% used [0x00000000ffd00000,0x00000000ffd00000,0x00000000ffe80000)
 ParOldGen       total 1040384K, used 56819K [0x00000000a0c00000, 0x00000000e0400000, 0x00000000e0400000)
  object space 1040384K, 5% used [0x00000000a0c00000,0x00000000a437cea0,0x00000000e0400000)
 Metaspace       used 13030K, capacity 13234K, committed 13312K, reserved 1060864K
  class space    used 1469K, capacity 1501K, committed 1536K, reserved 1048576K
}
{Heap before GC invocations=307 (full 0):
 PSYoungGen      total 518656K, used 517280K [0x00000000e0400000, 0x0000000100000000, 0x0000000100000000)
  eden space 517120K, 100% used [0x00000000e0400000,0x00000000ffd00000,0x00000000ffd00000)
  from space 1536K, 10% used [0x00000000ffe80000,0x00000000ffea8000,0x0000000100000000)
  to   space 1536K, 0% used [0x00000000ffd00000,0x00000000ffd00000,0x00000000ffe80000)
 ParOldGen       total 1040384K, used 56819K [0x00000000a0c00000, 0x00000000e0400000, 0x00000000e0400000)
  object space 1040384K, 5% used [0x00000000a0c00000,0x00000000a437cea0,0x00000000e0400000)
 Metaspace       used 13030K, capacity 13234K, committed 13312K, reserved 1060864K
  class space    used 1469K, capacity 1501K, committed 1536K, reserved 1048576K
2123.101: [GC (Allocation Failure) [PSYoungGen: 517280K->192K(518656K)] 574099K->57011K(1559040K), 0.0016664 secs] [Times: user=0.00 sys=0.00, real=0.00 secs] 
Heap after GC invocations=307 (full 0):
 PSYoungGen      total 518656K, used 192K [0x00000000e0400000, 0x0000000100000000, 0x0000000100000000)
  eden space 517120K, 0% used [0x00000000e0400000,0x00000000e0400000,0x00000000ffd00000)
  from space 1536K, 12% used [0x00000000ffd00000,0x00000000ffd30000,0x00000000ffe80000)
  to   space 1536K, 0% used [0x00000000ffe80000,0x00000000ffe80000,0x0000000100000000)
 ParOldGen       total 1040384K, used 56819K [0x00000000a0c00000, 0x00000000e0400000, 0x00000000e0400000)
  object space 1040384K, 5% used [0x00000000a0c00000,0x00000000a437cea0,0x00000000e0400000)
 Metaspace       used 13030K, capacity 13234K, committed 13312K, reserved 1060864K
  class space    used 1469K, capacity 1501K, committed 1536K, reserved 1048576K
}
{Heap before GC invocations=308 (full 0):
 PSYoungGen      total 518656K, used 517312K [0x00000000e0400000, 0x0000000100000000, 0x0000000100000000)
  eden space 517120K, 100% used [0x00000000e0400000,0x00000000ffd00000,0x00000000ffd00000)
  from space 1536K, 12% used [0x00000000ffd00000,0x00000000ffd30000,0x00000000ffe80000)
  to   space 1536K, 0% used [0x00000000ffe80000,0x00000000ffe80000,0x0000000100000000)
 ParOldGen       total 1040384K, used 56823K [0x00000000a0c00000, 0x00000000e0400000, 0x00000000e0400000)
  object space 1040384K, 5% used [0x00000000a0c00000,0x00000000a437dee8,0x00000000e0400000)
 Metaspace       used 13030K, capacity 13234K, committed 13312K, reserved 1060864K
  class space    used 1469K, capacity 1501K, committed 1536K, reserved 1048576K
2130.087: [GC (GCLocker Initiated GC) [PSYoungGen: 517312K->1376K(517632K)] 574135K->58199K(1558016K), 0.0022309 secs] [Times: user=0.00 sys=0.00, real=0.00 secs] 
Heap after GC invocations=308 (full 0):
 PSYoungGen      total 517632K, used 1376K [0x00000000e0400000, 0x0000000100000000, 0x0000000100000000)
  eden space 516096K, 0% used [0x00000000e0400000,0x00000000e0400000,0x00000000ffc00000)
  from space 1536K, 89% used [0x00000000ffe80000,0x00000000fffd8000,0x0000000100000000)
  to   space 2048K, 0% used [0x00000000ffc00000,0x00000000ffc00000,0x00000000ffe00000)
 ParOldGen       total 1040384K, used 56823K [0x00000000a0c00000, 0x00000000e0400000, 0x00000000e0400000)
  object space 1040384K, 5% used [0x00000000a0c00000,0x00000000a437dee8,0x00000000e0400000)
 Metaspace       used 13030K, capacity 13234K, committed 13312K, reserved 1060864K
  class space    used 1469K, capacity 1501K, committed 1536K, reserved 1048576K
}
{Heap before GC invocations=309 (full 0):
 PSYoungGen      total 517632K, used 517472K [0x00000000e0400000, 0x0000000100000000, 0x0000000100000000)
  eden space 516096K, 100% used [0x00000000e0400000,0x00000000ffc00000,0x00000000ffc00000)
  from space 1536K, 89% used [0x00000000ffe80000,0x00000000fffd8000,0x0000000100000000)
  to   space 2048K, 0% used [0x00000000ffc00000,0x00000000ffc00000,0x00000000ffe00000)
 ParOldGen       total 1040384K, used 56826K [0x00000000a0c00000, 0x00000000e0400000, 0x00000000e0400000)
  object space 1040384K, 5% used [0x00000000a0c00000,0x00000000a437eb08,0x00000000e0400000)
 Metaspace       used 13030K, capacity 13234K, committed 13312K, reserved 1060864K
  class space    used 1469K, capacity 1501K, committed 1536K, reserved 1048576K
2137.046: [GC (Allocation Failure) [PSYoungGen: 517472K->192K(518144K)] 574298K->57034K(1558528K), 0.0018477 secs] [Times: user=0.00 sys=0.00, real=0.00 secs] 
Heap after GC invocations=309 (full 0):
 PSYoungGen      total 518144K, used 192K [0x00000000e0400000, 0x0000000100000000, 0x0000000100000000)
  eden space 516096K, 0% used [0x00000000e0400000,0x00000000e0400000,0x00000000ffc00000)
  from space 2048K, 9% used [0x00000000ffc00000,0x00000000ffc30000,0x00000000ffe00000)
  to   space 2048K, 0% used [0x00000000ffe00000,0x00000000ffe00000,0x0000000100000000)
 ParOldGen       total 1040384K, used 56842K [0x00000000a0c00000, 0x00000000e0400000, 0x00000000e0400000)
  object space 1040384K, 5% used [0x00000000a0c00000,0x00000000a4382b08,0x00000000e0400000)
 Metaspace       used 13030K, capacity 13234K, committed 13312K, reserved 1060864K
  class space    used 1469K, capacity 1501K, committed 1536K, reserved 1048576K
}
{Heap before GC invocations=310 (full 0):
 PSYoungGen      total 518144K, used 516288K [0x00000000e0400000, 0x0000000100000000, 0x0000000100000000)
  eden space 516096K, 100% used [0x00000000e0400000,0x00000000ffc00000,0x00000000ffc00000)
  from space 2048K, 9% used [0x00000000ffc00000,0x00000000ffc30000,0x00000000ffe00000)
  to   space 2048K, 0% used [0x00000000ffe00000,0x00000000ffe00000,0x0000000100000000)
 ParOldGen       total 1040384K, used 56842K [0x00000000a0c00000, 0x00000000e0400000, 0x00000000e0400000)
  object space 1040384K, 5% used [0x00000000a0c00000,0x00000000a4382b08,0x00000000e0400000)
 Metaspace       used 13030K, capacity 13234K, committed 13312K, reserved 1060864K
  class space    used 1469K, capacity 1501K, committed 1536K, reserved 1048576K
2144.063: [GC (Allocation Failure) [PSYoungGen: 516288K->256K(518656K)] 573130K->57138K(1559040K), 0.0013193 secs] [Times: user=0.00 sys=0.00, real=0.00 secs] 
Heap after GC invocations=310 (full 0):
 PSYoungGen      total 518656K, used 256K [0x00000000e0400000, 0x0000000100000000, 0x0000000100000000)
  eden space 516608K, 0% used [0x00000000e0400000,0x00000000e0400000,0x00000000ffc80000)
  from space 2048K, 12% used [0x00000000ffe00000,0x00000000ffe40000,0x0000000100000000)
  to   space 1536K, 0% used [0x00000000ffc80000,0x00000000ffc80000,0x00000000ffe00000)
 ParOldGen       total 1040384K, used 56882K [0x00000000a0c00000, 0x00000000e0400000, 0x00000000e0400000)
  object space 1040384K, 5% used [0x00000000a0c00000,0x00000000a438cb08,0x00000000e0400000)
 Metaspace       used 13030K, capacity 13234K, committed 13312K, reserved 1060864K
  class space    used 1469K, capacity 1501K, committed 1536K, reserved 1048576K
}
{Heap before GC invocations=311 (full 0):
 PSYoungGen      total 518656K, used 516864K [0x00000000e0400000, 0x0000000100000000, 0x0000000100000000)
  eden space 516608K, 100% used [0x00000000e0400000,0x00000000ffc80000,0x00000000ffc80000)
  from space 2048K, 12% used [0x00000000ffe00000,0x00000000ffe40000,0x0000000100000000)
  to   space 1536K, 0% used [0x00000000ffc80000,0x00000000ffc80000,0x00000000ffe00000)
 ParOldGen       total 1040384K, used 56882K [0x00000000a0c00000, 0x00000000e0400000, 0x00000000e0400000)
  object space 1040384K, 5% used [0x00000000a0c00000,0x00000000a438cb08,0x00000000e0400000)
 Metaspace       used 13030K, capacity 13234K, committed 13312K, reserved 1060864K
  class space    used 1469K, capacity 1501K, committed 1536K, reserved 1048576K
2151.060: [GC (Allocation Failure) [PSYoungGen: 516864K->160K(518144K)] 573746K->57098K(1558528K), 0.0018266 secs] [Times: user=0.00 sys=0.00, real=0.00 secs] 
Heap after GC invocations=311 (full 0):
 PSYoungGen      total 518144K, used 160K [0x00000000e0400000, 0x0000000100000000, 0x0000000100000000)
  eden space 516608K, 0% used [0x00000000e0400000,0x00000000e0400000,0x00000000ffc80000)
  from space 1536K, 10% used [0x00000000ffc80000,0x00000000ffca8000,0x00000000ffe00000)
  to   space 1536K, 0% used [0x00000000ffe80000,0x00000000ffe80000,0x0000000100000000)
 ParOldGen       total 1040384K, used 56938K [0x00000000a0c00000, 0x00000000e0400000, 0x00000000e0400000)
  object space 1040384K, 5% used [0x00000000a0c00000,0x00000000a439ab08,0x00000000e0400000)
 Metaspace       used 13030K, capacity 13234K, committed 13312K, reserved 1060864K
  class space    used 1469K, capacity 1501K, committed 1536K, reserved 1048576K
}
{Heap before GC invocations=312 (full 0):
 PSYoungGen      total 518144K, used 516768K [0x00000000e0400000, 0x0000000100000000, 0x0000000100000000)
  eden space 516608K, 100% used [0x00000000e0400000,0x00000000ffc80000,0x00000000ffc80000)
  from space 1536K, 10% used [0x00000000ffc80000,0x00000000ffca8000,0x00000000ffe00000)
  to   space 1536K, 0% used [0x00000000ffe80000,0x00000000ffe80000,0x0000000100000000)
 ParOldGen       total 1040384K, used 56938K [0x00000000a0c00000, 0x00000000e0400000, 0x00000000e0400000)
  object space 1040384K, 5% used [0x00000000a0c00000,0x00000000a439ab08,0x00000000e0400000)
 Metaspace       used 13030K, capacity 13234K, committed 13312K, reserved 1060864K
  class space    used 1469K, capacity 1501K, committed 1536K, reserved 1048576K
2158.012: [GC (Allocation Failure) [PSYoungGen: 516768K->160K(518656K)] 573706K->57098K(1559040K), 0.0016931 secs] [Times: user=0.00 sys=0.00, real=0.00 secs] 
Heap after GC invocations=312 (full 0):
 PSYoungGen      total 518656K, used 160K [0x00000000e0400000, 0x0000000100000000, 0x0000000100000000)
  eden space 517120K, 0% used [0x00000000e0400000,0x00000000e0400000,0x00000000ffd00000)
  from space 1536K, 10% used [0x00000000ffe80000,0x00000000ffea8000,0x0000000100000000)
  to   space 1536K, 0% used [0x00000000ffd00000,0x00000000ffd00000,0x00000000ffe80000)
 ParOldGen       total 1040384K, used 56938K [0x00000000a0c00000, 0x00000000e0400000, 0x00000000e0400000)
  object space 1040384K, 5% used [0x00000000a0c00000,0x00000000a439ab08,0x00000000e0400000)
 Metaspace       used 13030K, capacity 13234K, committed 13312K, reserved 1060864K
  class space    used 1469K, capacity 1501K, committed 1536K, reserved 1048576K
}
{Heap before GC invocations=313 (full 0):
 PSYoungGen      total 518656K, used 517280K [0x00000000e0400000, 0x0000000100000000, 0x0000000100000000)
  eden space 517120K, 100% used [0x00000000e0400000,0x00000000ffd00000,0x00000000ffd00000)
  from space 1536K, 10% used [0x00000000ffe80000,0x00000000ffea8000,0x0000000100000000)
  to   space 1536K, 0% used [0x00000000ffd00000,0x00000000ffd00000,0x00000000ffe80000)
 ParOldGen       total 1040384K, used 56938K [0x00000000a0c00000, 0x00000000e0400000, 0x00000000e0400000)
  object space 1040384K, 5% used [0x00000000a0c00000,0x00000000a439ab60,0x00000000e0400000)
 Metaspace       used 13030K, capacity 13234K, committed 13312K, reserved 1060864K
  class space    used 1469K, capacity 1501K, committed 1536K, reserved 1048576K
2165.019: [GC (GCLocker Initiated GC) [PSYoungGen: 517280K->1536K(518656K)] 574218K->58794K(1559040K), 0.0022449 secs] [Times: user=0.13 sys=0.00, real=0.00 secs] 
Heap after GC invocations=313 (full 0):
 PSYoungGen      total 518656K, used 1536K [0x00000000e0400000, 0x0000000100000000, 0x0000000100000000)
  eden space 517120K, 0% used [0x00000000e0400000,0x00000000e0400000,0x00000000ffd00000)
  from space 1536K, 100% used [0x00000000ffd00000,0x00000000ffe80000,0x00000000ffe80000)
  to   space 1536K, 0% used [0x00000000ffe80000,0x00000000ffe80000,0x0000000100000000)
 ParOldGen       total 1040384K, used 57258K [0x00000000a0c00000, 0x00000000e0400000, 0x00000000e0400000)
  object space 1040384K, 5% used [0x00000000a0c00000,0x00000000a43eab60,0x00000000e0400000)
 Metaspace       used 13030K, capacity 13234K, committed 13312K, reserved 1060864K
  class space    used 1469K, capacity 1501K, committed 1536K, reserved 1048576K
}
{Heap before GC invocations=314 (full 0):
 PSYoungGen      total 518656K, used 518656K [0x00000000e0400000, 0x0000000100000000, 0x0000000100000000)
  eden space 517120K, 100% used [0x00000000e0400000,0x00000000ffd00000,0x00000000ffd00000)
  from space 1536K, 100% used [0x00000000ffd00000,0x00000000ffe80000,0x00000000ffe80000)
  to   space 1536K, 0% used [0x00000000ffe80000,0x00000000ffe80000,0x0000000100000000)
 ParOldGen       total 1040384K, used 57261K [0x00000000a0c00000, 0x00000000e0400000, 0x00000000e0400000)
  object space 1040384K, 5% used [0x00000000a0c00000,0x00000000a43eb638,0x00000000e0400000)
 Metaspace       used 13030K, capacity 13234K, committed 13312K, reserved 1060864K
  class space    used 1469K, capacity 1501K, committed 1536K, reserved 1048576K
2172.088: [GC (Allocation Failure) [PSYoungGen: 518656K->192K(517632K)] 575917K->57493K(1558016K), 0.0012776 secs] [Times: user=0.00 sys=0.00, real=0.00 secs] 
Heap after GC invocations=314 (full 0):
 PSYoungGen      total 517632K, used 192K [0x00000000e0400000, 0x0000000100000000, 0x0000000100000000)
  eden space 516096K, 0% used [0x00000000e0400000,0x00000000e0400000,0x00000000ffc00000)
  from space 1536K, 12% used [0x00000000ffe80000,0x00000000ffeb0000,0x0000000100000000)
  to   space 2048K, 0% used [0x00000000ffc00000,0x00000000ffc00000,0x00000000ffe00000)
 ParOldGen       total 1040384K, used 57301K [0x00000000a0c00000, 0x00000000e0400000, 0x00000000e0400000)
  object space 1040384K, 5% used [0x00000000a0c00000,0x00000000a43f5638,0x00000000e0400000)
 Metaspace       used 13030K, capacity 13234K, committed 13312K, reserved 1060864K
  class space    used 1469K, capacity 1501K, committed 1536K, reserved 1048576K
}
{Heap before GC invocations=315 (full 0):
 PSYoungGen      total 517632K, used 516288K [0x00000000e0400000, 0x0000000100000000, 0x0000000100000000)
  eden space 516096K, 100% used [0x00000000e0400000,0x00000000ffc00000,0x00000000ffc00000)
  from space 1536K, 12% used [0x00000000ffe80000,0x00000000ffeb0000,0x0000000100000000)
  to   space 2048K, 0% used [0x00000000ffc00000,0x00000000ffc00000,0x00000000ffe00000)
 ParOldGen       total 1040384K, used 57301K [0x00000000a0c00000, 0x00000000e0400000, 0x00000000e0400000)
  object space 1040384K, 5% used [0x00000000a0c00000,0x00000000a43f5638,0x00000000e0400000)
 Metaspace       used 13030K, capacity 13234K, committed 13312K, reserved 1060864K
  class space    used 1469K, capacity 1501K, committed 1536K, reserved 1048576K
2179.127: [GC (Allocation Failure) [PSYoungGen: 516288K->160K(518144K)] 573589K->57477K(1558528K), 0.0017566 secs] [Times: user=0.00 sys=0.00, real=0.00 secs] 
Heap after GC invocations=315 (full 0):
 PSYoungGen      total 518144K, used 160K [0x00000000e0400000, 0x0000000100000000, 0x0000000100000000)
  eden space 516096K, 0% used [0x00000000e0400000,0x00000000e0400000,0x00000000ffc00000)
  from space 2048K, 7% used [0x00000000ffc00000,0x00000000ffc28000,0x00000000ffe00000)
  to   space 2048K, 0% used [0x00000000ffe00000,0x00000000ffe00000,0x0000000100000000)
 ParOldGen       total 1040384K, used 57317K [0x00000000a0c00000, 0x00000000e0400000, 0x00000000e0400000)
  object space 1040384K, 5% used [0x00000000a0c00000,0x00000000a43f9638,0x00000000e0400000)
 Metaspace       used 13030K, capacity 13234K, committed 13312K, reserved 1060864K
  class space    used 1469K, capacity 1501K, committed 1536K, reserved 1048576K
}
{Heap before GC invocations=316 (full 0):
 PSYoungGen      total 518144K, used 516256K [0x00000000e0400000, 0x0000000100000000, 0x0000000100000000)
  eden space 516096K, 100% used [0x00000000e0400000,0x00000000ffc00000,0x00000000ffc00000)
  from space 2048K, 7% used [0x00000000ffc00000,0x00000000ffc28000,0x00000000ffe00000)
  to   space 2048K, 0% used [0x00000000ffe00000,0x00000000ffe00000,0x0000000100000000)
 ParOldGen       total 1040384K, used 57317K [0x00000000a0c00000, 0x00000000e0400000, 0x00000000e0400000)
  object space 1040384K, 5% used [0x00000000a0c00000,0x00000000a43f9638,0x00000000e0400000)
 Metaspace       used 13030K, capacity 13234K, committed 13312K, reserved 1060864K
  class space    used 1469K, capacity 1501K, committed 1536K, reserved 1048576K
2186.074: [GC (Allocation Failure) [PSYoungGen: 516256K->160K(518144K)] 573573K->57501K(1558528K), 0.0018113 secs] [Times: user=0.00 sys=0.00, real=0.00 secs] 
Heap after GC invocations=316 (full 0):
 PSYoungGen      total 518144K, used 160K [0x00000000e0400000, 0x0000000100000000, 0x0000000100000000)
  eden space 516096K, 0% used [0x00000000e0400000,0x00000000e0400000,0x00000000ffc00000)
  from space 2048K, 7% used [0x00000000ffe00000,0x00000000ffe28000,0x0000000100000000)
  to   space 2048K, 0% used [0x00000000ffc00000,0x00000000ffc00000,0x00000000ffe00000)
 ParOldGen       total 1040384K, used 57341K [0x00000000a0c00000, 0x00000000e0400000, 0x00000000e0400000)
  object space 1040384K, 5% used [0x00000000a0c00000,0x00000000a43ff638,0x00000000e0400000)
 Metaspace       used 13030K, capacity 13234K, committed 13312K, reserved 1060864K
  class space    used 1469K, capacity 1501K, committed 1536K, reserved 1048576K
}
{Heap before GC invocations=317 (full 0):
 PSYoungGen      total 518144K, used 516256K [0x00000000e0400000, 0x0000000100000000, 0x0000000100000000)
  eden space 516096K, 100% used [0x00000000e0400000,0x00000000ffc00000,0x00000000ffc00000)
  from space 2048K, 7% used [0x00000000ffe00000,0x00000000ffe28000,0x0000000100000000)
  to   space 2048K, 0% used [0x00000000ffc00000,0x00000000ffc00000,0x00000000ffe00000)
 ParOldGen       total 1040384K, used 57341K [0x00000000a0c00000, 0x00000000e0400000, 0x00000000e0400000)
  object space 1040384K, 5% used [0x00000000a0c00000,0x00000000a43ff638,0x00000000e0400000)
 Metaspace       used 13030K, capacity 13234K, committed 13312K, reserved 1060864K
  class space    used 1469K, capacity 1501K, committed 1536K, reserved 1048576K
2193.017: [GC (Allocation Failure) [PSYoungGen: 516256K->224K(518144K)] 573597K->57565K(1558528K), 0.0013165 secs] [Times: user=0.00 sys=0.00, real=0.00 secs] 
Heap after GC invocations=317 (full 0):
 PSYoungGen      total 518144K, used 224K [0x00000000e0400000, 0x0000000100000000, 0x0000000100000000)
  eden space 516096K, 0% used [0x00000000e0400000,0x00000000e0400000,0x00000000ffc00000)
  from space 2048K, 10% used [0x00000000ffc00000,0x00000000ffc38000,0x00000000ffe00000)
  to   space 1536K, 0% used [0x00000000ffe80000,0x00000000ffe80000,0x0000000100000000)
 ParOldGen       total 1040384K, used 57341K [0x00000000a0c00000, 0x00000000e0400000, 0x00000000e0400000)
  object space 1040384K, 5% used [0x00000000a0c00000,0x00000000a43ff638,0x00000000e0400000)
 Metaspace       used 13030K, capacity 13234K, committed 13312K, reserved 1060864K
  class space    used 1469K, capacity 1501K, committed 1536K, reserved 1048576K
}
{Heap before GC invocations=318 (full 0):
 PSYoungGen      total 518144K, used 516320K [0x00000000e0400000, 0x0000000100000000, 0x0000000100000000)
  eden space 516096K, 100% used [0x00000000e0400000,0x00000000ffc00000,0x00000000ffc00000)
  from space 2048K, 10% used [0x00000000ffc00000,0x00000000ffc38000,0x00000000ffe00000)
  to   space 1536K, 0% used [0x00000000ffe80000,0x00000000ffe80000,0x0000000100000000)
 ParOldGen       total 1040384K, used 57341K [0x00000000a0c00000, 0x00000000e0400000, 0x00000000e0400000)
  object space 1040384K, 5% used [0x00000000a0c00000,0x00000000a43ff638,0x00000000e0400000)
 Metaspace       used 13030K, capacity 13234K, committed 13312K, reserved 1060864K
  class space    used 1469K, capacity 1501K, committed 1536K, reserved 1048576K
2199.905: [GC (Allocation Failure) [PSYoungGen: 516320K->1536K(517632K)] 573661K->59101K(1558016K), 0.0033132 secs] [Times: user=0.00 sys=0.00, real=0.00 secs] 
Heap after GC invocations=318 (full 0):
 PSYoungGen      total 517632K, used 1536K [0x00000000e0400000, 0x0000000100000000, 0x0000000100000000)
  eden space 516096K, 0% used [0x00000000e0400000,0x00000000e0400000,0x00000000ffc00000)
  from space 1536K, 100% used [0x00000000ffe80000,0x0000000100000000,0x0000000100000000)
  to   space 2048K, 0% used [0x00000000ffc00000,0x00000000ffc00000,0x00000000ffe00000)
 ParOldGen       total 1040384K, used 57565K [0x00000000a0c00000, 0x00000000e0400000, 0x00000000e0400000)
  object space 1040384K, 5% used [0x00000000a0c00000,0x00000000a4437638,0x00000000e0400000)
 Metaspace       used 13030K, capacity 13234K, committed 13312K, reserved 1060864K
  class space    used 1469K, capacity 1501K, committed 1536K, reserved 1048576K
}
{Heap before GC invocations=319 (full 0):
 PSYoungGen      total 517632K, used 517632K [0x00000000e0400000, 0x0000000100000000, 0x0000000100000000)
  eden space 516096K, 100% used [0x00000000e0400000,0x00000000ffc00000,0x00000000ffc00000)
  from space 1536K, 100% used [0x00000000ffe80000,0x0000000100000000,0x0000000100000000)
  to   space 2048K, 0% used [0x00000000ffc00000,0x00000000ffc00000,0x00000000ffe00000)
 ParOldGen       total 1040384K, used 57565K [0x00000000a0c00000, 0x00000000e0400000, 0x00000000e0400000)
  object space 1040384K, 5% used [0x00000000a0c00000,0x00000000a4437638,0x00000000e0400000)
 Metaspace       used 13030K, capacity 13234K, committed 13312K, reserved 1060864K
  class space    used 1469K, capacity 1501K, committed 1536K, reserved 1048576K
2206.883: [GC (Allocation Failure) [PSYoungGen: 517632K->288K(518144K)] 575197K->57893K(1558528K), 0.0013411 secs] [Times: user=0.00 sys=0.00, real=0.00 secs] 
Heap after GC invocations=319 (full 0):
 PSYoungGen      total 518144K, used 288K [0x00000000e0400000, 0x0000000100000000, 0x0000000100000000)
  eden space 516096K, 0% used [0x00000000e0400000,0x00000000e0400000,0x00000000ffc00000)
  from space 2048K, 14% used [0x00000000ffc00000,0x00000000ffc48000,0x00000000ffe00000)
  to   space 2048K, 0% used [0x00000000ffe00000,0x00000000ffe00000,0x0000000100000000)
 ParOldGen       total 1040384K, used 57605K [0x00000000a0c00000, 0x00000000e0400000, 0x00000000e0400000)
  object space 1040384K, 5% used [0x00000000a0c00000,0x00000000a4441638,0x00000000e0400000)
 Metaspace       used 13030K, capacity 13234K, committed 13312K, reserved 1060864K
  class space    used 1469K, capacity 1501K, committed 1536K, reserved 1048576K
}
{Heap before GC invocations=320 (full 0):
 PSYoungGen      total 518144K, used 516384K [0x00000000e0400000, 0x0000000100000000, 0x0000000100000000)
  eden space 516096K, 100% used [0x00000000e0400000,0x00000000ffc00000,0x00000000ffc00000)
  from space 2048K, 14% used [0x00000000ffc00000,0x00000000ffc48000,0x00000000ffe00000)
  to   space 2048K, 0% used [0x00000000ffe00000,0x00000000ffe00000,0x0000000100000000)
 ParOldGen       total 1040384K, used 57605K [0x00000000a0c00000, 0x00000000e0400000, 0x00000000e0400000)
  object space 1040384K, 5% used [0x00000000a0c00000,0x00000000a4441638,0x00000000e0400000)
 Metaspace       used 13030K, capacity 13234K, committed 13312K, reserved 1060864K
  class space    used 1469K, capacity 1501K, committed 1536K, reserved 1048576K
2213.813: [GC (Allocation Failure) [PSYoungGen: 516384K->160K(518144K)] 573989K->57765K(1558528K), 0.0013305 secs] [Times: user=0.00 sys=0.00, real=0.00 secs] 
Heap after GC invocations=320 (full 0):
 PSYoungGen      total 518144K, used 160K [0x00000000e0400000, 0x0000000100000000, 0x0000000100000000)
  eden space 516096K, 0% used [0x00000000e0400000,0x00000000e0400000,0x00000000ffc00000)
  from space 2048K, 7% used [0x00000000ffe00000,0x00000000ffe28000,0x0000000100000000)
  to   space 2048K, 0% used [0x00000000ffc00000,0x00000000ffc00000,0x00000000ffe00000)
 ParOldGen       total 1040384K, used 57605K [0x00000000a0c00000, 0x00000000e0400000, 0x00000000e0400000)
  object space 1040384K, 5% used [0x00000000a0c00000,0x00000000a4441638,0x00000000e0400000)
 Metaspace       used 13030K, capacity 13234K, committed 13312K, reserved 1060864K
  class space    used 1469K, capacity 1501K, committed 1536K, reserved 1048576K
}
{Heap before GC invocations=321 (full 0):
 PSYoungGen      total 518144K, used 516256K [0x00000000e0400000, 0x0000000100000000, 0x0000000100000000)
  eden space 516096K, 100% used [0x00000000e0400000,0x00000000ffc00000,0x00000000ffc00000)
  from space 2048K, 7% used [0x00000000ffe00000,0x00000000ffe28000,0x0000000100000000)
  to   space 2048K, 0% used [0x00000000ffc00000,0x00000000ffc00000,0x00000000ffe00000)
 ParOldGen       total 1040384K, used 57605K [0x00000000a0c00000, 0x00000000e0400000, 0x00000000e0400000)
  object space 1040384K, 5% used [0x00000000a0c00000,0x00000000a4441638,0x00000000e0400000)
 Metaspace       used 13030K, capacity 13234K, committed 13312K, reserved 1060864K
  class space    used 1469K, capacity 1501K, committed 1536K, reserved 1048576K
2220.775: [GC (Allocation Failure) [PSYoungGen: 516256K->256K(518144K)] 573861K->57861K(1558528K), 0.0012674 secs] [Times: user=0.00 sys=0.00, real=0.00 secs] 
Heap after GC invocations=321 (full 0):
 PSYoungGen      total 518144K, used 256K [0x00000000e0400000, 0x0000000100000000, 0x0000000100000000)
  eden space 516096K, 0% used [0x00000000e0400000,0x00000000e0400000,0x00000000ffc00000)
  from space 2048K, 12% used [0x00000000ffc00000,0x00000000ffc40000,0x00000000ffe00000)
  to   space 2048K, 0% used [0x00000000ffe00000,0x00000000ffe00000,0x0000000100000000)
 ParOldGen       total 1040384K, used 57605K [0x00000000a0c00000, 0x00000000e0400000, 0x00000000e0400000)
  object space 1040384K, 5% used [0x00000000a0c00000,0x00000000a4441638,0x00000000e0400000)
 Metaspace       used 13030K, capacity 13234K, committed 13312K, reserved 1060864K
  class space    used 1469K, capacity 1501K, committed 1536K, reserved 1048576K
}
{Heap before GC invocations=322 (full 0):
 PSYoungGen      total 518144K, used 516352K [0x00000000e0400000, 0x0000000100000000, 0x0000000100000000)
  eden space 516096K, 100% used [0x00000000e0400000,0x00000000ffc00000,0x00000000ffc00000)
  from space 2048K, 12% used [0x00000000ffc00000,0x00000000ffc40000,0x00000000ffe00000)
  to   space 2048K, 0% used [0x00000000ffe00000,0x00000000ffe00000,0x0000000100000000)
 ParOldGen       total 1040384K, used 57605K [0x00000000a0c00000, 0x00000000e0400000, 0x00000000e0400000)
  object space 1040384K, 5% used [0x00000000a0c00000,0x00000000a4441638,0x00000000e0400000)
 Metaspace       used 13030K, capacity 13234K, committed 13312K, reserved 1060864K
  class space    used 1469K, capacity 1501K, committed 1536K, reserved 1048576K
2227.644: [GC (Allocation Failure) [PSYoungGen: 516352K->544K(518144K)] 573957K->58149K(1558528K), 0.0014278 secs] [Times: user=0.00 sys=0.00, real=0.00 secs] 
Heap after GC invocations=322 (full 0):
 PSYoungGen      total 518144K, used 544K [0x00000000e0400000, 0x0000000100000000, 0x0000000100000000)
  eden space 516096K, 0% used [0x00000000e0400000,0x00000000e0400000,0x00000000ffc00000)
  from space 2048K, 26% used [0x00000000ffe00000,0x00000000ffe88000,0x0000000100000000)
  to   space 2048K, 0% used [0x00000000ffc00000,0x00000000ffc00000,0x00000000ffe00000)
 ParOldGen       total 1040384K, used 57605K [0x00000000a0c00000, 0x00000000e0400000, 0x00000000e0400000)
  object space 1040384K, 5% used [0x00000000a0c00000,0x00000000a4441638,0x00000000e0400000)
 Metaspace       used 13030K, capacity 13234K, committed 13312K, reserved 1060864K
  class space    used 1469K, capacity 1501K, committed 1536K, reserved 1048576K
}
{Heap before GC invocations=323 (full 0):
 PSYoungGen      total 518144K, used 516640K [0x00000000e0400000, 0x0000000100000000, 0x0000000100000000)
  eden space 516096K, 100% used [0x00000000e0400000,0x00000000ffc00000,0x00000000ffc00000)
  from space 2048K, 26% used [0x00000000ffe00000,0x00000000ffe88000,0x0000000100000000)
  to   space 2048K, 0% used [0x00000000ffc00000,0x00000000ffc00000,0x00000000ffe00000)
 ParOldGen       total 1040384K, used 57605K [0x00000000a0c00000, 0x00000000e0400000, 0x00000000e0400000)
  object space 1040384K, 5% used [0x00000000a0c00000,0x00000000a4441638,0x00000000e0400000)
 Metaspace       used 13030K, capacity 13234K, committed 13312K, reserved 1060864K
  class space    used 1469K, capacity 1501K, committed 1536K, reserved 1048576K
2234.581: [GC (Allocation Failure) [PSYoungGen: 516640K->960K(518144K)] 574245K->58573K(1558528K), 0.0015709 secs] [Times: user=0.00 sys=0.00, real=0.00 secs] 
Heap after GC invocations=323 (full 0):
 PSYoungGen      total 518144K, used 960K [0x00000000e0400000, 0x0000000100000000, 0x0000000100000000)
  eden space 516096K, 0% used [0x00000000e0400000,0x00000000e0400000,0x00000000ffc00000)
  from space 2048K, 46% used [0x00000000ffc00000,0x00000000ffcf0000,0x00000000ffe00000)
  to   space 2048K, 0% used [0x00000000ffe00000,0x00000000ffe00000,0x0000000100000000)
 ParOldGen       total 1040384K, used 57613K [0x00000000a0c00000, 0x00000000e0400000, 0x00000000e0400000)
  object space 1040384K, 5% used [0x00000000a0c00000,0x00000000a4443638,0x00000000e0400000)
 Metaspace       used 13030K, capacity 13234K, committed 13312K, reserved 1060864K
  class space    used 1469K, capacity 1501K, committed 1536K, reserved 1048576K
}
{Heap before GC invocations=324 (full 0):
 PSYoungGen      total 518144K, used 517056K [0x00000000e0400000, 0x0000000100000000, 0x0000000100000000)
  eden space 516096K, 100% used [0x00000000e0400000,0x00000000ffc00000,0x00000000ffc00000)
  from space 2048K, 46% used [0x00000000ffc00000,0x00000000ffcf0000,0x00000000ffe00000)
  to   space 2048K, 0% used [0x00000000ffe00000,0x00000000ffe00000,0x0000000100000000)
 ParOldGen       total 1040384K, used 57613K [0x00000000a0c00000, 0x00000000e0400000, 0x00000000e0400000)
  object space 1040384K, 5% used [0x00000000a0c00000,0x00000000a4443638,0x00000000e0400000)
 Metaspace       used 13030K, capacity 13234K, committed 13312K, reserved 1060864K
  class space    used 1469K, capacity 1501K, committed 1536K, reserved 1048576K
2241.540: [GC (Allocation Failure) [PSYoungGen: 517056K->160K(518144K)] 574669K->57773K(1558528K), 0.0016468 secs] [Times: user=0.00 sys=0.00, real=0.00 secs] 
Heap after GC invocations=324 (full 0):
 PSYoungGen      total 518144K, used 160K [0x00000000e0400000, 0x0000000100000000, 0x0000000100000000)
  eden space 516096K, 0% used [0x00000000e0400000,0x00000000e0400000,0x00000000ffc00000)
  from space 2048K, 7% used [0x00000000ffe00000,0x00000000ffe28000,0x0000000100000000)
  to   space 2048K, 0% used [0x00000000ffc00000,0x00000000ffc00000,0x00000000ffe00000)
 ParOldGen       total 1040384K, used 57613K [0x00000000a0c00000, 0x00000000e0400000, 0x00000000e0400000)
  object space 1040384K, 5% used [0x00000000a0c00000,0x00000000a4443638,0x00000000e0400000)
 Metaspace       used 13030K, capacity 13234K, committed 13312K, reserved 1060864K
  class space    used 1469K, capacity 1501K, committed 1536K, reserved 1048576K
}
{Heap before GC invocations=325 (full 0):
 PSYoungGen      total 518144K, used 516256K [0x00000000e0400000, 0x0000000100000000, 0x0000000100000000)
  eden space 516096K, 100% used [0x00000000e0400000,0x00000000ffc00000,0x00000000ffc00000)
  from space 2048K, 7% used [0x00000000ffe00000,0x00000000ffe28000,0x0000000100000000)
  to   space 2048K, 0% used [0x00000000ffc00000,0x00000000ffc00000,0x00000000ffe00000)
 ParOldGen       total 1040384K, used 57613K [0x00000000a0c00000, 0x00000000e0400000, 0x00000000e0400000)
  object space 1040384K, 5% used [0x00000000a0c00000,0x00000000a4443638,0x00000000e0400000)
 Metaspace       used 13030K, capacity 13234K, committed 13312K, reserved 1060864K
  class space    used 1469K, capacity 1501K, committed 1536K, reserved 1048576K
2248.355: [GC (Allocation Failure) [PSYoungGen: 516256K->96K(518144K)] 573869K->57709K(1558528K), 0.0019855 secs] [Times: user=0.00 sys=0.00, real=0.00 secs] 
Heap after GC invocations=325 (full 0):
 PSYoungGen      total 518144K, used 96K [0x00000000e0400000, 0x0000000100000000, 0x0000000100000000)
  eden space 516096K, 0% used [0x00000000e0400000,0x00000000e0400000,0x00000000ffc00000)
  from space 2048K, 4% used [0x00000000ffc00000,0x00000000ffc18000,0x00000000ffe00000)
  to   space 2048K, 0% used [0x00000000ffe00000,0x00000000ffe00000,0x0000000100000000)
 ParOldGen       total 1040384K, used 57613K [0x00000000a0c00000, 0x00000000e0400000, 0x00000000e0400000)
  object space 1040384K, 5% used [0x00000000a0c00000,0x00000000a4443638,0x00000000e0400000)
 Metaspace       used 13030K, capacity 13234K, committed 13312K, reserved 1060864K
  class space    used 1469K, capacity 1501K, committed 1536K, reserved 1048576K
}
{Heap before GC invocations=326 (full 0):
 PSYoungGen      total 518144K, used 516192K [0x00000000e0400000, 0x0000000100000000, 0x0000000100000000)
  eden space 516096K, 100% used [0x00000000e0400000,0x00000000ffc00000,0x00000000ffc00000)
  from space 2048K, 4% used [0x00000000ffc00000,0x00000000ffc18000,0x00000000ffe00000)
  to   space 2048K, 0% used [0x00000000ffe00000,0x00000000ffe00000,0x0000000100000000)
 ParOldGen       total 1040384K, used 57613K [0x00000000a0c00000, 0x00000000e0400000, 0x00000000e0400000)
  object space 1040384K, 5% used [0x00000000a0c00000,0x00000000a4443638,0x00000000e0400000)
 Metaspace       used 13030K, capacity 13234K, committed 13312K, reserved 1060864K
  class space    used 1469K, capacity 1501K, committed 1536K, reserved 1048576K
2255.198: [GC (Allocation Failure) [PSYoungGen: 516192K->160K(518656K)] 573805K->57773K(1559040K), 0.0017171 secs] [Times: user=0.00 sys=0.00, real=0.00 secs] 
Heap after GC invocations=326 (full 0):
 PSYoungGen      total 518656K, used 160K [0x00000000e0400000, 0x0000000100000000, 0x0000000100000000)
  eden space 516608K, 0% used [0x00000000e0400000,0x00000000e0400000,0x00000000ffc80000)
  from space 2048K, 7% used [0x00000000ffe00000,0x00000000ffe28000,0x0000000100000000)
  to   space 1536K, 0% used [0x00000000ffc80000,0x00000000ffc80000,0x00000000ffe00000)
 ParOldGen       total 1040384K, used 57613K [0x00000000a0c00000, 0x00000000e0400000, 0x00000000e0400000)
  object space 1040384K, 5% used [0x00000000a0c00000,0x00000000a4443638,0x00000000e0400000)
 Metaspace       used 13030K, capacity 13234K, committed 13312K, reserved 1060864K
  class space    used 1469K, capacity 1501K, committed 1536K, reserved 1048576K
}
{Heap before GC invocations=327 (full 0):
 PSYoungGen      total 518656K, used 516768K [0x00000000e0400000, 0x0000000100000000, 0x0000000100000000)
  eden space 516608K, 100% used [0x00000000e0400000,0x00000000ffc80000,0x00000000ffc80000)
  from space 2048K, 7% used [0x00000000ffe00000,0x00000000ffe28000,0x0000000100000000)
  to   space 1536K, 0% used [0x00000000ffc80000,0x00000000ffc80000,0x00000000ffe00000)
 ParOldGen       total 1040384K, used 57613K [0x00000000a0c00000, 0x00000000e0400000, 0x00000000e0400000)
  object space 1040384K, 5% used [0x00000000a0c00000,0x00000000a4443658,0x00000000e0400000)
 Metaspace       used 13030K, capacity 13234K, committed 13312K, reserved 1060864K
  class space    used 1469K, capacity 1501K, committed 1536K, reserved 1048576K
2262.208: [GC (GCLocker Initiated GC) [PSYoungGen: 516768K->1184K(518144K)] 574381K->58805K(1558528K), 0.0018841 secs] [Times: user=0.00 sys=0.00, real=0.00 secs] 
Heap after GC invocations=327 (full 0):
 PSYoungGen      total 518144K, used 1184K [0x00000000e0400000, 0x0000000100000000, 0x0000000100000000)
  eden space 516608K, 0% used [0x00000000e0400000,0x00000000e0400000,0x00000000ffc80000)
  from space 1536K, 77% used [0x00000000ffc80000,0x00000000ffda8000,0x00000000ffe00000)
  to   space 2048K, 0% used [0x00000000ffe00000,0x00000000ffe00000,0x0000000100000000)
 ParOldGen       total 1040384K, used 57621K [0x00000000a0c00000, 0x00000000e0400000, 0x00000000e0400000)
  object space 1040384K, 5% used [0x00000000a0c00000,0x00000000a4445658,0x00000000e0400000)
 Metaspace       used 13030K, capacity 13234K, committed 13312K, reserved 1060864K
  class space    used 1469K, capacity 1501K, committed 1536K, reserved 1048576K
}
{Heap before GC invocations=328 (full 0):
 PSYoungGen      total 518144K, used 517792K [0x00000000e0400000, 0x0000000100000000, 0x0000000100000000)
  eden space 516608K, 100% used [0x00000000e0400000,0x00000000ffc80000,0x00000000ffc80000)
  from space 1536K, 77% used [0x00000000ffc80000,0x00000000ffda8000,0x00000000ffe00000)
  to   space 2048K, 0% used [0x00000000ffe00000,0x00000000ffe00000,0x0000000100000000)
 ParOldGen       total 1040384K, used 57625K [0x00000000a0c00000, 0x00000000e0400000, 0x00000000e0400000)
  object space 1040384K, 5% used [0x00000000a0c00000,0x00000000a4446478,0x00000000e0400000)
 Metaspace       used 13030K, capacity 13234K, committed 13312K, reserved 1060864K
  class space    used 1469K, capacity 1501K, committed 1536K, reserved 1048576K
2269.138: [GC (Allocation Failure) [PSYoungGen: 517792K->96K(518144K)] 575417K->57729K(1558528K), 0.0017077 secs] [Times: user=0.00 sys=0.00, real=0.00 secs] 
Heap after GC invocations=328 (full 0):
 PSYoungGen      total 518144K, used 96K [0x00000000e0400000, 0x0000000100000000, 0x0000000100000000)
  eden space 516096K, 0% used [0x00000000e0400000,0x00000000e0400000,0x00000000ffc00000)
  from space 2048K, 4% used [0x00000000ffe00000,0x00000000ffe18000,0x0000000100000000)
  to   space 2048K, 0% used [0x00000000ffc00000,0x00000000ffc00000,0x00000000ffe00000)
 ParOldGen       total 1040384K, used 57633K [0x00000000a0c00000, 0x00000000e0400000, 0x00000000e0400000)
  object space 1040384K, 5% used [0x00000000a0c00000,0x00000000a4448478,0x00000000e0400000)
 Metaspace       used 13030K, capacity 13234K, committed 13312K, reserved 1060864K
  class space    used 1469K, capacity 1501K, committed 1536K, reserved 1048576K
}
{Heap before GC invocations=329 (full 0):
 PSYoungGen      total 518144K, used 516192K [0x00000000e0400000, 0x0000000100000000, 0x0000000100000000)
  eden space 516096K, 100% used [0x00000000e0400000,0x00000000ffc00000,0x00000000ffc00000)
  from space 2048K, 4% used [0x00000000ffe00000,0x00000000ffe18000,0x0000000100000000)
  to   space 2048K, 0% used [0x00000000ffc00000,0x00000000ffc00000,0x00000000ffe00000)
 ParOldGen       total 1040384K, used 57633K [0x00000000a0c00000, 0x00000000e0400000, 0x00000000e0400000)
  object space 1040384K, 5% used [0x00000000a0c00000,0x00000000a4448478,0x00000000e0400000)
 Metaspace       used 13030K, capacity 13234K, committed 13312K, reserved 1060864K
  class space    used 1469K, capacity 1501K, committed 1536K, reserved 1048576K
2276.055: [GC (Allocation Failure) [PSYoungGen: 516192K->192K(518144K)] 573825K->57825K(1558528K), 0.0016854 secs] [Times: user=0.00 sys=0.00, real=0.00 secs] 
Heap after GC invocations=329 (full 0):
 PSYoungGen      total 518144K, used 192K [0x00000000e0400000, 0x0000000100000000, 0x0000000100000000)
  eden space 516096K, 0% used [0x00000000e0400000,0x00000000e0400000,0x00000000ffc00000)
  from space 2048K, 9% used [0x00000000ffc00000,0x00000000ffc30000,0x00000000ffe00000)
  to   space 2048K, 0% used [0x00000000ffe00000,0x00000000ffe00000,0x0000000100000000)
 ParOldGen       total 1040384K, used 57633K [0x00000000a0c00000, 0x00000000e0400000, 0x00000000e0400000)
  object space 1040384K, 5% used [0x00000000a0c00000,0x00000000a4448478,0x00000000e0400000)
 Metaspace       used 13030K, capacity 13234K, committed 13312K, reserved 1060864K
  class space    used 1469K, capacity 1501K, committed 1536K, reserved 1048576K
}
{Heap before GC invocations=330 (full 0):
 PSYoungGen      total 518144K, used 516288K [0x00000000e0400000, 0x0000000100000000, 0x0000000100000000)
  eden space 516096K, 100% used [0x00000000e0400000,0x00000000ffc00000,0x00000000ffc00000)
  from space 2048K, 9% used [0x00000000ffc00000,0x00000000ffc30000,0x00000000ffe00000)
  to   space 2048K, 0% used [0x00000000ffe00000,0x00000000ffe00000,0x0000000100000000)
 ParOldGen       total 1040384K, used 57633K [0x00000000a0c00000, 0x00000000e0400000, 0x00000000e0400000)
  object space 1040384K, 5% used [0x00000000a0c00000,0x00000000a4448478,0x00000000e0400000)
 Metaspace       used 13030K, capacity 13234K, committed 13312K, reserved 1060864K
  class space    used 1469K, capacity 1501K, committed 1536K, reserved 1048576K
2282.962: [GC (Allocation Failure) [PSYoungGen: 516288K->96K(518656K)] 573921K->57745K(1559040K), 0.0015961 secs] [Times: user=0.00 sys=0.00, real=0.00 secs] 
Heap after GC invocations=330 (full 0):
 PSYoungGen      total 518656K, used 96K [0x00000000e0400000, 0x0000000100000000, 0x0000000100000000)
  eden space 516608K, 0% used [0x00000000e0400000,0x00000000e0400000,0x00000000ffc80000)
  from space 2048K, 4% used [0x00000000ffe00000,0x00000000ffe18000,0x0000000100000000)
  to   space 1536K, 0% used [0x00000000ffc80000,0x00000000ffc80000,0x00000000ffe00000)
 ParOldGen       total 1040384K, used 57649K [0x00000000a0c00000, 0x00000000e0400000, 0x00000000e0400000)
  object space 1040384K, 5% used [0x00000000a0c00000,0x00000000a444c478,0x00000000e0400000)
 Metaspace       used 13030K, capacity 13234K, committed 13312K, reserved 1060864K
  class space    used 1469K, capacity 1501K, committed 1536K, reserved 1048576K
}
{Heap before GC invocations=331 (full 0):
 PSYoungGen      total 518656K, used 516704K [0x00000000e0400000, 0x0000000100000000, 0x0000000100000000)
  eden space 516608K, 100% used [0x00000000e0400000,0x00000000ffc80000,0x00000000ffc80000)
  from space 2048K, 4% used [0x00000000ffe00000,0x00000000ffe18000,0x0000000100000000)
  to   space 1536K, 0% used [0x00000000ffc80000,0x00000000ffc80000,0x00000000ffe00000)
 ParOldGen       total 1040384K, used 57649K [0x00000000a0c00000, 0x00000000e0400000, 0x00000000e0400000)
  object space 1040384K, 5% used [0x00000000a0c00000,0x00000000a444c478,0x00000000e0400000)
 Metaspace       used 13030K, capacity 13234K, committed 13312K, reserved 1060864K
  class space    used 1469K, capacity 1501K, committed 1536K, reserved 1048576K
2290.042: [GC (Allocation Failure) [PSYoungGen: 516704K->160K(518144K)] 574353K->57817K(1558528K), 0.0016779 secs] [Times: user=0.00 sys=0.00, real=0.00 secs] 
Heap after GC invocations=331 (full 0):
 PSYoungGen      total 518144K, used 160K [0x00000000e0400000, 0x0000000100000000, 0x0000000100000000)
  eden space 516608K, 0% used [0x00000000e0400000,0x00000000e0400000,0x00000000ffc80000)
  from space 1536K, 10% used [0x00000000ffc80000,0x00000000ffca8000,0x00000000ffe00000)
  to   space 1536K, 0% used [0x00000000ffe80000,0x00000000ffe80000,0x0000000100000000)
 ParOldGen       total 1040384K, used 57657K [0x00000000a0c00000, 0x00000000e0400000, 0x00000000e0400000)
  object space 1040384K, 5% used [0x00000000a0c00000,0x00000000a444e478,0x00000000e0400000)
 Metaspace       used 13030K, capacity 13234K, committed 13312K, reserved 1060864K
  class space    used 1469K, capacity 1501K, committed 1536K, reserved 1048576K
}
{Heap before GC invocations=332 (full 0):
 PSYoungGen      total 518144K, used 516768K [0x00000000e0400000, 0x0000000100000000, 0x0000000100000000)
  eden space 516608K, 100% used [0x00000000e0400000,0x00000000ffc80000,0x00000000ffc80000)
  from space 1536K, 10% used [0x00000000ffc80000,0x00000000ffca8000,0x00000000ffe00000)
  to   space 1536K, 0% used [0x00000000ffe80000,0x00000000ffe80000,0x0000000100000000)
 ParOldGen       total 1040384K, used 57657K [0x00000000a0c00000, 0x00000000e0400000, 0x00000000e0400000)
  object space 1040384K, 5% used [0x00000000a0c00000,0x00000000a444e478,0x00000000e0400000)
 Metaspace       used 13030K, capacity 13234K, committed 13312K, reserved 1060864K
  class space    used 1469K, capacity 1501K, committed 1536K, reserved 1048576K
2296.910: [GC (Allocation Failure) [PSYoungGen: 516768K->1536K(517632K)] 574425K->59409K(1558016K), 0.0024277 secs] [Times: user=0.09 sys=0.00, real=0.00 secs] 
Heap after GC invocations=332 (full 0):
 PSYoungGen      total 517632K, used 1536K [0x00000000e0400000, 0x0000000100000000, 0x0000000100000000)
  eden space 516096K, 0% used [0x00000000e0400000,0x00000000e0400000,0x00000000ffc00000)
  from space 1536K, 100% used [0x00000000ffe80000,0x0000000100000000,0x0000000100000000)
  to   space 2048K, 0% used [0x00000000ffc00000,0x00000000ffc00000,0x00000000ffe00000)
 ParOldGen       total 1040384K, used 57873K [0x00000000a0c00000, 0x00000000e0400000, 0x00000000e0400000)
  object space 1040384K, 5% used [0x00000000a0c00000,0x00000000a4484478,0x00000000e0400000)
 Metaspace       used 13030K, capacity 13234K, committed 13312K, reserved 1060864K
  class space    used 1469K, capacity 1501K, committed 1536K, reserved 1048576K
}
{Heap before GC invocations=333 (full 0):
 PSYoungGen      total 517632K, used 517632K [0x00000000e0400000, 0x0000000100000000, 0x0000000100000000)
  eden space 516096K, 100% used [0x00000000e0400000,0x00000000ffc00000,0x00000000ffc00000)
  from space 1536K, 100% used [0x00000000ffe80000,0x0000000100000000,0x0000000100000000)
  to   space 2048K, 0% used [0x00000000ffc00000,0x00000000ffc00000,0x00000000ffe00000)
 ParOldGen       total 1040384K, used 57873K [0x00000000a0c00000, 0x00000000e0400000, 0x00000000e0400000)
  object space 1040384K, 5% used [0x00000000a0c00000,0x00000000a4484478,0x00000000e0400000)
 Metaspace       used 13030K, capacity 13234K, committed 13312K, reserved 1060864K
  class space    used 1469K, capacity 1501K, committed 1536K, reserved 1048576K
2303.803: [GC (Allocation Failure) [PSYoungGen: 517632K->128K(518144K)] 575505K->58041K(1558528K), 0.0015075 secs] [Times: user=0.00 sys=0.00, real=0.00 secs] 
Heap after GC invocations=333 (full 0):
 PSYoungGen      total 518144K, used 128K [0x00000000e0400000, 0x0000000100000000, 0x0000000100000000)
  eden space 516096K, 0% used [0x00000000e0400000,0x00000000e0400000,0x00000000ffc00000)
  from space 2048K, 6% used [0x00000000ffc00000,0x00000000ffc20000,0x00000000ffe00000)
  to   space 2048K, 0% used [0x00000000ffe00000,0x00000000ffe00000,0x0000000100000000)
 ParOldGen       total 1040384K, used 57913K [0x00000000a0c00000, 0x00000000e0400000, 0x00000000e0400000)
  object space 1040384K, 5% used [0x00000000a0c00000,0x00000000a448e478,0x00000000e0400000)
 Metaspace       used 13030K, capacity 13234K, committed 13312K, reserved 1060864K
  class space    used 1469K, capacity 1501K, committed 1536K, reserved 1048576K
}
{Heap before GC invocations=334 (full 0):
 PSYoungGen      total 518144K, used 516224K [0x00000000e0400000, 0x0000000100000000, 0x0000000100000000)
  eden space 516096K, 100% used [0x00000000e0400000,0x00000000ffc00000,0x00000000ffc00000)
  from space 2048K, 6% used [0x00000000ffc00000,0x00000000ffc20000,0x00000000ffe00000)
  to   space 2048K, 0% used [0x00000000ffe00000,0x00000000ffe00000,0x0000000100000000)
 ParOldGen       total 1040384K, used 57913K [0x00000000a0c00000, 0x00000000e0400000, 0x00000000e0400000)
  object space 1040384K, 5% used [0x00000000a0c00000,0x00000000a448e478,0x00000000e0400000)
 Metaspace       used 13030K, capacity 13234K, committed 13312K, reserved 1060864K
  class space    used 1469K, capacity 1501K, committed 1536K, reserved 1048576K
2310.741: [GC (Allocation Failure) [PSYoungGen: 516224K->96K(518144K)] 574137K->58009K(1558528K), 0.0020029 secs] [Times: user=0.00 sys=0.00, real=0.00 secs] 
Heap after GC invocations=334 (full 0):
 PSYoungGen      total 518144K, used 96K [0x00000000e0400000, 0x0000000100000000, 0x0000000100000000)
  eden space 516096K, 0% used [0x00000000e0400000,0x00000000e0400000,0x00000000ffc00000)
  from space 2048K, 4% used [0x00000000ffe00000,0x00000000ffe18000,0x0000000100000000)
  to   space 2048K, 0% used [0x00000000ffc00000,0x00000000ffc00000,0x00000000ffe00000)
 ParOldGen       total 1040384K, used 57913K [0x00000000a0c00000, 0x00000000e0400000, 0x00000000e0400000)
  object space 1040384K, 5% used [0x00000000a0c00000,0x00000000a448e478,0x00000000e0400000)
 Metaspace       used 13030K, capacity 13234K, committed 13312K, reserved 1060864K
  class space    used 1469K, capacity 1501K, committed 1536K, reserved 1048576K
}
{Heap before GC invocations=335 (full 0):
 PSYoungGen      total 518144K, used 516192K [0x00000000e0400000, 0x0000000100000000, 0x0000000100000000)
  eden space 516096K, 100% used [0x00000000e0400000,0x00000000ffc00000,0x00000000ffc00000)
  from space 2048K, 4% used [0x00000000ffe00000,0x00000000ffe18000,0x0000000100000000)
  to   space 2048K, 0% used [0x00000000ffc00000,0x00000000ffc00000,0x00000000ffe00000)
 ParOldGen       total 1040384K, used 57913K [0x00000000a0c00000, 0x00000000e0400000, 0x00000000e0400000)
  object space 1040384K, 5% used [0x00000000a0c00000,0x00000000a448e478,0x00000000e0400000)
 Metaspace       used 13030K, capacity 13234K, committed 13312K, reserved 1060864K
  class space    used 1469K, capacity 1501K, committed 1536K, reserved 1048576K
2317.731: [GC (Allocation Failure) [PSYoungGen: 516192K->128K(518144K)] 574105K->58041K(1558528K), 0.0019634 secs] [Times: user=0.00 sys=0.00, real=0.00 secs] 
Heap after GC invocations=335 (full 0):
 PSYoungGen      total 518144K, used 128K [0x00000000e0400000, 0x0000000100000000, 0x0000000100000000)
  eden space 516096K, 0% used [0x00000000e0400000,0x00000000e0400000,0x00000000ffc00000)
  from space 2048K, 6% used [0x00000000ffc00000,0x00000000ffc20000,0x00000000ffe00000)
  to   space 2048K, 0% used [0x00000000ffe00000,0x00000000ffe00000,0x0000000100000000)
 ParOldGen       total 1040384K, used 57913K [0x00000000a0c00000, 0x00000000e0400000, 0x00000000e0400000)
  object space 1040384K, 5% used [0x00000000a0c00000,0x00000000a448e478,0x00000000e0400000)
 Metaspace       used 13030K, capacity 13234K, committed 13312K, reserved 1060864K
  class space    used 1469K, capacity 1501K, committed 1536K, reserved 1048576K
}
{Heap before GC invocations=336 (full 0):
 PSYoungGen      total 518144K, used 516224K [0x00000000e0400000, 0x0000000100000000, 0x0000000100000000)
  eden space 516096K, 100% used [0x00000000e0400000,0x00000000ffc00000,0x00000000ffc00000)
  from space 2048K, 6% used [0x00000000ffc00000,0x00000000ffc20000,0x00000000ffe00000)
  to   space 2048K, 0% used [0x00000000ffe00000,0x00000000ffe00000,0x0000000100000000)
 ParOldGen       total 1040384K, used 57913K [0x00000000a0c00000, 0x00000000e0400000, 0x00000000e0400000)
  object space 1040384K, 5% used [0x00000000a0c00000,0x00000000a448e478,0x00000000e0400000)
 Metaspace       used 13030K, capacity 13234K, committed 13312K, reserved 1060864K
  class space    used 1469K, capacity 1501K, committed 1536K, reserved 1048576K
2324.699: [GC (Allocation Failure) [PSYoungGen: 516224K->64K(518144K)] 574137K->57985K(1558528K), 0.0016947 secs] [Times: user=0.00 sys=0.00, real=0.00 secs] 
Heap after GC invocations=336 (full 0):
 PSYoungGen      total 518144K, used 64K [0x00000000e0400000, 0x0000000100000000, 0x0000000100000000)
  eden space 516096K, 0% used [0x00000000e0400000,0x00000000e0400000,0x00000000ffc00000)
  from space 2048K, 3% used [0x00000000ffe00000,0x00000000ffe10000,0x0000000100000000)
  to   space 2048K, 0% used [0x00000000ffc00000,0x00000000ffc00000,0x00000000ffe00000)
 ParOldGen       total 1040384K, used 57921K [0x00000000a0c00000, 0x00000000e0400000, 0x00000000e0400000)
  object space 1040384K, 5% used [0x00000000a0c00000,0x00000000a4490478,0x00000000e0400000)
 Metaspace       used 13030K, capacity 13234K, committed 13312K, reserved 1060864K
  class space    used 1469K, capacity 1501K, committed 1536K, reserved 1048576K
}
{Heap before GC invocations=337 (full 0):
 PSYoungGen      total 518144K, used 516160K [0x00000000e0400000, 0x0000000100000000, 0x0000000100000000)
  eden space 516096K, 100% used [0x00000000e0400000,0x00000000ffc00000,0x00000000ffc00000)
  from space 2048K, 3% used [0x00000000ffe00000,0x00000000ffe10000,0x0000000100000000)
  to   space 2048K, 0% used [0x00000000ffc00000,0x00000000ffc00000,0x00000000ffe00000)
 ParOldGen       total 1040384K, used 57921K [0x00000000a0c00000, 0x00000000e0400000, 0x00000000e0400000)
  object space 1040384K, 5% used [0x00000000a0c00000,0x00000000a4490478,0x00000000e0400000)
 Metaspace       used 13037K, capacity 13234K, committed 13312K, reserved 1060864K
  class space    used 1469K, capacity 1501K, committed 1536K, reserved 1048576K
2331.701: [GC (Allocation Failure) [PSYoungGen: 516160K->1888K(518144K)] 574081K->59809K(1558528K), 0.0030028 secs] [Times: user=0.00 sys=0.00, real=0.00 secs] 
Heap after GC invocations=337 (full 0):
 PSYoungGen      total 518144K, used 1888K [0x00000000e0400000, 0x0000000100000000, 0x0000000100000000)
  eden space 516096K, 0% used [0x00000000e0400000,0x00000000e0400000,0x00000000ffc00000)
  from space 2048K, 92% used [0x00000000ffc00000,0x00000000ffdd8000,0x00000000ffe00000)
  to   space 2048K, 0% used [0x00000000ffe00000,0x00000000ffe00000,0x0000000100000000)
 ParOldGen       total 1040384K, used 57921K [0x00000000a0c00000, 0x00000000e0400000, 0x00000000e0400000)
  object space 1040384K, 5% used [0x00000000a0c00000,0x00000000a4490478,0x00000000e0400000)
 Metaspace       used 13037K, capacity 13234K, committed 13312K, reserved 1060864K
  class space    used 1469K, capacity 1501K, committed 1536K, reserved 1048576K
}
{Heap before GC invocations=338 (full 0):
 PSYoungGen      total 518144K, used 517984K [0x00000000e0400000, 0x0000000100000000, 0x0000000100000000)
  eden space 516096K, 100% used [0x00000000e0400000,0x00000000ffc00000,0x00000000ffc00000)
  from space 2048K, 92% used [0x00000000ffc00000,0x00000000ffdd8000,0x00000000ffe00000)
  to   space 2048K, 0% used [0x00000000ffe00000,0x00000000ffe00000,0x0000000100000000)
 ParOldGen       total 1040384K, used 57921K [0x00000000a0c00000, 0x00000000e0400000, 0x00000000e0400000)
  object space 1040384K, 5% used [0x00000000a0c00000,0x00000000a4490478,0x00000000e0400000)
 Metaspace       used 13037K, capacity 13234K, committed 13312K, reserved 1060864K
  class space    used 1469K, capacity 1501K, committed 1536K, reserved 1048576K
2338.665: [GC (Allocation Failure) [PSYoungGen: 517984K->128K(518144K)] 575905K->58057K(1558528K), 0.0016452 secs] [Times: user=0.00 sys=0.00, real=0.00 secs] 
Heap after GC invocations=338 (full 0):
 PSYoungGen      total 518144K, used 128K [0x00000000e0400000, 0x0000000100000000, 0x0000000100000000)
  eden space 516096K, 0% used [0x00000000e0400000,0x00000000e0400000,0x00000000ffc00000)
  from space 2048K, 6% used [0x00000000ffe00000,0x00000000ffe20000,0x0000000100000000)
  to   space 2048K, 0% used [0x00000000ffc00000,0x00000000ffc00000,0x00000000ffe00000)
 ParOldGen       total 1040384K, used 57929K [0x00000000a0c00000, 0x00000000e0400000, 0x00000000e0400000)
  object space 1040384K, 5% used [0x00000000a0c00000,0x00000000a4492478,0x00000000e0400000)
 Metaspace       used 13037K, capacity 13234K, committed 13312K, reserved 1060864K
  class space    used 1469K, capacity 1501K, committed 1536K, reserved 1048576K
}
{Heap before GC invocations=339 (full 0):
 PSYoungGen      total 518144K, used 516224K [0x00000000e0400000, 0x0000000100000000, 0x0000000100000000)
  eden space 516096K, 100% used [0x00000000e0400000,0x00000000ffc00000,0x00000000ffc00000)
  from space 2048K, 6% used [0x00000000ffe00000,0x00000000ffe20000,0x0000000100000000)
  to   space 2048K, 0% used [0x00000000ffc00000,0x00000000ffc00000,0x00000000ffe00000)
 ParOldGen       total 1040384K, used 57929K [0x00000000a0c00000, 0x00000000e0400000, 0x00000000e0400000)
  object space 1040384K, 5% used [0x00000000a0c00000,0x00000000a4492478,0x00000000e0400000)
 Metaspace       used 13037K, capacity 13234K, committed 13312K, reserved 1060864K
  class space    used 1469K, capacity 1501K, committed 1536K, reserved 1048576K
2345.498: [GC (Allocation Failure) [PSYoungGen: 516224K->128K(518144K)] 574153K->58057K(1558528K), 0.0016284 secs] [Times: user=0.00 sys=0.00, real=0.00 secs] 
Heap after GC invocations=339 (full 0):
 PSYoungGen      total 518144K, used 128K [0x00000000e0400000, 0x0000000100000000, 0x0000000100000000)
  eden space 516096K, 0% used [0x00000000e0400000,0x00000000e0400000,0x00000000ffc00000)
  from space 2048K, 6% used [0x00000000ffc00000,0x00000000ffc20000,0x00000000ffe00000)
  to   space 2048K, 0% used [0x00000000ffe00000,0x00000000ffe00000,0x0000000100000000)
 ParOldGen       total 1040384K, used 57929K [0x00000000a0c00000, 0x00000000e0400000, 0x00000000e0400000)
  object space 1040384K, 5% used [0x00000000a0c00000,0x00000000a4492478,0x00000000e0400000)
 Metaspace       used 13037K, capacity 13234K, committed 13312K, reserved 1060864K
  class space    used 1469K, capacity 1501K, committed 1536K, reserved 1048576K
}
{Heap before GC invocations=340 (full 0):
 PSYoungGen      total 518144K, used 516224K [0x00000000e0400000, 0x0000000100000000, 0x0000000100000000)
  eden space 516096K, 100% used [0x00000000e0400000,0x00000000ffc00000,0x00000000ffc00000)
  from space 2048K, 6% used [0x00000000ffc00000,0x00000000ffc20000,0x00000000ffe00000)
  to   space 2048K, 0% used [0x00000000ffe00000,0x00000000ffe00000,0x0000000100000000)
 ParOldGen       total 1040384K, used 57929K [0x00000000a0c00000, 0x00000000e0400000, 0x00000000e0400000)
  object space 1040384K, 5% used [0x00000000a0c00000,0x00000000a4492478,0x00000000e0400000)
 Metaspace       used 13037K, capacity 13234K, committed 13312K, reserved 1060864K
  class space    used 1469K, capacity 1501K, committed 1536K, reserved 1048576K
2352.348: [GC (Allocation Failure) [PSYoungGen: 516224K->128K(518144K)] 574153K->58065K(1558528K), 0.0017049 secs] [Times: user=0.11 sys=0.00, real=0.00 secs] 
Heap after GC invocations=340 (full 0):
 PSYoungGen      total 518144K, used 128K [0x00000000e0400000, 0x0000000100000000, 0x0000000100000000)
  eden space 516096K, 0% used [0x00000000e0400000,0x00000000e0400000,0x00000000ffc00000)
  from space 2048K, 6% used [0x00000000ffe00000,0x00000000ffe20000,0x0000000100000000)
  to   space 2048K, 0% used [0x00000000ffc00000,0x00000000ffc00000,0x00000000ffe00000)
 ParOldGen       total 1040384K, used 57937K [0x00000000a0c00000, 0x00000000e0400000, 0x00000000e0400000)
  object space 1040384K, 5% used [0x00000000a0c00000,0x00000000a4494478,0x00000000e0400000)
 Metaspace       used 13037K, capacity 13234K, committed 13312K, reserved 1060864K
  class space    used 1469K, capacity 1501K, committed 1536K, reserved 1048576K
}
{Heap before GC invocations=341 (full 0):
 PSYoungGen      total 518144K, used 516224K [0x00000000e0400000, 0x0000000100000000, 0x0000000100000000)
  eden space 516096K, 100% used [0x00000000e0400000,0x00000000ffc00000,0x00000000ffc00000)
  from space 2048K, 6% used [0x00000000ffe00000,0x00000000ffe20000,0x0000000100000000)
  to   space 2048K, 0% used [0x00000000ffc00000,0x00000000ffc00000,0x00000000ffe00000)
 ParOldGen       total 1040384K, used 57937K [0x00000000a0c00000, 0x00000000e0400000, 0x00000000e0400000)
  object space 1040384K, 5% used [0x00000000a0c00000,0x00000000a4494478,0x00000000e0400000)
 Metaspace       used 13037K, capacity 13234K, committed 13312K, reserved 1060864K
  class space    used 1469K, capacity 1501K, committed 1536K, reserved 1048576K
2359.311: [GC (Allocation Failure) [PSYoungGen: 516224K->960K(518144K)] 574161K->58897K(1558528K), 0.0019538 secs] [Times: user=0.00 sys=0.00, real=0.00 secs] 
Heap after GC invocations=341 (full 0):
 PSYoungGen      total 518144K, used 960K [0x00000000e0400000, 0x0000000100000000, 0x0000000100000000)
  eden space 516096K, 0% used [0x00000000e0400000,0x00000000e0400000,0x00000000ffc00000)
  from space 2048K, 46% used [0x00000000ffc00000,0x00000000ffcf0000,0x00000000ffe00000)
  to   space 2048K, 0% used [0x00000000ffe00000,0x00000000ffe00000,0x0000000100000000)
 ParOldGen       total 1040384K, used 57937K [0x00000000a0c00000, 0x00000000e0400000, 0x00000000e0400000)
  object space 1040384K, 5% used [0x00000000a0c00000,0x00000000a4494478,0x00000000e0400000)
 Metaspace       used 13037K, capacity 13234K, committed 13312K, reserved 1060864K
  class space    used 1469K, capacity 1501K, committed 1536K, reserved 1048576K
}
{Heap before GC invocations=342 (full 0):
 PSYoungGen      total 518144K, used 517056K [0x00000000e0400000, 0x0000000100000000, 0x0000000100000000)
  eden space 516096K, 100% used [0x00000000e0400000,0x00000000ffc00000,0x00000000ffc00000)
  from space 2048K, 46% used [0x00000000ffc00000,0x00000000ffcf0000,0x00000000ffe00000)
  to   space 2048K, 0% used [0x00000000ffe00000,0x00000000ffe00000,0x0000000100000000)
 ParOldGen       total 1040384K, used 57937K [0x00000000a0c00000, 0x00000000e0400000, 0x00000000e0400000)
  object space 1040384K, 5% used [0x00000000a0c00000,0x00000000a4494478,0x00000000e0400000)
 Metaspace       used 13037K, capacity 13234K, committed 13312K, reserved 1060864K
  class space    used 1469K, capacity 1501K, committed 1536K, reserved 1048576K
2366.298: [GC (Allocation Failure) [PSYoungGen: 517056K->96K(518144K)] 574993K->58033K(1558528K), 0.0017727 secs] [Times: user=0.00 sys=0.00, real=0.00 secs] 
Heap after GC invocations=342 (full 0):
 PSYoungGen      total 518144K, used 96K [0x00000000e0400000, 0x0000000100000000, 0x0000000100000000)
  eden space 516096K, 0% used [0x00000000e0400000,0x00000000e0400000,0x00000000ffc00000)
  from space 2048K, 4% used [0x00000000ffe00000,0x00000000ffe18000,0x0000000100000000)
  to   space 2048K, 0% used [0x00000000ffc00000,0x00000000ffc00000,0x00000000ffe00000)
 ParOldGen       total 1040384K, used 57937K [0x00000000a0c00000, 0x00000000e0400000, 0x00000000e0400000)
  object space 1040384K, 5% used [0x00000000a0c00000,0x00000000a4494478,0x00000000e0400000)
 Metaspace       used 13037K, capacity 13234K, committed 13312K, reserved 1060864K
  class space    used 1469K, capacity 1501K, committed 1536K, reserved 1048576K
}
{Heap before GC invocations=343 (full 0):
 PSYoungGen      total 518144K, used 516192K [0x00000000e0400000, 0x0000000100000000, 0x0000000100000000)
  eden space 516096K, 100% used [0x00000000e0400000,0x00000000ffc00000,0x00000000ffc00000)
  from space 2048K, 4% used [0x00000000ffe00000,0x00000000ffe18000,0x0000000100000000)
  to   space 2048K, 0% used [0x00000000ffc00000,0x00000000ffc00000,0x00000000ffe00000)
 ParOldGen       total 1040384K, used 57937K [0x00000000a0c00000, 0x00000000e0400000, 0x00000000e0400000)
  object space 1040384K, 5% used [0x00000000a0c00000,0x00000000a4494478,0x00000000e0400000)
 Metaspace       used 13037K, capacity 13234K, committed 13312K, reserved 1060864K
  class space    used 1469K, capacity 1501K, committed 1536K, reserved 1048576K
2373.224: [GC (Allocation Failure) [PSYoungGen: 516192K->192K(518144K)] 574129K->58129K(1558528K), 0.0017329 secs] [Times: user=0.00 sys=0.00, real=0.00 secs] 
Heap after GC invocations=343 (full 0):
 PSYoungGen      total 518144K, used 192K [0x00000000e0400000, 0x0000000100000000, 0x0000000100000000)
  eden space 516096K, 0% used [0x00000000e0400000,0x00000000e0400000,0x00000000ffc00000)
  from space 2048K, 9% used [0x00000000ffc00000,0x00000000ffc30000,0x00000000ffe00000)
  to   space 2048K, 0% used [0x00000000ffe00000,0x00000000ffe00000,0x0000000100000000)
 ParOldGen       total 1040384K, used 57937K [0x00000000a0c00000, 0x00000000e0400000, 0x00000000e0400000)
  object space 1040384K, 5% used [0x00000000a0c00000,0x00000000a4494478,0x00000000e0400000)
 Metaspace       used 13037K, capacity 13234K, committed 13312K, reserved 1060864K
  class space    used 1469K, capacity 1501K, committed 1536K, reserved 1048576K
}
{Heap before GC invocations=344 (full 0):
 PSYoungGen      total 518144K, used 516288K [0x00000000e0400000, 0x0000000100000000, 0x0000000100000000)
  eden space 516096K, 100% used [0x00000000e0400000,0x00000000ffc00000,0x00000000ffc00000)
  from space 2048K, 9% used [0x00000000ffc00000,0x00000000ffc30000,0x00000000ffe00000)
  to   space 2048K, 0% used [0x00000000ffe00000,0x00000000ffe00000,0x0000000100000000)
 ParOldGen       total 1040384K, used 57937K [0x00000000a0c00000, 0x00000000e0400000, 0x00000000e0400000)
  object space 1040384K, 5% used [0x00000000a0c00000,0x00000000a4494478,0x00000000e0400000)
 Metaspace       used 13037K, capacity 13234K, committed 13312K, reserved 1060864K
  class space    used 1469K, capacity 1501K, committed 1536K, reserved 1048576K
2380.044: [GC (Allocation Failure) [PSYoungGen: 516288K->256K(518144K)] 574225K->58201K(1558528K), 0.0016462 secs] [Times: user=0.00 sys=0.00, real=0.00 secs] 
Heap after GC invocations=344 (full 0):
 PSYoungGen      total 518144K, used 256K [0x00000000e0400000, 0x0000000100000000, 0x0000000100000000)
  eden space 516096K, 0% used [0x00000000e0400000,0x00000000e0400000,0x00000000ffc00000)
  from space 2048K, 12% used [0x00000000ffe00000,0x00000000ffe40000,0x0000000100000000)
  to   space 2048K, 0% used [0x00000000ffc00000,0x00000000ffc00000,0x00000000ffe00000)
 ParOldGen       total 1040384K, used 57945K [0x00000000a0c00000, 0x00000000e0400000, 0x00000000e0400000)
  object space 1040384K, 5% used [0x00000000a0c00000,0x00000000a4496478,0x00000000e0400000)
 Metaspace       used 13037K, capacity 13234K, committed 13312K, reserved 1060864K
  class space    used 1469K, capacity 1501K, committed 1536K, reserved 1048576K
}
{Heap before GC invocations=345 (full 0):
 PSYoungGen      total 518144K, used 516352K [0x00000000e0400000, 0x0000000100000000, 0x0000000100000000)
  eden space 516096K, 100% used [0x00000000e0400000,0x00000000ffc00000,0x00000000ffc00000)
  from space 2048K, 12% used [0x00000000ffe00000,0x00000000ffe40000,0x0000000100000000)
  to   space 2048K, 0% used [0x00000000ffc00000,0x00000000ffc00000,0x00000000ffe00000)
 ParOldGen       total 1040384K, used 57945K [0x00000000a0c00000, 0x00000000e0400000, 0x00000000e0400000)
  object space 1040384K, 5% used [0x00000000a0c00000,0x00000000a4496478,0x00000000e0400000)
 Metaspace       used 13037K, capacity 13234K, committed 13312K, reserved 1060864K
  class space    used 1469K, capacity 1501K, committed 1536K, reserved 1048576K
2387.007: [GC (Allocation Failure) [PSYoungGen: 516352K->160K(518144K)] 574297K->58105K(1558528K), 0.0013460 secs] [Times: user=0.00 sys=0.00, real=0.00 secs] 
Heap after GC invocations=345 (full 0):
 PSYoungGen      total 518144K, used 160K [0x00000000e0400000, 0x0000000100000000, 0x0000000100000000)
  eden space 516096K, 0% used [0x00000000e0400000,0x00000000e0400000,0x00000000ffc00000)
  from space 2048K, 7% used [0x00000000ffc00000,0x00000000ffc28000,0x00000000ffe00000)
  to   space 1536K, 0% used [0x00000000ffe80000,0x00000000ffe80000,0x0000000100000000)
 ParOldGen       total 1040384K, used 57945K [0x00000000a0c00000, 0x00000000e0400000, 0x00000000e0400000)
  object space 1040384K, 5% used [0x00000000a0c00000,0x00000000a4496478,0x00000000e0400000)
 Metaspace       used 13037K, capacity 13234K, committed 13312K, reserved 1060864K
  class space    used 1469K, capacity 1501K, committed 1536K, reserved 1048576K
}
{Heap before GC invocations=346 (full 0):
 PSYoungGen      total 518144K, used 516256K [0x00000000e0400000, 0x0000000100000000, 0x0000000100000000)
  eden space 516096K, 100% used [0x00000000e0400000,0x00000000ffc00000,0x00000000ffc00000)
  from space 2048K, 7% used [0x00000000ffc00000,0x00000000ffc28000,0x00000000ffe00000)
  to   space 1536K, 0% used [0x00000000ffe80000,0x00000000ffe80000,0x0000000100000000)
 ParOldGen       total 1040384K, used 57945K [0x00000000a0c00000, 0x00000000e0400000, 0x00000000e0400000)
  object space 1040384K, 5% used [0x00000000a0c00000,0x00000000a4496478,0x00000000e0400000)
 Metaspace       used 13037K, capacity 13234K, committed 13312K, reserved 1060864K
  class space    used 1469K, capacity 1501K, committed 1536K, reserved 1048576K
2394.079: [GC (Allocation Failure) [PSYoungGen: 516256K->1536K(517632K)] 574201K->59753K(1558016K), 0.0022287 secs] [Times: user=0.00 sys=0.00, real=0.00 secs] 
Heap after GC invocations=346 (full 0):
 PSYoungGen      total 517632K, used 1536K [0x00000000e0400000, 0x0000000100000000, 0x0000000100000000)
  eden space 516096K, 0% used [0x00000000e0400000,0x00000000e0400000,0x00000000ffc00000)
  from space 1536K, 100% used [0x00000000ffe80000,0x0000000100000000,0x0000000100000000)
  to   space 2048K, 0% used [0x00000000ffc00000,0x00000000ffc00000,0x00000000ffe00000)
 ParOldGen       total 1040384K, used 58217K [0x00000000a0c00000, 0x00000000e0400000, 0x00000000e0400000)
  object space 1040384K, 5% used [0x00000000a0c00000,0x00000000a44da478,0x00000000e0400000)
 Metaspace       used 13037K, capacity 13234K, committed 13312K, reserved 1060864K
  class space    used 1469K, capacity 1501K, committed 1536K, reserved 1048576K
}
{Heap before GC invocations=347 (full 0):
 PSYoungGen      total 517632K, used 517632K [0x00000000e0400000, 0x0000000100000000, 0x0000000100000000)
  eden space 516096K, 100% used [0x00000000e0400000,0x00000000ffc00000,0x00000000ffc00000)
  from space 1536K, 100% used [0x00000000ffe80000,0x0000000100000000,0x0000000100000000)
  to   space 2048K, 0% used [0x00000000ffc00000,0x00000000ffc00000,0x00000000ffe00000)
 ParOldGen       total 1040384K, used 58217K [0x00000000a0c00000, 0x00000000e0400000, 0x00000000e0400000)
  object space 1040384K, 5% used [0x00000000a0c00000,0x00000000a44da478,0x00000000e0400000)
 Metaspace       used 13037K, capacity 13234K, committed 13312K, reserved 1060864K
  class space    used 1469K, capacity 1501K, committed 1536K, reserved 1048576K
2400.958: [GC (Allocation Failure) [PSYoungGen: 517632K->192K(518144K)] 575849K->58441K(1558528K), 0.0017815 secs] [Times: user=0.11 sys=0.00, real=0.00 secs] 
Heap after GC invocations=347 (full 0):
 PSYoungGen      total 518144K, used 192K [0x00000000e0400000, 0x0000000100000000, 0x0000000100000000)
  eden space 516096K, 0% used [0x00000000e0400000,0x00000000e0400000,0x00000000ffc00000)
  from space 2048K, 9% used [0x00000000ffc00000,0x00000000ffc30000,0x00000000ffe00000)
  to   space 2048K, 0% used [0x00000000ffe00000,0x00000000ffe00000,0x0000000100000000)
 ParOldGen       total 1040384K, used 58249K [0x00000000a0c00000, 0x00000000e0400000, 0x00000000e0400000)
  object space 1040384K, 5% used [0x00000000a0c00000,0x00000000a44e2478,0x00000000e0400000)
 Metaspace       used 13037K, capacity 13234K, committed 13312K, reserved 1060864K
  class space    used 1469K, capacity 1501K, committed 1536K, reserved 1048576K
}
{Heap before GC invocations=348 (full 0):
 PSYoungGen      total 518144K, used 516288K [0x00000000e0400000, 0x0000000100000000, 0x0000000100000000)
  eden space 516096K, 100% used [0x00000000e0400000,0x00000000ffc00000,0x00000000ffc00000)
  from space 2048K, 9% used [0x00000000ffc00000,0x00000000ffc30000,0x00000000ffe00000)
  to   space 2048K, 0% used [0x00000000ffe00000,0x00000000ffe00000,0x0000000100000000)
 ParOldGen       total 1040384K, used 58249K [0x00000000a0c00000, 0x00000000e0400000, 0x00000000e0400000)
  object space 1040384K, 5% used [0x00000000a0c00000,0x00000000a44e2478,0x00000000e0400000)
 Metaspace       used 13037K, capacity 13234K, committed 13312K, reserved 1060864K
  class space    used 1469K, capacity 1501K, committed 1536K, reserved 1048576K
2407.879: [GC (Allocation Failure) [PSYoungGen: 516288K->192K(518144K)] 574537K->58441K(1558528K), 0.0016564 secs] [Times: user=0.00 sys=0.00, real=0.00 secs] 
Heap after GC invocations=348 (full 0):
 PSYoungGen      total 518144K, used 192K [0x00000000e0400000, 0x0000000100000000, 0x0000000100000000)
  eden space 516096K, 0% used [0x00000000e0400000,0x00000000e0400000,0x00000000ffc00000)
  from space 2048K, 9% used [0x00000000ffe00000,0x00000000ffe30000,0x0000000100000000)
  to   space 2048K, 0% used [0x00000000ffc00000,0x00000000ffc00000,0x00000000ffe00000)
 ParOldGen       total 1040384K, used 58249K [0x00000000a0c00000, 0x00000000e0400000, 0x00000000e0400000)
  object space 1040384K, 5% used [0x00000000a0c00000,0x00000000a44e2478,0x00000000e0400000)
 Metaspace       used 13037K, capacity 13234K, committed 13312K, reserved 1060864K
  class space    used 1469K, capacity 1501K, committed 1536K, reserved 1048576K
}
{Heap before GC invocations=349 (full 0):
 PSYoungGen      total 518144K, used 516288K [0x00000000e0400000, 0x0000000100000000, 0x0000000100000000)
  eden space 516096K, 100% used [0x00000000e0400000,0x00000000ffc00000,0x00000000ffc00000)
  from space 2048K, 9% used [0x00000000ffe00000,0x00000000ffe30000,0x0000000100000000)
  to   space 2048K, 0% used [0x00000000ffc00000,0x00000000ffc00000,0x00000000ffe00000)
 ParOldGen       total 1040384K, used 58249K [0x00000000a0c00000, 0x00000000e0400000, 0x00000000e0400000)
  object space 1040384K, 5% used [0x00000000a0c00000,0x00000000a44e2478,0x00000000e0400000)
 Metaspace       used 13037K, capacity 13234K, committed 13312K, reserved 1060864K
  class space    used 1469K, capacity 1501K, committed 1536K, reserved 1048576K
2414.898: [GC (Allocation Failure) [PSYoungGen: 516288K->128K(518144K)] 574537K->58385K(1558528K), 0.0016592 secs] [Times: user=0.00 sys=0.00, real=0.00 secs] 
Heap after GC invocations=349 (full 0):
 PSYoungGen      total 518144K, used 128K [0x00000000e0400000, 0x0000000100000000, 0x0000000100000000)
  eden space 516096K, 0% used [0x00000000e0400000,0x00000000e0400000,0x00000000ffc00000)
  from space 2048K, 6% used [0x00000000ffc00000,0x00000000ffc20000,0x00000000ffe00000)
  to   space 2048K, 0% used [0x00000000ffe00000,0x00000000ffe00000,0x0000000100000000)
 ParOldGen       total 1040384K, used 58257K [0x00000000a0c00000, 0x00000000e0400000, 0x00000000e0400000)
  object space 1040384K, 5% used [0x00000000a0c00000,0x00000000a44e4478,0x00000000e0400000)
 Metaspace       used 13037K, capacity 13234K, committed 13312K, reserved 1060864K
  class space    used 1469K, capacity 1501K, committed 1536K, reserved 1048576K
}
{Heap before GC invocations=350 (full 0):
 PSYoungGen      total 518144K, used 516224K [0x00000000e0400000, 0x0000000100000000, 0x0000000100000000)
  eden space 516096K, 100% used [0x00000000e0400000,0x00000000ffc00000,0x00000000ffc00000)
  from space 2048K, 6% used [0x00000000ffc00000,0x00000000ffc20000,0x00000000ffe00000)
  to   space 2048K, 0% used [0x00000000ffe00000,0x00000000ffe00000,0x0000000100000000)
 ParOldGen       total 1040384K, used 58257K [0x00000000a0c00000, 0x00000000e0400000, 0x00000000e0400000)
  object space 1040384K, 5% used [0x00000000a0c00000,0x00000000a44e4478,0x00000000e0400000)
 Metaspace       used 13037K, capacity 13234K, committed 13312K, reserved 1060864K
  class space    used 1469K, capacity 1501K, committed 1536K, reserved 1048576K
2421.796: [GC (Allocation Failure) [PSYoungGen: 516224K->608K(518144K)] 574481K->58865K(1558528K), 0.0017566 secs] [Times: user=0.00 sys=0.00, real=0.00 secs] 
Heap after GC invocations=350 (full 0):
 PSYoungGen      total 518144K, used 608K [0x00000000e0400000, 0x0000000100000000, 0x0000000100000000)
  eden space 516096K, 0% used [0x00000000e0400000,0x00000000e0400000,0x00000000ffc00000)
  from space 2048K, 29% used [0x00000000ffe00000,0x00000000ffe98000,0x0000000100000000)
  to   space 2048K, 0% used [0x00000000ffc00000,0x00000000ffc00000,0x00000000ffe00000)
 ParOldGen       total 1040384K, used 58257K [0x00000000a0c00000, 0x00000000e0400000, 0x00000000e0400000)
  object space 1040384K, 5% used [0x00000000a0c00000,0x00000000a44e4478,0x00000000e0400000)
 Metaspace       used 13037K, capacity 13234K, committed 13312K, reserved 1060864K
  class space    used 1469K, capacity 1501K, committed 1536K, reserved 1048576K
}
{Heap before GC invocations=351 (full 0):
 PSYoungGen      total 518144K, used 516704K [0x00000000e0400000, 0x0000000100000000, 0x0000000100000000)
  eden space 516096K, 100% used [0x00000000e0400000,0x00000000ffc00000,0x00000000ffc00000)
  from space 2048K, 29% used [0x00000000ffe00000,0x00000000ffe98000,0x0000000100000000)
  to   space 2048K, 0% used [0x00000000ffc00000,0x00000000ffc00000,0x00000000ffe00000)
 ParOldGen       total 1040384K, used 58257K [0x00000000a0c00000, 0x00000000e0400000, 0x00000000e0400000)
  object space 1040384K, 5% used [0x00000000a0c00000,0x00000000a44e4478,0x00000000e0400000)
 Metaspace       used 13037K, capacity 13234K, committed 13312K, reserved 1060864K
  class space    used 1469K, capacity 1501K, committed 1536K, reserved 1048576K
2428.825: [GC (Allocation Failure) [PSYoungGen: 516704K->160K(518144K)] 574961K->58417K(1558528K), 0.0016714 secs] [Times: user=0.00 sys=0.00, real=0.00 secs] 
Heap after GC invocations=351 (full 0):
 PSYoungGen      total 518144K, used 160K [0x00000000e0400000, 0x0000000100000000, 0x0000000100000000)
  eden space 516096K, 0% used [0x00000000e0400000,0x00000000e0400000,0x00000000ffc00000)
  from space 2048K, 7% used [0x00000000ffc00000,0x00000000ffc28000,0x00000000ffe00000)
  to   space 1536K, 0% used [0x00000000ffe80000,0x00000000ffe80000,0x0000000100000000)
 ParOldGen       total 1040384K, used 58257K [0x00000000a0c00000, 0x00000000e0400000, 0x00000000e0400000)
  object space 1040384K, 5% used [0x00000000a0c00000,0x00000000a44e4478,0x00000000e0400000)
 Metaspace       used 13037K, capacity 13234K, committed 13312K, reserved 1060864K
  class space    used 1469K, capacity 1501K, committed 1536K, reserved 1048576K
}
{Heap before GC invocations=352 (full 0):
 PSYoungGen      total 518144K, used 516256K [0x00000000e0400000, 0x0000000100000000, 0x0000000100000000)
  eden space 516096K, 100% used [0x00000000e0400000,0x00000000ffc00000,0x00000000ffc00000)
  from space 2048K, 7% used [0x00000000ffc00000,0x00000000ffc28000,0x00000000ffe00000)
  to   space 1536K, 0% used [0x00000000ffe80000,0x00000000ffe80000,0x0000000100000000)
 ParOldGen       total 1040384K, used 58257K [0x00000000a0c00000, 0x00000000e0400000, 0x00000000e0400000)
  object space 1040384K, 5% used [0x00000000a0c00000,0x00000000a44e4478,0x00000000e0400000)
 Metaspace       used 13037K, capacity 13234K, committed 13312K, reserved 1060864K
  class space    used 1469K, capacity 1501K, committed 1536K, reserved 1048576K
2435.785: [GC (Allocation Failure) [PSYoungGen: 516256K->160K(518656K)] 574513K->58417K(1559040K), 0.0017476 secs] [Times: user=0.00 sys=0.00, real=0.00 secs] 
Heap after GC invocations=352 (full 0):
 PSYoungGen      total 518656K, used 160K [0x00000000e0400000, 0x0000000100000000, 0x0000000100000000)
  eden space 517120K, 0% used [0x00000000e0400000,0x00000000e0400000,0x00000000ffd00000)
  from space 1536K, 10% used [0x00000000ffe80000,0x00000000ffea8000,0x0000000100000000)
  to   space 1536K, 0% used [0x00000000ffd00000,0x00000000ffd00000,0x00000000ffe80000)
 ParOldGen       total 1040384K, used 58257K [0x00000000a0c00000, 0x00000000e0400000, 0x00000000e0400000)
  object space 1040384K, 5% used [0x00000000a0c00000,0x00000000a44e4478,0x00000000e0400000)
 Metaspace       used 13037K, capacity 13234K, committed 13312K, reserved 1060864K
  class space    used 1469K, capacity 1501K, committed 1536K, reserved 1048576K
}
{Heap before GC invocations=353 (full 0):
 PSYoungGen      total 518656K, used 517280K [0x00000000e0400000, 0x0000000100000000, 0x0000000100000000)
  eden space 517120K, 100% used [0x00000000e0400000,0x00000000ffd00000,0x00000000ffd00000)
  from space 1536K, 10% used [0x00000000ffe80000,0x00000000ffea8000,0x0000000100000000)
  to   space 1536K, 0% used [0x00000000ffd00000,0x00000000ffd00000,0x00000000ffe80000)
 ParOldGen       total 1040384K, used 58257K [0x00000000a0c00000, 0x00000000e0400000, 0x00000000e0400000)
  object space 1040384K, 5% used [0x00000000a0c00000,0x00000000a44e4478,0x00000000e0400000)
 Metaspace       used 13037K, capacity 13234K, committed 13312K, reserved 1060864K
  class space    used 1469K, capacity 1501K, committed 1536K, reserved 1048576K
2442.786: [GC (Allocation Failure) [PSYoungGen: 517280K->160K(518656K)] 575537K->58425K(1559040K), 0.0016928 secs] [Times: user=0.11 sys=0.00, real=0.00 secs] 
Heap after GC invocations=353 (full 0):
 PSYoungGen      total 518656K, used 160K [0x00000000e0400000, 0x0000000100000000, 0x0000000100000000)
  eden space 517120K, 0% used [0x00000000e0400000,0x00000000e0400000,0x00000000ffd00000)
  from space 1536K, 10% used [0x00000000ffd00000,0x00000000ffd28000,0x00000000ffe80000)
  to   space 1536K, 0% used [0x00000000ffe80000,0x00000000ffe80000,0x0000000100000000)
 ParOldGen       total 1040384K, used 58265K [0x00000000a0c00000, 0x00000000e0400000, 0x00000000e0400000)
  object space 1040384K, 5% used [0x00000000a0c00000,0x00000000a44e6478,0x00000000e0400000)
 Metaspace       used 13037K, capacity 13234K, committed 13312K, reserved 1060864K
  class space    used 1469K, capacity 1501K, committed 1536K, reserved 1048576K
}
{Heap before GC invocations=354 (full 0):
 PSYoungGen      total 518656K, used 517280K [0x00000000e0400000, 0x0000000100000000, 0x0000000100000000)
  eden space 517120K, 100% used [0x00000000e0400000,0x00000000ffd00000,0x00000000ffd00000)
  from space 1536K, 10% used [0x00000000ffd00000,0x00000000ffd28000,0x00000000ffe80000)
  to   space 1536K, 0% used [0x00000000ffe80000,0x00000000ffe80000,0x0000000100000000)
 ParOldGen       total 1040384K, used 58265K [0x00000000a0c00000, 0x00000000e0400000, 0x00000000e0400000)
  object space 1040384K, 5% used [0x00000000a0c00000,0x00000000a44e6478,0x00000000e0400000)
 Metaspace       used 13037K, capacity 13234K, committed 13312K, reserved 1060864K
  class space    used 1469K, capacity 1501K, committed 1536K, reserved 1048576K
2449.750: [GC (Allocation Failure) [PSYoungGen: 517280K->224K(518656K)] 575545K->58489K(1559040K), 0.0014138 secs] [Times: user=0.00 sys=0.00, real=0.00 secs] 
Heap after GC invocations=354 (full 0):
 PSYoungGen      total 518656K, used 224K [0x00000000e0400000, 0x0000000100000000, 0x0000000100000000)
  eden space 517120K, 0% used [0x00000000e0400000,0x00000000e0400000,0x00000000ffd00000)
  from space 1536K, 14% used [0x00000000ffe80000,0x00000000ffeb8000,0x0000000100000000)
  to   space 1536K, 0% used [0x00000000ffd00000,0x00000000ffd00000,0x00000000ffe80000)
 ParOldGen       total 1040384K, used 58265K [0x00000000a0c00000, 0x00000000e0400000, 0x00000000e0400000)
  object space 1040384K, 5% used [0x00000000a0c00000,0x00000000a44e6478,0x00000000e0400000)
 Metaspace       used 13037K, capacity 13234K, committed 13312K, reserved 1060864K
  class space    used 1469K, capacity 1501K, committed 1536K, reserved 1048576K
}
{Heap before GC invocations=355 (full 0):
 PSYoungGen      total 518656K, used 517344K [0x00000000e0400000, 0x0000000100000000, 0x0000000100000000)
  eden space 517120K, 100% used [0x00000000e0400000,0x00000000ffd00000,0x00000000ffd00000)
  from space 1536K, 14% used [0x00000000ffe80000,0x00000000ffeb8000,0x0000000100000000)
  to   space 1536K, 0% used [0x00000000ffd00000,0x00000000ffd00000,0x00000000ffe80000)
 ParOldGen       total 1040384K, used 58265K [0x00000000a0c00000, 0x00000000e0400000, 0x00000000e0400000)
  object space 1040384K, 5% used [0x00000000a0c00000,0x00000000a44e64e0,0x00000000e0400000)
 Metaspace       used 13037K, capacity 13234K, committed 13312K, reserved 1060864K
  class space    used 1469K, capacity 1501K, committed 1536K, reserved 1048576K
2456.733: [GC (GCLocker Initiated GC) [PSYoungGen: 517344K->1248K(518656K)] 575609K->59513K(1559040K), 0.0023469 secs] [Times: user=0.00 sys=0.00, real=0.00 secs] 
Heap after GC invocations=355 (full 0):
 PSYoungGen      total 518656K, used 1248K [0x00000000e0400000, 0x0000000100000000, 0x0000000100000000)
  eden space 517120K, 0% used [0x00000000e0400000,0x00000000e0400000,0x00000000ffd00000)
  from space 1536K, 81% used [0x00000000ffd00000,0x00000000ffe38000,0x00000000ffe80000)
  to   space 1536K, 0% used [0x00000000ffe80000,0x00000000ffe80000,0x0000000100000000)
 ParOldGen       total 1040384K, used 58265K [0x00000000a0c00000, 0x00000000e0400000, 0x00000000e0400000)
  object space 1040384K, 5% used [0x00000000a0c00000,0x00000000a44e64e0,0x00000000e0400000)
 Metaspace       used 13037K, capacity 13234K, committed 13312K, reserved 1060864K
  class space    used 1469K, capacity 1501K, committed 1536K, reserved 1048576K
}
{Heap before GC invocations=356 (full 0):
 PSYoungGen      total 518656K, used 518368K [0x00000000e0400000, 0x0000000100000000, 0x0000000100000000)
  eden space 517120K, 100% used [0x00000000e0400000,0x00000000ffd00000,0x00000000ffd00000)
  from space 1536K, 81% used [0x00000000ffd00000,0x00000000ffe38000,0x00000000ffe80000)
  to   space 1536K, 0% used [0x00000000ffe80000,0x00000000ffe80000,0x0000000100000000)
 ParOldGen       total 1040384K, used 58268K [0x00000000a0c00000, 0x00000000e0400000, 0x00000000e0400000)
  object space 1040384K, 5% used [0x00000000a0c00000,0x00000000a44e7028,0x00000000e0400000)
 Metaspace       used 13037K, capacity 13234K, committed 13312K, reserved 1060864K
  class space    used 1469K, capacity 1501K, committed 1536K, reserved 1048576K
2463.688: [GC (Allocation Failure) [PSYoungGen: 518368K->160K(518656K)] 576636K->58452K(1559040K), 0.0012894 secs] [Times: user=0.00 sys=0.00, real=0.00 secs] 
Heap after GC invocations=356 (full 0):
 PSYoungGen      total 518656K, used 160K [0x00000000e0400000, 0x0000000100000000, 0x0000000100000000)
  eden space 517120K, 0% used [0x00000000e0400000,0x00000000e0400000,0x00000000ffd00000)
  from space 1536K, 10% used [0x00000000ffe80000,0x00000000ffea8000,0x0000000100000000)
  to   space 1536K, 0% used [0x00000000ffd00000,0x00000000ffd00000,0x00000000ffe80000)
 ParOldGen       total 1040384K, used 58292K [0x00000000a0c00000, 0x00000000e0400000, 0x00000000e0400000)
  object space 1040384K, 5% used [0x00000000a0c00000,0x00000000a44ed028,0x00000000e0400000)
 Metaspace       used 13037K, capacity 13234K, committed 13312K, reserved 1060864K
  class space    used 1469K, capacity 1501K, committed 1536K, reserved 1048576K
}
{Heap before GC invocations=357 (full 0):
 PSYoungGen      total 518656K, used 517280K [0x00000000e0400000, 0x0000000100000000, 0x0000000100000000)
  eden space 517120K, 100% used [0x00000000e0400000,0x00000000ffd00000,0x00000000ffd00000)
  from space 1536K, 10% used [0x00000000ffe80000,0x00000000ffea8000,0x0000000100000000)
  to   space 1536K, 0% used [0x00000000ffd00000,0x00000000ffd00000,0x00000000ffe80000)
 ParOldGen       total 1040384K, used 58292K [0x00000000a0c00000, 0x00000000e0400000, 0x00000000e0400000)
  object space 1040384K, 5% used [0x00000000a0c00000,0x00000000a44ed028,0x00000000e0400000)
 Metaspace       used 13037K, capacity 13234K, committed 13312K, reserved 1060864K
  class space    used 1469K, capacity 1501K, committed 1536K, reserved 1048576K
2470.676: [GC (Allocation Failure) [PSYoungGen: 517280K->192K(518656K)] 575572K->58492K(1559040K), 0.0017046 secs] [Times: user=0.09 sys=0.00, real=0.00 secs] 
Heap after GC invocations=357 (full 0):
 PSYoungGen      total 518656K, used 192K [0x00000000e0400000, 0x0000000100000000, 0x0000000100000000)
  eden space 517120K, 0% used [0x00000000e0400000,0x00000000e0400000,0x00000000ffd00000)
  from space 1536K, 12% used [0x00000000ffd00000,0x00000000ffd30000,0x00000000ffe80000)
  to   space 1536K, 0% used [0x00000000ffe80000,0x00000000ffe80000,0x0000000100000000)
 ParOldGen       total 1040384K, used 58300K [0x00000000a0c00000, 0x00000000e0400000, 0x00000000e0400000)
  object space 1040384K, 5% used [0x00000000a0c00000,0x00000000a44ef028,0x00000000e0400000)
 Metaspace       used 13037K, capacity 13234K, committed 13312K, reserved 1060864K
  class space    used 1469K, capacity 1501K, committed 1536K, reserved 1048576K
}
{Heap before GC invocations=358 (full 0):
 PSYoungGen      total 518656K, used 517312K [0x00000000e0400000, 0x0000000100000000, 0x0000000100000000)
  eden space 517120K, 100% used [0x00000000e0400000,0x00000000ffd00000,0x00000000ffd00000)
  from space 1536K, 12% used [0x00000000ffd00000,0x00000000ffd30000,0x00000000ffe80000)
  to   space 1536K, 0% used [0x00000000ffe80000,0x00000000ffe80000,0x0000000100000000)
 ParOldGen       total 1040384K, used 58300K [0x00000000a0c00000, 0x00000000e0400000, 0x00000000e0400000)
  object space 1040384K, 5% used [0x00000000a0c00000,0x00000000a44ef028,0x00000000e0400000)
 Metaspace       used 13037K, capacity 13234K, committed 13312K, reserved 1060864K
  class space    used 1469K, capacity 1501K, committed 1536K, reserved 1048576K
2477.633: [GC (Allocation Failure) [PSYoungGen: 517312K->224K(518656K)] 575612K->58540K(1559040K), 0.0012842 secs] [Times: user=0.00 sys=0.00, real=0.00 secs] 
Heap after GC invocations=358 (full 0):
 PSYoungGen      total 518656K, used 224K [0x00000000e0400000, 0x0000000100000000, 0x0000000100000000)
  eden space 517120K, 0% used [0x00000000e0400000,0x00000000e0400000,0x00000000ffd00000)
  from space 1536K, 14% used [0x00000000ffe80000,0x00000000ffeb8000,0x0000000100000000)
  to   space 1536K, 0% used [0x00000000ffd00000,0x00000000ffd00000,0x00000000ffe80000)
 ParOldGen       total 1040384K, used 58316K [0x00000000a0c00000, 0x00000000e0400000, 0x00000000e0400000)
  object space 1040384K, 5% used [0x00000000a0c00000,0x00000000a44f3028,0x00000000e0400000)
 Metaspace       used 13037K, capacity 13234K, committed 13312K, reserved 1060864K
  class space    used 1469K, capacity 1501K, committed 1536K, reserved 1048576K
}
{Heap before GC invocations=359 (full 0):
 PSYoungGen      total 518656K, used 517344K [0x00000000e0400000, 0x0000000100000000, 0x0000000100000000)
  eden space 517120K, 100% used [0x00000000e0400000,0x00000000ffd00000,0x00000000ffd00000)
  from space 1536K, 14% used [0x00000000ffe80000,0x00000000ffeb8000,0x0000000100000000)
  to   space 1536K, 0% used [0x00000000ffd00000,0x00000000ffd00000,0x00000000ffe80000)
 ParOldGen       total 1040384K, used 58316K [0x00000000a0c00000, 0x00000000e0400000, 0x00000000e0400000)
  object space 1040384K, 5% used [0x00000000a0c00000,0x00000000a44f3028,0x00000000e0400000)
 Metaspace       used 13037K, capacity 13234K, committed 13312K, reserved 1060864K
  class space    used 1469K, capacity 1501K, committed 1536K, reserved 1048576K
2484.448: [GC (Allocation Failure) [PSYoungGen: 517344K->192K(518656K)] 575660K->58508K(1559040K), 0.0016511 secs] [Times: user=0.00 sys=0.00, real=0.00 secs] 
Heap after GC invocations=359 (full 0):
 PSYoungGen      total 518656K, used 192K [0x00000000e0400000, 0x0000000100000000, 0x0000000100000000)
  eden space 517120K, 0% used [0x00000000e0400000,0x00000000e0400000,0x00000000ffd00000)
  from space 1536K, 12% used [0x00000000ffd00000,0x00000000ffd30000,0x00000000ffe80000)
  to   space 1536K, 0% used [0x00000000ffe80000,0x00000000ffe80000,0x0000000100000000)
 ParOldGen       total 1040384K, used 58316K [0x00000000a0c00000, 0x00000000e0400000, 0x00000000e0400000)
  object space 1040384K, 5% used [0x00000000a0c00000,0x00000000a44f3028,0x00000000e0400000)
 Metaspace       used 13037K, capacity 13234K, committed 13312K, reserved 1060864K
  class space    used 1469K, capacity 1501K, committed 1536K, reserved 1048576K
}
{Heap before GC invocations=360 (full 0):
 PSYoungGen      total 518656K, used 517312K [0x00000000e0400000, 0x0000000100000000, 0x0000000100000000)
  eden space 517120K, 100% used [0x00000000e0400000,0x00000000ffd00000,0x00000000ffd00000)
  from space 1536K, 12% used [0x00000000ffd00000,0x00000000ffd30000,0x00000000ffe80000)
  to   space 1536K, 0% used [0x00000000ffe80000,0x00000000ffe80000,0x0000000100000000)
 ParOldGen       total 1040384K, used 58316K [0x00000000a0c00000, 0x00000000e0400000, 0x00000000e0400000)
  object space 1040384K, 5% used [0x00000000a0c00000,0x00000000a44f3048,0x00000000e0400000)
 Metaspace       used 13037K, capacity 13234K, committed 13312K, reserved 1060864K
  class space    used 1469K, capacity 1501K, committed 1536K, reserved 1048576K
2491.347: [GC (GCLocker Initiated GC) [PSYoungGen: 517312K->1088K(518656K)] 575628K->59404K(1559040K), 0.0017970 secs] [Times: user=0.02 sys=0.00, real=0.00 secs] 
Heap after GC invocations=360 (full 0):
 PSYoungGen      total 518656K, used 1088K [0x00000000e0400000, 0x0000000100000000, 0x0000000100000000)
  eden space 517120K, 0% used [0x00000000e0400000,0x00000000e0400000,0x00000000ffd00000)
  from space 1536K, 70% used [0x00000000ffe80000,0x00000000fff90000,0x0000000100000000)
  to   space 1536K, 0% used [0x00000000ffd00000,0x00000000ffd00000,0x00000000ffe80000)
 ParOldGen       total 1040384K, used 58316K [0x00000000a0c00000, 0x00000000e0400000, 0x00000000e0400000)
  object space 1040384K, 5% used [0x00000000a0c00000,0x00000000a44f3048,0x00000000e0400000)
 Metaspace       used 13037K, capacity 13234K, committed 13312K, reserved 1060864K
  class space    used 1469K, capacity 1501K, committed 1536K, reserved 1048576K
}
{Heap before GC invocations=361 (full 0):
 PSYoungGen      total 518656K, used 518208K [0x00000000e0400000, 0x0000000100000000, 0x0000000100000000)
  eden space 517120K, 100% used [0x00000000e0400000,0x00000000ffd00000,0x00000000ffd00000)
  from space 1536K, 70% used [0x00000000ffe80000,0x00000000fff90000,0x0000000100000000)
  to   space 1536K, 0% used [0x00000000ffd00000,0x00000000ffd00000,0x00000000ffe80000)
 ParOldGen       total 1040384K, used 58319K [0x00000000a0c00000, 0x00000000e0400000, 0x00000000e0400000)
  object space 1040384K, 5% used [0x00000000a0c00000,0x00000000a44f3ce0,0x00000000e0400000)
 Metaspace       used 13037K, capacity 13234K, committed 13312K, reserved 1060864K
  class space    used 1469K, capacity 1501K, committed 1536K, reserved 1048576K
2498.375: [GC (Allocation Failure) [PSYoungGen: 518208K->160K(518656K)] 576527K->58511K(1559040K), 0.0018312 secs] [Times: user=0.00 sys=0.00, real=0.00 secs] 
Heap after GC invocations=361 (full 0):
 PSYoungGen      total 518656K, used 160K [0x00000000e0400000, 0x0000000100000000, 0x0000000100000000)
  eden space 517120K, 0% used [0x00000000e0400000,0x00000000e0400000,0x00000000ffd00000)
  from space 1536K, 10% used [0x00000000ffd00000,0x00000000ffd28000,0x00000000ffe80000)
  to   space 1536K, 0% used [0x00000000ffe80000,0x00000000ffe80000,0x0000000100000000)
 ParOldGen       total 1040384K, used 58351K [0x00000000a0c00000, 0x00000000e0400000, 0x00000000e0400000)
  object space 1040384K, 5% used [0x00000000a0c00000,0x00000000a44fbce0,0x00000000e0400000)
 Metaspace       used 13037K, capacity 13234K, committed 13312K, reserved 1060864K
  class space    used 1469K, capacity 1501K, committed 1536K, reserved 1048576K
}
{Heap before GC invocations=362 (full 0):
 PSYoungGen      total 518656K, used 517280K [0x00000000e0400000, 0x0000000100000000, 0x0000000100000000)
  eden space 517120K, 100% used [0x00000000e0400000,0x00000000ffd00000,0x00000000ffd00000)
  from space 1536K, 10% used [0x00000000ffd00000,0x00000000ffd28000,0x00000000ffe80000)
  to   space 1536K, 0% used [0x00000000ffe80000,0x00000000ffe80000,0x0000000100000000)
 ParOldGen       total 1040384K, used 58351K [0x00000000a0c00000, 0x00000000e0400000, 0x00000000e0400000)
  object space 1040384K, 5% used [0x00000000a0c00000,0x00000000a44fbce0,0x00000000e0400000)
 Metaspace       used 13037K, capacity 13234K, committed 13312K, reserved 1060864K
  class space    used 1469K, capacity 1501K, committed 1536K, reserved 1048576K
2505.350: [GC (Allocation Failure) [PSYoungGen: 517280K->160K(518656K)] 575631K->58511K(1559040K), 0.0016515 secs] [Times: user=0.00 sys=0.00, real=0.00 secs] 
Heap after GC invocations=362 (full 0):
 PSYoungGen      total 518656K, used 160K [0x00000000e0400000, 0x0000000100000000, 0x0000000100000000)
  eden space 517120K, 0% used [0x00000000e0400000,0x00000000e0400000,0x00000000ffd00000)
  from space 1536K, 10% used [0x00000000ffe80000,0x00000000ffea8000,0x0000000100000000)
  to   space 1536K, 0% used [0x00000000ffd00000,0x00000000ffd00000,0x00000000ffe80000)
 ParOldGen       total 1040384K, used 58351K [0x00000000a0c00000, 0x00000000e0400000, 0x00000000e0400000)
  object space 1040384K, 5% used [0x00000000a0c00000,0x00000000a44fbce0,0x00000000e0400000)
 Metaspace       used 13037K, capacity 13234K, committed 13312K, reserved 1060864K
  class space    used 1469K, capacity 1501K, committed 1536K, reserved 1048576K
}
{Heap before GC invocations=363 (full 0):
 PSYoungGen      total 518656K, used 517280K [0x00000000e0400000, 0x0000000100000000, 0x0000000100000000)
  eden space 517120K, 100% used [0x00000000e0400000,0x00000000ffd00000,0x00000000ffd00000)
  from space 1536K, 10% used [0x00000000ffe80000,0x00000000ffea8000,0x0000000100000000)
  to   space 1536K, 0% used [0x00000000ffd00000,0x00000000ffd00000,0x00000000ffe80000)
 ParOldGen       total 1040384K, used 58351K [0x00000000a0c00000, 0x00000000e0400000, 0x00000000e0400000)
  object space 1040384K, 5% used [0x00000000a0c00000,0x00000000a44fbce0,0x00000000e0400000)
 Metaspace       used 13037K, capacity 13234K, committed 13312K, reserved 1060864K
  class space    used 1469K, capacity 1501K, committed 1536K, reserved 1048576K
2512.233: [GC (Allocation Failure) [PSYoungGen: 517280K->192K(518656K)] 575631K->58551K(1559040K), 0.0017843 secs] [Times: user=0.00 sys=0.00, real=0.00 secs] 
Heap after GC invocations=363 (full 0):
 PSYoungGen      total 518656K, used 192K [0x00000000e0400000, 0x0000000100000000, 0x0000000100000000)
  eden space 517120K, 0% used [0x00000000e0400000,0x00000000e0400000,0x00000000ffd00000)
  from space 1536K, 12% used [0x00000000ffd00000,0x00000000ffd30000,0x00000000ffe80000)
  to   space 1536K, 0% used [0x00000000ffe80000,0x00000000ffe80000,0x0000000100000000)
 ParOldGen       total 1040384K, used 58359K [0x00000000a0c00000, 0x00000000e0400000, 0x00000000e0400000)
  object space 1040384K, 5% used [0x00000000a0c00000,0x00000000a44fdce0,0x00000000e0400000)
 Metaspace       used 13037K, capacity 13234K, committed 13312K, reserved 1060864K
  class space    used 1469K, capacity 1501K, committed 1536K, reserved 1048576K
}
{Heap before GC invocations=364 (full 0):
 PSYoungGen      total 518656K, used 517312K [0x00000000e0400000, 0x0000000100000000, 0x0000000100000000)
  eden space 517120K, 100% used [0x00000000e0400000,0x00000000ffd00000,0x00000000ffd00000)
  from space 1536K, 12% used [0x00000000ffd00000,0x00000000ffd30000,0x00000000ffe80000)
  to   space 1536K, 0% used [0x00000000ffe80000,0x00000000ffe80000,0x0000000100000000)
 ParOldGen       total 1040384K, used 58359K [0x00000000a0c00000, 0x00000000e0400000, 0x00000000e0400000)
  object space 1040384K, 5% used [0x00000000a0c00000,0x00000000a44fdce0,0x00000000e0400000)
 Metaspace       used 13037K, capacity 13234K, committed 13312K, reserved 1060864K
  class space    used 1469K, capacity 1501K, committed 1536K, reserved 1048576K
2519.266: [GC (Allocation Failure) [PSYoungGen: 517312K->128K(518656K)] 575671K->58487K(1559040K), 0.0016931 secs] [Times: user=0.00 sys=0.00, real=0.00 secs] 
Heap after GC invocations=364 (full 0):
 PSYoungGen      total 518656K, used 128K [0x00000000e0400000, 0x0000000100000000, 0x0000000100000000)
  eden space 517120K, 0% used [0x00000000e0400000,0x00000000e0400000,0x00000000ffd00000)
  from space 1536K, 8% used [0x00000000ffe80000,0x00000000ffea0000,0x0000000100000000)
  to   space 1536K, 0% used [0x00000000ffd00000,0x00000000ffd00000,0x00000000ffe80000)
 ParOldGen       total 1040384K, used 58359K [0x00000000a0c00000, 0x00000000e0400000, 0x00000000e0400000)
  object space 1040384K, 5% used [0x00000000a0c00000,0x00000000a44fdce0,0x00000000e0400000)
 Metaspace       used 13037K, capacity 13234K, committed 13312K, reserved 1060864K
  class space    used 1469K, capacity 1501K, committed 1536K, reserved 1048576K
}
{Heap before GC invocations=365 (full 0):
 PSYoungGen      total 518656K, used 517248K [0x00000000e0400000, 0x0000000100000000, 0x0000000100000000)
  eden space 517120K, 100% used [0x00000000e0400000,0x00000000ffd00000,0x00000000ffd00000)
  from space 1536K, 8% used [0x00000000ffe80000,0x00000000ffea0000,0x0000000100000000)
  to   space 1536K, 0% used [0x00000000ffd00000,0x00000000ffd00000,0x00000000ffe80000)
 ParOldGen       total 1040384K, used 58359K [0x00000000a0c00000, 0x00000000e0400000, 0x00000000e0400000)
  object space 1040384K, 5% used [0x00000000a0c00000,0x00000000a44fdd38,0x00000000e0400000)
 Metaspace       used 13037K, capacity 13234K, committed 13312K, reserved 1060864K
  class space    used 1469K, capacity 1501K, committed 1536K, reserved 1048576K
2526.066: [GC (GCLocker Initiated GC) [PSYoungGen: 517248K->1536K(518656K)] 575607K->60087K(1559040K), 0.0019877 secs] [Times: user=0.00 sys=0.00, real=0.00 secs] 
Heap after GC invocations=365 (full 0):
 PSYoungGen      total 518656K, used 1536K [0x00000000e0400000, 0x0000000100000000, 0x0000000100000000)
  eden space 517120K, 0% used [0x00000000e0400000,0x00000000e0400000,0x00000000ffd00000)
  from space 1536K, 100% used [0x00000000ffd00000,0x00000000ffe80000,0x00000000ffe80000)
  to   space 1536K, 0% used [0x00000000ffe80000,0x00000000ffe80000,0x0000000100000000)
 ParOldGen       total 1040384K, used 58551K [0x00000000a0c00000, 0x00000000e0400000, 0x00000000e0400000)
  object space 1040384K, 5% used [0x00000000a0c00000,0x00000000a452dd38,0x00000000e0400000)
 Metaspace       used 13037K, capacity 13234K, committed 13312K, reserved 1060864K
  class space    used 1469K, capacity 1501K, committed 1536K, reserved 1048576K
}
{Heap before GC invocations=366 (full 0):
 PSYoungGen      total 518656K, used 518656K [0x00000000e0400000, 0x0000000100000000, 0x0000000100000000)
  eden space 517120K, 100% used [0x00000000e0400000,0x00000000ffd00000,0x00000000ffd00000)
  from space 1536K, 100% used [0x00000000ffd00000,0x00000000ffe80000,0x00000000ffe80000)
  to   space 1536K, 0% used [0x00000000ffe80000,0x00000000ffe80000,0x0000000100000000)
 ParOldGen       total 1040384K, used 58554K [0x00000000a0c00000, 0x00000000e0400000, 0x00000000e0400000)
  object space 1040384K, 5% used [0x00000000a0c00000,0x00000000a452ea00,0x00000000e0400000)
 Metaspace       used 13037K, capacity 13234K, committed 13312K, reserved 1060864K
  class space    used 1469K, capacity 1501K, committed 1536K, reserved 1048576K
2533.013: [GC (Allocation Failure) [PSYoungGen: 518656K->192K(517632K)] 577210K->58802K(1558016K), 0.0017053 secs] [Times: user=0.00 sys=0.00, real=0.00 secs] 
Heap after GC invocations=366 (full 0):
 PSYoungGen      total 517632K, used 192K [0x00000000e0400000, 0x0000000100000000, 0x0000000100000000)
  eden space 516096K, 0% used [0x00000000e0400000,0x00000000e0400000,0x00000000ffc00000)
  from space 1536K, 12% used [0x00000000ffe80000,0x00000000ffeb0000,0x0000000100000000)
  to   space 2048K, 0% used [0x00000000ffc00000,0x00000000ffc00000,0x00000000ffe00000)
 ParOldGen       total 1040384K, used 58610K [0x00000000a0c00000, 0x00000000e0400000, 0x00000000e0400000)
  object space 1040384K, 5% used [0x00000000a0c00000,0x00000000a453ca00,0x00000000e0400000)
 Metaspace       used 13037K, capacity 13234K, committed 13312K, reserved 1060864K
  class space    used 1469K, capacity 1501K, committed 1536K, reserved 1048576K
}
{Heap before GC invocations=367 (full 0):
 PSYoungGen      total 517632K, used 516288K [0x00000000e0400000, 0x0000000100000000, 0x0000000100000000)
  eden space 516096K, 100% used [0x00000000e0400000,0x00000000ffc00000,0x00000000ffc00000)
  from space 1536K, 12% used [0x00000000ffe80000,0x00000000ffeb0000,0x0000000100000000)
  to   space 2048K, 0% used [0x00000000ffc00000,0x00000000ffc00000,0x00000000ffe00000)
 ParOldGen       total 1040384K, used 58610K [0x00000000a0c00000, 0x00000000e0400000, 0x00000000e0400000)
  object space 1040384K, 5% used [0x00000000a0c00000,0x00000000a453ca00,0x00000000e0400000)
 Metaspace       used 13037K, capacity 13234K, committed 13312K, reserved 1060864K
  class space    used 1469K, capacity 1501K, committed 1536K, reserved 1048576K
2539.875: [GC (Allocation Failure) [PSYoungGen: 516288K->224K(518144K)] 574898K->58834K(1558528K), 0.0016281 secs] [Times: user=0.00 sys=0.00, real=0.00 secs] 
Heap after GC invocations=367 (full 0):
 PSYoungGen      total 518144K, used 224K [0x00000000e0400000, 0x0000000100000000, 0x0000000100000000)
  eden space 516096K, 0% used [0x00000000e0400000,0x00000000e0400000,0x00000000ffc00000)
  from space 2048K, 10% used [0x00000000ffc00000,0x00000000ffc38000,0x00000000ffe00000)
  to   space 1536K, 0% used [0x00000000ffe80000,0x00000000ffe80000,0x0000000100000000)
 ParOldGen       total 1040384K, used 58610K [0x00000000a0c00000, 0x00000000e0400000, 0x00000000e0400000)
  object space 1040384K, 5% used [0x00000000a0c00000,0x00000000a453ca00,0x00000000e0400000)
 Metaspace       used 13037K, capacity 13234K, committed 13312K, reserved 1060864K
  class space    used 1469K, capacity 1501K, committed 1536K, reserved 1048576K
}
{Heap before GC invocations=368 (full 0):
 PSYoungGen      total 518144K, used 516320K [0x00000000e0400000, 0x0000000100000000, 0x0000000100000000)
  eden space 516096K, 100% used [0x00000000e0400000,0x00000000ffc00000,0x00000000ffc00000)
  from space 2048K, 10% used [0x00000000ffc00000,0x00000000ffc38000,0x00000000ffe00000)
  to   space 1536K, 0% used [0x00000000ffe80000,0x00000000ffe80000,0x0000000100000000)
 ParOldGen       total 1040384K, used 58610K [0x00000000a0c00000, 0x00000000e0400000, 0x00000000e0400000)
  object space 1040384K, 5% used [0x00000000a0c00000,0x00000000a453ca00,0x00000000e0400000)
 Metaspace       used 13037K, capacity 13234K, committed 13312K, reserved 1060864K
  class space    used 1469K, capacity 1501K, committed 1536K, reserved 1048576K
2546.810: [GC (Allocation Failure) [PSYoungGen: 516320K->224K(518656K)] 574930K->58834K(1559040K), 0.0012748 secs] [Times: user=0.00 sys=0.00, real=0.00 secs] 
Heap after GC invocations=368 (full 0):
 PSYoungGen      total 518656K, used 224K [0x00000000e0400000, 0x0000000100000000, 0x0000000100000000)
  eden space 517120K, 0% used [0x00000000e0400000,0x00000000e0400000,0x00000000ffd00000)
  from space 1536K, 14% used [0x00000000ffe80000,0x00000000ffeb8000,0x0000000100000000)
  to   space 1536K, 0% used [0x00000000ffd00000,0x00000000ffd00000,0x00000000ffe80000)
 ParOldGen       total 1040384K, used 58610K [0x00000000a0c00000, 0x00000000e0400000, 0x00000000e0400000)
  object space 1040384K, 5% used [0x00000000a0c00000,0x00000000a453ca00,0x00000000e0400000)
 Metaspace       used 13037K, capacity 13234K, committed 13312K, reserved 1060864K
  class space    used 1469K, capacity 1501K, committed 1536K, reserved 1048576K
}
{Heap before GC invocations=369 (full 0):
 PSYoungGen      total 518656K, used 517344K [0x00000000e0400000, 0x0000000100000000, 0x0000000100000000)
  eden space 517120K, 100% used [0x00000000e0400000,0x00000000ffd00000,0x00000000ffd00000)
  from space 1536K, 14% used [0x00000000ffe80000,0x00000000ffeb8000,0x0000000100000000)
  to   space 1536K, 0% used [0x00000000ffd00000,0x00000000ffd00000,0x00000000ffe80000)
 ParOldGen       total 1040384K, used 58610K [0x00000000a0c00000, 0x00000000e0400000, 0x00000000e0400000)
  object space 1040384K, 5% used [0x00000000a0c00000,0x00000000a453ca00,0x00000000e0400000)
 Metaspace       used 13037K, capacity 13234K, committed 13312K, reserved 1060864K
  class space    used 1469K, capacity 1501K, committed 1536K, reserved 1048576K
2553.768: [GC (Allocation Failure) [PSYoungGen: 517344K->480K(518656K)] 575954K->59090K(1559040K), 0.0017112 secs] [Times: user=0.00 sys=0.00, real=0.00 secs] 
Heap after GC invocations=369 (full 0):
 PSYoungGen      total 518656K, used 480K [0x00000000e0400000, 0x0000000100000000, 0x0000000100000000)
  eden space 517120K, 0% used [0x00000000e0400000,0x00000000e0400000,0x00000000ffd00000)
  from space 1536K, 31% used [0x00000000ffd00000,0x00000000ffd78000,0x00000000ffe80000)
  to   space 1536K, 0% used [0x00000000ffe80000,0x00000000ffe80000,0x0000000100000000)
 ParOldGen       total 1040384K, used 58610K [0x00000000a0c00000, 0x00000000e0400000, 0x00000000e0400000)
  object space 1040384K, 5% used [0x00000000a0c00000,0x00000000a453ca00,0x00000000e0400000)
 Metaspace       used 13037K, capacity 13234K, committed 13312K, reserved 1060864K
  class space    used 1469K, capacity 1501K, committed 1536K, reserved 1048576K
}
{Heap before GC invocations=370 (full 0):
 PSYoungGen      total 518656K, used 517600K [0x00000000e0400000, 0x0000000100000000, 0x0000000100000000)
  eden space 517120K, 100% used [0x00000000e0400000,0x00000000ffd00000,0x00000000ffd00000)
  from space 1536K, 31% used [0x00000000ffd00000,0x00000000ffd78000,0x00000000ffe80000)
  to   space 1536K, 0% used [0x00000000ffe80000,0x00000000ffe80000,0x0000000100000000)
 ParOldGen       total 1040384K, used 58610K [0x00000000a0c00000, 0x00000000e0400000, 0x00000000e0400000)
  object space 1040384K, 5% used [0x00000000a0c00000,0x00000000a453ca00,0x00000000e0400000)
 Metaspace       used 13037K, capacity 13234K, committed 13312K, reserved 1060864K
  class space    used 1469K, capacity 1501K, committed 1536K, reserved 1048576K
2561.011: [GC (Allocation Failure) [PSYoungGen: 517600K->1536K(517632K)] 576210K->60218K(1558016K), 0.0021746 secs] [Times: user=0.00 sys=0.00, real=0.00 secs] 
Heap after GC invocations=370 (full 0):
 PSYoungGen      total 517632K, used 1536K [0x00000000e0400000, 0x0000000100000000, 0x0000000100000000)
  eden space 516096K, 0% used [0x00000000e0400000,0x00000000e0400000,0x00000000ffc00000)
  from space 1536K, 100% used [0x00000000ffe80000,0x0000000100000000,0x0000000100000000)
  to   space 2048K, 0% used [0x00000000ffc00000,0x00000000ffc00000,0x00000000ffe00000)
 ParOldGen       total 1040384K, used 58682K [0x00000000a0c00000, 0x00000000e0400000, 0x00000000e0400000)
  object space 1040384K, 5% used [0x00000000a0c00000,0x00000000a454ea00,0x00000000e0400000)
 Metaspace       used 13037K, capacity 13234K, committed 13312K, reserved 1060864K
  class space    used 1469K, capacity 1501K, committed 1536K, reserved 1048576K
}
{Heap before GC invocations=371 (full 0):
 PSYoungGen      total 517632K, used 517632K [0x00000000e0400000, 0x0000000100000000, 0x0000000100000000)
  eden space 516096K, 100% used [0x00000000e0400000,0x00000000ffc00000,0x00000000ffc00000)
  from space 1536K, 100% used [0x00000000ffe80000,0x0000000100000000,0x0000000100000000)
  to   space 2048K, 0% used [0x00000000ffc00000,0x00000000ffc00000,0x00000000ffe00000)
 ParOldGen       total 1040384K, used 58682K [0x00000000a0c00000, 0x00000000e0400000, 0x00000000e0400000)
  object space 1040384K, 5% used [0x00000000a0c00000,0x00000000a454ea00,0x00000000e0400000)
 Metaspace       used 13037K, capacity 13234K, committed 13312K, reserved 1060864K
  class space    used 1469K, capacity 1501K, committed 1536K, reserved 1048576K
2568.397: [GC (Allocation Failure) [PSYoungGen: 517632K->192K(518144K)] 576314K->58922K(1558528K), 0.0013028 secs] [Times: user=0.00 sys=0.00, real=0.00 secs] 
Heap after GC invocations=371 (full 0):
 PSYoungGen      total 518144K, used 192K [0x00000000e0400000, 0x0000000100000000, 0x0000000100000000)
  eden space 516096K, 0% used [0x00000000e0400000,0x00000000e0400000,0x00000000ffc00000)
  from space 2048K, 9% used [0x00000000ffc00000,0x00000000ffc30000,0x00000000ffe00000)
  to   space 2048K, 0% used [0x00000000ffe00000,0x00000000ffe00000,0x0000000100000000)
 ParOldGen       total 1040384K, used 58730K [0x00000000a0c00000, 0x00000000e0400000, 0x00000000e0400000)
  object space 1040384K, 5% used [0x00000000a0c00000,0x00000000a455aa00,0x00000000e0400000)
 Metaspace       used 13037K, capacity 13234K, committed 13312K, reserved 1060864K
  class space    used 1469K, capacity 1501K, committed 1536K, reserved 1048576K
}
{Heap before GC invocations=372 (full 0):
 PSYoungGen      total 518144K, used 516288K [0x00000000e0400000, 0x0000000100000000, 0x0000000100000000)
  eden space 516096K, 100% used [0x00000000e0400000,0x00000000ffc00000,0x00000000ffc00000)
  from space 2048K, 9% used [0x00000000ffc00000,0x00000000ffc30000,0x00000000ffe00000)
  to   space 2048K, 0% used [0x00000000ffe00000,0x00000000ffe00000,0x0000000100000000)
 ParOldGen       total 1040384K, used 58730K [0x00000000a0c00000, 0x00000000e0400000, 0x00000000e0400000)
  object space 1040384K, 5% used [0x00000000a0c00000,0x00000000a455aa00,0x00000000e0400000)
 Metaspace       used 13037K, capacity 13234K, committed 13312K, reserved 1060864K
  class space    used 1469K, capacity 1501K, committed 1536K, reserved 1048576K
2575.460: [GC (Allocation Failure) [PSYoungGen: 516288K->160K(518144K)] 575018K->58890K(1558528K), 0.0014530 secs] [Times: user=0.00 sys=0.00, real=0.00 secs] 
Heap after GC invocations=372 (full 0):
 PSYoungGen      total 518144K, used 160K [0x00000000e0400000, 0x0000000100000000, 0x0000000100000000)
  eden space 516096K, 0% used [0x00000000e0400000,0x00000000e0400000,0x00000000ffc00000)
  from space 2048K, 7% used [0x00000000ffe00000,0x00000000ffe28000,0x0000000100000000)
  to   space 2048K, 0% used [0x00000000ffc00000,0x00000000ffc00000,0x00000000ffe00000)
 ParOldGen       total 1040384K, used 58730K [0x00000000a0c00000, 0x00000000e0400000, 0x00000000e0400000)
  object space 1040384K, 5% used [0x00000000a0c00000,0x00000000a455aa00,0x00000000e0400000)
 Metaspace       used 13037K, capacity 13234K, committed 13312K, reserved 1060864K
  class space    used 1469K, capacity 1501K, committed 1536K, reserved 1048576K
}
{Heap before GC invocations=373 (full 0):
 PSYoungGen      total 518144K, used 516256K [0x00000000e0400000, 0x0000000100000000, 0x0000000100000000)
  eden space 516096K, 100% used [0x00000000e0400000,0x00000000ffc00000,0x00000000ffc00000)
  from space 2048K, 7% used [0x00000000ffe00000,0x00000000ffe28000,0x0000000100000000)
  to   space 2048K, 0% used [0x00000000ffc00000,0x00000000ffc00000,0x00000000ffe00000)
 ParOldGen       total 1040384K, used 58730K [0x00000000a0c00000, 0x00000000e0400000, 0x00000000e0400000)
  object space 1040384K, 5% used [0x00000000a0c00000,0x00000000a455aa00,0x00000000e0400000)
 Metaspace       used 13038K, capacity 13234K, committed 13312K, reserved 1060864K
  class space    used 1469K, capacity 1501K, committed 1536K, reserved 1048576K
2582.461: [GC (Allocation Failure) [PSYoungGen: 516256K->160K(518144K)] 574986K->58890K(1558528K), 0.0031707 secs] [Times: user=0.00 sys=0.00, real=0.00 secs] 
Heap after GC invocations=373 (full 0):
 PSYoungGen      total 518144K, used 160K [0x00000000e0400000, 0x0000000100000000, 0x0000000100000000)
  eden space 516096K, 0% used [0x00000000e0400000,0x00000000e0400000,0x00000000ffc00000)
  from space 2048K, 7% used [0x00000000ffc00000,0x00000000ffc28000,0x00000000ffe00000)
  to   space 1536K, 0% used [0x00000000ffe80000,0x00000000ffe80000,0x0000000100000000)
 ParOldGen       total 1040384K, used 58730K [0x00000000a0c00000, 0x00000000e0400000, 0x00000000e0400000)
  object space 1040384K, 5% used [0x00000000a0c00000,0x00000000a455aa00,0x00000000e0400000)
 Metaspace       used 13038K, capacity 13234K, committed 13312K, reserved 1060864K
  class space    used 1469K, capacity 1501K, committed 1536K, reserved 1048576K
}
{Heap before GC invocations=374 (full 0):
 PSYoungGen      total 518144K, used 516256K [0x00000000e0400000, 0x0000000100000000, 0x0000000100000000)
  eden space 516096K, 100% used [0x00000000e0400000,0x00000000ffc00000,0x00000000ffc00000)
  from space 2048K, 7% used [0x00000000ffc00000,0x00000000ffc28000,0x00000000ffe00000)
  to   space 1536K, 0% used [0x00000000ffe80000,0x00000000ffe80000,0x0000000100000000)
 ParOldGen       total 1040384K, used 58730K [0x00000000a0c00000, 0x00000000e0400000, 0x00000000e0400000)
  object space 1040384K, 5% used [0x00000000a0c00000,0x00000000a455aa00,0x00000000e0400000)
 Metaspace       used 13038K, capacity 13234K, committed 13312K, reserved 1060864K
  class space    used 1469K, capacity 1501K, committed 1536K, reserved 1048576K
2589.376: [GC (Allocation Failure) [PSYoungGen: 516256K->640K(518656K)] 574986K->59378K(1559040K), 0.0018073 secs] [Times: user=0.00 sys=0.00, real=0.00 secs] 
Heap after GC invocations=374 (full 0):
 PSYoungGen      total 518656K, used 640K [0x00000000e0400000, 0x0000000100000000, 0x0000000100000000)
  eden space 517120K, 0% used [0x00000000e0400000,0x00000000e0400000,0x00000000ffd00000)
  from space 1536K, 41% used [0x00000000ffe80000,0x00000000fff20000,0x0000000100000000)
  to   space 1536K, 0% used [0x00000000ffd00000,0x00000000ffd00000,0x00000000ffe80000)
 ParOldGen       total 1040384K, used 58738K [0x00000000a0c00000, 0x00000000e0400000, 0x00000000e0400000)
  object space 1040384K, 5% used [0x00000000a0c00000,0x00000000a455ca00,0x00000000e0400000)
 Metaspace       used 13038K, capacity 13234K, committed 13312K, reserved 1060864K
  class space    used 1469K, capacity 1501K, committed 1536K, reserved 1048576K
}
{Heap before GC invocations=375 (full 0):
 PSYoungGen      total 518656K, used 517760K [0x00000000e0400000, 0x0000000100000000, 0x0000000100000000)
  eden space 517120K, 100% used [0x00000000e0400000,0x00000000ffd00000,0x00000000ffd00000)
  from space 1536K, 41% used [0x00000000ffe80000,0x00000000fff20000,0x0000000100000000)
  to   space 1536K, 0% used [0x00000000ffd00000,0x00000000ffd00000,0x00000000ffe80000)
 ParOldGen       total 1040384K, used 58738K [0x00000000a0c00000, 0x00000000e0400000, 0x00000000e0400000)
  object space 1040384K, 5% used [0x00000000a0c00000,0x00000000a455ca00,0x00000000e0400000)
 Metaspace       used 13038K, capacity 13234K, committed 13312K, reserved 1060864K
  class space    used 1469K, capacity 1501K, committed 1536K, reserved 1048576K
2596.450: [GC (Allocation Failure) [PSYoungGen: 517760K->224K(518656K)] 576498K->58962K(1559040K), 0.0019177 secs] [Times: user=0.00 sys=0.00, real=0.00 secs] 
Heap after GC invocations=375 (full 0):
 PSYoungGen      total 518656K, used 224K [0x00000000e0400000, 0x0000000100000000, 0x0000000100000000)
  eden space 517120K, 0% used [0x00000000e0400000,0x00000000e0400000,0x00000000ffd00000)
  from space 1536K, 14% used [0x00000000ffd00000,0x00000000ffd38000,0x00000000ffe80000)
  to   space 1536K, 0% used [0x00000000ffe80000,0x00000000ffe80000,0x0000000100000000)
 ParOldGen       total 1040384K, used 58738K [0x00000000a0c00000, 0x00000000e0400000, 0x00000000e0400000)
  object space 1040384K, 5% used [0x00000000a0c00000,0x00000000a455ca00,0x00000000e0400000)
 Metaspace       used 13038K, capacity 13234K, committed 13312K, reserved 1060864K
  class space    used 1469K, capacity 1501K, committed 1536K, reserved 1048576K
}
{Heap before GC invocations=376 (full 0):
 PSYoungGen      total 518656K, used 517344K [0x00000000e0400000, 0x0000000100000000, 0x0000000100000000)
  eden space 517120K, 100% used [0x00000000e0400000,0x00000000ffd00000,0x00000000ffd00000)
  from space 1536K, 14% used [0x00000000ffd00000,0x00000000ffd38000,0x00000000ffe80000)
  to   space 1536K, 0% used [0x00000000ffe80000,0x00000000ffe80000,0x0000000100000000)
 ParOldGen       total 1040384K, used 58738K [0x00000000a0c00000, 0x00000000e0400000, 0x00000000e0400000)
  object space 1040384K, 5% used [0x00000000a0c00000,0x00000000a455ca00,0x00000000e0400000)
 Metaspace       used 13038K, capacity 13234K, committed 13312K, reserved 1060864K
  class space    used 1469K, capacity 1501K, committed 1536K, reserved 1048576K
2603.377: [GC (Allocation Failure) [PSYoungGen: 517344K->192K(518656K)] 576082K->58930K(1559040K), 0.0016906 secs] [Times: user=0.00 sys=0.00, real=0.00 secs] 
Heap after GC invocations=376 (full 0):
 PSYoungGen      total 518656K, used 192K [0x00000000e0400000, 0x0000000100000000, 0x0000000100000000)
  eden space 517120K, 0% used [0x00000000e0400000,0x00000000e0400000,0x00000000ffd00000)
  from space 1536K, 12% used [0x00000000ffe80000,0x00000000ffeb0000,0x0000000100000000)
  to   space 1536K, 0% used [0x00000000ffd00000,0x00000000ffd00000,0x00000000ffe80000)
 ParOldGen       total 1040384K, used 58738K [0x00000000a0c00000, 0x00000000e0400000, 0x00000000e0400000)
  object space 1040384K, 5% used [0x00000000a0c00000,0x00000000a455ca00,0x00000000e0400000)
 Metaspace       used 13038K, capacity 13234K, committed 13312K, reserved 1060864K
  class space    used 1469K, capacity 1501K, committed 1536K, reserved 1048576K
}
{Heap before GC invocations=377 (full 0):
 PSYoungGen      total 518656K, used 517312K [0x00000000e0400000, 0x0000000100000000, 0x0000000100000000)
  eden space 517120K, 100% used [0x00000000e0400000,0x00000000ffd00000,0x00000000ffd00000)
  from space 1536K, 12% used [0x00000000ffe80000,0x00000000ffeb0000,0x0000000100000000)
  to   space 1536K, 0% used [0x00000000ffd00000,0x00000000ffd00000,0x00000000ffe80000)
 ParOldGen       total 1040384K, used 58738K [0x00000000a0c00000, 0x00000000e0400000, 0x00000000e0400000)
  object space 1040384K, 5% used [0x00000000a0c00000,0x00000000a455ca00,0x00000000e0400000)
 Metaspace       used 13038K, capacity 13234K, committed 13312K, reserved 1060864K
  class space    used 1469K, capacity 1501K, committed 1536K, reserved 1048576K
2610.350: [GC (Allocation Failure) [PSYoungGen: 517312K->192K(518656K)] 576050K->58930K(1559040K), 0.0013784 secs] [Times: user=0.00 sys=0.00, real=0.00 secs] 
Heap after GC invocations=377 (full 0):
 PSYoungGen      total 518656K, used 192K [0x00000000e0400000, 0x0000000100000000, 0x0000000100000000)
  eden space 517120K, 0% used [0x00000000e0400000,0x00000000e0400000,0x00000000ffd00000)
  from space 1536K, 12% used [0x00000000ffd00000,0x00000000ffd30000,0x00000000ffe80000)
  to   space 1536K, 0% used [0x00000000ffe80000,0x00000000ffe80000,0x0000000100000000)
 ParOldGen       total 1040384K, used 58738K [0x00000000a0c00000, 0x00000000e0400000, 0x00000000e0400000)
  object space 1040384K, 5% used [0x00000000a0c00000,0x00000000a455ca00,0x00000000e0400000)
 Metaspace       used 13038K, capacity 13234K, committed 13312K, reserved 1060864K
  class space    used 1469K, capacity 1501K, committed 1536K, reserved 1048576K
}
{Heap before GC invocations=378 (full 0):
 PSYoungGen      total 518656K, used 517312K [0x00000000e0400000, 0x0000000100000000, 0x0000000100000000)
  eden space 517120K, 100% used [0x00000000e0400000,0x00000000ffd00000,0x00000000ffd00000)
  from space 1536K, 12% used [0x00000000ffd00000,0x00000000ffd30000,0x00000000ffe80000)
  to   space 1536K, 0% used [0x00000000ffe80000,0x00000000ffe80000,0x0000000100000000)
 ParOldGen       total 1040384K, used 58738K [0x00000000a0c00000, 0x00000000e0400000, 0x00000000e0400000)
  object space 1040384K, 5% used [0x00000000a0c00000,0x00000000a455ca00,0x00000000e0400000)
 Metaspace       used 13038K, capacity 13234K, committed 13312K, reserved 1060864K
  class space    used 1469K, capacity 1501K, committed 1536K, reserved 1048576K
2617.295: [GC (Allocation Failure) [PSYoungGen: 517312K->160K(518656K)] 576050K->58898K(1559040K), 0.0016651 secs] [Times: user=0.00 sys=0.00, real=0.00 secs] 
Heap after GC invocations=378 (full 0):
 PSYoungGen      total 518656K, used 160K [0x00000000e0400000, 0x0000000100000000, 0x0000000100000000)
  eden space 517120K, 0% used [0x00000000e0400000,0x00000000e0400000,0x00000000ffd00000)
  from space 1536K, 10% used [0x00000000ffe80000,0x00000000ffea8000,0x0000000100000000)
  to   space 1536K, 0% used [0x00000000ffd00000,0x00000000ffd00000,0x00000000ffe80000)
 ParOldGen       total 1040384K, used 58738K [0x00000000a0c00000, 0x00000000e0400000, 0x00000000e0400000)
  object space 1040384K, 5% used [0x00000000a0c00000,0x00000000a455ca00,0x00000000e0400000)
 Metaspace       used 13038K, capacity 13234K, committed 13312K, reserved 1060864K
  class space    used 1469K, capacity 1501K, committed 1536K, reserved 1048576K
}
{Heap before GC invocations=379 (full 0):
 PSYoungGen      total 518656K, used 517280K [0x00000000e0400000, 0x0000000100000000, 0x0000000100000000)
  eden space 517120K, 100% used [0x00000000e0400000,0x00000000ffd00000,0x00000000ffd00000)
  from space 1536K, 10% used [0x00000000ffe80000,0x00000000ffea8000,0x0000000100000000)
  to   space 1536K, 0% used [0x00000000ffd00000,0x00000000ffd00000,0x00000000ffe80000)
 ParOldGen       total 1040384K, used 58738K [0x00000000a0c00000, 0x00000000e0400000, 0x00000000e0400000)
  object space 1040384K, 5% used [0x00000000a0c00000,0x00000000a455ca68,0x00000000e0400000)
 Metaspace       used 13038K, capacity 13234K, committed 13312K, reserved 1060864K
  class space    used 1469K, capacity 1501K, committed 1536K, reserved 1048576K
2624.285: [GC (GCLocker Initiated GC) [PSYoungGen: 517280K->1536K(518656K)] 576018K->60482K(1559040K), 0.0027415 secs] [Times: user=0.11 sys=0.00, real=0.00 secs] 
Heap after GC invocations=379 (full 0):
 PSYoungGen      total 518656K, used 1536K [0x00000000e0400000, 0x0000000100000000, 0x0000000100000000)
  eden space 517120K, 0% used [0x00000000e0400000,0x00000000e0400000,0x00000000ffd00000)
  from space 1536K, 100% used [0x00000000ffd00000,0x00000000ffe80000,0x00000000ffe80000)
  to   space 1536K, 0% used [0x00000000ffe80000,0x00000000ffe80000,0x0000000100000000)
 ParOldGen       total 1040384K, used 58946K [0x00000000a0c00000, 0x00000000e0400000, 0x00000000e0400000)
  object space 1040384K, 5% used [0x00000000a0c00000,0x00000000a4590a68,0x00000000e0400000)
 Metaspace       used 13038K, capacity 13234K, committed 13312K, reserved 1060864K
  class space    used 1469K, capacity 1501K, committed 1536K, reserved 1048576K
}
{Heap before GC invocations=380 (full 0):
 PSYoungGen      total 518656K, used 518656K [0x00000000e0400000, 0x0000000100000000, 0x0000000100000000)
  eden space 517120K, 100% used [0x00000000e0400000,0x00000000ffd00000,0x00000000ffd00000)
  from space 1536K, 100% used [0x00000000ffd00000,0x00000000ffe80000,0x00000000ffe80000)
  to   space 1536K, 0% used [0x00000000ffe80000,0x00000000ffe80000,0x0000000100000000)
 ParOldGen       total 1040384K, used 58949K [0x00000000a0c00000, 0x00000000e0400000, 0x00000000e0400000)
  object space 1040384K, 5% used [0x00000000a0c00000,0x00000000a4591580,0x00000000e0400000)
 Metaspace       used 13038K, capacity 13234K, committed 13312K, reserved 1060864K
  class space    used 1469K, capacity 1501K, committed 1536K, reserved 1048576K
2631.375: [GC (Allocation Failure) [PSYoungGen: 518656K->96K(517632K)] 577605K->59101K(1558016K), 0.0017441 secs] [Times: user=0.00 sys=0.00, real=0.00 secs] 
Heap after GC invocations=380 (full 0):
 PSYoungGen      total 517632K, used 96K [0x00000000e0400000, 0x0000000100000000, 0x0000000100000000)
  eden space 516096K, 0% used [0x00000000e0400000,0x00000000e0400000,0x00000000ffc00000)
  from space 1536K, 6% used [0x00000000ffe80000,0x00000000ffe98000,0x0000000100000000)
  to   space 2048K, 0% used [0x00000000ffc00000,0x00000000ffc00000,0x00000000ffe00000)
 ParOldGen       total 1040384K, used 59005K [0x00000000a0c00000, 0x00000000e0400000, 0x00000000e0400000)
  object space 1040384K, 5% used [0x00000000a0c00000,0x00000000a459f580,0x00000000e0400000)
 Metaspace       used 13038K, capacity 13234K, committed 13312K, reserved 1060864K
  class space    used 1469K, capacity 1501K, committed 1536K, reserved 1048576K
}
{Heap before GC invocations=381 (full 0):
 PSYoungGen      total 517632K, used 516192K [0x00000000e0400000, 0x0000000100000000, 0x0000000100000000)
  eden space 516096K, 100% used [0x00000000e0400000,0x00000000ffc00000,0x00000000ffc00000)
  from space 1536K, 6% used [0x00000000ffe80000,0x00000000ffe98000,0x0000000100000000)
  to   space 2048K, 0% used [0x00000000ffc00000,0x00000000ffc00000,0x00000000ffe00000)
 ParOldGen       total 1040384K, used 59005K [0x00000000a0c00000, 0x00000000e0400000, 0x00000000e0400000)
  object space 1040384K, 5% used [0x00000000a0c00000,0x00000000a459f580,0x00000000e0400000)
 Metaspace       used 13038K, capacity 13234K, committed 13312K, reserved 1060864K
  class space    used 1469K, capacity 1501K, committed 1536K, reserved 1048576K
2638.364: [GC (Allocation Failure) [PSYoungGen: 516192K->224K(518144K)] 575197K->59253K(1558528K), 0.0015162 secs] [Times: user=0.13 sys=0.00, real=0.00 secs] 
Heap after GC invocations=381 (full 0):
 PSYoungGen      total 518144K, used 224K [0x00000000e0400000, 0x0000000100000000, 0x0000000100000000)
  eden space 516096K, 0% used [0x00000000e0400000,0x00000000e0400000,0x00000000ffc00000)
  from space 2048K, 10% used [0x00000000ffc00000,0x00000000ffc38000,0x00000000ffe00000)
  to   space 2048K, 0% used [0x00000000ffe00000,0x00000000ffe00000,0x0000000100000000)
 ParOldGen       total 1040384K, used 59029K [0x00000000a0c00000, 0x00000000e0400000, 0x00000000e0400000)
  object space 1040384K, 5% used [0x00000000a0c00000,0x00000000a45a5580,0x00000000e0400000)
 Metaspace       used 13038K, capacity 13234K, committed 13312K, reserved 1060864K
  class space    used 1469K, capacity 1501K, committed 1536K, reserved 1048576K
}
{Heap before GC invocations=382 (full 0):
 PSYoungGen      total 518144K, used 516320K [0x00000000e0400000, 0x0000000100000000, 0x0000000100000000)
  eden space 516096K, 100% used [0x00000000e0400000,0x00000000ffc00000,0x00000000ffc00000)
  from space 2048K, 10% used [0x00000000ffc00000,0x00000000ffc38000,0x00000000ffe00000)
  to   space 2048K, 0% used [0x00000000ffe00000,0x00000000ffe00000,0x0000000100000000)
 ParOldGen       total 1040384K, used 59029K [0x00000000a0c00000, 0x00000000e0400000, 0x00000000e0400000)
  object space 1040384K, 5% used [0x00000000a0c00000,0x00000000a45a5580,0x00000000e0400000)
 Metaspace       used 13038K, capacity 13234K, committed 13312K, reserved 1060864K
  class space    used 1469K, capacity 1501K, committed 1536K, reserved 1048576K
2645.397: [GC (Allocation Failure) [PSYoungGen: 516320K->256K(518656K)] 575349K->59341K(1559040K), 0.0013874 secs] [Times: user=0.00 sys=0.00, real=0.00 secs] 
Heap after GC invocations=382 (full 0):
 PSYoungGen      total 518656K, used 256K [0x00000000e0400000, 0x0000000100000000, 0x0000000100000000)
  eden space 516608K, 0% used [0x00000000e0400000,0x00000000e0400000,0x00000000ffc80000)
  from space 2048K, 12% used [0x00000000ffe00000,0x00000000ffe40000,0x0000000100000000)
  to   space 1536K, 0% used [0x00000000ffc80000,0x00000000ffc80000,0x00000000ffe00000)
 ParOldGen       total 1040384K, used 59085K [0x00000000a0c00000, 0x00000000e0400000, 0x00000000e0400000)
  object space 1040384K, 5% used [0x00000000a0c00000,0x00000000a45b3580,0x00000000e0400000)
 Metaspace       used 13038K, capacity 13234K, committed 13312K, reserved 1060864K
  class space    used 1469K, capacity 1501K, committed 1536K, reserved 1048576K
}
{Heap before GC invocations=383 (full 0):
 PSYoungGen      total 518656K, used 516864K [0x00000000e0400000, 0x0000000100000000, 0x0000000100000000)
  eden space 516608K, 100% used [0x00000000e0400000,0x00000000ffc80000,0x00000000ffc80000)
  from space 2048K, 12% used [0x00000000ffe00000,0x00000000ffe40000,0x0000000100000000)
  to   space 1536K, 0% used [0x00000000ffc80000,0x00000000ffc80000,0x00000000ffe00000)
 ParOldGen       total 1040384K, used 59085K [0x00000000a0c00000, 0x00000000e0400000, 0x00000000e0400000)
  object space 1040384K, 5% used [0x00000000a0c00000,0x00000000a45b3580,0x00000000e0400000)
 Metaspace       used 13038K, capacity 13234K, committed 13312K, reserved 1060864K
  class space    used 1469K, capacity 1501K, committed 1536K, reserved 1048576K
2652.466: [GC (Allocation Failure) [PSYoungGen: 516864K->192K(518144K)] 575949K->59285K(1558528K), 0.0017883 secs] [Times: user=0.00 sys=0.00, real=0.00 secs] 
Heap after GC invocations=383 (full 0):
 PSYoungGen      total 518144K, used 192K [0x00000000e0400000, 0x0000000100000000, 0x0000000100000000)
  eden space 516608K, 0% used [0x00000000e0400000,0x00000000e0400000,0x00000000ffc80000)
  from space 1536K, 12% used [0x00000000ffc80000,0x00000000ffcb0000,0x00000000ffe00000)
  to   space 1536K, 0% used [0x00000000ffe80000,0x00000000ffe80000,0x0000000100000000)
 ParOldGen       total 1040384K, used 59093K [0x00000000a0c00000, 0x00000000e0400000, 0x00000000e0400000)
  object space 1040384K, 5% used [0x00000000a0c00000,0x00000000a45b5580,0x00000000e0400000)
 Metaspace       used 13038K, capacity 13234K, committed 13312K, reserved 1060864K
  class space    used 1469K, capacity 1501K, committed 1536K, reserved 1048576K
}
{Heap before GC invocations=384 (full 0):
 PSYoungGen      total 518144K, used 516800K [0x00000000e0400000, 0x0000000100000000, 0x0000000100000000)
  eden space 516608K, 100% used [0x00000000e0400000,0x00000000ffc80000,0x00000000ffc80000)
  from space 1536K, 12% used [0x00000000ffc80000,0x00000000ffcb0000,0x00000000ffe00000)
  to   space 1536K, 0% used [0x00000000ffe80000,0x00000000ffe80000,0x0000000100000000)
 ParOldGen       total 1040384K, used 59093K [0x00000000a0c00000, 0x00000000e0400000, 0x00000000e0400000)
  object space 1040384K, 5% used [0x00000000a0c00000,0x00000000a45b55a0,0x00000000e0400000)
 Metaspace       used 13038K, capacity 13234K, committed 13312K, reserved 1060864K
  class space    used 1469K, capacity 1501K, committed 1536K, reserved 1048576K
2659.437: [GC (GCLocker Initiated GC) [PSYoungGen: 516800K->1536K(517632K)] 575893K->60837K(1558016K), 0.0022159 secs] [Times: user=0.00 sys=0.00, real=0.00 secs] 
Heap after GC invocations=384 (full 0):
 PSYoungGen      total 517632K, used 1536K [0x00000000e0400000, 0x0000000100000000, 0x0000000100000000)
  eden space 516096K, 0% used [0x00000000e0400000,0x00000000e0400000,0x00000000ffc00000)
  from space 1536K, 100% used [0x00000000ffe80000,0x0000000100000000,0x0000000100000000)
  to   space 2048K, 0% used [0x00000000ffc00000,0x00000000ffc00000,0x00000000ffe00000)
 ParOldGen       total 1040384K, used 59301K [0x00000000a0c00000, 0x00000000e0400000, 0x00000000e0400000)
  object space 1040384K, 5% used [0x00000000a0c00000,0x00000000a45e95a0,0x00000000e0400000)
 Metaspace       used 13038K, capacity 13234K, committed 13312K, reserved 1060864K
  class space    used 1469K, capacity 1501K, committed 1536K, reserved 1048576K
}
{Heap before GC invocations=385 (full 0):
 PSYoungGen      total 517632K, used 517632K [0x00000000e0400000, 0x0000000100000000, 0x0000000100000000)
  eden space 516096K, 100% used [0x00000000e0400000,0x00000000ffc00000,0x00000000ffc00000)
  from space 1536K, 100% used [0x00000000ffe80000,0x0000000100000000,0x0000000100000000)
  to   space 2048K, 0% used [0x00000000ffc00000,0x00000000ffc00000,0x00000000ffe00000)
 ParOldGen       total 1040384K, used 59304K [0x00000000a0c00000, 0x00000000e0400000, 0x00000000e0400000)
  object space 1040384K, 5% used [0x00000000a0c00000,0x00000000a45ea1b0,0x00000000e0400000)
 Metaspace       used 13038K, capacity 13234K, committed 13312K, reserved 1060864K
  class space    used 1469K, capacity 1501K, committed 1536K, reserved 1048576K
2666.488: [GC (Allocation Failure) [PSYoungGen: 517632K->192K(518144K)] 576936K->59528K(1558528K), 0.0019995 secs] [Times: user=0.08 sys=0.00, real=0.00 secs] 
Heap after GC invocations=385 (full 0):
 PSYoungGen      total 518144K, used 192K [0x00000000e0400000, 0x0000000100000000, 0x0000000100000000)
  eden space 516096K, 0% used [0x00000000e0400000,0x00000000e0400000,0x00000000ffc00000)
  from space 2048K, 9% used [0x00000000ffc00000,0x00000000ffc30000,0x00000000ffe00000)
  to   space 2048K, 0% used [0x00000000ffe00000,0x00000000ffe00000,0x0000000100000000)
 ParOldGen       total 1040384K, used 59336K [0x00000000a0c00000, 0x00000000e0400000, 0x00000000e0400000)
  object space 1040384K, 5% used [0x00000000a0c00000,0x00000000a45f21b0,0x00000000e0400000)
 Metaspace       used 13038K, capacity 13234K, committed 13312K, reserved 1060864K
  class space    used 1469K, capacity 1501K, committed 1536K, reserved 1048576K
}
{Heap before GC invocations=386 (full 0):
 PSYoungGen      total 518144K, used 516288K [0x00000000e0400000, 0x0000000100000000, 0x0000000100000000)
  eden space 516096K, 100% used [0x00000000e0400000,0x00000000ffc00000,0x00000000ffc00000)
  from space 2048K, 9% used [0x00000000ffc00000,0x00000000ffc30000,0x00000000ffe00000)
  to   space 2048K, 0% used [0x00000000ffe00000,0x00000000ffe00000,0x0000000100000000)
 ParOldGen       total 1040384K, used 59336K [0x00000000a0c00000, 0x00000000e0400000, 0x00000000e0400000)
  object space 1040384K, 5% used [0x00000000a0c00000,0x00000000a45f21b0,0x00000000e0400000)
 Metaspace       used 13038K, capacity 13234K, committed 13312K, reserved 1060864K
  class space    used 1469K, capacity 1501K, committed 1536K, reserved 1048576K
2673.387: [GC (Allocation Failure) [PSYoungGen: 516288K->224K(518144K)] 575624K->59584K(1558528K), 0.0017547 secs] [Times: user=0.00 sys=0.00, real=0.00 secs] 
Heap after GC invocations=386 (full 0):
 PSYoungGen      total 518144K, used 224K [0x00000000e0400000, 0x0000000100000000, 0x0000000100000000)
  eden space 516096K, 0% used [0x00000000e0400000,0x00000000e0400000,0x00000000ffc00000)
  from space 2048K, 10% used [0x00000000ffe00000,0x00000000ffe38000,0x0000000100000000)
  to   space 2048K, 0% used [0x00000000ffc00000,0x00000000ffc00000,0x00000000ffe00000)
 ParOldGen       total 1040384K, used 59360K [0x00000000a0c00000, 0x00000000e0400000, 0x00000000e0400000)
  object space 1040384K, 5% used [0x00000000a0c00000,0x00000000a45f81b0,0x00000000e0400000)
 Metaspace       used 13038K, capacity 13234K, committed 13312K, reserved 1060864K
  class space    used 1469K, capacity 1501K, committed 1536K, reserved 1048576K
}
{Heap before GC invocations=387 (full 0):
 PSYoungGen      total 518144K, used 516320K [0x00000000e0400000, 0x0000000100000000, 0x0000000100000000)
  eden space 516096K, 100% used [0x00000000e0400000,0x00000000ffc00000,0x00000000ffc00000)
  from space 2048K, 10% used [0x00000000ffe00000,0x00000000ffe38000,0x0000000100000000)
  to   space 2048K, 0% used [0x00000000ffc00000,0x00000000ffc00000,0x00000000ffe00000)
 ParOldGen       total 1040384K, used 59360K [0x00000000a0c00000, 0x00000000e0400000, 0x00000000e0400000)
  object space 1040384K, 5% used [0x00000000a0c00000,0x00000000a45f81b0,0x00000000e0400000)
 Metaspace       used 13038K, capacity 13234K, committed 13312K, reserved 1060864K
  class space    used 1469K, capacity 1501K, committed 1536K, reserved 1048576K
2680.479: [GC (Allocation Failure) [PSYoungGen: 516320K->160K(518144K)] 575680K->59536K(1558528K), 0.0017871 secs] [Times: user=0.00 sys=0.00, real=0.00 secs] 
Heap after GC invocations=387 (full 0):
 PSYoungGen      total 518144K, used 160K [0x00000000e0400000, 0x0000000100000000, 0x0000000100000000)
  eden space 516096K, 0% used [0x00000000e0400000,0x00000000e0400000,0x00000000ffc00000)
  from space 2048K, 7% used [0x00000000ffc00000,0x00000000ffc28000,0x00000000ffe00000)
  to   space 2048K, 0% used [0x00000000ffe00000,0x00000000ffe00000,0x0000000100000000)
 ParOldGen       total 1040384K, used 59376K [0x00000000a0c00000, 0x00000000e0400000, 0x00000000e0400000)
  object space 1040384K, 5% used [0x00000000a0c00000,0x00000000a45fc1b0,0x00000000e0400000)
 Metaspace       used 13038K, capacity 13234K, committed 13312K, reserved 1060864K
  class space    used 1469K, capacity 1501K, committed 1536K, reserved 1048576K
}
{Heap before GC invocations=388 (full 0):
 PSYoungGen      total 518144K, used 516256K [0x00000000e0400000, 0x0000000100000000, 0x0000000100000000)
  eden space 516096K, 100% used [0x00000000e0400000,0x00000000ffc00000,0x00000000ffc00000)
  from space 2048K, 7% used [0x00000000ffc00000,0x00000000ffc28000,0x00000000ffe00000)
  to   space 2048K, 0% used [0x00000000ffe00000,0x00000000ffe00000,0x0000000100000000)
 ParOldGen       total 1040384K, used 59376K [0x00000000a0c00000, 0x00000000e0400000, 0x00000000e0400000)
  object space 1040384K, 5% used [0x00000000a0c00000,0x00000000a45fc1b0,0x00000000e0400000)
 Metaspace       used 13038K, capacity 13234K, committed 13312K, reserved 1060864K
  class space    used 1469K, capacity 1501K, committed 1536K, reserved 1048576K
2687.447: [GC (Allocation Failure) [PSYoungGen: 516256K->224K(518656K)] 575632K->59600K(1559040K), 0.0017619 secs] [Times: user=0.00 sys=0.00, real=0.00 secs] 
Heap after GC invocations=388 (full 0):
 PSYoungGen      total 518656K, used 224K [0x00000000e0400000, 0x0000000100000000, 0x0000000100000000)
  eden space 516608K, 0% used [0x00000000e0400000,0x00000000e0400000,0x00000000ffc80000)
  from space 2048K, 10% used [0x00000000ffe00000,0x00000000ffe38000,0x0000000100000000)
  to   space 1536K, 0% used [0x00000000ffc80000,0x00000000ffc80000,0x00000000ffe00000)
 ParOldGen       total 1040384K, used 59376K [0x00000000a0c00000, 0x00000000e0400000, 0x00000000e0400000)
  object space 1040384K, 5% used [0x00000000a0c00000,0x00000000a45fc1b0,0x00000000e0400000)
 Metaspace       used 13038K, capacity 13234K, committed 13312K, reserved 1060864K
  class space    used 1469K, capacity 1501K, committed 1536K, reserved 1048576K
}
{Heap before GC invocations=389 (full 0):
 PSYoungGen      total 518656K, used 516832K [0x00000000e0400000, 0x0000000100000000, 0x0000000100000000)
  eden space 516608K, 100% used [0x00000000e0400000,0x00000000ffc80000,0x00000000ffc80000)
  from space 2048K, 10% used [0x00000000ffe00000,0x00000000ffe38000,0x0000000100000000)
  to   space 1536K, 0% used [0x00000000ffc80000,0x00000000ffc80000,0x00000000ffe00000)
 ParOldGen       total 1040384K, used 59376K [0x00000000a0c00000, 0x00000000e0400000, 0x00000000e0400000)
  object space 1040384K, 5% used [0x00000000a0c00000,0x00000000a45fc1b0,0x00000000e0400000)
 Metaspace       used 13038K, capacity 13234K, committed 13312K, reserved 1060864K
  class space    used 1469K, capacity 1501K, committed 1536K, reserved 1048576K
2694.504: [GC (Allocation Failure) [PSYoungGen: 516832K->1536K(518144K)] 576208K->61144K(1558528K), 0.0027381 secs] [Times: user=0.09 sys=0.00, real=0.00 secs] 
Heap after GC invocations=389 (full 0):
 PSYoungGen      total 518144K, used 1536K [0x00000000e0400000, 0x0000000100000000, 0x0000000100000000)
  eden space 516608K, 0% used [0x00000000e0400000,0x00000000e0400000,0x00000000ffc80000)
  from space 1536K, 100% used [0x00000000ffc80000,0x00000000ffe00000,0x00000000ffe00000)
  to   space 2048K, 0% used [0x00000000ffe00000,0x00000000ffe00000,0x0000000100000000)
 ParOldGen       total 1040384K, used 59608K [0x00000000a0c00000, 0x00000000e0400000, 0x00000000e0400000)
  object space 1040384K, 5% used [0x00000000a0c00000,0x00000000a46361b0,0x00000000e0400000)
 Metaspace       used 13038K, capacity 13234K, committed 13312K, reserved 1060864K
  class space    used 1469K, capacity 1501K, committed 1536K, reserved 1048576K
}
{Heap before GC invocations=390 (full 0):
 PSYoungGen      total 518144K, used 518144K [0x00000000e0400000, 0x0000000100000000, 0x0000000100000000)
  eden space 516608K, 100% used [0x00000000e0400000,0x00000000ffc80000,0x00000000ffc80000)
  from space 1536K, 100% used [0x00000000ffc80000,0x00000000ffe00000,0x00000000ffe00000)
  to   space 2048K, 0% used [0x00000000ffe00000,0x00000000ffe00000,0x0000000100000000)
 ParOldGen       total 1040384K, used 59608K [0x00000000a0c00000, 0x00000000e0400000, 0x00000000e0400000)
  object space 1040384K, 5% used [0x00000000a0c00000,0x00000000a46361b0,0x00000000e0400000)
 Metaspace       used 13038K, capacity 13234K, committed 13312K, reserved 1060864K
  class space    used 1469K, capacity 1501K, committed 1536K, reserved 1048576K
2701.547: [GC (Allocation Failure) [PSYoungGen: 518144K->160K(518144K)] 577752K->59816K(1558528K), 0.0017426 secs] [Times: user=0.00 sys=0.00, real=0.00 secs] 
Heap after GC invocations=390 (full 0):
 PSYoungGen      total 518144K, used 160K [0x00000000e0400000, 0x0000000100000000, 0x0000000100000000)
  eden space 516096K, 0% used [0x00000000e0400000,0x00000000e0400000,0x00000000ffc00000)
  from space 2048K, 7% used [0x00000000ffe00000,0x00000000ffe28000,0x0000000100000000)
  to   space 2048K, 0% used [0x00000000ffc00000,0x00000000ffc00000,0x00000000ffe00000)
 ParOldGen       total 1040384K, used 59656K [0x00000000a0c00000, 0x00000000e0400000, 0x00000000e0400000)
  object space 1040384K, 5% used [0x00000000a0c00000,0x00000000a46421b0,0x00000000e0400000)
 Metaspace       used 13038K, capacity 13234K, committed 13312K, reserved 1060864K
  class space    used 1469K, capacity 1501K, committed 1536K, reserved 1048576K
}
{Heap before GC invocations=391 (full 0):
 PSYoungGen      total 518144K, used 516256K [0x00000000e0400000, 0x0000000100000000, 0x0000000100000000)
  eden space 516096K, 100% used [0x00000000e0400000,0x00000000ffc00000,0x00000000ffc00000)
  from space 2048K, 7% used [0x00000000ffe00000,0x00000000ffe28000,0x0000000100000000)
  to   space 2048K, 0% used [0x00000000ffc00000,0x00000000ffc00000,0x00000000ffe00000)
 ParOldGen       total 1040384K, used 59656K [0x00000000a0c00000, 0x00000000e0400000, 0x00000000e0400000)
  object space 1040384K, 5% used [0x00000000a0c00000,0x00000000a46421b0,0x00000000e0400000)
 Metaspace       used 13038K, capacity 13234K, committed 13312K, reserved 1060864K
  class space    used 1469K, capacity 1501K, committed 1536K, reserved 1048576K
2708.489: [GC (Allocation Failure) [PSYoungGen: 516256K->64K(518144K)] 575912K->59728K(1558528K), 0.0021155 secs] [Times: user=0.09 sys=0.00, real=0.00 secs] 
Heap after GC invocations=391 (full 0):
 PSYoungGen      total 518144K, used 64K [0x00000000e0400000, 0x0000000100000000, 0x0000000100000000)
  eden space 516096K, 0% used [0x00000000e0400000,0x00000000e0400000,0x00000000ffc00000)
  from space 2048K, 3% used [0x00000000ffc00000,0x00000000ffc10000,0x00000000ffe00000)
  to   space 2048K, 0% used [0x00000000ffe00000,0x00000000ffe00000,0x0000000100000000)
 ParOldGen       total 1040384K, used 59664K [0x00000000a0c00000, 0x00000000e0400000, 0x00000000e0400000)
  object space 1040384K, 5% used [0x00000000a0c00000,0x00000000a46441b0,0x00000000e0400000)
 Metaspace       used 13038K, capacity 13234K, committed 13312K, reserved 1060864K
  class space    used 1469K, capacity 1501K, committed 1536K, reserved 1048576K
}
{Heap before GC invocations=392 (full 0):
 PSYoungGen      total 518144K, used 516160K [0x00000000e0400000, 0x0000000100000000, 0x0000000100000000)
  eden space 516096K, 100% used [0x00000000e0400000,0x00000000ffc00000,0x00000000ffc00000)
  from space 2048K, 3% used [0x00000000ffc00000,0x00000000ffc10000,0x00000000ffe00000)
  to   space 2048K, 0% used [0x00000000ffe00000,0x00000000ffe00000,0x0000000100000000)
 ParOldGen       total 1040384K, used 59664K [0x00000000a0c00000, 0x00000000e0400000, 0x00000000e0400000)
  object space 1040384K, 5% used [0x00000000a0c00000,0x00000000a46441b0,0x00000000e0400000)
 Metaspace       used 13038K, capacity 13234K, committed 13312K, reserved 1060864K
  class space    used 1469K, capacity 1501K, committed 1536K, reserved 1048576K
2715.503: [GC (Allocation Failure) [PSYoungGen: 516160K->192K(518144K)] 575824K->59856K(1558528K), 0.0018853 secs] [Times: user=0.00 sys=0.00, real=0.00 secs] 
Heap after GC invocations=392 (full 0):
 PSYoungGen      total 518144K, used 192K [0x00000000e0400000, 0x0000000100000000, 0x0000000100000000)
  eden space 516096K, 0% used [0x00000000e0400000,0x00000000e0400000,0x00000000ffc00000)
  from space 2048K, 9% used [0x00000000ffe00000,0x00000000ffe30000,0x0000000100000000)
  to   space 2048K, 0% used [0x00000000ffc00000,0x00000000ffc00000,0x00000000ffe00000)
 ParOldGen       total 1040384K, used 59664K [0x00000000a0c00000, 0x00000000e0400000, 0x00000000e0400000)
  object space 1040384K, 5% used [0x00000000a0c00000,0x00000000a46441b0,0x00000000e0400000)
 Metaspace       used 13038K, capacity 13234K, committed 13312K, reserved 1060864K
  class space    used 1469K, capacity 1501K, committed 1536K, reserved 1048576K
}
{Heap before GC invocations=393 (full 0):
 PSYoungGen      total 518144K, used 516288K [0x00000000e0400000, 0x0000000100000000, 0x0000000100000000)
  eden space 516096K, 100% used [0x00000000e0400000,0x00000000ffc00000,0x00000000ffc00000)
  from space 2048K, 9% used [0x00000000ffe00000,0x00000000ffe30000,0x0000000100000000)
  to   space 2048K, 0% used [0x00000000ffc00000,0x00000000ffc00000,0x00000000ffe00000)
 ParOldGen       total 1040384K, used 59664K [0x00000000a0c00000, 0x00000000e0400000, 0x00000000e0400000)
  object space 1040384K, 5% used [0x00000000a0c00000,0x00000000a46441b0,0x00000000e0400000)
 Metaspace       used 13038K, capacity 13234K, committed 13312K, reserved 1060864K
  class space    used 1469K, capacity 1501K, committed 1536K, reserved 1048576K
2722.557: [GC (Allocation Failure) [PSYoungGen: 516288K->1312K(518144K)] 575952K->60976K(1558528K), 0.0026986 secs] [Times: user=0.00 sys=0.00, real=0.00 secs] 
Heap after GC invocations=393 (full 0):
 PSYoungGen      total 518144K, used 1312K [0x00000000e0400000, 0x0000000100000000, 0x0000000100000000)
  eden space 516096K, 0% used [0x00000000e0400000,0x00000000e0400000,0x00000000ffc00000)
  from space 2048K, 64% used [0x00000000ffc00000,0x00000000ffd48000,0x00000000ffe00000)
  to   space 2048K, 0% used [0x00000000ffe00000,0x00000000ffe00000,0x0000000100000000)
 ParOldGen       total 1040384K, used 59664K [0x00000000a0c00000, 0x00000000e0400000, 0x00000000e0400000)
  object space 1040384K, 5% used [0x00000000a0c00000,0x00000000a46441b0,0x00000000e0400000)
 Metaspace       used 13038K, capacity 13234K, committed 13312K, reserved 1060864K
  class space    used 1469K, capacity 1501K, committed 1536K, reserved 1048576K
}
{Heap before GC invocations=394 (full 0):
 PSYoungGen      total 518144K, used 517408K [0x00000000e0400000, 0x0000000100000000, 0x0000000100000000)
  eden space 516096K, 100% used [0x00000000e0400000,0x00000000ffc00000,0x00000000ffc00000)
  from space 2048K, 64% used [0x00000000ffc00000,0x00000000ffd48000,0x00000000ffe00000)
  to   space 2048K, 0% used [0x00000000ffe00000,0x00000000ffe00000,0x0000000100000000)
 ParOldGen       total 1040384K, used 59664K [0x00000000a0c00000, 0x00000000e0400000, 0x00000000e0400000)
  object space 1040384K, 5% used [0x00000000a0c00000,0x00000000a46441b0,0x00000000e0400000)
 Metaspace       used 13038K, capacity 13234K, committed 13312K, reserved 1060864K
  class space    used 1469K, capacity 1501K, committed 1536K, reserved 1048576K
2729.750: [GC (Allocation Failure) [PSYoungGen: 517408K->96K(518144K)] 577072K->59760K(1558528K), 0.0018530 secs] [Times: user=0.00 sys=0.00, real=0.00 secs] 
Heap after GC invocations=394 (full 0):
 PSYoungGen      total 518144K, used 96K [0x00000000e0400000, 0x0000000100000000, 0x0000000100000000)
  eden space 516096K, 0% used [0x00000000e0400000,0x00000000e0400000,0x00000000ffc00000)
  from space 2048K, 4% used [0x00000000ffe00000,0x00000000ffe18000,0x0000000100000000)
  to   space 2048K, 0% used [0x00000000ffc00000,0x00000000ffc00000,0x00000000ffe00000)
 ParOldGen       total 1040384K, used 59664K [0x00000000a0c00000, 0x00000000e0400000, 0x00000000e0400000)
  object space 1040384K, 5% used [0x00000000a0c00000,0x00000000a46441b0,0x00000000e0400000)
 Metaspace       used 13038K, capacity 13234K, committed 13312K, reserved 1060864K
  class space    used 1469K, capacity 1501K, committed 1536K, reserved 1048576K
}
{Heap before GC invocations=395 (full 0):
 PSYoungGen      total 518144K, used 516192K [0x00000000e0400000, 0x0000000100000000, 0x0000000100000000)
  eden space 516096K, 100% used [0x00000000e0400000,0x00000000ffc00000,0x00000000ffc00000)
  from space 2048K, 4% used [0x00000000ffe00000,0x00000000ffe18000,0x0000000100000000)
  to   space 2048K, 0% used [0x00000000ffc00000,0x00000000ffc00000,0x00000000ffe00000)
 ParOldGen       total 1040384K, used 59664K [0x00000000a0c00000, 0x00000000e0400000, 0x00000000e0400000)
  object space 1040384K, 5% used [0x00000000a0c00000,0x00000000a46441b0,0x00000000e0400000)
 Metaspace       used 13038K, capacity 13234K, committed 13312K, reserved 1060864K
  class space    used 1469K, capacity 1501K, committed 1536K, reserved 1048576K
2736.823: [GC (Allocation Failure) [PSYoungGen: 516192K->256K(518144K)] 575856K->59920K(1558528K), 0.0013373 secs] [Times: user=0.00 sys=0.00, real=0.00 secs] 
Heap after GC invocations=395 (full 0):
 PSYoungGen      total 518144K, used 256K [0x00000000e0400000, 0x0000000100000000, 0x0000000100000000)
  eden space 516096K, 0% used [0x00000000e0400000,0x00000000e0400000,0x00000000ffc00000)
  from space 2048K, 12% used [0x00000000ffc00000,0x00000000ffc40000,0x00000000ffe00000)
  to   space 2048K, 0% used [0x00000000ffe00000,0x00000000ffe00000,0x0000000100000000)
 ParOldGen       total 1040384K, used 59664K [0x00000000a0c00000, 0x00000000e0400000, 0x00000000e0400000)
  object space 1040384K, 5% used [0x00000000a0c00000,0x00000000a46441b0,0x00000000e0400000)
 Metaspace       used 13038K, capacity 13234K, committed 13312K, reserved 1060864K
  class space    used 1469K, capacity 1501K, committed 1536K, reserved 1048576K
}
{Heap before GC invocations=396 (full 0):
 PSYoungGen      total 518144K, used 516352K [0x00000000e0400000, 0x0000000100000000, 0x0000000100000000)
  eden space 516096K, 100% used [0x00000000e0400000,0x00000000ffc00000,0x00000000ffc00000)
  from space 2048K, 12% used [0x00000000ffc00000,0x00000000ffc40000,0x00000000ffe00000)
  to   space 2048K, 0% used [0x00000000ffe00000,0x00000000ffe00000,0x0000000100000000)
 ParOldGen       total 1040384K, used 59664K [0x00000000a0c00000, 0x00000000e0400000, 0x00000000e0400000)
  object space 1040384K, 5% used [0x00000000a0c00000,0x00000000a46441b0,0x00000000e0400000)
 Metaspace       used 13038K, capacity 13234K, committed 13312K, reserved 1060864K
  class space    used 1469K, capacity 1501K, committed 1536K, reserved 1048576K
2743.827: [GC (Allocation Failure) [PSYoungGen: 516352K->192K(518144K)] 576016K->59864K(1558528K), 0.0016785 secs] [Times: user=0.00 sys=0.00, real=0.00 secs] 
Heap after GC invocations=396 (full 0):
 PSYoungGen      total 518144K, used 192K [0x00000000e0400000, 0x0000000100000000, 0x0000000100000000)
  eden space 516096K, 0% used [0x00000000e0400000,0x00000000e0400000,0x00000000ffc00000)
  from space 2048K, 9% used [0x00000000ffe00000,0x00000000ffe30000,0x0000000100000000)
  to   space 2048K, 0% used [0x00000000ffc00000,0x00000000ffc00000,0x00000000ffe00000)
 ParOldGen       total 1040384K, used 59672K [0x00000000a0c00000, 0x00000000e0400000, 0x00000000e0400000)
  object space 1040384K, 5% used [0x00000000a0c00000,0x00000000a46461b0,0x00000000e0400000)
 Metaspace       used 13038K, capacity 13234K, committed 13312K, reserved 1060864K
  class space    used 1469K, capacity 1501K, committed 1536K, reserved 1048576K
}
{Heap before GC invocations=397 (full 0):
 PSYoungGen      total 518144K, used 516288K [0x00000000e0400000, 0x0000000100000000, 0x0000000100000000)
  eden space 516096K, 100% used [0x00000000e0400000,0x00000000ffc00000,0x00000000ffc00000)
  from space 2048K, 9% used [0x00000000ffe00000,0x00000000ffe30000,0x0000000100000000)
  to   space 2048K, 0% used [0x00000000ffc00000,0x00000000ffc00000,0x00000000ffe00000)
 ParOldGen       total 1040384K, used 59672K [0x00000000a0c00000, 0x00000000e0400000, 0x00000000e0400000)
  object space 1040384K, 5% used [0x00000000a0c00000,0x00000000a46461b0,0x00000000e0400000)
 Metaspace       used 13038K, capacity 13234K, committed 13312K, reserved 1060864K
  class space    used 1469K, capacity 1501K, committed 1536K, reserved 1048576K
2750.798: [GC (Allocation Failure) [PSYoungGen: 516288K->160K(518144K)] 575960K->59832K(1558528K), 0.0017976 secs] [Times: user=0.00 sys=0.00, real=0.00 secs] 
Heap after GC invocations=397 (full 0):
 PSYoungGen      total 518144K, used 160K [0x00000000e0400000, 0x0000000100000000, 0x0000000100000000)
  eden space 516096K, 0% used [0x00000000e0400000,0x00000000e0400000,0x00000000ffc00000)
  from space 2048K, 7% used [0x00000000ffc00000,0x00000000ffc28000,0x00000000ffe00000)
  to   space 2048K, 0% used [0x00000000ffe00000,0x00000000ffe00000,0x0000000100000000)
 ParOldGen       total 1040384K, used 59672K [0x00000000a0c00000, 0x00000000e0400000, 0x00000000e0400000)
  object space 1040384K, 5% used [0x00000000a0c00000,0x00000000a46461b0,0x00000000e0400000)
 Metaspace       used 13038K, capacity 13234K, committed 13312K, reserved 1060864K
  class space    used 1469K, capacity 1501K, committed 1536K, reserved 1048576K
}
{Heap before GC invocations=398 (full 0):
 PSYoungGen      total 518144K, used 516256K [0x00000000e0400000, 0x0000000100000000, 0x0000000100000000)
  eden space 516096K, 100% used [0x00000000e0400000,0x00000000ffc00000,0x00000000ffc00000)
  from space 2048K, 7% used [0x00000000ffc00000,0x00000000ffc28000,0x00000000ffe00000)
  to   space 2048K, 0% used [0x00000000ffe00000,0x00000000ffe00000,0x0000000100000000)
 ParOldGen       total 1040384K, used 59672K [0x00000000a0c00000, 0x00000000e0400000, 0x00000000e0400000)
  object space 1040384K, 5% used [0x00000000a0c00000,0x00000000a4646220,0x00000000e0400000)
 Metaspace       used 13038K, capacity 13234K, committed 13312K, reserved 1060864K
  class space    used 1469K, capacity 1501K, committed 1536K, reserved 1048576K
2757.768: [GC (GCLocker Initiated GC) [PSYoungGen: 516256K->1792K(518144K)] 575928K->61464K(1558528K), 0.0028224 secs] [Times: user=0.00 sys=0.00, real=0.00 secs] 
Heap after GC invocations=398 (full 0):
 PSYoungGen      total 518144K, used 1792K [0x00000000e0400000, 0x0000000100000000, 0x0000000100000000)
  eden space 516096K, 0% used [0x00000000e0400000,0x00000000e0400000,0x00000000ffc00000)
  from space 2048K, 87% used [0x00000000ffe00000,0x00000000fffc0000,0x0000000100000000)
  to   space 2048K, 0% used [0x00000000ffc00000,0x00000000ffc00000,0x00000000ffe00000)
 ParOldGen       total 1040384K, used 59672K [0x00000000a0c00000, 0x00000000e0400000, 0x00000000e0400000)
  object space 1040384K, 5% used [0x00000000a0c00000,0x00000000a4646220,0x00000000e0400000)
 Metaspace       used 13038K, capacity 13234K, committed 13312K, reserved 1060864K
  class space    used 1469K, capacity 1501K, committed 1536K, reserved 1048576K
}
{Heap before GC invocations=399 (full 0):
 PSYoungGen      total 518144K, used 517888K [0x00000000e0400000, 0x0000000100000000, 0x0000000100000000)
  eden space 516096K, 100% used [0x00000000e0400000,0x00000000ffc00000,0x00000000ffc00000)
  from space 2048K, 87% used [0x00000000ffe00000,0x00000000fffc0000,0x0000000100000000)
  to   space 2048K, 0% used [0x00000000ffc00000,0x00000000ffc00000,0x00000000ffe00000)
 ParOldGen       total 1040384K, used 59675K [0x00000000a0c00000, 0x00000000e0400000, 0x00000000e0400000)
  object space 1040384K, 5% used [0x00000000a0c00000,0x00000000a4646e80,0x00000000e0400000)
 Metaspace       used 13038K, capacity 13234K, committed 13312K, reserved 1060864K
  class space    used 1469K, capacity 1501K, committed 1536K, reserved 1048576K
2764.929: [GC (Allocation Failure) [PSYoungGen: 517888K->128K(518144K)] 577563K->59827K(1558528K), 0.0016633 secs] [Times: user=0.00 sys=0.00, real=0.00 secs] 
Heap after GC invocations=399 (full 0):
 PSYoungGen      total 518144K, used 128K [0x00000000e0400000, 0x0000000100000000, 0x0000000100000000)
  eden space 516096K, 0% used [0x00000000e0400000,0x00000000e0400000,0x00000000ffc00000)
  from space 2048K, 6% used [0x00000000ffc00000,0x00000000ffc20000,0x00000000ffe00000)
  to   space 2048K, 0% used [0x00000000ffe00000,0x00000000ffe00000,0x0000000100000000)
 ParOldGen       total 1040384K, used 59699K [0x00000000a0c00000, 0x00000000e0400000, 0x00000000e0400000)
  object space 1040384K, 5% used [0x00000000a0c00000,0x00000000a464ce80,0x00000000e0400000)
 Metaspace       used 13038K, capacity 13234K, committed 13312K, reserved 1060864K
  class space    used 1469K, capacity 1501K, committed 1536K, reserved 1048576K
}
{Heap before GC invocations=400 (full 0):
 PSYoungGen      total 518144K, used 516224K [0x00000000e0400000, 0x0000000100000000, 0x0000000100000000)
  eden space 516096K, 100% used [0x00000000e0400000,0x00000000ffc00000,0x00000000ffc00000)
  from space 2048K, 6% used [0x00000000ffc00000,0x00000000ffc20000,0x00000000ffe00000)
  to   space 2048K, 0% used [0x00000000ffe00000,0x00000000ffe00000,0x0000000100000000)
 ParOldGen       total 1040384K, used 59699K [0x00000000a0c00000, 0x00000000e0400000, 0x00000000e0400000)
  object space 1040384K, 5% used [0x00000000a0c00000,0x00000000a464ce80,0x00000000e0400000)
 Metaspace       used 13038K, capacity 13234K, committed 13312K, reserved 1060864K
  class space    used 1469K, capacity 1501K, committed 1536K, reserved 1048576K
2771.977: [GC (Allocation Failure) [PSYoungGen: 516224K->224K(518144K)] 575923K->59955K(1558528K), 0.0017301 secs] [Times: user=0.00 sys=0.00, real=0.00 secs] 
Heap after GC invocations=400 (full 0):
 PSYoungGen      total 518144K, used 224K [0x00000000e0400000, 0x0000000100000000, 0x0000000100000000)
  eden space 516096K, 0% used [0x00000000e0400000,0x00000000e0400000,0x00000000ffc00000)
  from space 2048K, 10% used [0x00000000ffe00000,0x00000000ffe38000,0x0000000100000000)
  to   space 2048K, 0% used [0x00000000ffc00000,0x00000000ffc00000,0x00000000ffe00000)
 ParOldGen       total 1040384K, used 59731K [0x00000000a0c00000, 0x00000000e0400000, 0x00000000e0400000)
  object space 1040384K, 5% used [0x00000000a0c00000,0x00000000a4654e80,0x00000000e0400000)
 Metaspace       used 13038K, capacity 13234K, committed 13312K, reserved 1060864K
  class space    used 1469K, capacity 1501K, committed 1536K, reserved 1048576K
}
{Heap before GC invocations=401 (full 0):
 PSYoungGen      total 518144K, used 516320K [0x00000000e0400000, 0x0000000100000000, 0x0000000100000000)
  eden space 516096K, 100% used [0x00000000e0400000,0x00000000ffc00000,0x00000000ffc00000)
  from space 2048K, 10% used [0x00000000ffe00000,0x00000000ffe38000,0x0000000100000000)
  to   space 2048K, 0% used [0x00000000ffc00000,0x00000000ffc00000,0x00000000ffe00000)
 ParOldGen       total 1040384K, used 59731K [0x00000000a0c00000, 0x00000000e0400000, 0x00000000e0400000)
  object space 1040384K, 5% used [0x00000000a0c00000,0x00000000a4654e80,0x00000000e0400000)
 Metaspace       used 13038K, capacity 13234K, committed 13312K, reserved 1060864K
  class space    used 1469K, capacity 1501K, committed 1536K, reserved 1048576K
2778.925: [GC (Allocation Failure) [PSYoungGen: 516320K->224K(518144K)] 576051K->60003K(1558528K), 0.0012338 secs] [Times: user=0.00 sys=0.00, real=0.00 secs] 
Heap after GC invocations=401 (full 0):
 PSYoungGen      total 518144K, used 224K [0x00000000e0400000, 0x0000000100000000, 0x0000000100000000)
  eden space 516096K, 0% used [0x00000000e0400000,0x00000000e0400000,0x00000000ffc00000)
  from space 2048K, 10% used [0x00000000ffc00000,0x00000000ffc38000,0x00000000ffe00000)
  to   space 2048K, 0% used [0x00000000ffe00000,0x00000000ffe00000,0x0000000100000000)
 ParOldGen       total 1040384K, used 59779K [0x00000000a0c00000, 0x00000000e0400000, 0x00000000e0400000)
  object space 1040384K, 5% used [0x00000000a0c00000,0x00000000a4660e80,0x00000000e0400000)
 Metaspace       used 13038K, capacity 13234K, committed 13312K, reserved 1060864K
  class space    used 1469K, capacity 1501K, committed 1536K, reserved 1048576K
}
{Heap before GC invocations=402 (full 0):
 PSYoungGen      total 518144K, used 516320K [0x00000000e0400000, 0x0000000100000000, 0x0000000100000000)
  eden space 516096K, 100% used [0x00000000e0400000,0x00000000ffc00000,0x00000000ffc00000)
  from space 2048K, 10% used [0x00000000ffc00000,0x00000000ffc38000,0x00000000ffe00000)
  to   space 2048K, 0% used [0x00000000ffe00000,0x00000000ffe00000,0x0000000100000000)
 ParOldGen       total 1040384K, used 59779K [0x00000000a0c00000, 0x00000000e0400000, 0x00000000e0400000)
  object space 1040384K, 5% used [0x00000000a0c00000,0x00000000a4660e80,0x00000000e0400000)
 Metaspace       used 13038K, capacity 13234K, committed 13312K, reserved 1060864K
  class space    used 1469K, capacity 1501K, committed 1536K, reserved 1048576K
2785.982: [GC (Allocation Failure) [PSYoungGen: 516320K->480K(518144K)] 576099K->60259K(1558528K), 0.0014313 secs] [Times: user=0.00 sys=0.00, real=0.00 secs] 
Heap after GC invocations=402 (full 0):
 PSYoungGen      total 518144K, used 480K [0x00000000e0400000, 0x0000000100000000, 0x0000000100000000)
  eden space 516096K, 0% used [0x00000000e0400000,0x00000000e0400000,0x00000000ffc00000)
  from space 2048K, 23% used [0x00000000ffe00000,0x00000000ffe78000,0x0000000100000000)
  to   space 2048K, 0% used [0x00000000ffc00000,0x00000000ffc00000,0x00000000ffe00000)
 ParOldGen       total 1040384K, used 59779K [0x00000000a0c00000, 0x00000000e0400000, 0x00000000e0400000)
  object space 1040384K, 5% used [0x00000000a0c00000,0x00000000a4660e80,0x00000000e0400000)
 Metaspace       used 13038K, capacity 13234K, committed 13312K, reserved 1060864K
  class space    used 1469K, capacity 1501K, committed 1536K, reserved 1048576K
}
{Heap before GC invocations=403 (full 0):
 PSYoungGen      total 518144K, used 516576K [0x00000000e0400000, 0x0000000100000000, 0x0000000100000000)
  eden space 516096K, 100% used [0x00000000e0400000,0x00000000ffc00000,0x00000000ffc00000)
  from space 2048K, 23% used [0x00000000ffe00000,0x00000000ffe78000,0x0000000100000000)
  to   space 2048K, 0% used [0x00000000ffc00000,0x00000000ffc00000,0x00000000ffe00000)
 ParOldGen       total 1040384K, used 59779K [0x00000000a0c00000, 0x00000000e0400000, 0x00000000e0400000)
  object space 1040384K, 5% used [0x00000000a0c00000,0x00000000a4660e80,0x00000000e0400000)
 Metaspace       used 13038K, capacity 13234K, committed 13312K, reserved 1060864K
  class space    used 1469K, capacity 1501K, committed 1536K, reserved 1048576K
2793.064: [GC (Allocation Failure) [PSYoungGen: 516576K->224K(518144K)] 576355K->60003K(1558528K), 0.0012499 secs] [Times: user=0.00 sys=0.00, real=0.00 secs] 
Heap after GC invocations=403 (full 0):
 PSYoungGen      total 518144K, used 224K [0x00000000e0400000, 0x0000000100000000, 0x0000000100000000)
  eden space 516096K, 0% used [0x00000000e0400000,0x00000000e0400000,0x00000000ffc00000)
  from space 2048K, 10% used [0x00000000ffc00000,0x00000000ffc38000,0x00000000ffe00000)
  to   space 1536K, 0% used [0x00000000ffe80000,0x00000000ffe80000,0x0000000100000000)
 ParOldGen       total 1040384K, used 59779K [0x00000000a0c00000, 0x00000000e0400000, 0x00000000e0400000)
  object space 1040384K, 5% used [0x00000000a0c00000,0x00000000a4660e80,0x00000000e0400000)
 Metaspace       used 13038K, capacity 13234K, committed 13312K, reserved 1060864K
  class space    used 1469K, capacity 1501K, committed 1536K, reserved 1048576K
}
{Heap before GC invocations=404 (full 0):
 PSYoungGen      total 518144K, used 516320K [0x00000000e0400000, 0x0000000100000000, 0x0000000100000000)
  eden space 516096K, 100% used [0x00000000e0400000,0x00000000ffc00000,0x00000000ffc00000)
  from space 2048K, 10% used [0x00000000ffc00000,0x00000000ffc38000,0x00000000ffe00000)
  to   space 1536K, 0% used [0x00000000ffe80000,0x00000000ffe80000,0x0000000100000000)
 ParOldGen       total 1040384K, used 59779K [0x00000000a0c00000, 0x00000000e0400000, 0x00000000e0400000)
  object space 1040384K, 5% used [0x00000000a0c00000,0x00000000a4660e80,0x00000000e0400000)
 Metaspace       used 13038K, capacity 13234K, committed 13312K, reserved 1060864K
  class space    used 1469K, capacity 1501K, committed 1536K, reserved 1048576K
2800.022: [GC (Allocation Failure) [PSYoungGen: 516320K->128K(518656K)] 576099K->59915K(1559040K), 0.0016661 secs] [Times: user=0.00 sys=0.00, real=0.00 secs] 
Heap after GC invocations=404 (full 0):
 PSYoungGen      total 518656K, used 128K [0x00000000e0400000, 0x0000000100000000, 0x0000000100000000)
  eden space 517120K, 0% used [0x00000000e0400000,0x00000000e0400000,0x00000000ffd00000)
  from space 1536K, 8% used [0x00000000ffe80000,0x00000000ffea0000,0x0000000100000000)
  to   space 1536K, 0% used [0x00000000ffd00000,0x00000000ffd00000,0x00000000ffe80000)
 ParOldGen       total 1040384K, used 59787K [0x00000000a0c00000, 0x00000000e0400000, 0x00000000e0400000)
  object space 1040384K, 5% used [0x00000000a0c00000,0x00000000a4662e80,0x00000000e0400000)
 Metaspace       used 13038K, capacity 13234K, committed 13312K, reserved 1060864K
  class space    used 1469K, capacity 1501K, committed 1536K, reserved 1048576K
}
{Heap before GC invocations=405 (full 0):
 PSYoungGen      total 518656K, used 517248K [0x00000000e0400000, 0x0000000100000000, 0x0000000100000000)
  eden space 517120K, 100% used [0x00000000e0400000,0x00000000ffd00000,0x00000000ffd00000)
  from space 1536K, 8% used [0x00000000ffe80000,0x00000000ffea0000,0x0000000100000000)
  to   space 1536K, 0% used [0x00000000ffd00000,0x00000000ffd00000,0x00000000ffe80000)
 ParOldGen       total 1040384K, used 59787K [0x00000000a0c00000, 0x00000000e0400000, 0x00000000e0400000)
  object space 1040384K, 5% used [0x00000000a0c00000,0x00000000a4662e80,0x00000000e0400000)
 Metaspace       used 13038K, capacity 13234K, committed 13312K, reserved 1060864K
  class space    used 1469K, capacity 1501K, committed 1536K, reserved 1048576K
2806.912: [GC (Allocation Failure) [PSYoungGen: 517248K->64K(518656K)] 577035K->59851K(1559040K), 0.0017025 secs] [Times: user=0.00 sys=0.00, real=0.00 secs] 
Heap after GC invocations=405 (full 0):
 PSYoungGen      total 518656K, used 64K [0x00000000e0400000, 0x0000000100000000, 0x0000000100000000)
  eden space 517120K, 0% used [0x00000000e0400000,0x00000000e0400000,0x00000000ffd00000)
  from space 1536K, 4% used [0x00000000ffd00000,0x00000000ffd10000,0x00000000ffe80000)
  to   space 1536K, 0% used [0x00000000ffe80000,0x00000000ffe80000,0x0000000100000000)
 ParOldGen       total 1040384K, used 59787K [0x00000000a0c00000, 0x00000000e0400000, 0x00000000e0400000)
  object space 1040384K, 5% used [0x00000000a0c00000,0x00000000a4662e80,0x00000000e0400000)
 Metaspace       used 13038K, capacity 13234K, committed 13312K, reserved 1060864K
  class space    used 1469K, capacity 1501K, committed 1536K, reserved 1048576K
}
{Heap before GC invocations=406 (full 0):
 PSYoungGen      total 518656K, used 517184K [0x00000000e0400000, 0x0000000100000000, 0x0000000100000000)
  eden space 517120K, 100% used [0x00000000e0400000,0x00000000ffd00000,0x00000000ffd00000)
  from space 1536K, 4% used [0x00000000ffd00000,0x00000000ffd10000,0x00000000ffe80000)
  to   space 1536K, 0% used [0x00000000ffe80000,0x00000000ffe80000,0x0000000100000000)
 ParOldGen       total 1040384K, used 59787K [0x00000000a0c00000, 0x00000000e0400000, 0x00000000e0400000)
  object space 1040384K, 5% used [0x00000000a0c00000,0x00000000a4662e80,0x00000000e0400000)
 Metaspace       used 13038K, capacity 13234K, committed 13312K, reserved 1060864K
  class space    used 1469K, capacity 1501K, committed 1536K, reserved 1048576K
2813.940: [GC (Allocation Failure) [PSYoungGen: 517184K->256K(518656K)] 576971K->60043K(1559040K), 0.0012471 secs] [Times: user=0.00 sys=0.00, real=0.00 secs] 
Heap after GC invocations=406 (full 0):
 PSYoungGen      total 518656K, used 256K [0x00000000e0400000, 0x0000000100000000, 0x0000000100000000)
  eden space 517120K, 0% used [0x00000000e0400000,0x00000000e0400000,0x00000000ffd00000)
  from space 1536K, 16% used [0x00000000ffe80000,0x00000000ffec0000,0x0000000100000000)
  to   space 1536K, 0% used [0x00000000ffd00000,0x00000000ffd00000,0x00000000ffe80000)
 ParOldGen       total 1040384K, used 59787K [0x00000000a0c00000, 0x00000000e0400000, 0x00000000e0400000)
  object space 1040384K, 5% used [0x00000000a0c00000,0x00000000a4662e80,0x00000000e0400000)
 Metaspace       used 13038K, capacity 13234K, committed 13312K, reserved 1060864K
  class space    used 1469K, capacity 1501K, committed 1536K, reserved 1048576K
}
{Heap before GC invocations=407 (full 0):
 PSYoungGen      total 518656K, used 517376K [0x00000000e0400000, 0x0000000100000000, 0x0000000100000000)
  eden space 517120K, 100% used [0x00000000e0400000,0x00000000ffd00000,0x00000000ffd00000)
  from space 1536K, 16% used [0x00000000ffe80000,0x00000000ffec0000,0x0000000100000000)
  to   space 1536K, 0% used [0x00000000ffd00000,0x00000000ffd00000,0x00000000ffe80000)
 ParOldGen       total 1040384K, used 59789K [0x00000000a0c00000, 0x00000000e0400000, 0x00000000e0400000)
  object space 1040384K, 5% used [0x00000000a0c00000,0x00000000a46634d8,0x00000000e0400000)
 Metaspace       used 13038K, capacity 13234K, committed 13312K, reserved 1060864K
  class space    used 1469K, capacity 1501K, committed 1536K, reserved 1048576K
2821.012: [GC (GCLocker Initiated GC) [PSYoungGen: 517376K->1440K(518656K)] 577165K->61229K(1559040K), 0.0020212 secs] [Times: user=0.00 sys=0.00, real=0.00 secs] 
Heap after GC invocations=407 (full 0):
 PSYoungGen      total 518656K, used 1440K [0x00000000e0400000, 0x0000000100000000, 0x0000000100000000)
  eden space 517120K, 0% used [0x00000000e0400000,0x00000000e0400000,0x00000000ffd00000)
  from space 1536K, 93% used [0x00000000ffd00000,0x00000000ffe68000,0x00000000ffe80000)
  to   space 1536K, 0% used [0x00000000ffe80000,0x00000000ffe80000,0x0000000100000000)
 ParOldGen       total 1040384K, used 59789K [0x00000000a0c00000, 0x00000000e0400000, 0x00000000e0400000)
  object space 1040384K, 5% used [0x00000000a0c00000,0x00000000a46634d8,0x00000000e0400000)
 Metaspace       used 13038K, capacity 13234K, committed 13312K, reserved 1060864K
  class space    used 1469K, capacity 1501K, committed 1536K, reserved 1048576K
}
{Heap before GC invocations=408 (full 0):
 PSYoungGen      total 518656K, used 518560K [0x00000000e0400000, 0x0000000100000000, 0x0000000100000000)
  eden space 517120K, 100% used [0x00000000e0400000,0x00000000ffd00000,0x00000000ffd00000)
  from space 1536K, 93% used [0x00000000ffd00000,0x00000000ffe68000,0x00000000ffe80000)
  to   space 1536K, 0% used [0x00000000ffe80000,0x00000000ffe80000,0x0000000100000000)
 ParOldGen       total 1040384K, used 59792K [0x00000000a0c00000, 0x00000000e0400000, 0x00000000e0400000)
  object space 1040384K, 5% used [0x00000000a0c00000,0x00000000a46641d8,0x00000000e0400000)
 Metaspace       used 13038K, capacity 13234K, committed 13312K, reserved 1060864K
  class space    used 1469K, capacity 1501K, committed 1536K, reserved 1048576K
2828.081: [GC (Allocation Failure) [PSYoungGen: 518560K->160K(517632K)] 578352K->59968K(1558016K), 0.0017183 secs] [Times: user=0.00 sys=0.00, real=0.00 secs] 
Heap after GC invocations=408 (full 0):
 PSYoungGen      total 517632K, used 160K [0x00000000e0400000, 0x0000000100000000, 0x0000000100000000)
  eden space 516096K, 0% used [0x00000000e0400000,0x00000000e0400000,0x00000000ffc00000)
  from space 1536K, 10% used [0x00000000ffe80000,0x00000000ffea8000,0x0000000100000000)
  to   space 2048K, 0% used [0x00000000ffc00000,0x00000000ffc00000,0x00000000ffe00000)
 ParOldGen       total 1040384K, used 59808K [0x00000000a0c00000, 0x00000000e0400000, 0x00000000e0400000)
  object space 1040384K, 5% used [0x00000000a0c00000,0x00000000a46681d8,0x00000000e0400000)
 Metaspace       used 13038K, capacity 13234K, committed 13312K, reserved 1060864K
  class space    used 1469K, capacity 1501K, committed 1536K, reserved 1048576K
}
{Heap before GC invocations=409 (full 0):
 PSYoungGen      total 517632K, used 516256K [0x00000000e0400000, 0x0000000100000000, 0x0000000100000000)
  eden space 516096K, 100% used [0x00000000e0400000,0x00000000ffc00000,0x00000000ffc00000)
  from space 1536K, 10% used [0x00000000ffe80000,0x00000000ffea8000,0x0000000100000000)
  to   space 2048K, 0% used [0x00000000ffc00000,0x00000000ffc00000,0x00000000ffe00000)
 ParOldGen       total 1040384K, used 59808K [0x00000000a0c00000, 0x00000000e0400000, 0x00000000e0400000)
  object space 1040384K, 5% used [0x00000000a0c00000,0x00000000a46681d8,0x00000000e0400000)
 Metaspace       used 13038K, capacity 13234K, committed 13312K, reserved 1060864K
  class space    used 1469K, capacity 1501K, committed 1536K, reserved 1048576K
2835.120: [GC (Allocation Failure) [PSYoungGen: 516256K->160K(518144K)] 576064K->60000K(1558528K), 0.0016841 secs] [Times: user=0.00 sys=0.00, real=0.00 secs] 
Heap after GC invocations=409 (full 0):
 PSYoungGen      total 518144K, used 160K [0x00000000e0400000, 0x0000000100000000, 0x0000000100000000)
  eden space 516096K, 0% used [0x00000000e0400000,0x00000000e0400000,0x00000000ffc00000)
  from space 2048K, 7% used [0x00000000ffc00000,0x00000000ffc28000,0x00000000ffe00000)
  to   space 1536K, 0% used [0x00000000ffe80000,0x00000000ffe80000,0x0000000100000000)
 ParOldGen       total 1040384K, used 59840K [0x00000000a0c00000, 0x00000000e0400000, 0x00000000e0400000)
  object space 1040384K, 5% used [0x00000000a0c00000,0x00000000a46701d8,0x00000000e0400000)
 Metaspace       used 13038K, capacity 13234K, committed 13312K, reserved 1060864K
  class space    used 1469K, capacity 1501K, committed 1536K, reserved 1048576K
}
{Heap before GC invocations=410 (full 0):
 PSYoungGen      total 518144K, used 516256K [0x00000000e0400000, 0x0000000100000000, 0x0000000100000000)
  eden space 516096K, 100% used [0x00000000e0400000,0x00000000ffc00000,0x00000000ffc00000)
  from space 2048K, 7% used [0x00000000ffc00000,0x00000000ffc28000,0x00000000ffe00000)
  to   space 1536K, 0% used [0x00000000ffe80000,0x00000000ffe80000,0x0000000100000000)
 ParOldGen       total 1040384K, used 59840K [0x00000000a0c00000, 0x00000000e0400000, 0x00000000e0400000)
  object space 1040384K, 5% used [0x00000000a0c00000,0x00000000a46701d8,0x00000000e0400000)
 Metaspace       used 13038K, capacity 13234K, committed 13312K, reserved 1060864K
  class space    used 1469K, capacity 1501K, committed 1536K, reserved 1048576K
2842.121: [GC (Allocation Failure) [PSYoungGen: 516256K->160K(518656K)] 576096K->60024K(1559040K), 0.0016574 secs] [Times: user=0.00 sys=0.00, real=0.00 secs] 
Heap after GC invocations=410 (full 0):
 PSYoungGen      total 518656K, used 160K [0x00000000e0400000, 0x0000000100000000, 0x0000000100000000)
  eden space 517120K, 0% used [0x00000000e0400000,0x00000000e0400000,0x00000000ffd00000)
  from space 1536K, 10% used [0x00000000ffe80000,0x00000000ffea8000,0x0000000100000000)
  to   space 1536K, 0% used [0x00000000ffd00000,0x00000000ffd00000,0x00000000ffe80000)
 ParOldGen       total 1040384K, used 59864K [0x00000000a0c00000, 0x00000000e0400000, 0x00000000e0400000)
  object space 1040384K, 5% used [0x00000000a0c00000,0x00000000a46761d8,0x00000000e0400000)
 Metaspace       used 13038K, capacity 13234K, committed 13312K, reserved 1060864K
  class space    used 1469K, capacity 1501K, committed 1536K, reserved 1048576K
}
{Heap before GC invocations=411 (full 0):
 PSYoungGen      total 518656K, used 517280K [0x00000000e0400000, 0x0000000100000000, 0x0000000100000000)
  eden space 517120K, 100% used [0x00000000e0400000,0x00000000ffd00000,0x00000000ffd00000)
  from space 1536K, 10% used [0x00000000ffe80000,0x00000000ffea8000,0x0000000100000000)
  to   space 1536K, 0% used [0x00000000ffd00000,0x00000000ffd00000,0x00000000ffe80000)
 ParOldGen       total 1040384K, used 59864K [0x00000000a0c00000, 0x00000000e0400000, 0x00000000e0400000)
  object space 1040384K, 5% used [0x00000000a0c00000,0x00000000a46761d8,0x00000000e0400000)
 Metaspace       used 13038K, capacity 13234K, committed 13312K, reserved 1060864K
  class space    used 1469K, capacity 1501K, committed 1536K, reserved 1048576K
2849.102: [GC (Allocation Failure) [PSYoungGen: 517280K->128K(518656K)] 577144K->59992K(1559040K), 0.0018499 secs] [Times: user=0.00 sys=0.00, real=0.00 secs] 
Heap after GC invocations=411 (full 0):
 PSYoungGen      total 518656K, used 128K [0x00000000e0400000, 0x0000000100000000, 0x0000000100000000)
  eden space 517120K, 0% used [0x00000000e0400000,0x00000000e0400000,0x00000000ffd00000)
  from space 1536K, 8% used [0x00000000ffd00000,0x00000000ffd20000,0x00000000ffe80000)
  to   space 1536K, 0% used [0x00000000ffe80000,0x00000000ffe80000,0x0000000100000000)
 ParOldGen       total 1040384K, used 59864K [0x00000000a0c00000, 0x00000000e0400000, 0x00000000e0400000)
  object space 1040384K, 5% used [0x00000000a0c00000,0x00000000a46761d8,0x00000000e0400000)
 Metaspace       used 13038K, capacity 13234K, committed 13312K, reserved 1060864K
  class space    used 1469K, capacity 1501K, committed 1536K, reserved 1048576K
}
{Heap before GC invocations=412 (full 0):
 PSYoungGen      total 518656K, used 517248K [0x00000000e0400000, 0x0000000100000000, 0x0000000100000000)
  eden space 517120K, 100% used [0x00000000e0400000,0x00000000ffd00000,0x00000000ffd00000)
  from space 1536K, 8% used [0x00000000ffd00000,0x00000000ffd20000,0x00000000ffe80000)
  to   space 1536K, 0% used [0x00000000ffe80000,0x00000000ffe80000,0x0000000100000000)
 ParOldGen       total 1040384K, used 59864K [0x00000000a0c00000, 0x00000000e0400000, 0x00000000e0400000)
  object space 1040384K, 5% used [0x00000000a0c00000,0x00000000a4676248,0x00000000e0400000)
 Metaspace       used 13038K, capacity 13234K, committed 13312K, reserved 1060864K
  class space    used 1469K, capacity 1501K, committed 1536K, reserved 1048576K
2855.851: [GC (GCLocker Initiated GC) [PSYoungGen: 517248K->1536K(517632K)] 577112K->61664K(1558016K), 0.0025419 secs] [Times: user=0.00 sys=0.00, real=0.00 secs] 
Heap after GC invocations=412 (full 0):
 PSYoungGen      total 517632K, used 1536K [0x00000000e0400000, 0x0000000100000000, 0x0000000100000000)
  eden space 516096K, 0% used [0x00000000e0400000,0x00000000e0400000,0x00000000ffc00000)
  from space 1536K, 100% used [0x00000000ffe80000,0x0000000100000000,0x0000000100000000)
  to   space 2048K, 0% used [0x00000000ffc00000,0x00000000ffc00000,0x00000000ffe00000)
 ParOldGen       total 1040384K, used 60128K [0x00000000a0c00000, 0x00000000e0400000, 0x00000000e0400000)
  object space 1040384K, 5% used [0x00000000a0c00000,0x00000000a46b8248,0x00000000e0400000)
 Metaspace       used 13038K, capacity 13234K, committed 13312K, reserved 1060864K
  class space    used 1469K, capacity 1501K, committed 1536K, reserved 1048576K
}
{Heap before GC invocations=413 (full 0):
 PSYoungGen      total 517632K, used 517632K [0x00000000e0400000, 0x0000000100000000, 0x0000000100000000)
  eden space 516096K, 100% used [0x00000000e0400000,0x00000000ffc00000,0x00000000ffc00000)
  from space 1536K, 100% used [0x00000000ffe80000,0x0000000100000000,0x0000000100000000)
  to   space 2048K, 0% used [0x00000000ffc00000,0x00000000ffc00000,0x00000000ffe00000)
 ParOldGen       total 1040384K, used 60131K [0x00000000a0c00000, 0x00000000e0400000, 0x00000000e0400000)
  object space 1040384K, 5% used [0x00000000a0c00000,0x00000000a46b8e50,0x00000000e0400000)
 Metaspace       used 13038K, capacity 13234K, committed 13312K, reserved 1060864K
  class space    used 1469K, capacity 1501K, committed 1536K, reserved 1048576K
2862.998: [GC (Allocation Failure) [PSYoungGen: 517632K->224K(518144K)] 577763K->60403K(1558528K), 0.0018063 secs] [Times: user=0.00 sys=0.00, real=0.00 secs] 
Heap after GC invocations=413 (full 0):
 PSYoungGen      total 518144K, used 224K [0x00000000e0400000, 0x0000000100000000, 0x0000000100000000)
  eden space 516096K, 0% used [0x00000000e0400000,0x00000000e0400000,0x00000000ffc00000)
  from space 2048K, 10% used [0x00000000ffc00000,0x00000000ffc38000,0x00000000ffe00000)
  to   space 2048K, 0% used [0x00000000ffe00000,0x00000000ffe00000,0x0000000100000000)
 ParOldGen       total 1040384K, used 60179K [0x00000000a0c00000, 0x00000000e0400000, 0x00000000e0400000)
  object space 1040384K, 5% used [0x00000000a0c00000,0x00000000a46c4e50,0x00000000e0400000)
 Metaspace       used 13038K, capacity 13234K, committed 13312K, reserved 1060864K
  class space    used 1469K, capacity 1501K, committed 1536K, reserved 1048576K
}
{Heap before GC invocations=414 (full 0):
 PSYoungGen      total 518144K, used 516320K [0x00000000e0400000, 0x0000000100000000, 0x0000000100000000)
  eden space 516096K, 100% used [0x00000000e0400000,0x00000000ffc00000,0x00000000ffc00000)
  from space 2048K, 10% used [0x00000000ffc00000,0x00000000ffc38000,0x00000000ffe00000)
  to   space 2048K, 0% used [0x00000000ffe00000,0x00000000ffe00000,0x0000000100000000)
 ParOldGen       total 1040384K, used 60179K [0x00000000a0c00000, 0x00000000e0400000, 0x00000000e0400000)
  object space 1040384K, 5% used [0x00000000a0c00000,0x00000000a46c4e50,0x00000000e0400000)
 Metaspace       used 13038K, capacity 13234K, committed 13312K, reserved 1060864K
  class space    used 1469K, capacity 1501K, committed 1536K, reserved 1048576K
2870.082: [GC (Allocation Failure) [PSYoungGen: 516320K->128K(518144K)] 576499K->60355K(1558528K), 0.0019435 secs] [Times: user=0.09 sys=0.00, real=0.00 secs] 
Heap after GC invocations=414 (full 0):
 PSYoungGen      total 518144K, used 128K [0x00000000e0400000, 0x0000000100000000, 0x0000000100000000)
  eden space 516096K, 0% used [0x00000000e0400000,0x00000000e0400000,0x00000000ffc00000)
  from space 2048K, 6% used [0x00000000ffe00000,0x00000000ffe20000,0x0000000100000000)
  to   space 2048K, 0% used [0x00000000ffc00000,0x00000000ffc00000,0x00000000ffe00000)
 ParOldGen       total 1040384K, used 60227K [0x00000000a0c00000, 0x00000000e0400000, 0x00000000e0400000)
  object space 1040384K, 5% used [0x00000000a0c00000,0x00000000a46d0e50,0x00000000e0400000)
 Metaspace       used 13038K, capacity 13234K, committed 13312K, reserved 1060864K
  class space    used 1469K, capacity 1501K, committed 1536K, reserved 1048576K
}
{Heap before GC invocations=415 (full 0):
 PSYoungGen      total 518144K, used 516224K [0x00000000e0400000, 0x0000000100000000, 0x0000000100000000)
  eden space 516096K, 100% used [0x00000000e0400000,0x00000000ffc00000,0x00000000ffc00000)
  from space 2048K, 6% used [0x00000000ffe00000,0x00000000ffe20000,0x0000000100000000)
  to   space 2048K, 0% used [0x00000000ffc00000,0x00000000ffc00000,0x00000000ffe00000)
 ParOldGen       total 1040384K, used 60227K [0x00000000a0c00000, 0x00000000e0400000, 0x00000000e0400000)
  object space 1040384K, 5% used [0x00000000a0c00000,0x00000000a46d0e50,0x00000000e0400000)
 Metaspace       used 13038K, capacity 13234K, committed 13312K, reserved 1060864K
  class space    used 1469K, capacity 1501K, committed 1536K, reserved 1048576K
2876.958: [GC (Allocation Failure) [PSYoungGen: 516224K->96K(518144K)] 576451K->60331K(1558528K), 0.0016854 secs] [Times: user=0.13 sys=0.00, real=0.00 secs] 
Heap after GC invocations=415 (full 0):
 PSYoungGen      total 518144K, used 96K [0x00000000e0400000, 0x0000000100000000, 0x0000000100000000)
  eden space 516096K, 0% used [0x00000000e0400000,0x00000000e0400000,0x00000000ffc00000)
  from space 2048K, 4% used [0x00000000ffc00000,0x00000000ffc18000,0x00000000ffe00000)
  to   space 2048K, 0% used [0x00000000ffe00000,0x00000000ffe00000,0x0000000100000000)
 ParOldGen       total 1040384K, used 60235K [0x00000000a0c00000, 0x00000000e0400000, 0x00000000e0400000)
  object space 1040384K, 5% used [0x00000000a0c00000,0x00000000a46d2e50,0x00000000e0400000)
 Metaspace       used 13038K, capacity 13234K, committed 13312K, reserved 1060864K
  class space    used 1469K, capacity 1501K, committed 1536K, reserved 1048576K
}
{Heap before GC invocations=416 (full 0):
 PSYoungGen      total 518144K, used 516192K [0x00000000e0400000, 0x0000000100000000, 0x0000000100000000)
  eden space 516096K, 100% used [0x00000000e0400000,0x00000000ffc00000,0x00000000ffc00000)
  from space 2048K, 4% used [0x00000000ffc00000,0x00000000ffc18000,0x00000000ffe00000)
  to   space 2048K, 0% used [0x00000000ffe00000,0x00000000ffe00000,0x0000000100000000)
 ParOldGen       total 1040384K, used 60235K [0x00000000a0c00000, 0x00000000e0400000, 0x00000000e0400000)
  object space 1040384K, 5% used [0x00000000a0c00000,0x00000000a46d2e50,0x00000000e0400000)
 Metaspace       used 13038K, capacity 13234K, committed 13312K, reserved 1060864K
  class space    used 1469K, capacity 1501K, committed 1536K, reserved 1048576K
2883.960: [GC (Allocation Failure) [PSYoungGen: 516192K->448K(518656K)] 576427K->60683K(1559040K), 0.0018066 secs] [Times: user=0.00 sys=0.00, real=0.00 secs] 
Heap after GC invocations=416 (full 0):
 PSYoungGen      total 518656K, used 448K [0x00000000e0400000, 0x0000000100000000, 0x0000000100000000)
  eden space 516608K, 0% used [0x00000000e0400000,0x00000000e0400000,0x00000000ffc80000)
  from space 2048K, 21% used [0x00000000ffe00000,0x00000000ffe70000,0x0000000100000000)
  to   space 1536K, 0% used [0x00000000ffc80000,0x00000000ffc80000,0x00000000ffe00000)
 ParOldGen       total 1040384K, used 60235K [0x00000000a0c00000, 0x00000000e0400000, 0x00000000e0400000)
  object space 1040384K, 5% used [0x00000000a0c00000,0x00000000a46d2e50,0x00000000e0400000)
 Metaspace       used 13038K, capacity 13234K, committed 13312K, reserved 1060864K
  class space    used 1469K, capacity 1501K, committed 1536K, reserved 1048576K
}
{Heap before GC invocations=417 (full 0):
 PSYoungGen      total 518656K, used 517056K [0x00000000e0400000, 0x0000000100000000, 0x0000000100000000)
  eden space 516608K, 100% used [0x00000000e0400000,0x00000000ffc80000,0x00000000ffc80000)
  from space 2048K, 21% used [0x00000000ffe00000,0x00000000ffe70000,0x0000000100000000)
  to   space 1536K, 0% used [0x00000000ffc80000,0x00000000ffc80000,0x00000000ffe00000)
 ParOldGen       total 1040384K, used 60235K [0x00000000a0c00000, 0x00000000e0400000, 0x00000000e0400000)
  object space 1040384K, 5% used [0x00000000a0c00000,0x00000000a46d2e50,0x00000000e0400000)
 Metaspace       used 13038K, capacity 13234K, committed 13312K, reserved 1060864K
  class space    used 1469K, capacity 1501K, committed 1536K, reserved 1048576K
2891.023: [GC (Allocation Failure) [PSYoungGen: 517056K->1376K(518144K)] 577291K->61619K(1558528K), 0.0022355 secs] [Times: user=0.00 sys=0.00, real=0.00 secs] 
Heap after GC invocations=417 (full 0):
 PSYoungGen      total 518144K, used 1376K [0x00000000e0400000, 0x0000000100000000, 0x0000000100000000)
  eden space 516608K, 0% used [0x00000000e0400000,0x00000000e0400000,0x00000000ffc80000)
  from space 1536K, 89% used [0x00000000ffc80000,0x00000000ffdd8000,0x00000000ffe00000)
  to   space 2048K, 0% used [0x00000000ffe00000,0x00000000ffe00000,0x0000000100000000)
 ParOldGen       total 1040384K, used 60243K [0x00000000a0c00000, 0x00000000e0400000, 0x00000000e0400000)
  object space 1040384K, 5% used [0x00000000a0c00000,0x00000000a46d4e50,0x00000000e0400000)
 Metaspace       used 13038K, capacity 13234K, committed 13312K, reserved 1060864K
  class space    used 1469K, capacity 1501K, committed 1536K, reserved 1048576K
}
{Heap before GC invocations=418 (full 0):
 PSYoungGen      total 518144K, used 517984K [0x00000000e0400000, 0x0000000100000000, 0x0000000100000000)
  eden space 516608K, 100% used [0x00000000e0400000,0x00000000ffc80000,0x00000000ffc80000)
  from space 1536K, 89% used [0x00000000ffc80000,0x00000000ffdd8000,0x00000000ffe00000)
  to   space 2048K, 0% used [0x00000000ffe00000,0x00000000ffe00000,0x0000000100000000)
 ParOldGen       total 1040384K, used 60243K [0x00000000a0c00000, 0x00000000e0400000, 0x00000000e0400000)
  object space 1040384K, 5% used [0x00000000a0c00000,0x00000000a46d4e50,0x00000000e0400000)
 Metaspace       used 13038K, capacity 13234K, committed 13312K, reserved 1060864K
  class space    used 1469K, capacity 1501K, committed 1536K, reserved 1048576K
2898.159: [GC (Allocation Failure) [PSYoungGen: 517984K->160K(518144K)] 578227K->60403K(1558528K), 0.0016788 secs] [Times: user=0.00 sys=0.00, real=0.00 secs] 
Heap after GC invocations=418 (full 0):
 PSYoungGen      total 518144K, used 160K [0x00000000e0400000, 0x0000000100000000, 0x0000000100000000)
  eden space 516096K, 0% used [0x00000000e0400000,0x00000000e0400000,0x00000000ffc00000)
  from space 2048K, 7% used [0x00000000ffe00000,0x00000000ffe28000,0x0000000100000000)
  to   space 2048K, 0% used [0x00000000ffc00000,0x00000000ffc00000,0x00000000ffe00000)
 ParOldGen       total 1040384K, used 60243K [0x00000000a0c00000, 0x00000000e0400000, 0x00000000e0400000)
  object space 1040384K, 5% used [0x00000000a0c00000,0x00000000a46d4e50,0x00000000e0400000)
 Metaspace       used 13038K, capacity 13234K, committed 13312K, reserved 1060864K
  class space    used 1469K, capacity 1501K, committed 1536K, reserved 1048576K
}
{Heap before GC invocations=419 (full 0):
 PSYoungGen      total 518144K, used 516256K [0x00000000e0400000, 0x0000000100000000, 0x0000000100000000)
  eden space 516096K, 100% used [0x00000000e0400000,0x00000000ffc00000,0x00000000ffc00000)
  from space 2048K, 7% used [0x00000000ffe00000,0x00000000ffe28000,0x0000000100000000)
  to   space 2048K, 0% used [0x00000000ffc00000,0x00000000ffc00000,0x00000000ffe00000)
 ParOldGen       total 1040384K, used 60243K [0x00000000a0c00000, 0x00000000e0400000, 0x00000000e0400000)
  object space 1040384K, 5% used [0x00000000a0c00000,0x00000000a46d4e50,0x00000000e0400000)
 Metaspace       used 13038K, capacity 13234K, committed 13312K, reserved 1060864K
  class space    used 1469K, capacity 1501K, committed 1536K, reserved 1048576K
2905.218: [GC (Allocation Failure) [PSYoungGen: 516256K->256K(518144K)] 576499K->60499K(1558528K), 0.0013019 secs] [Times: user=0.00 sys=0.00, real=0.00 secs] 
Heap after GC invocations=419 (full 0):
 PSYoungGen      total 518144K, used 256K [0x00000000e0400000, 0x0000000100000000, 0x0000000100000000)
  eden space 516096K, 0% used [0x00000000e0400000,0x00000000e0400000,0x00000000ffc00000)
  from space 2048K, 12% used [0x00000000ffc00000,0x00000000ffc40000,0x00000000ffe00000)
  to   space 2048K, 0% used [0x00000000ffe00000,0x00000000ffe00000,0x0000000100000000)
 ParOldGen       total 1040384K, used 60243K [0x00000000a0c00000, 0x00000000e0400000, 0x00000000e0400000)
  object space 1040384K, 5% used [0x00000000a0c00000,0x00000000a46d4e50,0x00000000e0400000)
 Metaspace       used 13038K, capacity 13234K, committed 13312K, reserved 1060864K
  class space    used 1469K, capacity 1501K, committed 1536K, reserved 1048576K
}
{Heap before GC invocations=420 (full 0):
 PSYoungGen      total 518144K, used 516352K [0x00000000e0400000, 0x0000000100000000, 0x0000000100000000)
  eden space 516096K, 100% used [0x00000000e0400000,0x00000000ffc00000,0x00000000ffc00000)
  from space 2048K, 12% used [0x00000000ffc00000,0x00000000ffc40000,0x00000000ffe00000)
  to   space 2048K, 0% used [0x00000000ffe00000,0x00000000ffe00000,0x0000000100000000)
 ParOldGen       total 1040384K, used 60243K [0x00000000a0c00000, 0x00000000e0400000, 0x00000000e0400000)
  object space 1040384K, 5% used [0x00000000a0c00000,0x00000000a46d4e50,0x00000000e0400000)
 Metaspace       used 13038K, capacity 13234K, committed 13312K, reserved 1060864K
  class space    used 1469K, capacity 1501K, committed 1536K, reserved 1048576K
2912.363: [GC (Allocation Failure) [PSYoungGen: 516352K->224K(518656K)] 576595K->60467K(1559040K), 0.0016092 secs] [Times: user=0.00 sys=0.00, real=0.00 secs] 
Heap after GC invocations=420 (full 0):
 PSYoungGen      total 518656K, used 224K [0x00000000e0400000, 0x0000000100000000, 0x0000000100000000)
  eden space 516608K, 0% used [0x00000000e0400000,0x00000000e0400000,0x00000000ffc80000)
  from space 2048K, 10% used [0x00000000ffe00000,0x00000000ffe38000,0x0000000100000000)
  to   space 1536K, 0% used [0x00000000ffc80000,0x00000000ffc80000,0x00000000ffe00000)
 ParOldGen       total 1040384K, used 60243K [0x00000000a0c00000, 0x00000000e0400000, 0x00000000e0400000)
  object space 1040384K, 5% used [0x00000000a0c00000,0x00000000a46d4e50,0x00000000e0400000)
 Metaspace       used 13038K, capacity 13234K, committed 13312K, reserved 1060864K
  class space    used 1469K, capacity 1501K, committed 1536K, reserved 1048576K
}
{Heap before GC invocations=421 (full 0):
 PSYoungGen      total 518656K, used 516832K [0x00000000e0400000, 0x0000000100000000, 0x0000000100000000)
  eden space 516608K, 100% used [0x00000000e0400000,0x00000000ffc80000,0x00000000ffc80000)
  from space 2048K, 10% used [0x00000000ffe00000,0x00000000ffe38000,0x0000000100000000)
  to   space 1536K, 0% used [0x00000000ffc80000,0x00000000ffc80000,0x00000000ffe00000)
 ParOldGen       total 1040384K, used 60243K [0x00000000a0c00000, 0x00000000e0400000, 0x00000000e0400000)
  object space 1040384K, 5% used [0x00000000a0c00000,0x00000000a46d4e50,0x00000000e0400000)
 Metaspace       used 13038K, capacity 13234K, committed 13312K, reserved 1060864K
  class space    used 1469K, capacity 1501K, committed 1536K, reserved 1048576K
2919.410: [GC (Allocation Failure) [PSYoungGen: 516832K->768K(518144K)] 577075K->61019K(1558528K), 0.0018418 secs] [Times: user=0.02 sys=0.00, real=0.00 secs] 
Heap after GC invocations=421 (full 0):
 PSYoungGen      total 518144K, used 768K [0x00000000e0400000, 0x0000000100000000, 0x0000000100000000)
  eden space 516608K, 0% used [0x00000000e0400000,0x00000000e0400000,0x00000000ffc80000)
  from space 1536K, 50% used [0x00000000ffc80000,0x00000000ffd40000,0x00000000ffe00000)
  to   space 1536K, 0% used [0x00000000ffe80000,0x00000000ffe80000,0x0000000100000000)
 ParOldGen       total 1040384K, used 60251K [0x00000000a0c00000, 0x00000000e0400000, 0x00000000e0400000)
  object space 1040384K, 5% used [0x00000000a0c00000,0x00000000a46d6e50,0x00000000e0400000)
 Metaspace       used 13038K, capacity 13234K, committed 13312K, reserved 1060864K
  class space    used 1469K, capacity 1501K, committed 1536K, reserved 1048576K
}
{Heap before GC invocations=422 (full 0):
 PSYoungGen      total 518144K, used 517376K [0x00000000e0400000, 0x0000000100000000, 0x0000000100000000)
  eden space 516608K, 100% used [0x00000000e0400000,0x00000000ffc80000,0x00000000ffc80000)
  from space 1536K, 50% used [0x00000000ffc80000,0x00000000ffd40000,0x00000000ffe00000)
  to   space 1536K, 0% used [0x00000000ffe80000,0x00000000ffe80000,0x0000000100000000)
 ParOldGen       total 1040384K, used 60251K [0x00000000a0c00000, 0x00000000e0400000, 0x00000000e0400000)
  object space 1040384K, 5% used [0x00000000a0c00000,0x00000000a46d6e50,0x00000000e0400000)
 Metaspace       used 13038K, capacity 13234K, committed 13312K, reserved 1060864K
  class space    used 1469K, capacity 1501K, committed 1536K, reserved 1048576K
2926.435: [GC (Allocation Failure) [PSYoungGen: 517376K->160K(518656K)] 577627K->60411K(1559040K), 0.0148220 secs] [Times: user=0.00 sys=0.00, real=0.01 secs] 
Heap after GC invocations=422 (full 0):
 PSYoungGen      total 518656K, used 160K [0x00000000e0400000, 0x0000000100000000, 0x0000000100000000)
  eden space 517120K, 0% used [0x00000000e0400000,0x00000000e0400000,0x00000000ffd00000)
  from space 1536K, 10% used [0x00000000ffe80000,0x00000000ffea8000,0x0000000100000000)
  to   space 1536K, 0% used [0x00000000ffd00000,0x00000000ffd00000,0x00000000ffe80000)
 ParOldGen       total 1040384K, used 60251K [0x00000000a0c00000, 0x00000000e0400000, 0x00000000e0400000)
  object space 1040384K, 5% used [0x00000000a0c00000,0x00000000a46d6e50,0x00000000e0400000)
 Metaspace       used 13038K, capacity 13234K, committed 13312K, reserved 1060864K
  class space    used 1469K, capacity 1501K, committed 1536K, reserved 1048576K
}
{Heap before GC invocations=423 (full 0):
 PSYoungGen      total 518656K, used 517280K [0x00000000e0400000, 0x0000000100000000, 0x0000000100000000)
  eden space 517120K, 100% used [0x00000000e0400000,0x00000000ffd00000,0x00000000ffd00000)
  from space 1536K, 10% used [0x00000000ffe80000,0x00000000ffea8000,0x0000000100000000)
  to   space 1536K, 0% used [0x00000000ffd00000,0x00000000ffd00000,0x00000000ffe80000)
 ParOldGen       total 1040384K, used 60251K [0x00000000a0c00000, 0x00000000e0400000, 0x00000000e0400000)
  object space 1040384K, 5% used [0x00000000a0c00000,0x00000000a46d6e50,0x00000000e0400000)
 Metaspace       used 13038K, capacity 13234K, committed 13312K, reserved 1060864K
  class space    used 1469K, capacity 1501K, committed 1536K, reserved 1048576K
2933.423: [GC (Allocation Failure) [PSYoungGen: 517280K->256K(518656K)] 577531K->60507K(1559040K), 0.0012733 secs] [Times: user=0.00 sys=0.00, real=0.00 secs] 
Heap after GC invocations=423 (full 0):
 PSYoungGen      total 518656K, used 256K [0x00000000e0400000, 0x0000000100000000, 0x0000000100000000)
  eden space 517120K, 0% used [0x00000000e0400000,0x00000000e0400000,0x00000000ffd00000)
  from space 1536K, 16% used [0x00000000ffd00000,0x00000000ffd40000,0x00000000ffe80000)
  to   space 1536K, 0% used [0x00000000ffe80000,0x00000000ffe80000,0x0000000100000000)
 ParOldGen       total 1040384K, used 60251K [0x00000000a0c00000, 0x00000000e0400000, 0x00000000e0400000)
  object space 1040384K, 5% used [0x00000000a0c00000,0x00000000a46d6e50,0x00000000e0400000)
 Metaspace       used 13038K, capacity 13234K, committed 13312K, reserved 1060864K
  class space    used 1469K, capacity 1501K, committed 1536K, reserved 1048576K
}
{Heap before GC invocations=424 (full 0):
 PSYoungGen      total 518656K, used 517376K [0x00000000e0400000, 0x0000000100000000, 0x0000000100000000)
  eden space 517120K, 100% used [0x00000000e0400000,0x00000000ffd00000,0x00000000ffd00000)
  from space 1536K, 16% used [0x00000000ffd00000,0x00000000ffd40000,0x00000000ffe80000)
  to   space 1536K, 0% used [0x00000000ffe80000,0x00000000ffe80000,0x0000000100000000)
 ParOldGen       total 1040384K, used 60251K [0x00000000a0c00000, 0x00000000e0400000, 0x00000000e0400000)
  object space 1040384K, 5% used [0x00000000a0c00000,0x00000000a46d6e50,0x00000000e0400000)
 Metaspace       used 13038K, capacity 13234K, committed 13312K, reserved 1060864K
  class space    used 1469K, capacity 1501K, committed 1536K, reserved 1048576K
2940.483: [GC (Allocation Failure) [PSYoungGen: 517376K->96K(518656K)] 577627K->60347K(1559040K), 0.0018496 secs] [Times: user=0.00 sys=0.00, real=0.00 secs] 
Heap after GC invocations=424 (full 0):
 PSYoungGen      total 518656K, used 96K [0x00000000e0400000, 0x0000000100000000, 0x0000000100000000)
  eden space 517120K, 0% used [0x00000000e0400000,0x00000000e0400000,0x00000000ffd00000)
  from space 1536K, 6% used [0x00000000ffe80000,0x00000000ffe98000,0x0000000100000000)
  to   space 1536K, 0% used [0x00000000ffd00000,0x00000000ffd00000,0x00000000ffe80000)
 ParOldGen       total 1040384K, used 60251K [0x00000000a0c00000, 0x00000000e0400000, 0x00000000e0400000)
  object space 1040384K, 5% used [0x00000000a0c00000,0x00000000a46d6e50,0x00000000e0400000)
 Metaspace       used 13038K, capacity 13234K, committed 13312K, reserved 1060864K
  class space    used 1469K, capacity 1501K, committed 1536K, reserved 1048576K
}
{Heap before GC invocations=425 (full 0):
 PSYoungGen      total 518656K, used 517216K [0x00000000e0400000, 0x0000000100000000, 0x0000000100000000)
  eden space 517120K, 100% used [0x00000000e0400000,0x00000000ffd00000,0x00000000ffd00000)
  from space 1536K, 6% used [0x00000000ffe80000,0x00000000ffe98000,0x0000000100000000)
  to   space 1536K, 0% used [0x00000000ffd00000,0x00000000ffd00000,0x00000000ffe80000)
 ParOldGen       total 1040384K, used 60251K [0x00000000a0c00000, 0x00000000e0400000, 0x00000000e0400000)
  object space 1040384K, 5% used [0x00000000a0c00000,0x00000000a46d6e50,0x00000000e0400000)
 Metaspace       used 13038K, capacity 13234K, committed 13312K, reserved 1060864K
  class space    used 1469K, capacity 1501K, committed 1536K, reserved 1048576K
2947.560: [GC (Allocation Failure) [PSYoungGen: 517216K->128K(518656K)] 577467K->60379K(1559040K), 0.0017908 secs] [Times: user=0.00 sys=0.00, real=0.00 secs] 
Heap after GC invocations=425 (full 0):
 PSYoungGen      total 518656K, used 128K [0x00000000e0400000, 0x0000000100000000, 0x0000000100000000)
  eden space 517120K, 0% used [0x00000000e0400000,0x00000000e0400000,0x00000000ffd00000)
  from space 1536K, 8% used [0x00000000ffd00000,0x00000000ffd20000,0x00000000ffe80000)
  to   space 1536K, 0% used [0x00000000ffe80000,0x00000000ffe80000,0x0000000100000000)
 ParOldGen       total 1040384K, used 60251K [0x00000000a0c00000, 0x00000000e0400000, 0x00000000e0400000)
  object space 1040384K, 5% used [0x00000000a0c00000,0x00000000a46d6e50,0x00000000e0400000)
 Metaspace       used 13038K, capacity 13234K, committed 13312K, reserved 1060864K
  class space    used 1469K, capacity 1501K, committed 1536K, reserved 1048576K
}
{Heap before GC invocations=426 (full 0):
 PSYoungGen      total 518656K, used 517248K [0x00000000e0400000, 0x0000000100000000, 0x0000000100000000)
  eden space 517120K, 100% used [0x00000000e0400000,0x00000000ffd00000,0x00000000ffd00000)
  from space 1536K, 8% used [0x00000000ffd00000,0x00000000ffd20000,0x00000000ffe80000)
  to   space 1536K, 0% used [0x00000000ffe80000,0x00000000ffe80000,0x0000000100000000)
 ParOldGen       total 1040384K, used 60251K [0x00000000a0c00000, 0x00000000e0400000, 0x00000000e0400000)
  object space 1040384K, 5% used [0x00000000a0c00000,0x00000000a46d6ea8,0x00000000e0400000)
 Metaspace       used 13038K, capacity 13234K, committed 13312K, reserved 1060864K
  class space    used 1469K, capacity 1501K, committed 1536K, reserved 1048576K
2954.465: [GC (GCLocker Initiated GC) [PSYoungGen: 517248K->1472K(517632K)] 577499K->61731K(1558016K), 0.0022119 secs] [Times: user=0.00 sys=0.00, real=0.00 secs] 
Heap after GC invocations=426 (full 0):
 PSYoungGen      total 517632K, used 1472K [0x00000000e0400000, 0x0000000100000000, 0x0000000100000000)
  eden space 516096K, 0% used [0x00000000e0400000,0x00000000e0400000,0x00000000ffc00000)
  from space 1536K, 95% used [0x00000000ffe80000,0x00000000ffff0000,0x0000000100000000)
  to   space 2048K, 0% used [0x00000000ffc00000,0x00000000ffc00000,0x00000000ffe00000)
 ParOldGen       total 1040384K, used 60259K [0x00000000a0c00000, 0x00000000e0400000, 0x00000000e0400000)
  object space 1040384K, 5% used [0x00000000a0c00000,0x00000000a46d8ea8,0x00000000e0400000)
 Metaspace       used 13038K, capacity 13234K, committed 13312K, reserved 1060864K
  class space    used 1469K, capacity 1501K, committed 1536K, reserved 1048576K
}
{Heap before GC invocations=427 (full 0):
 PSYoungGen      total 517632K, used 517568K [0x00000000e0400000, 0x0000000100000000, 0x0000000100000000)
  eden space 516096K, 100% used [0x00000000e0400000,0x00000000ffc00000,0x00000000ffc00000)
  from space 1536K, 95% used [0x00000000ffe80000,0x00000000ffff0000,0x0000000100000000)
  to   space 2048K, 0% used [0x00000000ffc00000,0x00000000ffc00000,0x00000000ffe00000)
 ParOldGen       total 1040384K, used 60262K [0x00000000a0c00000, 0x00000000e0400000, 0x00000000e0400000)
  object space 1040384K, 5% used [0x00000000a0c00000,0x00000000a46d9a00,0x00000000e0400000)
 Metaspace       used 13038K, capacity 13234K, committed 13312K, reserved 1060864K
  class space    used 1469K, capacity 1501K, committed 1536K, reserved 1048576K
2961.725: [GC (Allocation Failure) [PSYoungGen: 517568K->192K(518144K)] 577830K->60486K(1558528K), 0.0013532 secs] [Times: user=0.00 sys=0.00, real=0.00 secs] 
Heap after GC invocations=427 (full 0):
 PSYoungGen      total 518144K, used 192K [0x00000000e0400000, 0x0000000100000000, 0x0000000100000000)
  eden space 516096K, 0% used [0x00000000e0400000,0x00000000e0400000,0x00000000ffc00000)
  from space 2048K, 9% used [0x00000000ffc00000,0x00000000ffc30000,0x00000000ffe00000)
  to   space 2048K, 0% used [0x00000000ffe00000,0x00000000ffe00000,0x0000000100000000)
 ParOldGen       total 1040384K, used 60294K [0x00000000a0c00000, 0x00000000e0400000, 0x00000000e0400000)
  object space 1040384K, 5% used [0x00000000a0c00000,0x00000000a46e1a00,0x00000000e0400000)
 Metaspace       used 13038K, capacity 13234K, committed 13312K, reserved 1060864K
  class space    used 1469K, capacity 1501K, committed 1536K, reserved 1048576K
}
{Heap before GC invocations=428 (full 0):
 PSYoungGen      total 518144K, used 516288K [0x00000000e0400000, 0x0000000100000000, 0x0000000100000000)
  eden space 516096K, 100% used [0x00000000e0400000,0x00000000ffc00000,0x00000000ffc00000)
  from space 2048K, 9% used [0x00000000ffc00000,0x00000000ffc30000,0x00000000ffe00000)
  to   space 2048K, 0% used [0x00000000ffe00000,0x00000000ffe00000,0x0000000100000000)
 ParOldGen       total 1040384K, used 60294K [0x00000000a0c00000, 0x00000000e0400000, 0x00000000e0400000)
  object space 1040384K, 5% used [0x00000000a0c00000,0x00000000a46e1a00,0x00000000e0400000)
 Metaspace       used 13038K, capacity 13234K, committed 13312K, reserved 1060864K
  class space    used 1469K, capacity 1501K, committed 1536K, reserved 1048576K
2968.644: [GC (Allocation Failure) [PSYoungGen: 516288K->192K(518656K)] 576582K->60486K(1559040K), 0.0013131 secs] [Times: user=0.02 sys=0.00, real=0.00 secs] 
Heap after GC invocations=428 (full 0):
 PSYoungGen      total 518656K, used 192K [0x00000000e0400000, 0x0000000100000000, 0x0000000100000000)
  eden space 516608K, 0% used [0x00000000e0400000,0x00000000e0400000,0x00000000ffc80000)
  from space 2048K, 9% used [0x00000000ffe00000,0x00000000ffe30000,0x0000000100000000)
  to   space 1536K, 0% used [0x00000000ffc80000,0x00000000ffc80000,0x00000000ffe00000)
 ParOldGen       total 1040384K, used 60294K [0x00000000a0c00000, 0x00000000e0400000, 0x00000000e0400000)
  object space 1040384K, 5% used [0x00000000a0c00000,0x00000000a46e1a00,0x00000000e0400000)
 Metaspace       used 13038K, capacity 13234K, committed 13312K, reserved 1060864K
  class space    used 1469K, capacity 1501K, committed 1536K, reserved 1048576K
}
{Heap before GC invocations=429 (full 0):
 PSYoungGen      total 518656K, used 516800K [0x00000000e0400000, 0x0000000100000000, 0x0000000100000000)
  eden space 516608K, 100% used [0x00000000e0400000,0x00000000ffc80000,0x00000000ffc80000)
  from space 2048K, 9% used [0x00000000ffe00000,0x00000000ffe30000,0x0000000100000000)
  to   space 1536K, 0% used [0x00000000ffc80000,0x00000000ffc80000,0x00000000ffe00000)
 ParOldGen       total 1040384K, used 60294K [0x00000000a0c00000, 0x00000000e0400000, 0x00000000e0400000)
  object space 1040384K, 5% used [0x00000000a0c00000,0x00000000a46e1a00,0x00000000e0400000)
 Metaspace       used 13038K, capacity 13234K, committed 13312K, reserved 1060864K
  class space    used 1469K, capacity 1501K, committed 1536K, reserved 1048576K
2975.592: [GC (Allocation Failure) [PSYoungGen: 516800K->192K(518144K)] 577094K->60502K(1558528K), 0.0016608 secs] [Times: user=0.00 sys=0.00, real=0.00 secs] 
Heap after GC invocations=429 (full 0):
 PSYoungGen      total 518144K, used 192K [0x00000000e0400000, 0x0000000100000000, 0x0000000100000000)
  eden space 516608K, 0% used [0x00000000e0400000,0x00000000e0400000,0x00000000ffc80000)
  from space 1536K, 12% used [0x00000000ffc80000,0x00000000ffcb0000,0x00000000ffe00000)
  to   space 1536K, 0% used [0x00000000ffe80000,0x00000000ffe80000,0x0000000100000000)
 ParOldGen       total 1040384K, used 60310K [0x00000000a0c00000, 0x00000000e0400000, 0x00000000e0400000)
  object space 1040384K, 5% used [0x00000000a0c00000,0x00000000a46e5a00,0x00000000e0400000)
 Metaspace       used 13038K, capacity 13234K, committed 13312K, reserved 1060864K
  class space    used 1469K, capacity 1501K, committed 1536K, reserved 1048576K
}
{Heap before GC invocations=430 (full 0):
 PSYoungGen      total 518144K, used 516800K [0x00000000e0400000, 0x0000000100000000, 0x0000000100000000)
  eden space 516608K, 100% used [0x00000000e0400000,0x00000000ffc80000,0x00000000ffc80000)
  from space 1536K, 12% used [0x00000000ffc80000,0x00000000ffcb0000,0x00000000ffe00000)
  to   space 1536K, 0% used [0x00000000ffe80000,0x00000000ffe80000,0x0000000100000000)
 ParOldGen       total 1040384K, used 60310K [0x00000000a0c00000, 0x00000000e0400000, 0x00000000e0400000)
  object space 1040384K, 5% used [0x00000000a0c00000,0x00000000a46e5a00,0x00000000e0400000)
 Metaspace       used 13038K, capacity 13234K, committed 13312K, reserved 1060864K
  class space    used 1469K, capacity 1501K, committed 1536K, reserved 1048576K
2982.729: [GC (Allocation Failure) [PSYoungGen: 516800K->128K(518656K)] 577110K->60446K(1559040K), 0.0017093 secs] [Times: user=0.00 sys=0.00, real=0.00 secs] 
Heap after GC invocations=430 (full 0):
 PSYoungGen      total 518656K, used 128K [0x00000000e0400000, 0x0000000100000000, 0x0000000100000000)
  eden space 517120K, 0% used [0x00000000e0400000,0x00000000e0400000,0x00000000ffd00000)
  from space 1536K, 8% used [0x00000000ffe80000,0x00000000ffea0000,0x0000000100000000)
  to   space 1536K, 0% used [0x00000000ffd00000,0x00000000ffd00000,0x00000000ffe80000)
 ParOldGen       total 1040384K, used 60318K [0x00000000a0c00000, 0x00000000e0400000, 0x00000000e0400000)
  object space 1040384K, 5% used [0x00000000a0c00000,0x00000000a46e7a00,0x00000000e0400000)
 Metaspace       used 13038K, capacity 13234K, committed 13312K, reserved 1060864K
  class space    used 1469K, capacity 1501K, committed 1536K, reserved 1048576K
}
{Heap before GC invocations=431 (full 0):
 PSYoungGen      total 518656K, used 517248K [0x00000000e0400000, 0x0000000100000000, 0x0000000100000000)
  eden space 517120K, 100% used [0x00000000e0400000,0x00000000ffd00000,0x00000000ffd00000)
  from space 1536K, 8% used [0x00000000ffe80000,0x00000000ffea0000,0x0000000100000000)
  to   space 1536K, 0% used [0x00000000ffd00000,0x00000000ffd00000,0x00000000ffe80000)
 ParOldGen       total 1040384K, used 60318K [0x00000000a0c00000, 0x00000000e0400000, 0x00000000e0400000)
  object space 1040384K, 5% used [0x00000000a0c00000,0x00000000a46e7a58,0x00000000e0400000)
 Metaspace       used 13038K, capacity 13234K, committed 13312K, reserved 1060864K
  class space    used 1469K, capacity 1501K, committed 1536K, reserved 1048576K
2989.613: [GC (GCLocker Initiated GC) [PSYoungGen: 517248K->1440K(518656K)] 577566K->61758K(1559040K), 0.0022887 secs] [Times: user=0.08 sys=0.00, real=0.00 secs] 
Heap after GC invocations=431 (full 0):
 PSYoungGen      total 518656K, used 1440K [0x00000000e0400000, 0x0000000100000000, 0x0000000100000000)
  eden space 517120K, 0% used [0x00000000e0400000,0x00000000e0400000,0x00000000ffd00000)
  from space 1536K, 93% used [0x00000000ffd00000,0x00000000ffe68000,0x00000000ffe80000)
  to   space 1536K, 0% used [0x00000000ffe80000,0x00000000ffe80000,0x0000000100000000)
 ParOldGen       total 1040384K, used 60318K [0x00000000a0c00000, 0x00000000e0400000, 0x00000000e0400000)
  object space 1040384K, 5% used [0x00000000a0c00000,0x00000000a46e7a58,0x00000000e0400000)
 Metaspace       used 13038K, capacity 13234K, committed 13312K, reserved 1060864K
  class space    used 1469K, capacity 1501K, committed 1536K, reserved 1048576K
}
{Heap before GC invocations=432 (full 0):
 PSYoungGen      total 518656K, used 518560K [0x00000000e0400000, 0x0000000100000000, 0x0000000100000000)
  eden space 517120K, 100% used [0x00000000e0400000,0x00000000ffd00000,0x00000000ffd00000)
  from space 1536K, 93% used [0x00000000ffd00000,0x00000000ffe68000,0x00000000ffe80000)
  to   space 1536K, 0% used [0x00000000ffe80000,0x00000000ffe80000,0x0000000100000000)
 ParOldGen       total 1040384K, used 60321K [0x00000000a0c00000, 0x00000000e0400000, 0x00000000e0400000)
  object space 1040384K, 5% used [0x00000000a0c00000,0x00000000a46e8758,0x00000000e0400000)
 Metaspace       used 13038K, capacity 13234K, committed 13312K, reserved 1060864K
  class space    used 1469K, capacity 1501K, committed 1536K, reserved 1048576K
2996.558: [GC (Allocation Failure) [PSYoungGen: 518560K->96K(517632K)] 578881K->60425K(1558016K), 0.0018287 secs] [Times: user=0.00 sys=0.00, real=0.00 secs] 
Heap after GC invocations=432 (full 0):
 PSYoungGen      total 517632K, used 96K [0x00000000e0400000, 0x0000000100000000, 0x0000000100000000)
  eden space 516096K, 0% used [0x00000000e0400000,0x00000000e0400000,0x00000000ffc00000)
  from space 1536K, 6% used [0x00000000ffe80000,0x00000000ffe98000,0x0000000100000000)
  to   space 2048K, 0% used [0x00000000ffc00000,0x00000000ffc00000,0x00000000ffe00000)
 ParOldGen       total 1040384K, used 60329K [0x00000000a0c00000, 0x00000000e0400000, 0x00000000e0400000)
  object space 1040384K, 5% used [0x00000000a0c00000,0x00000000a46ea758,0x00000000e0400000)
 Metaspace       used 13038K, capacity 13234K, committed 13312K, reserved 1060864K
  class space    used 1469K, capacity 1501K, committed 1536K, reserved 1048576K
}
{Heap before GC invocations=433 (full 0):
 PSYoungGen      total 517632K, used 516192K [0x00000000e0400000, 0x0000000100000000, 0x0000000100000000)
  eden space 516096K, 100% used [0x00000000e0400000,0x00000000ffc00000,0x00000000ffc00000)
  from space 1536K, 6% used [0x00000000ffe80000,0x00000000ffe98000,0x0000000100000000)
  to   space 2048K, 0% used [0x00000000ffc00000,0x00000000ffc00000,0x00000000ffe00000)
 ParOldGen       total 1040384K, used 60329K [0x00000000a0c00000, 0x00000000e0400000, 0x00000000e0400000)
  object space 1040384K, 5% used [0x00000000a0c00000,0x00000000a46ea758,0x00000000e0400000)
 Metaspace       used 13038K, capacity 13234K, committed 13312K, reserved 1060864K
  class space    used 1469K, capacity 1501K, committed 1536K, reserved 1048576K
3003.574: [GC (Allocation Failure) [PSYoungGen: 516192K->192K(518144K)] 576521K->60521K(1558528K), 0.0018297 secs] [Times: user=0.00 sys=0.00, real=0.00 secs] 
Heap after GC invocations=433 (full 0):
 PSYoungGen      total 518144K, used 192K [0x00000000e0400000, 0x0000000100000000, 0x0000000100000000)
  eden space 516096K, 0% used [0x00000000e0400000,0x00000000e0400000,0x00000000ffc00000)
  from space 2048K, 9% used [0x00000000ffc00000,0x00000000ffc30000,0x00000000ffe00000)
  to   space 1536K, 0% used [0x00000000ffe80000,0x00000000ffe80000,0x0000000100000000)
 ParOldGen       total 1040384K, used 60329K [0x00000000a0c00000, 0x00000000e0400000, 0x00000000e0400000)
  object space 1040384K, 5% used [0x00000000a0c00000,0x00000000a46ea758,0x00000000e0400000)
 Metaspace       used 13038K, capacity 13234K, committed 13312K, reserved 1060864K
  class space    used 1469K, capacity 1501K, committed 1536K, reserved 1048576K
}
{Heap before GC invocations=434 (full 0):
 PSYoungGen      total 518144K, used 516288K [0x00000000e0400000, 0x0000000100000000, 0x0000000100000000)
  eden space 516096K, 100% used [0x00000000e0400000,0x00000000ffc00000,0x00000000ffc00000)
  from space 2048K, 9% used [0x00000000ffc00000,0x00000000ffc30000,0x00000000ffe00000)
  to   space 1536K, 0% used [0x00000000ffe80000,0x00000000ffe80000,0x0000000100000000)
 ParOldGen       total 1040384K, used 60329K [0x00000000a0c00000, 0x00000000e0400000, 0x00000000e0400000)
  object space 1040384K, 5% used [0x00000000a0c00000,0x00000000a46ea758,0x00000000e0400000)
 Metaspace       used 13038K, capacity 13234K, committed 13312K, reserved 1060864K
  class space    used 1469K, capacity 1501K, committed 1536K, reserved 1048576K
3010.648: [GC (Allocation Failure) [PSYoungGen: 516288K->160K(518656K)] 576617K->60521K(1559040K), 0.0017625 secs] [Times: user=0.00 sys=0.00, real=0.00 secs] 
Heap after GC invocations=434 (full 0):
 PSYoungGen      total 518656K, used 160K [0x00000000e0400000, 0x0000000100000000, 0x0000000100000000)
  eden space 517120K, 0% used [0x00000000e0400000,0x00000000e0400000,0x00000000ffd00000)
  from space 1536K, 10% used [0x00000000ffe80000,0x00000000ffea8000,0x0000000100000000)
  to   space 1536K, 0% used [0x00000000ffd00000,0x00000000ffd00000,0x00000000ffe80000)
 ParOldGen       total 1040384K, used 60361K [0x00000000a0c00000, 0x00000000e0400000, 0x00000000e0400000)
  object space 1040384K, 5% used [0x00000000a0c00000,0x00000000a46f2758,0x00000000e0400000)
 Metaspace       used 13038K, capacity 13234K, committed 13312K, reserved 1060864K
  class space    used 1469K, capacity 1501K, committed 1536K, reserved 1048576K
}
{Heap before GC invocations=435 (full 0):
 PSYoungGen      total 518656K, used 517280K [0x00000000e0400000, 0x0000000100000000, 0x0000000100000000)
  eden space 517120K, 100% used [0x00000000e0400000,0x00000000ffd00000,0x00000000ffd00000)
  from space 1536K, 10% used [0x00000000ffe80000,0x00000000ffea8000,0x0000000100000000)
  to   space 1536K, 0% used [0x00000000ffd00000,0x00000000ffd00000,0x00000000ffe80000)
 ParOldGen       total 1040384K, used 60361K [0x00000000a0c00000, 0x00000000e0400000, 0x00000000e0400000)
  object space 1040384K, 5% used [0x00000000a0c00000,0x00000000a46f2758,0x00000000e0400000)
 Metaspace       used 13038K, capacity 13234K, committed 13312K, reserved 1060864K
  class space    used 1469K, capacity 1501K, committed 1536K, reserved 1048576K
3017.585: [GC (Allocation Failure) [PSYoungGen: 517280K->832K(518656K)] 577641K->61193K(1559040K), 0.0021730 secs] [Times: user=0.00 sys=0.00, real=0.00 secs] 
Heap after GC invocations=435 (full 0):
 PSYoungGen      total 518656K, used 832K [0x00000000e0400000, 0x0000000100000000, 0x0000000100000000)
  eden space 517120K, 0% used [0x00000000e0400000,0x00000000e0400000,0x00000000ffd00000)
  from space 1536K, 54% used [0x00000000ffd00000,0x00000000ffdd0000,0x00000000ffe80000)
  to   space 1536K, 0% used [0x00000000ffe80000,0x00000000ffe80000,0x0000000100000000)
 ParOldGen       total 1040384K, used 60361K [0x00000000a0c00000, 0x00000000e0400000, 0x00000000e0400000)
  object space 1040384K, 5% used [0x00000000a0c00000,0x00000000a46f2758,0x00000000e0400000)
 Metaspace       used 13038K, capacity 13234K, committed 13312K, reserved 1060864K
  class space    used 1469K, capacity 1501K, committed 1536K, reserved 1048576K
}
{Heap before GC invocations=436 (full 0):
 PSYoungGen      total 518656K, used 517952K [0x00000000e0400000, 0x0000000100000000, 0x0000000100000000)
  eden space 517120K, 100% used [0x00000000e0400000,0x00000000ffd00000,0x00000000ffd00000)
  from space 1536K, 54% used [0x00000000ffd00000,0x00000000ffdd0000,0x00000000ffe80000)
  to   space 1536K, 0% used [0x00000000ffe80000,0x00000000ffe80000,0x0000000100000000)
 ParOldGen       total 1040384K, used 60361K [0x00000000a0c00000, 0x00000000e0400000, 0x00000000e0400000)
  object space 1040384K, 5% used [0x00000000a0c00000,0x00000000a46f2758,0x00000000e0400000)
 Metaspace       used 13038K, capacity 13234K, committed 13312K, reserved 1060864K
  class space    used 1469K, capacity 1501K, committed 1536K, reserved 1048576K
3024.691: [GC (Allocation Failure) [PSYoungGen: 517952K->1280K(517632K)] 578313K->61641K(1558016K), 0.0018701 secs] [Times: user=0.02 sys=0.00, real=0.00 secs] 
Heap after GC invocations=436 (full 0):
 PSYoungGen      total 517632K, used 1280K [0x00000000e0400000, 0x0000000100000000, 0x0000000100000000)
  eden space 516096K, 0% used [0x00000000e0400000,0x00000000e0400000,0x00000000ffc00000)
  from space 1536K, 83% used [0x00000000ffe80000,0x00000000fffc0000,0x0000000100000000)
  to   space 2048K, 0% used [0x00000000ffc00000,0x00000000ffc00000,0x00000000ffe00000)
 ParOldGen       total 1040384K, used 60361K [0x00000000a0c00000, 0x00000000e0400000, 0x00000000e0400000)
  object space 1040384K, 5% used [0x00000000a0c00000,0x00000000a46f2758,0x00000000e0400000)
 Metaspace       used 13038K, capacity 13234K, committed 13312K, reserved 1060864K
  class space    used 1469K, capacity 1501K, committed 1536K, reserved 1048576K
}
{Heap before GC invocations=437 (full 0):
 PSYoungGen      total 517632K, used 517376K [0x00000000e0400000, 0x0000000100000000, 0x0000000100000000)
  eden space 516096K, 100% used [0x00000000e0400000,0x00000000ffc00000,0x00000000ffc00000)
  from space 1536K, 83% used [0x00000000ffe80000,0x00000000fffc0000,0x0000000100000000)
  to   space 2048K, 0% used [0x00000000ffc00000,0x00000000ffc00000,0x00000000ffe00000)
 ParOldGen       total 1040384K, used 60361K [0x00000000a0c00000, 0x00000000e0400000, 0x00000000e0400000)
  object space 1040384K, 5% used [0x00000000a0c00000,0x00000000a46f2758,0x00000000e0400000)
 Metaspace       used 13038K, capacity 13234K, committed 13312K, reserved 1060864K
  class space    used 1469K, capacity 1501K, committed 1536K, reserved 1048576K
3031.678: [GC (Allocation Failure) [PSYoungGen: 517376K->192K(518144K)] 577737K->60553K(1558528K), 0.0016455 secs] [Times: user=0.00 sys=0.00, real=0.00 secs] 
Heap after GC invocations=437 (full 0):
 PSYoungGen      total 518144K, used 192K [0x00000000e0400000, 0x0000000100000000, 0x0000000100000000)
  eden space 516096K, 0% used [0x00000000e0400000,0x00000000e0400000,0x00000000ffc00000)
  from space 2048K, 9% used [0x00000000ffc00000,0x00000000ffc30000,0x00000000ffe00000)
  to   space 2048K, 0% used [0x00000000ffe00000,0x00000000ffe00000,0x0000000100000000)
 ParOldGen       total 1040384K, used 60361K [0x00000000a0c00000, 0x00000000e0400000, 0x00000000e0400000)
  object space 1040384K, 5% used [0x00000000a0c00000,0x00000000a46f2758,0x00000000e0400000)
 Metaspace       used 13038K, capacity 13234K, committed 13312K, reserved 1060864K
  class space    used 1469K, capacity 1501K, committed 1536K, reserved 1048576K
}
{Heap before GC invocations=438 (full 0):
 PSYoungGen      total 518144K, used 516288K [0x00000000e0400000, 0x0000000100000000, 0x0000000100000000)
  eden space 516096K, 100% used [0x00000000e0400000,0x00000000ffc00000,0x00000000ffc00000)
  from space 2048K, 9% used [0x00000000ffc00000,0x00000000ffc30000,0x00000000ffe00000)
  to   space 2048K, 0% used [0x00000000ffe00000,0x00000000ffe00000,0x0000000100000000)
 ParOldGen       total 1040384K, used 60361K [0x00000000a0c00000, 0x00000000e0400000, 0x00000000e0400000)
  object space 1040384K, 5% used [0x00000000a0c00000,0x00000000a46f2758,0x00000000e0400000)
 Metaspace       used 13038K, capacity 13234K, committed 13312K, reserved 1060864K
  class space    used 1469K, capacity 1501K, committed 1536K, reserved 1048576K
3038.784: [GC (Allocation Failure) [PSYoungGen: 516288K->224K(518144K)] 576649K->60593K(1558528K), 0.0016256 secs] [Times: user=0.00 sys=0.00, real=0.00 secs] 
Heap after GC invocations=438 (full 0):
 PSYoungGen      total 518144K, used 224K [0x00000000e0400000, 0x0000000100000000, 0x0000000100000000)
  eden space 516096K, 0% used [0x00000000e0400000,0x00000000e0400000,0x00000000ffc00000)
  from space 2048K, 10% used [0x00000000ffe00000,0x00000000ffe38000,0x0000000100000000)
  to   space 2048K, 0% used [0x00000000ffc00000,0x00000000ffc00000,0x00000000ffe00000)
 ParOldGen       total 1040384K, used 60369K [0x00000000a0c00000, 0x00000000e0400000, 0x00000000e0400000)
  object space 1040384K, 5% used [0x00000000a0c00000,0x00000000a46f4758,0x00000000e0400000)
 Metaspace       used 13038K, capacity 13234K, committed 13312K, reserved 1060864K
  class space    used 1469K, capacity 1501K, committed 1536K, reserved 1048576K
}
{Heap before GC invocations=439 (full 0):
 PSYoungGen      total 518144K, used 516320K [0x00000000e0400000, 0x0000000100000000, 0x0000000100000000)
  eden space 516096K, 100% used [0x00000000e0400000,0x00000000ffc00000,0x00000000ffc00000)
  from space 2048K, 10% used [0x00000000ffe00000,0x00000000ffe38000,0x0000000100000000)
  to   space 2048K, 0% used [0x00000000ffc00000,0x00000000ffc00000,0x00000000ffe00000)
 ParOldGen       total 1040384K, used 60369K [0x00000000a0c00000, 0x00000000e0400000, 0x00000000e0400000)
  object space 1040384K, 5% used [0x00000000a0c00000,0x00000000a46f4758,0x00000000e0400000)
 Metaspace       used 13038K, capacity 13234K, committed 13312K, reserved 1060864K
  class space    used 1469K, capacity 1501K, committed 1536K, reserved 1048576K
3045.858: [GC (Allocation Failure) [PSYoungGen: 516320K->128K(518144K)] 576689K->60497K(1558528K), 0.0016860 secs] [Times: user=0.00 sys=0.00, real=0.00 secs] 
Heap after GC invocations=439 (full 0):
 PSYoungGen      total 518144K, used 128K [0x00000000e0400000, 0x0000000100000000, 0x0000000100000000)
  eden space 516096K, 0% used [0x00000000e0400000,0x00000000e0400000,0x00000000ffc00000)
  from space 2048K, 6% used [0x00000000ffc00000,0x00000000ffc20000,0x00000000ffe00000)
  to   space 1536K, 0% used [0x00000000ffe80000,0x00000000ffe80000,0x0000000100000000)
 ParOldGen       total 1040384K, used 60369K [0x00000000a0c00000, 0x00000000e0400000, 0x00000000e0400000)
  object space 1040384K, 5% used [0x00000000a0c00000,0x00000000a46f4758,0x00000000e0400000)
 Metaspace       used 13038K, capacity 13234K, committed 13312K, reserved 1060864K
  class space    used 1469K, capacity 1501K, committed 1536K, reserved 1048576K
}
{Heap before GC invocations=440 (full 0):
 PSYoungGen      total 518144K, used 516224K [0x00000000e0400000, 0x0000000100000000, 0x0000000100000000)
  eden space 516096K, 100% used [0x00000000e0400000,0x00000000ffc00000,0x00000000ffc00000)
  from space 2048K, 6% used [0x00000000ffc00000,0x00000000ffc20000,0x00000000ffe00000)
  to   space 1536K, 0% used [0x00000000ffe80000,0x00000000ffe80000,0x0000000100000000)
 ParOldGen       total 1040384K, used 60369K [0x00000000a0c00000, 0x00000000e0400000, 0x00000000e0400000)
  object space 1040384K, 5% used [0x00000000a0c00000,0x00000000a46f4758,0x00000000e0400000)
 Metaspace       used 13038K, capacity 13234K, committed 13312K, reserved 1060864K
  class space    used 1469K, capacity 1501K, committed 1536K, reserved 1048576K
3052.902: [GC (Allocation Failure) [PSYoungGen: 516224K->1184K(517632K)] 576593K->61553K(1558016K), 0.0016368 secs] [Times: user=0.00 sys=0.00, real=0.00 secs] 
Heap after GC invocations=440 (full 0):
 PSYoungGen      total 517632K, used 1184K [0x00000000e0400000, 0x0000000100000000, 0x0000000100000000)
  eden space 516096K, 0% used [0x00000000e0400000,0x00000000e0400000,0x00000000ffc00000)
  from space 1536K, 77% used [0x00000000ffe80000,0x00000000fffa8000,0x0000000100000000)
  to   space 2048K, 0% used [0x00000000ffc00000,0x00000000ffc00000,0x00000000ffe00000)
 ParOldGen       total 1040384K, used 60369K [0x00000000a0c00000, 0x00000000e0400000, 0x00000000e0400000)
  object space 1040384K, 5% used [0x00000000a0c00000,0x00000000a46f4758,0x00000000e0400000)
 Metaspace       used 13038K, capacity 13234K, committed 13312K, reserved 1060864K
  class space    used 1469K, capacity 1501K, committed 1536K, reserved 1048576K
}
{Heap before GC invocations=441 (full 0):
 PSYoungGen      total 517632K, used 517280K [0x00000000e0400000, 0x0000000100000000, 0x0000000100000000)
  eden space 516096K, 100% used [0x00000000e0400000,0x00000000ffc00000,0x00000000ffc00000)
  from space 1536K, 77% used [0x00000000ffe80000,0x00000000fffa8000,0x0000000100000000)
  to   space 2048K, 0% used [0x00000000ffc00000,0x00000000ffc00000,0x00000000ffe00000)
 ParOldGen       total 1040384K, used 60369K [0x00000000a0c00000, 0x00000000e0400000, 0x00000000e0400000)
  object space 1040384K, 5% used [0x00000000a0c00000,0x00000000a46f4758,0x00000000e0400000)
 Metaspace       used 13038K, capacity 13234K, committed 13312K, reserved 1060864K
  class space    used 1469K, capacity 1501K, committed 1536K, reserved 1048576K
3060.002: [GC (Allocation Failure) [PSYoungGen: 517280K->160K(518144K)] 577649K->60529K(1558528K), 0.0021292 secs] [Times: user=0.00 sys=0.00, real=0.00 secs] 
Heap after GC invocations=441 (full 0):
 PSYoungGen      total 518144K, used 160K [0x00000000e0400000, 0x0000000100000000, 0x0000000100000000)
  eden space 516096K, 0% used [0x00000000e0400000,0x00000000e0400000,0x00000000ffc00000)
  from space 2048K, 7% used [0x00000000ffc00000,0x00000000ffc28000,0x00000000ffe00000)
  to   space 2048K, 0% used [0x00000000ffe00000,0x00000000ffe00000,0x0000000100000000)
 ParOldGen       total 1040384K, used 60369K [0x00000000a0c00000, 0x00000000e0400000, 0x00000000e0400000)
  object space 1040384K, 5% used [0x00000000a0c00000,0x00000000a46f4758,0x00000000e0400000)
 Metaspace       used 13038K, capacity 13234K, committed 13312K, reserved 1060864K
  class space    used 1469K, capacity 1501K, committed 1536K, reserved 1048576K
}
{Heap before GC invocations=442 (full 0):
 PSYoungGen      total 518144K, used 516256K [0x00000000e0400000, 0x0000000100000000, 0x0000000100000000)
  eden space 516096K, 100% used [0x00000000e0400000,0x00000000ffc00000,0x00000000ffc00000)
  from space 2048K, 7% used [0x00000000ffc00000,0x00000000ffc28000,0x00000000ffe00000)
  to   space 2048K, 0% used [0x00000000ffe00000,0x00000000ffe00000,0x0000000100000000)
 ParOldGen       total 1040384K, used 60369K [0x00000000a0c00000, 0x00000000e0400000, 0x00000000e0400000)
  object space 1040384K, 5% used [0x00000000a0c00000,0x00000000a46f4758,0x00000000e0400000)
 Metaspace       used 13038K, capacity 13234K, committed 13312K, reserved 1060864K
  class space    used 1469K, capacity 1501K, committed 1536K, reserved 1048576K
3066.956: [GC (Allocation Failure) [PSYoungGen: 516256K->224K(518144K)] 576625K->60593K(1558528K), 0.0015053 secs] [Times: user=0.00 sys=0.00, real=0.00 secs] 
Heap after GC invocations=442 (full 0):
 PSYoungGen      total 518144K, used 224K [0x00000000e0400000, 0x0000000100000000, 0x0000000100000000)
  eden space 516096K, 0% used [0x00000000e0400000,0x00000000e0400000,0x00000000ffc00000)
  from space 2048K, 10% used [0x00000000ffe00000,0x00000000ffe38000,0x0000000100000000)
  to   space 2048K, 0% used [0x00000000ffc00000,0x00000000ffc00000,0x00000000ffe00000)
 ParOldGen       total 1040384K, used 60369K [0x00000000a0c00000, 0x00000000e0400000, 0x00000000e0400000)
  object space 1040384K, 5% used [0x00000000a0c00000,0x00000000a46f4758,0x00000000e0400000)
 Metaspace       used 13038K, capacity 13234K, committed 13312K, reserved 1060864K
  class space    used 1469K, capacity 1501K, committed 1536K, reserved 1048576K
}
{Heap before GC invocations=443 (full 0):
 PSYoungGen      total 518144K, used 516320K [0x00000000e0400000, 0x0000000100000000, 0x0000000100000000)
  eden space 516096K, 100% used [0x00000000e0400000,0x00000000ffc00000,0x00000000ffc00000)
  from space 2048K, 10% used [0x00000000ffe00000,0x00000000ffe38000,0x0000000100000000)
  to   space 2048K, 0% used [0x00000000ffc00000,0x00000000ffc00000,0x00000000ffe00000)
 ParOldGen       total 1040384K, used 60369K [0x00000000a0c00000, 0x00000000e0400000, 0x00000000e0400000)
  object space 1040384K, 5% used [0x00000000a0c00000,0x00000000a46f4758,0x00000000e0400000)
 Metaspace       used 13038K, capacity 13234K, committed 13312K, reserved 1060864K
  class space    used 1469K, capacity 1501K, committed 1536K, reserved 1048576K
3073.920: [GC (Allocation Failure) [PSYoungGen: 516320K->128K(518144K)] 576689K->60505K(1558528K), 0.0017376 secs] [Times: user=0.00 sys=0.00, real=0.00 secs] 
Heap after GC invocations=443 (full 0):
 PSYoungGen      total 518144K, used 128K [0x00000000e0400000, 0x0000000100000000, 0x0000000100000000)
  eden space 516096K, 0% used [0x00000000e0400000,0x00000000e0400000,0x00000000ffc00000)
  from space 2048K, 6% used [0x00000000ffc00000,0x00000000ffc20000,0x00000000ffe00000)
  to   space 1536K, 0% used [0x00000000ffe80000,0x00000000ffe80000,0x0000000100000000)
 ParOldGen       total 1040384K, used 60377K [0x00000000a0c00000, 0x00000000e0400000, 0x00000000e0400000)
  object space 1040384K, 5% used [0x00000000a0c00000,0x00000000a46f6758,0x00000000e0400000)
 Metaspace       used 13038K, capacity 13234K, committed 13312K, reserved 1060864K
  class space    used 1469K, capacity 1501K, committed 1536K, reserved 1048576K
}
{Heap before GC invocations=444 (full 0):
 PSYoungGen      total 518144K, used 516224K [0x00000000e0400000, 0x0000000100000000, 0x0000000100000000)
  eden space 516096K, 100% used [0x00000000e0400000,0x00000000ffc00000,0x00000000ffc00000)
  from space 2048K, 6% used [0x00000000ffc00000,0x00000000ffc20000,0x00000000ffe00000)
  to   space 1536K, 0% used [0x00000000ffe80000,0x00000000ffe80000,0x0000000100000000)
 ParOldGen       total 1040384K, used 60377K [0x00000000a0c00000, 0x00000000e0400000, 0x00000000e0400000)
  object space 1040384K, 5% used [0x00000000a0c00000,0x00000000a46f6758,0x00000000e0400000)
 Metaspace       used 13038K, capacity 13234K, committed 13312K, reserved 1060864K
  class space    used 1469K, capacity 1501K, committed 1536K, reserved 1048576K
3080.847: [GC (Allocation Failure) [PSYoungGen: 516224K->192K(518656K)] 576601K->60569K(1559040K), 0.0013215 secs] [Times: user=0.00 sys=0.00, real=0.00 secs] 
Heap after GC invocations=444 (full 0):
 PSYoungGen      total 518656K, used 192K [0x00000000e0400000, 0x0000000100000000, 0x0000000100000000)
  eden space 517120K, 0% used [0x00000000e0400000,0x00000000e0400000,0x00000000ffd00000)
  from space 1536K, 12% used [0x00000000ffe80000,0x00000000ffeb0000,0x0000000100000000)
  to   space 1536K, 0% used [0x00000000ffd00000,0x00000000ffd00000,0x00000000ffe80000)
 ParOldGen       total 1040384K, used 60377K [0x00000000a0c00000, 0x00000000e0400000, 0x00000000e0400000)
  object space 1040384K, 5% used [0x00000000a0c00000,0x00000000a46f6758,0x00000000e0400000)
 Metaspace       used 13038K, capacity 13234K, committed 13312K, reserved 1060864K
  class space    used 1469K, capacity 1501K, committed 1536K, reserved 1048576K
}
{Heap before GC invocations=445 (full 0):
 PSYoungGen      total 518656K, used 517312K [0x00000000e0400000, 0x0000000100000000, 0x0000000100000000)
  eden space 517120K, 100% used [0x00000000e0400000,0x00000000ffd00000,0x00000000ffd00000)
  from space 1536K, 12% used [0x00000000ffe80000,0x00000000ffeb0000,0x0000000100000000)
  to   space 1536K, 0% used [0x00000000ffd00000,0x00000000ffd00000,0x00000000ffe80000)
 ParOldGen       total 1040384K, used 60377K [0x00000000a0c00000, 0x00000000e0400000, 0x00000000e0400000)
  object space 1040384K, 5% used [0x00000000a0c00000,0x00000000a46f6758,0x00000000e0400000)
 Metaspace       used 13038K, capacity 13234K, committed 13312K, reserved 1060864K
  class space    used 1469K, capacity 1501K, committed 1536K, reserved 1048576K
3087.803: [GC (Allocation Failure) [PSYoungGen: 517312K->1536K(518656K)] 577689K->62201K(1559040K), 0.0036403 secs] [Times: user=0.00 sys=0.00, real=0.00 secs] 
Heap after GC invocations=445 (full 0):
 PSYoungGen      total 518656K, used 1536K [0x00000000e0400000, 0x0000000100000000, 0x0000000100000000)
  eden space 517120K, 0% used [0x00000000e0400000,0x00000000e0400000,0x00000000ffd00000)
  from space 1536K, 100% used [0x00000000ffd00000,0x00000000ffe80000,0x00000000ffe80000)
  to   space 1536K, 0% used [0x00000000ffe80000,0x00000000ffe80000,0x0000000100000000)
 ParOldGen       total 1040384K, used 60665K [0x00000000a0c00000, 0x00000000e0400000, 0x00000000e0400000)
  object space 1040384K, 5% used [0x00000000a0c00000,0x00000000a473e758,0x00000000e0400000)
 Metaspace       used 13038K, capacity 13234K, committed 13312K, reserved 1060864K
  class space    used 1469K, capacity 1501K, committed 1536K, reserved 1048576K
}
{Heap before GC invocations=446 (full 0):
 PSYoungGen      total 518656K, used 518656K [0x00000000e0400000, 0x0000000100000000, 0x0000000100000000)
  eden space 517120K, 100% used [0x00000000e0400000,0x00000000ffd00000,0x00000000ffd00000)
  from space 1536K, 100% used [0x00000000ffd00000,0x00000000ffe80000,0x00000000ffe80000)
  to   space 1536K, 0% used [0x00000000ffe80000,0x00000000ffe80000,0x0000000100000000)
 ParOldGen       total 1040384K, used 60665K [0x00000000a0c00000, 0x00000000e0400000, 0x00000000e0400000)
  object space 1040384K, 5% used [0x00000000a0c00000,0x00000000a473e758,0x00000000e0400000)
 Metaspace       used 13038K, capacity 13234K, committed 13312K, reserved 1060864K
  class space    used 1469K, capacity 1501K, committed 1536K, reserved 1048576K
3094.835: [GC (Allocation Failure) [PSYoungGen: 518656K->128K(517632K)] 579321K->60849K(1558016K), 0.0021491 secs] [Times: user=0.00 sys=0.00, real=0.00 secs] 
Heap after GC invocations=446 (full 0):
 PSYoungGen      total 517632K, used 128K [0x00000000e0400000, 0x0000000100000000, 0x0000000100000000)
  eden space 516096K, 0% used [0x00000000e0400000,0x00000000e0400000,0x00000000ffc00000)
  from space 1536K, 8% used [0x00000000ffe80000,0x00000000ffea0000,0x0000000100000000)
  to   space 2048K, 0% used [0x00000000ffc00000,0x00000000ffc00000,0x00000000ffe00000)
 ParOldGen       total 1040384K, used 60721K [0x00000000a0c00000, 0x00000000e0400000, 0x00000000e0400000)
  object space 1040384K, 5% used [0x00000000a0c00000,0x00000000a474c758,0x00000000e0400000)
 Metaspace       used 13038K, capacity 13234K, committed 13312K, reserved 1060864K
  class space    used 1469K, capacity 1501K, committed 1536K, reserved 1048576K
}
{Heap before GC invocations=447 (full 0):
 PSYoungGen      total 517632K, used 516224K [0x00000000e0400000, 0x0000000100000000, 0x0000000100000000)
  eden space 516096K, 100% used [0x00000000e0400000,0x00000000ffc00000,0x00000000ffc00000)
  from space 1536K, 8% used [0x00000000ffe80000,0x00000000ffea0000,0x0000000100000000)
  to   space 2048K, 0% used [0x00000000ffc00000,0x00000000ffc00000,0x00000000ffe00000)
 ParOldGen       total 1040384K, used 60721K [0x00000000a0c00000, 0x00000000e0400000, 0x00000000e0400000)
  object space 1040384K, 5% used [0x00000000a0c00000,0x00000000a474c758,0x00000000e0400000)
 Metaspace       used 13038K, capacity 13234K, committed 13312K, reserved 1060864K
  class space    used 1469K, capacity 1501K, committed 1536K, reserved 1048576K
3101.850: [GC (Allocation Failure) [PSYoungGen: 516224K->224K(518144K)] 576945K->60953K(1558528K), 0.0014210 secs] [Times: user=0.00 sys=0.00, real=0.00 secs] 
Heap after GC invocations=447 (full 0):
 PSYoungGen      total 518144K, used 224K [0x00000000e0400000, 0x0000000100000000, 0x0000000100000000)
  eden space 516096K, 0% used [0x00000000e0400000,0x00000000e0400000,0x00000000ffc00000)
  from space 2048K, 10% used [0x00000000ffc00000,0x00000000ffc38000,0x00000000ffe00000)
  to   space 2048K, 0% used [0x00000000ffe00000,0x00000000ffe00000,0x0000000100000000)
 ParOldGen       total 1040384K, used 60729K [0x00000000a0c00000, 0x00000000e0400000, 0x00000000e0400000)
  object space 1040384K, 5% used [0x00000000a0c00000,0x00000000a474e758,0x00000000e0400000)
 Metaspace       used 13038K, capacity 13234K, committed 13312K, reserved 1060864K
  class space    used 1469K, capacity 1501K, committed 1536K, reserved 1048576K
}
{Heap before GC invocations=448 (full 0):
 PSYoungGen      total 518144K, used 516320K [0x00000000e0400000, 0x0000000100000000, 0x0000000100000000)
  eden space 516096K, 100% used [0x00000000e0400000,0x00000000ffc00000,0x00000000ffc00000)
  from space 2048K, 10% used [0x00000000ffc00000,0x00000000ffc38000,0x00000000ffe00000)
  to   space 2048K, 0% used [0x00000000ffe00000,0x00000000ffe00000,0x0000000100000000)
 ParOldGen       total 1040384K, used 60729K [0x00000000a0c00000, 0x00000000e0400000, 0x00000000e0400000)
  object space 1040384K, 5% used [0x00000000a0c00000,0x00000000a474e758,0x00000000e0400000)
 Metaspace       used 13038K, capacity 13234K, committed 13312K, reserved 1060864K
  class space    used 1469K, capacity 1501K, committed 1536K, reserved 1048576K
3108.848: [GC (Allocation Failure) [PSYoungGen: 516320K->160K(518144K)] 577049K->60889K(1558528K), 0.0018844 secs] [Times: user=0.09 sys=0.00, real=0.00 secs] 
Heap after GC invocations=448 (full 0):
 PSYoungGen      total 518144K, used 160K [0x00000000e0400000, 0x0000000100000000, 0x0000000100000000)
  eden space 516096K, 0% used [0x00000000e0400000,0x00000000e0400000,0x00000000ffc00000)
  from space 2048K, 7% used [0x00000000ffe00000,0x00000000ffe28000,0x0000000100000000)
  to   space 2048K, 0% used [0x00000000ffc00000,0x00000000ffc00000,0x00000000ffe00000)
 ParOldGen       total 1040384K, used 60729K [0x00000000a0c00000, 0x00000000e0400000, 0x00000000e0400000)
  object space 1040384K, 5% used [0x00000000a0c00000,0x00000000a474e758,0x00000000e0400000)
 Metaspace       used 13038K, capacity 13234K, committed 13312K, reserved 1060864K
  class space    used 1469K, capacity 1501K, committed 1536K, reserved 1048576K
}
{Heap before GC invocations=449 (full 0):
 PSYoungGen      total 518144K, used 516256K [0x00000000e0400000, 0x0000000100000000, 0x0000000100000000)
  eden space 516096K, 100% used [0x00000000e0400000,0x00000000ffc00000,0x00000000ffc00000)
  from space 2048K, 7% used [0x00000000ffe00000,0x00000000ffe28000,0x0000000100000000)
  to   space 2048K, 0% used [0x00000000ffc00000,0x00000000ffc00000,0x00000000ffe00000)
 ParOldGen       total 1040384K, used 60729K [0x00000000a0c00000, 0x00000000e0400000, 0x00000000e0400000)
  object space 1040384K, 5% used [0x00000000a0c00000,0x00000000a474e758,0x00000000e0400000)
 Metaspace       used 13038K, capacity 13234K, committed 13312K, reserved 1060864K
  class space    used 1469K, capacity 1501K, committed 1536K, reserved 1048576K
3115.914: [GC (Allocation Failure) [PSYoungGen: 516256K->544K(518144K)] 576985K->61273K(1558528K), 0.0021705 secs] [Times: user=0.00 sys=0.00, real=0.00 secs] 
Heap after GC invocations=449 (full 0):
 PSYoungGen      total 518144K, used 544K [0x00000000e0400000, 0x0000000100000000, 0x0000000100000000)
  eden space 516096K, 0% used [0x00000000e0400000,0x00000000e0400000,0x00000000ffc00000)
  from space 2048K, 26% used [0x00000000ffc00000,0x00000000ffc88000,0x00000000ffe00000)
  to   space 2048K, 0% used [0x00000000ffe00000,0x00000000ffe00000,0x0000000100000000)
 ParOldGen       total 1040384K, used 60729K [0x00000000a0c00000, 0x00000000e0400000, 0x00000000e0400000)
  object space 1040384K, 5% used [0x00000000a0c00000,0x00000000a474e758,0x00000000e0400000)
 Metaspace       used 13038K, capacity 13234K, committed 13312K, reserved 1060864K
  class space    used 1469K, capacity 1501K, committed 1536K, reserved 1048576K
}
{Heap before GC invocations=450 (full 0):
 PSYoungGen      total 518144K, used 516640K [0x00000000e0400000, 0x0000000100000000, 0x0000000100000000)
  eden space 516096K, 100% used [0x00000000e0400000,0x00000000ffc00000,0x00000000ffc00000)
  from space 2048K, 26% used [0x00000000ffc00000,0x00000000ffc88000,0x00000000ffe00000)
  to   space 2048K, 0% used [0x00000000ffe00000,0x00000000ffe00000,0x0000000100000000)
 ParOldGen       total 1040384K, used 60729K [0x00000000a0c00000, 0x00000000e0400000, 0x00000000e0400000)
  object space 1040384K, 5% used [0x00000000a0c00000,0x00000000a474e758,0x00000000e0400000)
 Metaspace       used 13038K, capacity 13234K, committed 13312K, reserved 1060864K
  class space    used 1469K, capacity 1501K, committed 1536K, reserved 1048576K
3123.017: [GC (Allocation Failure) [PSYoungGen: 516640K->192K(518656K)] 577369K->60921K(1559040K), 0.0016406 secs] [Times: user=0.00 sys=0.00, real=0.00 secs] 
Heap after GC invocations=450 (full 0):
 PSYoungGen      total 518656K, used 192K [0x00000000e0400000, 0x0000000100000000, 0x0000000100000000)
  eden space 516608K, 0% used [0x00000000e0400000,0x00000000e0400000,0x00000000ffc80000)
  from space 2048K, 9% used [0x00000000ffe00000,0x00000000ffe30000,0x0000000100000000)
  to   space 1536K, 0% used [0x00000000ffc80000,0x00000000ffc80000,0x00000000ffe00000)
 ParOldGen       total 1040384K, used 60729K [0x00000000a0c00000, 0x00000000e0400000, 0x00000000e0400000)
  object space 1040384K, 5% used [0x00000000a0c00000,0x00000000a474e758,0x00000000e0400000)
 Metaspace       used 13038K, capacity 13234K, committed 13312K, reserved 1060864K
  class space    used 1469K, capacity 1501K, committed 1536K, reserved 1048576K
}
{Heap before GC invocations=451 (full 0):
 PSYoungGen      total 518656K, used 516800K [0x00000000e0400000, 0x0000000100000000, 0x0000000100000000)
  eden space 516608K, 100% used [0x00000000e0400000,0x00000000ffc80000,0x00000000ffc80000)
  from space 2048K, 9% used [0x00000000ffe00000,0x00000000ffe30000,0x0000000100000000)
  to   space 1536K, 0% used [0x00000000ffc80000,0x00000000ffc80000,0x00000000ffe00000)
 ParOldGen       total 1040384K, used 60729K [0x00000000a0c00000, 0x00000000e0400000, 0x00000000e0400000)
  object space 1040384K, 5% used [0x00000000a0c00000,0x00000000a474e758,0x00000000e0400000)
 Metaspace       used 13038K, capacity 13234K, committed 13312K, reserved 1060864K
  class space    used 1469K, capacity 1501K, committed 1536K, reserved 1048576K
3129.970: [GC (Allocation Failure) [PSYoungGen: 516800K->256K(518144K)] 577529K->60993K(1558528K), 0.0017451 secs] [Times: user=0.00 sys=0.00, real=0.00 secs] 
Heap after GC invocations=451 (full 0):
 PSYoungGen      total 518144K, used 256K [0x00000000e0400000, 0x0000000100000000, 0x0000000100000000)
  eden space 516608K, 0% used [0x00000000e0400000,0x00000000e0400000,0x00000000ffc80000)
  from space 1536K, 16% used [0x00000000ffc80000,0x00000000ffcc0000,0x00000000ffe00000)
  to   space 1536K, 0% used [0x00000000ffe80000,0x00000000ffe80000,0x0000000100000000)
 ParOldGen       total 1040384K, used 60737K [0x00000000a0c00000, 0x00000000e0400000, 0x00000000e0400000)
  object space 1040384K, 5% used [0x00000000a0c00000,0x00000000a4750758,0x00000000e0400000)
 Metaspace       used 13038K, capacity 13234K, committed 13312K, reserved 1060864K
  class space    used 1469K, capacity 1501K, committed 1536K, reserved 1048576K
}
{Heap before GC invocations=452 (full 0):
 PSYoungGen      total 518144K, used 516864K [0x00000000e0400000, 0x0000000100000000, 0x0000000100000000)
  eden space 516608K, 100% used [0x00000000e0400000,0x00000000ffc80000,0x00000000ffc80000)
  from space 1536K, 16% used [0x00000000ffc80000,0x00000000ffcc0000,0x00000000ffe00000)
  to   space 1536K, 0% used [0x00000000ffe80000,0x00000000ffe80000,0x0000000100000000)
 ParOldGen       total 1040384K, used 60737K [0x00000000a0c00000, 0x00000000e0400000, 0x00000000e0400000)
  object space 1040384K, 5% used [0x00000000a0c00000,0x00000000a4750758,0x00000000e0400000)
 Metaspace       used 13038K, capacity 13234K, committed 13312K, reserved 1060864K
  class space    used 1469K, capacity 1501K, committed 1536K, reserved 1048576K
3136.918: [GC (Allocation Failure) [PSYoungGen: 516864K->224K(518656K)] 577601K->60961K(1559040K), 0.0013016 secs] [Times: user=0.00 sys=0.00, real=0.00 secs] 
Heap after GC invocations=452 (full 0):
 PSYoungGen      total 518656K, used 224K [0x00000000e0400000, 0x0000000100000000, 0x0000000100000000)
  eden space 517120K, 0% used [0x00000000e0400000,0x00000000e0400000,0x00000000ffd00000)
  from space 1536K, 14% used [0x00000000ffe80000,0x00000000ffeb8000,0x0000000100000000)
  to   space 1536K, 0% used [0x00000000ffd00000,0x00000000ffd00000,0x00000000ffe80000)
 ParOldGen       total 1040384K, used 60737K [0x00000000a0c00000, 0x00000000e0400000, 0x00000000e0400000)
  object space 1040384K, 5% used [0x00000000a0c00000,0x00000000a4750758,0x00000000e0400000)
 Metaspace       used 13038K, capacity 13234K, committed 13312K, reserved 1060864K
  class space    used 1469K, capacity 1501K, committed 1536K, reserved 1048576K
}
{Heap before GC invocations=453 (full 0):
 PSYoungGen      total 518656K, used 517344K [0x00000000e0400000, 0x0000000100000000, 0x0000000100000000)
  eden space 517120K, 100% used [0x00000000e0400000,0x00000000ffd00000,0x00000000ffd00000)
  from space 1536K, 14% used [0x00000000ffe80000,0x00000000ffeb8000,0x0000000100000000)
  to   space 1536K, 0% used [0x00000000ffd00000,0x00000000ffd00000,0x00000000ffe80000)
 ParOldGen       total 1040384K, used 60737K [0x00000000a0c00000, 0x00000000e0400000, 0x00000000e0400000)
  object space 1040384K, 5% used [0x00000000a0c00000,0x00000000a4750758,0x00000000e0400000)
 Metaspace       used 13038K, capacity 13234K, committed 13312K, reserved 1060864K
  class space    used 1469K, capacity 1501K, committed 1536K, reserved 1048576K
3143.955: [GC (Allocation Failure) [PSYoungGen: 517344K->192K(518656K)] 578081K->60929K(1559040K), 0.0018776 secs] [Times: user=0.00 sys=0.00, real=0.00 secs] 
Heap after GC invocations=453 (full 0):
 PSYoungGen      total 518656K, used 192K [0x00000000e0400000, 0x0000000100000000, 0x0000000100000000)
  eden space 517120K, 0% used [0x00000000e0400000,0x00000000e0400000,0x00000000ffd00000)
  from space 1536K, 12% used [0x00000000ffd00000,0x00000000ffd30000,0x00000000ffe80000)
  to   space 1536K, 0% used [0x00000000ffe80000,0x00000000ffe80000,0x0000000100000000)
 ParOldGen       total 1040384K, used 60737K [0x00000000a0c00000, 0x00000000e0400000, 0x00000000e0400000)
  object space 1040384K, 5% used [0x00000000a0c00000,0x00000000a4750758,0x00000000e0400000)
 Metaspace       used 13038K, capacity 13234K, committed 13312K, reserved 1060864K
  class space    used 1469K, capacity 1501K, committed 1536K, reserved 1048576K
}
{Heap before GC invocations=454 (full 0):
 PSYoungGen      total 518656K, used 517312K [0x00000000e0400000, 0x0000000100000000, 0x0000000100000000)
  eden space 517120K, 100% used [0x00000000e0400000,0x00000000ffd00000,0x00000000ffd00000)
  from space 1536K, 12% used [0x00000000ffd00000,0x00000000ffd30000,0x00000000ffe80000)
  to   space 1536K, 0% used [0x00000000ffe80000,0x00000000ffe80000,0x0000000100000000)
 ParOldGen       total 1040384K, used 60737K [0x00000000a0c00000, 0x00000000e0400000, 0x00000000e0400000)
  object space 1040384K, 5% used [0x00000000a0c00000,0x00000000a4750758,0x00000000e0400000)
 Metaspace       used 13038K, capacity 13234K, committed 13312K, reserved 1060864K
  class space    used 1469K, capacity 1501K, committed 1536K, reserved 1048576K
3150.919: [GC (Allocation Failure) [PSYoungGen: 517312K->1536K(517632K)] 578049K->62289K(1558016K), 0.0021450 secs] [Times: user=0.00 sys=0.00, real=0.00 secs] 
Heap after GC invocations=454 (full 0):
 PSYoungGen      total 517632K, used 1536K [0x00000000e0400000, 0x0000000100000000, 0x0000000100000000)
  eden space 516096K, 0% used [0x00000000e0400000,0x00000000e0400000,0x00000000ffc00000)
  from space 1536K, 100% used [0x00000000ffe80000,0x0000000100000000,0x0000000100000000)
  to   space 2048K, 0% used [0x00000000ffc00000,0x00000000ffc00000,0x00000000ffe00000)
 ParOldGen       total 1040384K, used 60753K [0x00000000a0c00000, 0x00000000e0400000, 0x00000000e0400000)
  object space 1040384K, 5% used [0x00000000a0c00000,0x00000000a4754758,0x00000000e0400000)
 Metaspace       used 13038K, capacity 13234K, committed 13312K, reserved 1060864K
  class space    used 1469K, capacity 1501K, committed 1536K, reserved 1048576K
}
{Heap before GC invocations=455 (full 0):
 PSYoungGen      total 517632K, used 517632K [0x00000000e0400000, 0x0000000100000000, 0x0000000100000000)
  eden space 516096K, 100% used [0x00000000e0400000,0x00000000ffc00000,0x00000000ffc00000)
  from space 1536K, 100% used [0x00000000ffe80000,0x0000000100000000,0x0000000100000000)
  to   space 2048K, 0% used [0x00000000ffc00000,0x00000000ffc00000,0x00000000ffe00000)
 ParOldGen       total 1040384K, used 60753K [0x00000000a0c00000, 0x00000000e0400000, 0x00000000e0400000)
  object space 1040384K, 5% used [0x00000000a0c00000,0x00000000a4754758,0x00000000e0400000)
 Metaspace       used 13038K, capacity 13234K, committed 13312K, reserved 1060864K
  class space    used 1469K, capacity 1501K, committed 1536K, reserved 1048576K
3157.925: [GC (Allocation Failure) [PSYoungGen: 517632K->160K(518144K)] 578385K->60929K(1558528K), 0.0018645 secs] [Times: user=0.02 sys=0.00, real=0.00 secs] 
Heap after GC invocations=455 (full 0):
 PSYoungGen      total 518144K, used 160K [0x00000000e0400000, 0x0000000100000000, 0x0000000100000000)
  eden space 516096K, 0% used [0x00000000e0400000,0x00000000e0400000,0x00000000ffc00000)
  from space 2048K, 7% used [0x00000000ffc00000,0x00000000ffc28000,0x00000000ffe00000)
  to   space 2048K, 0% used [0x00000000ffe00000,0x00000000ffe00000,0x0000000100000000)
 ParOldGen       total 1040384K, used 60769K [0x00000000a0c00000, 0x00000000e0400000, 0x00000000e0400000)
  object space 1040384K, 5% used [0x00000000a0c00000,0x00000000a4758758,0x00000000e0400000)
 Metaspace       used 13038K, capacity 13234K, committed 13312K, reserved 1060864K
  class space    used 1469K, capacity 1501K, committed 1536K, reserved 1048576K
}
{Heap before GC invocations=456 (full 0):
 PSYoungGen      total 518144K, used 516256K [0x00000000e0400000, 0x0000000100000000, 0x0000000100000000)
  eden space 516096K, 100% used [0x00000000e0400000,0x00000000ffc00000,0x00000000ffc00000)
  from space 2048K, 7% used [0x00000000ffc00000,0x00000000ffc28000,0x00000000ffe00000)
  to   space 2048K, 0% used [0x00000000ffe00000,0x00000000ffe00000,0x0000000100000000)
 ParOldGen       total 1040384K, used 60769K [0x00000000a0c00000, 0x00000000e0400000, 0x00000000e0400000)
  object space 1040384K, 5% used [0x00000000a0c00000,0x00000000a4758758,0x00000000e0400000)
 Metaspace       used 13038K, capacity 13234K, committed 13312K, reserved 1060864K
  class space    used 1469K, capacity 1501K, committed 1536K, reserved 1048576K
3164.963: [GC (Allocation Failure) [PSYoungGen: 516256K->192K(518656K)] 577025K->60969K(1559040K), 0.0016536 secs] [Times: user=0.00 sys=0.00, real=0.00 secs] 
Heap after GC invocations=456 (full 0):
 PSYoungGen      total 518656K, used 192K [0x00000000e0400000, 0x0000000100000000, 0x0000000100000000)
  eden space 516608K, 0% used [0x00000000e0400000,0x00000000e0400000,0x00000000ffc80000)
  from space 2048K, 9% used [0x00000000ffe00000,0x00000000ffe30000,0x0000000100000000)
  to   space 1536K, 0% used [0x00000000ffc80000,0x00000000ffc80000,0x00000000ffe00000)
 ParOldGen       total 1040384K, used 60777K [0x00000000a0c00000, 0x00000000e0400000, 0x00000000e0400000)
  object space 1040384K, 5% used [0x00000000a0c00000,0x00000000a475a758,0x00000000e0400000)
 Metaspace       used 13038K, capacity 13234K, committed 13312K, reserved 1060864K
  class space    used 1469K, capacity 1501K, committed 1536K, reserved 1048576K
}
{Heap before GC invocations=457 (full 0):
 PSYoungGen      total 518656K, used 516800K [0x00000000e0400000, 0x0000000100000000, 0x0000000100000000)
  eden space 516608K, 100% used [0x00000000e0400000,0x00000000ffc80000,0x00000000ffc80000)
  from space 2048K, 9% used [0x00000000ffe00000,0x00000000ffe30000,0x0000000100000000)
  to   space 1536K, 0% used [0x00000000ffc80000,0x00000000ffc80000,0x00000000ffe00000)
 ParOldGen       total 1040384K, used 60777K [0x00000000a0c00000, 0x00000000e0400000, 0x00000000e0400000)
  object space 1040384K, 5% used [0x00000000a0c00000,0x00000000a475a758,0x00000000e0400000)
 Metaspace       used 13038K, capacity 13234K, committed 13312K, reserved 1060864K
  class space    used 1469K, capacity 1501K, committed 1536K, reserved 1048576K
3172.001: [GC (Allocation Failure) [PSYoungGen: 516800K->128K(518144K)] 577577K->60905K(1558528K), 0.0018909 secs] [Times: user=0.00 sys=0.00, real=0.00 secs] 
Heap after GC invocations=457 (full 0):
 PSYoungGen      total 518144K, used 128K [0x00000000e0400000, 0x0000000100000000, 0x0000000100000000)
  eden space 516608K, 0% used [0x00000000e0400000,0x00000000e0400000,0x00000000ffc80000)
  from space 1536K, 8% used [0x00000000ffc80000,0x00000000ffca0000,0x00000000ffe00000)
  to   space 1536K, 0% used [0x00000000ffe80000,0x00000000ffe80000,0x0000000100000000)
 ParOldGen       total 1040384K, used 60777K [0x00000000a0c00000, 0x00000000e0400000, 0x00000000e0400000)
  object space 1040384K, 5% used [0x00000000a0c00000,0x00000000a475a758,0x00000000e0400000)
 Metaspace       used 13038K, capacity 13234K, committed 13312K, reserved 1060864K
  class space    used 1469K, capacity 1501K, committed 1536K, reserved 1048576K
}
{Heap before GC invocations=458 (full 0):
 PSYoungGen      total 518144K, used 516736K [0x00000000e0400000, 0x0000000100000000, 0x0000000100000000)
  eden space 516608K, 100% used [0x00000000e0400000,0x00000000ffc80000,0x00000000ffc80000)
  from space 1536K, 8% used [0x00000000ffc80000,0x00000000ffca0000,0x00000000ffe00000)
  to   space 1536K, 0% used [0x00000000ffe80000,0x00000000ffe80000,0x0000000100000000)
 ParOldGen       total 1040384K, used 60777K [0x00000000a0c00000, 0x00000000e0400000, 0x00000000e0400000)
  object space 1040384K, 5% used [0x00000000a0c00000,0x00000000a475a758,0x00000000e0400000)
 Metaspace       used 13038K, capacity 13234K, committed 13312K, reserved 1060864K
  class space    used 1469K, capacity 1501K, committed 1536K, reserved 1048576K
3179.047: [GC (Allocation Failure) [PSYoungGen: 516736K->160K(518656K)] 577513K->60937K(1559040K), 0.0016418 secs] [Times: user=0.00 sys=0.00, real=0.00 secs] 
Heap after GC invocations=458 (full 0):
 PSYoungGen      total 518656K, used 160K [0x00000000e0400000, 0x0000000100000000, 0x0000000100000000)
  eden space 517120K, 0% used [0x00000000e0400000,0x00000000e0400000,0x00000000ffd00000)
  from space 1536K, 10% used [0x00000000ffe80000,0x00000000ffea8000,0x0000000100000000)
  to   space 1536K, 0% used [0x00000000ffd00000,0x00000000ffd00000,0x00000000ffe80000)
 ParOldGen       total 1040384K, used 60777K [0x00000000a0c00000, 0x00000000e0400000, 0x00000000e0400000)
  object space 1040384K, 5% used [0x00000000a0c00000,0x00000000a475a758,0x00000000e0400000)
 Metaspace       used 13038K, capacity 13234K, committed 13312K, reserved 1060864K
  class space    used 1469K, capacity 1501K, committed 1536K, reserved 1048576K
}
{Heap before GC invocations=459 (full 0):
 PSYoungGen      total 518656K, used 517280K [0x00000000e0400000, 0x0000000100000000, 0x0000000100000000)
  eden space 517120K, 100% used [0x00000000e0400000,0x00000000ffd00000,0x00000000ffd00000)
  from space 1536K, 10% used [0x00000000ffe80000,0x00000000ffea8000,0x0000000100000000)
  to   space 1536K, 0% used [0x00000000ffd00000,0x00000000ffd00000,0x00000000ffe80000)
 ParOldGen       total 1040384K, used 60777K [0x00000000a0c00000, 0x00000000e0400000, 0x00000000e0400000)
  object space 1040384K, 5% used [0x00000000a0c00000,0x00000000a475a778,0x00000000e0400000)
 Metaspace       used 13038K, capacity 13234K, committed 13312K, reserved 1060864K
  class space    used 1469K, capacity 1501K, committed 1536K, reserved 1048576K
3186.110: [GC (GCLocker Initiated GC) [PSYoungGen: 517280K->1536K(518656K)] 578057K->62577K(1559040K), 0.0023052 secs] [Times: user=0.00 sys=0.00, real=0.00 secs] 
Heap after GC invocations=459 (full 0):
 PSYoungGen      total 518656K, used 1536K [0x00000000e0400000, 0x0000000100000000, 0x0000000100000000)
  eden space 517120K, 0% used [0x00000000e0400000,0x00000000e0400000,0x00000000ffd00000)
  from space 1536K, 100% used [0x00000000ffd00000,0x00000000ffe80000,0x00000000ffe80000)
  to   space 1536K, 0% used [0x00000000ffe80000,0x00000000ffe80000,0x0000000100000000)
 ParOldGen       total 1040384K, used 61041K [0x00000000a0c00000, 0x00000000e0400000, 0x00000000e0400000)
  object space 1040384K, 5% used [0x00000000a0c00000,0x00000000a479c778,0x00000000e0400000)
 Metaspace       used 13038K, capacity 13234K, committed 13312K, reserved 1060864K
  class space    used 1469K, capacity 1501K, committed 1536K, reserved 1048576K
}
{Heap before GC invocations=460 (full 0):
 PSYoungGen      total 518656K, used 518656K [0x00000000e0400000, 0x0000000100000000, 0x0000000100000000)
  eden space 517120K, 100% used [0x00000000e0400000,0x00000000ffd00000,0x00000000ffd00000)
  from space 1536K, 100% used [0x00000000ffd00000,0x00000000ffe80000,0x00000000ffe80000)
  to   space 1536K, 0% used [0x00000000ffe80000,0x00000000ffe80000,0x0000000100000000)
 ParOldGen       total 1040384K, used 61044K [0x00000000a0c00000, 0x00000000e0400000, 0x00000000e0400000)
  object space 1040384K, 5% used [0x00000000a0c00000,0x00000000a479d3e0,0x00000000e0400000)
 Metaspace       used 13038K, capacity 13234K, committed 13312K, reserved 1060864K
  class space    used 1469K, capacity 1501K, committed 1536K, reserved 1048576K
3193.122: [GC (Allocation Failure) [PSYoungGen: 518656K->192K(517632K)] 579700K->61276K(1558016K), 0.0018493 secs] [Times: user=0.00 sys=0.00, real=0.00 secs] 
Heap after GC invocations=460 (full 0):
 PSYoungGen      total 517632K, used 192K [0x00000000e0400000, 0x0000000100000000, 0x0000000100000000)
  eden space 516096K, 0% used [0x00000000e0400000,0x00000000e0400000,0x00000000ffc00000)
  from space 1536K, 12% used [0x00000000ffe80000,0x00000000ffeb0000,0x0000000100000000)
  to   space 2048K, 0% used [0x00000000ffc00000,0x00000000ffc00000,0x00000000ffe00000)
 ParOldGen       total 1040384K, used 61084K [0x00000000a0c00000, 0x00000000e0400000, 0x00000000e0400000)
  object space 1040384K, 5% used [0x00000000a0c00000,0x00000000a47a73e0,0x00000000e0400000)
 Metaspace       used 13038K, capacity 13234K, committed 13312K, reserved 1060864K
  class space    used 1469K, capacity 1501K, committed 1536K, reserved 1048576K
}
{Heap before GC invocations=461 (full 0):
 PSYoungGen      total 517632K, used 516288K [0x00000000e0400000, 0x0000000100000000, 0x0000000100000000)
  eden space 516096K, 100% used [0x00000000e0400000,0x00000000ffc00000,0x00000000ffc00000)
  from space 1536K, 12% used [0x00000000ffe80000,0x00000000ffeb0000,0x0000000100000000)
  to   space 2048K, 0% used [0x00000000ffc00000,0x00000000ffc00000,0x00000000ffe00000)
 ParOldGen       total 1040384K, used 61084K [0x00000000a0c00000, 0x00000000e0400000, 0x00000000e0400000)
  object space 1040384K, 5% used [0x00000000a0c00000,0x00000000a47a73e0,0x00000000e0400000)
 Metaspace       used 13038K, capacity 13234K, committed 13312K, reserved 1060864K
  class space    used 1469K, capacity 1501K, committed 1536K, reserved 1048576K
3200.273: [GC (Allocation Failure) [PSYoungGen: 516288K->96K(518144K)] 577372K->61180K(1558528K), 0.0018060 secs] [Times: user=0.00 sys=0.00, real=0.00 secs] 
Heap after GC invocations=461 (full 0):
 PSYoungGen      total 518144K, used 96K [0x00000000e0400000, 0x0000000100000000, 0x0000000100000000)
  eden space 516096K, 0% used [0x00000000e0400000,0x00000000e0400000,0x00000000ffc00000)
  from space 2048K, 4% used [0x00000000ffc00000,0x00000000ffc18000,0x00000000ffe00000)
  to   space 2048K, 0% used [0x00000000ffe00000,0x00000000ffe00000,0x0000000100000000)
 ParOldGen       total 1040384K, used 61084K [0x00000000a0c00000, 0x00000000e0400000, 0x00000000e0400000)
  object space 1040384K, 5% used [0x00000000a0c00000,0x00000000a47a73e0,0x00000000e0400000)
 Metaspace       used 13038K, capacity 13234K, committed 13312K, reserved 1060864K
  class space    used 1469K, capacity 1501K, committed 1536K, reserved 1048576K
}
{Heap before GC invocations=462 (full 0):
 PSYoungGen      total 518144K, used 516192K [0x00000000e0400000, 0x0000000100000000, 0x0000000100000000)
  eden space 516096K, 100% used [0x00000000e0400000,0x00000000ffc00000,0x00000000ffc00000)
  from space 2048K, 4% used [0x00000000ffc00000,0x00000000ffc18000,0x00000000ffe00000)
  to   space 2048K, 0% used [0x00000000ffe00000,0x00000000ffe00000,0x0000000100000000)
 ParOldGen       total 1040384K, used 61084K [0x00000000a0c00000, 0x00000000e0400000, 0x00000000e0400000)
  object space 1040384K, 5% used [0x00000000a0c00000,0x00000000a47a73e0,0x00000000e0400000)
 Metaspace       used 13038K, capacity 13234K, committed 13312K, reserved 1060864K
  class space    used 1469K, capacity 1501K, committed 1536K, reserved 1048576K
3207.205: [GC (Allocation Failure) [PSYoungGen: 516192K->128K(518144K)] 577276K->61220K(1558528K), 0.0016586 secs] [Times: user=0.00 sys=0.00, real=0.00 secs] 
Heap after GC invocations=462 (full 0):
 PSYoungGen      total 518144K, used 128K [0x00000000e0400000, 0x0000000100000000, 0x0000000100000000)
  eden space 516096K, 0% used [0x00000000e0400000,0x00000000e0400000,0x00000000ffc00000)
  from space 2048K, 6% used [0x00000000ffe00000,0x00000000ffe20000,0x0000000100000000)
  to   space 2048K, 0% used [0x00000000ffc00000,0x00000000ffc00000,0x00000000ffe00000)
 ParOldGen       total 1040384K, used 61092K [0x00000000a0c00000, 0x00000000e0400000, 0x00000000e0400000)
  object space 1040384K, 5% used [0x00000000a0c00000,0x00000000a47a93e0,0x00000000e0400000)
 Metaspace       used 13038K, capacity 13234K, committed 13312K, reserved 1060864K
  class space    used 1469K, capacity 1501K, committed 1536K, reserved 1048576K
}
{Heap before GC invocations=463 (full 0):
 PSYoungGen      total 518144K, used 516224K [0x00000000e0400000, 0x0000000100000000, 0x0000000100000000)
  eden space 516096K, 100% used [0x00000000e0400000,0x00000000ffc00000,0x00000000ffc00000)
  from space 2048K, 6% used [0x00000000ffe00000,0x00000000ffe20000,0x0000000100000000)
  to   space 2048K, 0% used [0x00000000ffc00000,0x00000000ffc00000,0x00000000ffe00000)
 ParOldGen       total 1040384K, used 61092K [0x00000000a0c00000, 0x00000000e0400000, 0x00000000e0400000)
  object space 1040384K, 5% used [0x00000000a0c00000,0x00000000a47a93e0,0x00000000e0400000)
 Metaspace       used 13038K, capacity 13234K, committed 13312K, reserved 1060864K
  class space    used 1469K, capacity 1501K, committed 1536K, reserved 1048576K
3214.354: [GC (Allocation Failure) [PSYoungGen: 516224K->320K(518144K)] 577316K->61412K(1558528K), 0.0017504 secs] [Times: user=0.00 sys=0.00, real=0.00 secs] 
Heap after GC invocations=463 (full 0):
 PSYoungGen      total 518144K, used 320K [0x00000000e0400000, 0x0000000100000000, 0x0000000100000000)
  eden space 516096K, 0% used [0x00000000e0400000,0x00000000e0400000,0x00000000ffc00000)
  from space 2048K, 15% used [0x00000000ffc00000,0x00000000ffc50000,0x00000000ffe00000)
  to   space 1536K, 0% used [0x00000000ffe80000,0x00000000ffe80000,0x0000000100000000)
 ParOldGen       total 1040384K, used 61092K [0x00000000a0c00000, 0x00000000e0400000, 0x00000000e0400000)
  object space 1040384K, 5% used [0x00000000a0c00000,0x00000000a47a93e0,0x00000000e0400000)
 Metaspace       used 13038K, capacity 13234K, committed 13312K, reserved 1060864K
  class space    used 1469K, capacity 1501K, committed 1536K, reserved 1048576K
}
{Heap before GC invocations=464 (full 0):
 PSYoungGen      total 518144K, used 516416K [0x00000000e0400000, 0x0000000100000000, 0x0000000100000000)
  eden space 516096K, 100% used [0x00000000e0400000,0x00000000ffc00000,0x00000000ffc00000)
  from space 2048K, 15% used [0x00000000ffc00000,0x00000000ffc50000,0x00000000ffe00000)
  to   space 1536K, 0% used [0x00000000ffe80000,0x00000000ffe80000,0x0000000100000000)
 ParOldGen       total 1040384K, used 61092K [0x00000000a0c00000, 0x00000000e0400000, 0x00000000e0400000)
  object space 1040384K, 5% used [0x00000000a0c00000,0x00000000a47a93e0,0x00000000e0400000)
 Metaspace       used 13038K, capacity 13234K, committed 13312K, reserved 1060864K
  class space    used 1469K, capacity 1501K, committed 1536K, reserved 1048576K
3221.547: [GC (Allocation Failure) [PSYoungGen: 516416K->128K(518656K)] 577508K->61228K(1559040K), 0.0016639 secs] [Times: user=0.00 sys=0.00, real=0.00 secs] 
Heap after GC invocations=464 (full 0):
 PSYoungGen      total 518656K, used 128K [0x00000000e0400000, 0x0000000100000000, 0x0000000100000000)
  eden space 517120K, 0% used [0x00000000e0400000,0x00000000e0400000,0x00000000ffd00000)
  from space 1536K, 8% used [0x00000000ffe80000,0x00000000ffea0000,0x0000000100000000)
  to   space 1536K, 0% used [0x00000000ffd00000,0x00000000ffd00000,0x00000000ffe80000)
 ParOldGen       total 1040384K, used 61100K [0x00000000a0c00000, 0x00000000e0400000, 0x00000000e0400000)
  object space 1040384K, 5% used [0x00000000a0c00000,0x00000000a47ab3e0,0x00000000e0400000)
 Metaspace       used 13038K, capacity 13234K, committed 13312K, reserved 1060864K
  class space    used 1469K, capacity 1501K, committed 1536K, reserved 1048576K
}
{Heap before GC invocations=465 (full 0):
 PSYoungGen      total 518656K, used 517248K [0x00000000e0400000, 0x0000000100000000, 0x0000000100000000)
  eden space 517120K, 100% used [0x00000000e0400000,0x00000000ffd00000,0x00000000ffd00000)
  from space 1536K, 8% used [0x00000000ffe80000,0x00000000ffea0000,0x0000000100000000)
  to   space 1536K, 0% used [0x00000000ffd00000,0x00000000ffd00000,0x00000000ffe80000)
 ParOldGen       total 1040384K, used 61100K [0x00000000a0c00000, 0x00000000e0400000, 0x00000000e0400000)
  object space 1040384K, 5% used [0x00000000a0c00000,0x00000000a47ab3e0,0x00000000e0400000)
 Metaspace       used 13038K, capacity 13234K, committed 13312K, reserved 1060864K
  class space    used 1469K, capacity 1501K, committed 1536K, reserved 1048576K
3228.714: [GC (Allocation Failure) [PSYoungGen: 517248K->256K(518656K)] 578348K->61356K(1559040K), 0.0012953 secs] [Times: user=0.00 sys=0.00, real=0.00 secs] 
Heap after GC invocations=465 (full 0):
 PSYoungGen      total 518656K, used 256K [0x00000000e0400000, 0x0000000100000000, 0x0000000100000000)
  eden space 517120K, 0% used [0x00000000e0400000,0x00000000e0400000,0x00000000ffd00000)
  from space 1536K, 16% used [0x00000000ffd00000,0x00000000ffd40000,0x00000000ffe80000)
  to   space 1536K, 0% used [0x00000000ffe80000,0x00000000ffe80000,0x0000000100000000)
 ParOldGen       total 1040384K, used 61100K [0x00000000a0c00000, 0x00000000e0400000, 0x00000000e0400000)
  object space 1040384K, 5% used [0x00000000a0c00000,0x00000000a47ab3e0,0x00000000e0400000)
 Metaspace       used 13038K, capacity 13234K, committed 13312K, reserved 1060864K
  class space    used 1469K, capacity 1501K, committed 1536K, reserved 1048576K
}
{Heap before GC invocations=466 (full 0):
 PSYoungGen      total 518656K, used 517376K [0x00000000e0400000, 0x0000000100000000, 0x0000000100000000)
  eden space 517120K, 100% used [0x00000000e0400000,0x00000000ffd00000,0x00000000ffd00000)
  from space 1536K, 16% used [0x00000000ffd00000,0x00000000ffd40000,0x00000000ffe80000)
  to   space 1536K, 0% used [0x00000000ffe80000,0x00000000ffe80000,0x0000000100000000)
 ParOldGen       total 1040384K, used 61100K [0x00000000a0c00000, 0x00000000e0400000, 0x00000000e0400000)
  object space 1040384K, 5% used [0x00000000a0c00000,0x00000000a47ab3e0,0x00000000e0400000)
 Metaspace       used 13038K, capacity 13234K, committed 13312K, reserved 1060864K
  class space    used 1469K, capacity 1501K, committed 1536K, reserved 1048576K
3235.748: [GC (Allocation Failure) [PSYoungGen: 517376K->160K(518656K)] 578476K->61260K(1559040K), 0.0016620 secs] [Times: user=0.00 sys=0.00, real=0.00 secs] 
Heap after GC invocations=466 (full 0):
 PSYoungGen      total 518656K, used 160K [0x00000000e0400000, 0x0000000100000000, 0x0000000100000000)
  eden space 517120K, 0% used [0x00000000e0400000,0x00000000e0400000,0x00000000ffd00000)
  from space 1536K, 10% used [0x00000000ffe80000,0x00000000ffea8000,0x0000000100000000)
  to   space 1536K, 0% used [0x00000000ffd00000,0x00000000ffd00000,0x00000000ffe80000)
 ParOldGen       total 1040384K, used 61100K [0x00000000a0c00000, 0x00000000e0400000, 0x00000000e0400000)
  object space 1040384K, 5% used [0x00000000a0c00000,0x00000000a47ab3e0,0x00000000e0400000)
 Metaspace       used 13038K, capacity 13234K, committed 13312K, reserved 1060864K
  class space    used 1469K, capacity 1501K, committed 1536K, reserved 1048576K
}
{Heap before GC invocations=467 (full 0):
 PSYoungGen      total 518656K, used 517280K [0x00000000e0400000, 0x0000000100000000, 0x0000000100000000)
  eden space 517120K, 100% used [0x00000000e0400000,0x00000000ffd00000,0x00000000ffd00000)
  from space 1536K, 10% used [0x00000000ffe80000,0x00000000ffea8000,0x0000000100000000)
  to   space 1536K, 0% used [0x00000000ffd00000,0x00000000ffd00000,0x00000000ffe80000)
 ParOldGen       total 1040384K, used 61100K [0x00000000a0c00000, 0x00000000e0400000, 0x00000000e0400000)
  object space 1040384K, 5% used [0x00000000a0c00000,0x00000000a47ab3e0,0x00000000e0400000)
 Metaspace       used 13038K, capacity 13234K, committed 13312K, reserved 1060864K
  class space    used 1469K, capacity 1501K, committed 1536K, reserved 1048576K
3242.799: [GC (Allocation Failure) [PSYoungGen: 517280K->224K(518656K)] 578380K->61324K(1559040K), 0.0016511 secs] [Times: user=0.00 sys=0.00, real=0.00 secs] 
Heap after GC invocations=467 (full 0):
 PSYoungGen      total 518656K, used 224K [0x00000000e0400000, 0x0000000100000000, 0x0000000100000000)
  eden space 517120K, 0% used [0x00000000e0400000,0x00000000e0400000,0x00000000ffd00000)
  from space 1536K, 14% used [0x00000000ffd00000,0x00000000ffd38000,0x00000000ffe80000)
  to   space 1536K, 0% used [0x00000000ffe80000,0x00000000ffe80000,0x0000000100000000)
 ParOldGen       total 1040384K, used 61100K [0x00000000a0c00000, 0x00000000e0400000, 0x00000000e0400000)
  object space 1040384K, 5% used [0x00000000a0c00000,0x00000000a47ab3e0,0x00000000e0400000)
 Metaspace       used 13038K, capacity 13234K, committed 13312K, reserved 1060864K
  class space    used 1469K, capacity 1501K, committed 1536K, reserved 1048576K
}
{Heap before GC invocations=468 (full 0):
 PSYoungGen      total 518656K, used 517344K [0x00000000e0400000, 0x0000000100000000, 0x0000000100000000)
  eden space 517120K, 100% used [0x00000000e0400000,0x00000000ffd00000,0x00000000ffd00000)
  from space 1536K, 14% used [0x00000000ffd00000,0x00000000ffd38000,0x00000000ffe80000)
  to   space 1536K, 0% used [0x00000000ffe80000,0x00000000ffe80000,0x0000000100000000)
 ParOldGen       total 1040384K, used 61100K [0x00000000a0c00000, 0x00000000e0400000, 0x00000000e0400000)
  object space 1040384K, 5% used [0x00000000a0c00000,0x00000000a47ab3e0,0x00000000e0400000)
 Metaspace       used 13038K, capacity 13234K, committed 13312K, reserved 1060864K
  class space    used 1469K, capacity 1501K, committed 1536K, reserved 1048576K
3249.795: [GC (Allocation Failure) [PSYoungGen: 517344K->768K(518656K)] 578444K->61876K(1559040K), 0.0018256 secs] [Times: user=0.00 sys=0.00, real=0.00 secs] 
Heap after GC invocations=468 (full 0):
 PSYoungGen      total 518656K, used 768K [0x00000000e0400000, 0x0000000100000000, 0x0000000100000000)
  eden space 517120K, 0% used [0x00000000e0400000,0x00000000e0400000,0x00000000ffd00000)
  from space 1536K, 50% used [0x00000000ffe80000,0x00000000fff40000,0x0000000100000000)
  to   space 1536K, 0% used [0x00000000ffd00000,0x00000000ffd00000,0x00000000ffe80000)
 ParOldGen       total 1040384K, used 61108K [0x00000000a0c00000, 0x00000000e0400000, 0x00000000e0400000)
  object space 1040384K, 5% used [0x00000000a0c00000,0x00000000a47ad3e0,0x00000000e0400000)
 Metaspace       used 13038K, capacity 13234K, committed 13312K, reserved 1060864K
  class space    used 1469K, capacity 1501K, committed 1536K, reserved 1048576K
}
{Heap before GC invocations=469 (full 0):
 PSYoungGen      total 518656K, used 517888K [0x00000000e0400000, 0x0000000100000000, 0x0000000100000000)
  eden space 517120K, 100% used [0x00000000e0400000,0x00000000ffd00000,0x00000000ffd00000)
  from space 1536K, 50% used [0x00000000ffe80000,0x00000000fff40000,0x0000000100000000)
  to   space 1536K, 0% used [0x00000000ffd00000,0x00000000ffd00000,0x00000000ffe80000)
 ParOldGen       total 1040384K, used 61108K [0x00000000a0c00000, 0x00000000e0400000, 0x00000000e0400000)
  object space 1040384K, 5% used [0x00000000a0c00000,0x00000000a47ad3e0,0x00000000e0400000)
 Metaspace       used 13038K, capacity 13234K, committed 13312K, reserved 1060864K
  class space    used 1469K, capacity 1501K, committed 1536K, reserved 1048576K
3257.021: [GC (Allocation Failure) [PSYoungGen: 517888K->96K(518656K)] 578996K->61204K(1559040K), 0.0014760 secs] [Times: user=0.11 sys=0.00, real=0.00 secs] 
Heap after GC invocations=469 (full 0):
 PSYoungGen      total 518656K, used 96K [0x00000000e0400000, 0x0000000100000000, 0x0000000100000000)
  eden space 517120K, 0% used [0x00000000e0400000,0x00000000e0400000,0x00000000ffd00000)
  from space 1536K, 6% used [0x00000000ffd00000,0x00000000ffd18000,0x00000000ffe80000)
  to   space 1536K, 0% used [0x00000000ffe80000,0x00000000ffe80000,0x0000000100000000)
 ParOldGen       total 1040384K, used 61108K [0x00000000a0c00000, 0x00000000e0400000, 0x00000000e0400000)
  object space 1040384K, 5% used [0x00000000a0c00000,0x00000000a47ad3e0,0x00000000e0400000)
 Metaspace       used 13038K, capacity 13234K, committed 13312K, reserved 1060864K
  class space    used 1469K, capacity 1501K, committed 1536K, reserved 1048576K
}
{Heap before GC invocations=470 (full 0):
 PSYoungGen      total 518656K, used 517216K [0x00000000e0400000, 0x0000000100000000, 0x0000000100000000)
  eden space 517120K, 100% used [0x00000000e0400000,0x00000000ffd00000,0x00000000ffd00000)
  from space 1536K, 6% used [0x00000000ffd00000,0x00000000ffd18000,0x00000000ffe80000)
  to   space 1536K, 0% used [0x00000000ffe80000,0x00000000ffe80000,0x0000000100000000)
 ParOldGen       total 1040384K, used 61108K [0x00000000a0c00000, 0x00000000e0400000, 0x00000000e0400000)
  object space 1040384K, 5% used [0x00000000a0c00000,0x00000000a47ad3e0,0x00000000e0400000)
 Metaspace       used 13038K, capacity 13234K, committed 13312K, reserved 1060864K
  class space    used 1469K, capacity 1501K, committed 1536K, reserved 1048576K
3263.978: [GC (Allocation Failure) [PSYoungGen: 517216K->224K(518656K)] 578324K->61332K(1559040K), 0.0012969 secs] [Times: user=0.00 sys=0.00, real=0.00 secs] 
Heap after GC invocations=470 (full 0):
 PSYoungGen      total 518656K, used 224K [0x00000000e0400000, 0x0000000100000000, 0x0000000100000000)
  eden space 517120K, 0% used [0x00000000e0400000,0x00000000e0400000,0x00000000ffd00000)
  from space 1536K, 14% used [0x00000000ffe80000,0x00000000ffeb8000,0x0000000100000000)
  to   space 1536K, 0% used [0x00000000ffd00000,0x00000000ffd00000,0x00000000ffe80000)
 ParOldGen       total 1040384K, used 61108K [0x00000000a0c00000, 0x00000000e0400000, 0x00000000e0400000)
  object space 1040384K, 5% used [0x00000000a0c00000,0x00000000a47ad3e0,0x00000000e0400000)
 Metaspace       used 13038K, capacity 13234K, committed 13312K, reserved 1060864K
  class space    used 1469K, capacity 1501K, committed 1536K, reserved 1048576K
}
{Heap before GC invocations=471 (full 0):
 PSYoungGen      total 518656K, used 517344K [0x00000000e0400000, 0x0000000100000000, 0x0000000100000000)
  eden space 517120K, 100% used [0x00000000e0400000,0x00000000ffd00000,0x00000000ffd00000)
  from space 1536K, 14% used [0x00000000ffe80000,0x00000000ffeb8000,0x0000000100000000)
  to   space 1536K, 0% used [0x00000000ffd00000,0x00000000ffd00000,0x00000000ffe80000)
 ParOldGen       total 1040384K, used 61108K [0x00000000a0c00000, 0x00000000e0400000, 0x00000000e0400000)
  object space 1040384K, 5% used [0x00000000a0c00000,0x00000000a47ad3e0,0x00000000e0400000)
 Metaspace       used 13038K, capacity 13234K, committed 13312K, reserved 1060864K
  class space    used 1469K, capacity 1501K, committed 1536K, reserved 1048576K
3271.048: [GC (Allocation Failure) [PSYoungGen: 517344K->160K(518656K)] 578452K->61268K(1559040K), 0.0030759 secs] [Times: user=0.00 sys=0.00, real=0.00 secs] 
Heap after GC invocations=471 (full 0):
 PSYoungGen      total 518656K, used 160K [0x00000000e0400000, 0x0000000100000000, 0x0000000100000000)
  eden space 517120K, 0% used [0x00000000e0400000,0x00000000e0400000,0x00000000ffd00000)
  from space 1536K, 10% used [0x00000000ffd00000,0x00000000ffd28000,0x00000000ffe80000)
  to   space 1536K, 0% used [0x00000000ffe80000,0x00000000ffe80000,0x0000000100000000)
 ParOldGen       total 1040384K, used 61108K [0x00000000a0c00000, 0x00000000e0400000, 0x00000000e0400000)
  object space 1040384K, 5% used [0x00000000a0c00000,0x00000000a47ad3e0,0x00000000e0400000)
 Metaspace       used 13038K, capacity 13234K, committed 13312K, reserved 1060864K
  class space    used 1469K, capacity 1501K, committed 1536K, reserved 1048576K
}
{Heap before GC invocations=472 (full 0):
 PSYoungGen      total 518656K, used 517280K [0x00000000e0400000, 0x0000000100000000, 0x0000000100000000)
  eden space 517120K, 100% used [0x00000000e0400000,0x00000000ffd00000,0x00000000ffd00000)
  from space 1536K, 10% used [0x00000000ffd00000,0x00000000ffd28000,0x00000000ffe80000)
  to   space 1536K, 0% used [0x00000000ffe80000,0x00000000ffe80000,0x0000000100000000)
 ParOldGen       total 1040384K, used 61108K [0x00000000a0c00000, 0x00000000e0400000, 0x00000000e0400000)
  object space 1040384K, 5% used [0x00000000a0c00000,0x00000000a47ad3e0,0x00000000e0400000)
 Metaspace       used 13038K, capacity 13234K, committed 13312K, reserved 1060864K
  class space    used 1469K, capacity 1501K, committed 1536K, reserved 1048576K
3278.175: [GC (Allocation Failure) [PSYoungGen: 517280K->160K(518656K)] 578388K->61268K(1559040K), 0.0016508 secs] [Times: user=0.00 sys=0.00, real=0.00 secs] 
Heap after GC invocations=472 (full 0):
 PSYoungGen      total 518656K, used 160K [0x00000000e0400000, 0x0000000100000000, 0x0000000100000000)
  eden space 517120K, 0% used [0x00000000e0400000,0x00000000e0400000,0x00000000ffd00000)
  from space 1536K, 10% used [0x00000000ffe80000,0x00000000ffea8000,0x0000000100000000)
  to   space 1536K, 0% used [0x00000000ffd00000,0x00000000ffd00000,0x00000000ffe80000)
 ParOldGen       total 1040384K, used 61108K [0x00000000a0c00000, 0x00000000e0400000, 0x00000000e0400000)
  object space 1040384K, 5% used [0x00000000a0c00000,0x00000000a47ad3e0,0x00000000e0400000)
 Metaspace       used 13038K, capacity 13234K, committed 13312K, reserved 1060864K
  class space    used 1469K, capacity 1501K, committed 1536K, reserved 1048576K
}
{Heap before GC invocations=473 (full 0):
 PSYoungGen      total 518656K, used 517280K [0x00000000e0400000, 0x0000000100000000, 0x0000000100000000)
  eden space 517120K, 100% used [0x00000000e0400000,0x00000000ffd00000,0x00000000ffd00000)
  from space 1536K, 10% used [0x00000000ffe80000,0x00000000ffea8000,0x0000000100000000)
  to   space 1536K, 0% used [0x00000000ffd00000,0x00000000ffd00000,0x00000000ffe80000)
 ParOldGen       total 1040384K, used 61109K [0x00000000a0c00000, 0x00000000e0400000, 0x00000000e0400000)
  object space 1040384K, 5% used [0x00000000a0c00000,0x00000000a47ad430,0x00000000e0400000)
 Metaspace       used 13038K, capacity 13234K, committed 13312K, reserved 1060864K
  class space    used 1469K, capacity 1501K, committed 1536K, reserved 1048576K
3285.169: [GC (GCLocker Initiated GC) [PSYoungGen: 517280K->1536K(518656K)] 578389K->62765K(1559040K), 0.0022822 secs] [Times: user=0.00 sys=0.00, real=0.00 secs] 
Heap after GC invocations=473 (full 0):
 PSYoungGen      total 518656K, used 1536K [0x00000000e0400000, 0x0000000100000000, 0x0000000100000000)
  eden space 517120K, 0% used [0x00000000e0400000,0x00000000e0400000,0x00000000ffd00000)
  from space 1536K, 100% used [0x00000000ffd00000,0x00000000ffe80000,0x00000000ffe80000)
  to   space 1536K, 0% used [0x00000000ffe80000,0x00000000ffe80000,0x0000000100000000)
 ParOldGen       total 1040384K, used 61229K [0x00000000a0c00000, 0x00000000e0400000, 0x00000000e0400000)
  object space 1040384K, 5% used [0x00000000a0c00000,0x00000000a47cb430,0x00000000e0400000)
 Metaspace       used 13038K, capacity 13234K, committed 13312K, reserved 1060864K
  class space    used 1469K, capacity 1501K, committed 1536K, reserved 1048576K
}
{Heap before GC invocations=474 (full 0):
 PSYoungGen      total 518656K, used 518656K [0x00000000e0400000, 0x0000000100000000, 0x0000000100000000)
  eden space 517120K, 100% used [0x00000000e0400000,0x00000000ffd00000,0x00000000ffd00000)
  from space 1536K, 100% used [0x00000000ffd00000,0x00000000ffe80000,0x00000000ffe80000)
  to   space 1536K, 0% used [0x00000000ffe80000,0x00000000ffe80000,0x0000000100000000)
 ParOldGen       total 1040384K, used 61231K [0x00000000a0c00000, 0x00000000e0400000, 0x00000000e0400000)
  object space 1040384K, 5% used [0x00000000a0c00000,0x00000000a47cbf88,0x00000000e0400000)
 Metaspace       used 13038K, capacity 13234K, committed 13312K, reserved 1060864K
  class space    used 1469K, capacity 1501K, committed 1536K, reserved 1048576K
3292.271: [GC (Allocation Failure) [PSYoungGen: 518656K->128K(518656K)] 579887K->61391K(1559040K), 0.0015404 secs] [Times: user=0.13 sys=0.00, real=0.00 secs] 
Heap after GC invocations=474 (full 0):
 PSYoungGen      total 518656K, used 128K [0x00000000e0400000, 0x0000000100000000, 0x0000000100000000)
  eden space 517120K, 0% used [0x00000000e0400000,0x00000000e0400000,0x00000000ffd00000)
  from space 1536K, 8% used [0x00000000ffe80000,0x00000000ffea0000,0x0000000100000000)
  to   space 1536K, 0% used [0x00000000ffd00000,0x00000000ffd00000,0x00000000ffe80000)
 ParOldGen       total 1040384K, used 61263K [0x00000000a0c00000, 0x00000000e0400000, 0x00000000e0400000)
  object space 1040384K, 5% used [0x00000000a0c00000,0x00000000a47d3f88,0x00000000e0400000)
 Metaspace       used 13038K, capacity 13234K, committed 13312K, reserved 1060864K
  class space    used 1469K, capacity 1501K, committed 1536K, reserved 1048576K
}
{Heap before GC invocations=475 (full 0):
 PSYoungGen      total 518656K, used 517248K [0x00000000e0400000, 0x0000000100000000, 0x0000000100000000)
  eden space 517120K, 100% used [0x00000000e0400000,0x00000000ffd00000,0x00000000ffd00000)
  from space 1536K, 8% used [0x00000000ffe80000,0x00000000ffea0000,0x0000000100000000)
  to   space 1536K, 0% used [0x00000000ffd00000,0x00000000ffd00000,0x00000000ffe80000)
 ParOldGen       total 1040384K, used 61263K [0x00000000a0c00000, 0x00000000e0400000, 0x00000000e0400000)
  object space 1040384K, 5% used [0x00000000a0c00000,0x00000000a47d3f88,0x00000000e0400000)
 Metaspace       used 13038K, capacity 13234K, committed 13312K, reserved 1060864K
  class space    used 1469K, capacity 1501K, committed 1536K, reserved 1048576K
3299.348: [GC (Allocation Failure) [PSYoungGen: 517248K->256K(518656K)] 578511K->61519K(1559040K), 0.0012596 secs] [Times: user=0.13 sys=0.00, real=0.00 secs] 
Heap after GC invocations=475 (full 0):
 PSYoungGen      total 518656K, used 256K [0x00000000e0400000, 0x0000000100000000, 0x0000000100000000)
  eden space 517120K, 0% used [0x00000000e0400000,0x00000000e0400000,0x00000000ffd00000)
  from space 1536K, 16% used [0x00000000ffd00000,0x00000000ffd40000,0x00000000ffe80000)
  to   space 1536K, 0% used [0x00000000ffe80000,0x00000000ffe80000,0x0000000100000000)
 ParOldGen       total 1040384K, used 61263K [0x00000000a0c00000, 0x00000000e0400000, 0x00000000e0400000)
  object space 1040384K, 5% used [0x00000000a0c00000,0x00000000a47d3f88,0x00000000e0400000)
 Metaspace       used 13038K, capacity 13234K, committed 13312K, reserved 1060864K
  class space    used 1469K, capacity 1501K, committed 1536K, reserved 1048576K
}
{Heap before GC invocations=476 (full 0):
 PSYoungGen      total 518656K, used 517376K [0x00000000e0400000, 0x0000000100000000, 0x0000000100000000)
  eden space 517120K, 100% used [0x00000000e0400000,0x00000000ffd00000,0x00000000ffd00000)
  from space 1536K, 16% used [0x00000000ffd00000,0x00000000ffd40000,0x00000000ffe80000)
  to   space 1536K, 0% used [0x00000000ffe80000,0x00000000ffe80000,0x0000000100000000)
 ParOldGen       total 1040384K, used 61263K [0x00000000a0c00000, 0x00000000e0400000, 0x00000000e0400000)
  object space 1040384K, 5% used [0x00000000a0c00000,0x00000000a47d3f88,0x00000000e0400000)
 Metaspace       used 13040K, capacity 13234K, committed 13312K, reserved 1060864K
  class space    used 1469K, capacity 1501K, committed 1536K, reserved 1048576K
3306.353: [GC (Allocation Failure) [PSYoungGen: 517376K->192K(518656K)] 578639K->61471K(1559040K), 0.0018126 secs] [Times: user=0.00 sys=0.00, real=0.00 secs] 
Heap after GC invocations=476 (full 0):
 PSYoungGen      total 518656K, used 192K [0x00000000e0400000, 0x0000000100000000, 0x0000000100000000)
  eden space 517120K, 0% used [0x00000000e0400000,0x00000000e0400000,0x00000000ffd00000)
  from space 1536K, 12% used [0x00000000ffe80000,0x00000000ffeb0000,0x0000000100000000)
  to   space 1536K, 0% used [0x00000000ffd00000,0x00000000ffd00000,0x00000000ffe80000)
 ParOldGen       total 1040384K, used 61279K [0x00000000a0c00000, 0x00000000e0400000, 0x00000000e0400000)
  object space 1040384K, 5% used [0x00000000a0c00000,0x00000000a47d7f88,0x00000000e0400000)
 Metaspace       used 13040K, capacity 13234K, committed 13312K, reserved 1060864K
  class space    used 1469K, capacity 1501K, committed 1536K, reserved 1048576K
}
{Heap before GC invocations=477 (full 0):
 PSYoungGen      total 518656K, used 517312K [0x00000000e0400000, 0x0000000100000000, 0x0000000100000000)
  eden space 517120K, 100% used [0x00000000e0400000,0x00000000ffd00000,0x00000000ffd00000)
  from space 1536K, 12% used [0x00000000ffe80000,0x00000000ffeb0000,0x0000000100000000)
  to   space 1536K, 0% used [0x00000000ffd00000,0x00000000ffd00000,0x00000000ffe80000)
 ParOldGen       total 1040384K, used 61279K [0x00000000a0c00000, 0x00000000e0400000, 0x00000000e0400000)
  object space 1040384K, 5% used [0x00000000a0c00000,0x00000000a47d7f88,0x00000000e0400000)
 Metaspace       used 13040K, capacity 13234K, committed 13312K, reserved 1060864K
  class space    used 1469K, capacity 1501K, committed 1536K, reserved 1048576K
3313.336: [GC (Allocation Failure) [PSYoungGen: 517312K->96K(518656K)] 578591K->61383K(1559040K), 0.0018996 secs] [Times: user=0.00 sys=0.00, real=0.00 secs] 
Heap after GC invocations=477 (full 0):
 PSYoungGen      total 518656K, used 96K [0x00000000e0400000, 0x0000000100000000, 0x0000000100000000)
  eden space 517120K, 0% used [0x00000000e0400000,0x00000000e0400000,0x00000000ffd00000)
  from space 1536K, 6% used [0x00000000ffd00000,0x00000000ffd18000,0x00000000ffe80000)
  to   space 1536K, 0% used [0x00000000ffe80000,0x00000000ffe80000,0x0000000100000000)
 ParOldGen       total 1040384K, used 61287K [0x00000000a0c00000, 0x00000000e0400000, 0x00000000e0400000)
  object space 1040384K, 5% used [0x00000000a0c00000,0x00000000a47d9f88,0x00000000e0400000)
 Metaspace       used 13040K, capacity 13234K, committed 13312K, reserved 1060864K
  class space    used 1469K, capacity 1501K, committed 1536K, reserved 1048576K
}
{Heap before GC invocations=478 (full 0):
 PSYoungGen      total 518656K, used 517216K [0x00000000e0400000, 0x0000000100000000, 0x0000000100000000)
  eden space 517120K, 100% used [0x00000000e0400000,0x00000000ffd00000,0x00000000ffd00000)
  from space 1536K, 6% used [0x00000000ffd00000,0x00000000ffd18000,0x00000000ffe80000)
  to   space 1536K, 0% used [0x00000000ffe80000,0x00000000ffe80000,0x0000000100000000)
 ParOldGen       total 1040384K, used 61287K [0x00000000a0c00000, 0x00000000e0400000, 0x00000000e0400000)
  object space 1040384K, 5% used [0x00000000a0c00000,0x00000000a47d9fa8,0x00000000e0400000)
 Metaspace       used 13040K, capacity 13234K, committed 13312K, reserved 1060864K
  class space    used 1469K, capacity 1501K, committed 1536K, reserved 1048576K
3320.510: [GC (GCLocker Initiated GC) [PSYoungGen: 517216K->1536K(517632K)] 578503K->63071K(1558016K), 0.0024302 secs] [Times: user=0.00 sys=0.00, real=0.00 secs] 
Heap after GC invocations=478 (full 0):
 PSYoungGen      total 517632K, used 1536K [0x00000000e0400000, 0x0000000100000000, 0x0000000100000000)
  eden space 516096K, 0% used [0x00000000e0400000,0x00000000e0400000,0x00000000ffc00000)
  from space 1536K, 100% used [0x00000000ffe80000,0x0000000100000000,0x0000000100000000)
  to   space 2048K, 0% used [0x00000000ffc00000,0x00000000ffc00000,0x00000000ffe00000)
 ParOldGen       total 1040384K, used 61535K [0x00000000a0c00000, 0x00000000e0400000, 0x00000000e0400000)
  object space 1040384K, 5% used [0x00000000a0c00000,0x00000000a4817fa8,0x00000000e0400000)
 Metaspace       used 13040K, capacity 13234K, committed 13312K, reserved 1060864K
  class space    used 1469K, capacity 1501K, committed 1536K, reserved 1048576K
}
{Heap before GC invocations=479 (full 0):
 PSYoungGen      total 517632K, used 517632K [0x00000000e0400000, 0x0000000100000000, 0x0000000100000000)
  eden space 516096K, 100% used [0x00000000e0400000,0x00000000ffc00000,0x00000000ffc00000)
  from space 1536K, 100% used [0x00000000ffe80000,0x0000000100000000,0x0000000100000000)
  to   space 2048K, 0% used [0x00000000ffc00000,0x00000000ffc00000,0x00000000ffe00000)
 ParOldGen       total 1040384K, used 61538K [0x00000000a0c00000, 0x00000000e0400000, 0x00000000e0400000)
  object space 1040384K, 5% used [0x00000000a0c00000,0x00000000a4818ba8,0x00000000e0400000)
 Metaspace       used 13040K, capacity 13234K, committed 13312K, reserved 1060864K
  class space    used 1469K, capacity 1501K, committed 1536K, reserved 1048576K
3327.640: [GC (Allocation Failure) [PSYoungGen: 517632K->128K(518144K)] 579170K->61682K(1558528K), 0.0018461 secs] [Times: user=0.00 sys=0.00, real=0.00 secs] 
Heap after GC invocations=479 (full 0):
 PSYoungGen      total 518144K, used 128K [0x00000000e0400000, 0x0000000100000000, 0x0000000100000000)
  eden space 516096K, 0% used [0x00000000e0400000,0x00000000e0400000,0x00000000ffc00000)
  from space 2048K, 6% used [0x00000000ffc00000,0x00000000ffc20000,0x00000000ffe00000)
  to   space 2048K, 0% used [0x00000000ffe00000,0x00000000ffe00000,0x0000000100000000)
 ParOldGen       total 1040384K, used 61554K [0x00000000a0c00000, 0x00000000e0400000, 0x00000000e0400000)
  object space 1040384K, 5% used [0x00000000a0c00000,0x00000000a481cba8,0x00000000e0400000)
 Metaspace       used 13040K, capacity 13234K, committed 13312K, reserved 1060864K
  class space    used 1469K, capacity 1501K, committed 1536K, reserved 1048576K
}
{Heap before GC invocations=480 (full 0):
 PSYoungGen      total 518144K, used 516224K [0x00000000e0400000, 0x0000000100000000, 0x0000000100000000)
  eden space 516096K, 100% used [0x00000000e0400000,0x00000000ffc00000,0x00000000ffc00000)
  from space 2048K, 6% used [0x00000000ffc00000,0x00000000ffc20000,0x00000000ffe00000)
  to   space 2048K, 0% used [0x00000000ffe00000,0x00000000ffe00000,0x0000000100000000)
 ParOldGen       total 1040384K, used 61554K [0x00000000a0c00000, 0x00000000e0400000, 0x00000000e0400000)
  object space 1040384K, 5% used [0x00000000a0c00000,0x00000000a481cba8,0x00000000e0400000)
 Metaspace       used 13040K, capacity 13234K, committed 13312K, reserved 1060864K
  class space    used 1469K, capacity 1501K, committed 1536K, reserved 1048576K
3334.595: [GC (Allocation Failure) [PSYoungGen: 516224K->128K(518144K)] 577778K->61698K(1558528K), 0.0018508 secs] [Times: user=0.00 sys=0.00, real=0.00 secs] 
Heap after GC invocations=480 (full 0):
 PSYoungGen      total 518144K, used 128K [0x00000000e0400000, 0x0000000100000000, 0x0000000100000000)
  eden space 516096K, 0% used [0x00000000e0400000,0x00000000e0400000,0x00000000ffc00000)
  from space 2048K, 6% used [0x00000000ffe00000,0x00000000ffe20000,0x0000000100000000)
  to   space 2048K, 0% used [0x00000000ffc00000,0x00000000ffc00000,0x00000000ffe00000)
 ParOldGen       total 1040384K, used 61570K [0x00000000a0c00000, 0x00000000e0400000, 0x00000000e0400000)
  object space 1040384K, 5% used [0x00000000a0c00000,0x00000000a4820ba8,0x00000000e0400000)
 Metaspace       used 13040K, capacity 13234K, committed 13312K, reserved 1060864K
  class space    used 1469K, capacity 1501K, committed 1536K, reserved 1048576K
}
{Heap before GC invocations=481 (full 0):
 PSYoungGen      total 518144K, used 516224K [0x00000000e0400000, 0x0000000100000000, 0x0000000100000000)
  eden space 516096K, 100% used [0x00000000e0400000,0x00000000ffc00000,0x00000000ffc00000)
  from space 2048K, 6% used [0x00000000ffe00000,0x00000000ffe20000,0x0000000100000000)
  to   space 2048K, 0% used [0x00000000ffc00000,0x00000000ffc00000,0x00000000ffe00000)
 ParOldGen       total 1040384K, used 61570K [0x00000000a0c00000, 0x00000000e0400000, 0x00000000e0400000)
  object space 1040384K, 5% used [0x00000000a0c00000,0x00000000a4820ba8,0x00000000e0400000)
 Metaspace       used 13040K, capacity 13234K, committed 13312K, reserved 1060864K
  class space    used 1469K, capacity 1501K, committed 1536K, reserved 1048576K
3341.708: [GC (Allocation Failure) [PSYoungGen: 516224K->192K(518144K)] 577794K->61770K(1558528K), 0.0014325 secs] [Times: user=0.09 sys=0.00, real=0.00 secs] 
Heap after GC invocations=481 (full 0):
 PSYoungGen      total 518144K, used 192K [0x00000000e0400000, 0x0000000100000000, 0x0000000100000000)
  eden space 516096K, 0% used [0x00000000e0400000,0x00000000e0400000,0x00000000ffc00000)
  from space 2048K, 9% used [0x00000000ffc00000,0x00000000ffc30000,0x00000000ffe00000)
  to   space 1536K, 0% used [0x00000000ffe80000,0x00000000ffe80000,0x0000000100000000)
 ParOldGen       total 1040384K, used 61578K [0x00000000a0c00000, 0x00000000e0400000, 0x00000000e0400000)
  object space 1040384K, 5% used [0x00000000a0c00000,0x00000000a4822ba8,0x00000000e0400000)
 Metaspace       used 13040K, capacity 13234K, committed 13312K, reserved 1060864K
  class space    used 1469K, capacity 1501K, committed 1536K, reserved 1048576K
}
{Heap before GC invocations=482 (full 0):
 PSYoungGen      total 518144K, used 516288K [0x00000000e0400000, 0x0000000100000000, 0x0000000100000000)
  eden space 516096K, 100% used [0x00000000e0400000,0x00000000ffc00000,0x00000000ffc00000)
  from space 2048K, 9% used [0x00000000ffc00000,0x00000000ffc30000,0x00000000ffe00000)
  to   space 1536K, 0% used [0x00000000ffe80000,0x00000000ffe80000,0x0000000100000000)
 ParOldGen       total 1040384K, used 61578K [0x00000000a0c00000, 0x00000000e0400000, 0x00000000e0400000)
  object space 1040384K, 5% used [0x00000000a0c00000,0x00000000a4822ba8,0x00000000e0400000)
 Metaspace       used 13040K, capacity 13234K, committed 13312K, reserved 1060864K
  class space    used 1469K, capacity 1501K, committed 1536K, reserved 1048576K
3348.681: [GC (Allocation Failure) [PSYoungGen: 516288K->672K(518656K)] 577866K->62250K(1559040K), 0.0018906 secs] [Times: user=0.00 sys=0.00, real=0.00 secs] 
Heap after GC invocations=482 (full 0):
 PSYoungGen      total 518656K, used 672K [0x00000000e0400000, 0x0000000100000000, 0x0000000100000000)
  eden space 517120K, 0% used [0x00000000e0400000,0x00000000e0400000,0x00000000ffd00000)
  from space 1536K, 43% used [0x00000000ffe80000,0x00000000fff28000,0x0000000100000000)
  to   space 1536K, 0% used [0x00000000ffd00000,0x00000000ffd00000,0x00000000ffe80000)
 ParOldGen       total 1040384K, used 61578K [0x00000000a0c00000, 0x00000000e0400000, 0x00000000e0400000)
  object space 1040384K, 5% used [0x00000000a0c00000,0x00000000a4822ba8,0x00000000e0400000)
 Metaspace       used 13040K, capacity 13234K, committed 13312K, reserved 1060864K
  class space    used 1469K, capacity 1501K, committed 1536K, reserved 1048576K
}
{Heap before GC invocations=483 (full 0):
 PSYoungGen      total 518656K, used 517792K [0x00000000e0400000, 0x0000000100000000, 0x0000000100000000)
  eden space 517120K, 100% used [0x00000000e0400000,0x00000000ffd00000,0x00000000ffd00000)
  from space 1536K, 43% used [0x00000000ffe80000,0x00000000fff28000,0x0000000100000000)
  to   space 1536K, 0% used [0x00000000ffd00000,0x00000000ffd00000,0x00000000ffe80000)
 ParOldGen       total 1040384K, used 61578K [0x00000000a0c00000, 0x00000000e0400000, 0x00000000e0400000)
  object space 1040384K, 5% used [0x00000000a0c00000,0x00000000a4822ba8,0x00000000e0400000)
 Metaspace       used 13040K, capacity 13234K, committed 13312K, reserved 1060864K
  class space    used 1469K, capacity 1501K, committed 1536K, reserved 1048576K
3355.722: [GC (Allocation Failure) [PSYoungGen: 517792K->1536K(518656K)] 579370K->63546K(1559040K), 0.0029748 secs] [Times: user=0.09 sys=0.00, real=0.00 secs] 
Heap after GC invocations=483 (full 0):
 PSYoungGen      total 518656K, used 1536K [0x00000000e0400000, 0x0000000100000000, 0x0000000100000000)
  eden space 517120K, 0% used [0x00000000e0400000,0x00000000e0400000,0x00000000ffd00000)
  from space 1536K, 100% used [0x00000000ffd00000,0x00000000ffe80000,0x00000000ffe80000)
  to   space 1536K, 0% used [0x00000000ffe80000,0x00000000ffe80000,0x0000000100000000)
 ParOldGen       total 1040384K, used 62010K [0x00000000a0c00000, 0x00000000e0400000, 0x00000000e0400000)
  object space 1040384K, 5% used [0x00000000a0c00000,0x00000000a488eba8,0x00000000e0400000)
 Metaspace       used 13040K, capacity 13234K, committed 13312K, reserved 1060864K
  class space    used 1469K, capacity 1501K, committed 1536K, reserved 1048576K
}
{Heap before GC invocations=484 (full 0):
 PSYoungGen      total 518656K, used 518656K [0x00000000e0400000, 0x0000000100000000, 0x0000000100000000)
  eden space 517120K, 100% used [0x00000000e0400000,0x00000000ffd00000,0x00000000ffd00000)
  from space 1536K, 100% used [0x00000000ffd00000,0x00000000ffe80000,0x00000000ffe80000)
  to   space 1536K, 0% used [0x00000000ffe80000,0x00000000ffe80000,0x0000000100000000)
 ParOldGen       total 1040384K, used 62010K [0x00000000a0c00000, 0x00000000e0400000, 0x00000000e0400000)
  object space 1040384K, 5% used [0x00000000a0c00000,0x00000000a488eba8,0x00000000e0400000)
 Metaspace       used 13040K, capacity 13234K, committed 13312K, reserved 1060864K
  class space    used 1469K, capacity 1501K, committed 1536K, reserved 1048576K
3362.687: [GC (Allocation Failure) [PSYoungGen: 518656K->160K(517632K)] 580666K->62202K(1558016K), 0.0014913 secs] [Times: user=0.00 sys=0.00, real=0.00 secs] 
Heap after GC invocations=484 (full 0):
 PSYoungGen      total 517632K, used 160K [0x00000000e0400000, 0x0000000100000000, 0x0000000100000000)
  eden space 516096K, 0% used [0x00000000e0400000,0x00000000e0400000,0x00000000ffc00000)
  from space 1536K, 10% used [0x00000000ffe80000,0x00000000ffea8000,0x0000000100000000)
  to   space 2048K, 0% used [0x00000000ffc00000,0x00000000ffc00000,0x00000000ffe00000)
 ParOldGen       total 1040384K, used 62042K [0x00000000a0c00000, 0x00000000e0400000, 0x00000000e0400000)
  object space 1040384K, 5% used [0x00000000a0c00000,0x00000000a4896ba8,0x00000000e0400000)
 Metaspace       used 13040K, capacity 13234K, committed 13312K, reserved 1060864K
  class space    used 1469K, capacity 1501K, committed 1536K, reserved 1048576K
}
{Heap before GC invocations=485 (full 0):
 PSYoungGen      total 517632K, used 516256K [0x00000000e0400000, 0x0000000100000000, 0x0000000100000000)
  eden space 516096K, 100% used [0x00000000e0400000,0x00000000ffc00000,0x00000000ffc00000)
  from space 1536K, 10% used [0x00000000ffe80000,0x00000000ffea8000,0x0000000100000000)
  to   space 2048K, 0% used [0x00000000ffc00000,0x00000000ffc00000,0x00000000ffe00000)
 ParOldGen       total 1040384K, used 62042K [0x00000000a0c00000, 0x00000000e0400000, 0x00000000e0400000)
  object space 1040384K, 5% used [0x00000000a0c00000,0x00000000a4896ba8,0x00000000e0400000)
 Metaspace       used 13040K, capacity 13234K, committed 13312K, reserved 1060864K
  class space    used 1469K, capacity 1501K, committed 1536K, reserved 1048576K
3369.631: [GC (Allocation Failure) [PSYoungGen: 516256K->128K(518144K)] 578298K->62178K(1558528K), 0.0018225 secs] [Times: user=0.00 sys=0.00, real=0.00 secs] 
Heap after GC invocations=485 (full 0):
 PSYoungGen      total 518144K, used 128K [0x00000000e0400000, 0x0000000100000000, 0x0000000100000000)
  eden space 516096K, 0% used [0x00000000e0400000,0x00000000e0400000,0x00000000ffc00000)
  from space 2048K, 6% used [0x00000000ffc00000,0x00000000ffc20000,0x00000000ffe00000)
  to   space 2048K, 0% used [0x00000000ffe00000,0x00000000ffe00000,0x0000000100000000)
 ParOldGen       total 1040384K, used 62050K [0x00000000a0c00000, 0x00000000e0400000, 0x00000000e0400000)
  object space 1040384K, 5% used [0x00000000a0c00000,0x00000000a4898ba8,0x00000000e0400000)
 Metaspace       used 13040K, capacity 13234K, committed 13312K, reserved 1060864K
  class space    used 1469K, capacity 1501K, committed 1536K, reserved 1048576K
}
{Heap before GC invocations=486 (full 0):
 PSYoungGen      total 518144K, used 516224K [0x00000000e0400000, 0x0000000100000000, 0x0000000100000000)
  eden space 516096K, 100% used [0x00000000e0400000,0x00000000ffc00000,0x00000000ffc00000)
  from space 2048K, 6% used [0x00000000ffc00000,0x00000000ffc20000,0x00000000ffe00000)
  to   space 2048K, 0% used [0x00000000ffe00000,0x00000000ffe00000,0x0000000100000000)
 ParOldGen       total 1040384K, used 62050K [0x00000000a0c00000, 0x00000000e0400000, 0x00000000e0400000)
  object space 1040384K, 5% used [0x00000000a0c00000,0x00000000a4898ba8,0x00000000e0400000)
 Metaspace       used 13040K, capacity 13234K, committed 13312K, reserved 1060864K
  class space    used 1469K, capacity 1501K, committed 1536K, reserved 1048576K
3376.555: [GC (Allocation Failure) [PSYoungGen: 516224K->160K(518144K)] 578274K->62210K(1558528K), 0.0019382 secs] [Times: user=0.00 sys=0.00, real=0.00 secs] 
Heap after GC invocations=486 (full 0):
 PSYoungGen      total 518144K, used 160K [0x00000000e0400000, 0x0000000100000000, 0x0000000100000000)
  eden space 516096K, 0% used [0x00000000e0400000,0x00000000e0400000,0x00000000ffc00000)
  from space 2048K, 7% used [0x00000000ffe00000,0x00000000ffe28000,0x0000000100000000)
  to   space 2048K, 0% used [0x00000000ffc00000,0x00000000ffc00000,0x00000000ffe00000)
 ParOldGen       total 1040384K, used 62050K [0x00000000a0c00000, 0x00000000e0400000, 0x00000000e0400000)
  object space 1040384K, 5% used [0x00000000a0c00000,0x00000000a4898ba8,0x00000000e0400000)
 Metaspace       used 13040K, capacity 13234K, committed 13312K, reserved 1060864K
  class space    used 1469K, capacity 1501K, committed 1536K, reserved 1048576K
}
{Heap before GC invocations=487 (full 0):
 PSYoungGen      total 518144K, used 516256K [0x00000000e0400000, 0x0000000100000000, 0x0000000100000000)
  eden space 516096K, 100% used [0x00000000e0400000,0x00000000ffc00000,0x00000000ffc00000)
  from space 2048K, 7% used [0x00000000ffe00000,0x00000000ffe28000,0x0000000100000000)
  to   space 2048K, 0% used [0x00000000ffc00000,0x00000000ffc00000,0x00000000ffe00000)
 ParOldGen       total 1040384K, used 62050K [0x00000000a0c00000, 0x00000000e0400000, 0x00000000e0400000)
  object space 1040384K, 5% used [0x00000000a0c00000,0x00000000a4898ba8,0x00000000e0400000)
 Metaspace       used 13040K, capacity 13234K, committed 13312K, reserved 1060864K
  class space    used 1469K, capacity 1501K, committed 1536K, reserved 1048576K
3383.595: [GC (Allocation Failure) [PSYoungGen: 516256K->928K(518144K)] 578306K->62978K(1558528K), 0.0018744 secs] [Times: user=0.00 sys=0.00, real=0.00 secs] 
Heap after GC invocations=487 (full 0):
 PSYoungGen      total 518144K, used 928K [0x00000000e0400000, 0x0000000100000000, 0x0000000100000000)
  eden space 516096K, 0% used [0x00000000e0400000,0x00000000e0400000,0x00000000ffc00000)
  from space 2048K, 45% used [0x00000000ffc00000,0x00000000ffce8000,0x00000000ffe00000)
  to   space 2048K, 0% used [0x00000000ffe00000,0x00000000ffe00000,0x0000000100000000)
 ParOldGen       total 1040384K, used 62050K [0x00000000a0c00000, 0x00000000e0400000, 0x00000000e0400000)
  object space 1040384K, 5% used [0x00000000a0c00000,0x00000000a4898ba8,0x00000000e0400000)
 Metaspace       used 13040K, capacity 13234K, committed 13312K, reserved 1060864K
  class space    used 1469K, capacity 1501K, committed 1536K, reserved 1048576K
}
{Heap before GC invocations=488 (full 0):
 PSYoungGen      total 518144K, used 517024K [0x00000000e0400000, 0x0000000100000000, 0x0000000100000000)
  eden space 516096K, 100% used [0x00000000e0400000,0x00000000ffc00000,0x00000000ffc00000)
  from space 2048K, 45% used [0x00000000ffc00000,0x00000000ffce8000,0x00000000ffe00000)
  to   space 2048K, 0% used [0x00000000ffe00000,0x00000000ffe00000,0x0000000100000000)
 ParOldGen       total 1040384K, used 62050K [0x00000000a0c00000, 0x00000000e0400000, 0x00000000e0400000)
  object space 1040384K, 5% used [0x00000000a0c00000,0x00000000a4898ba8,0x00000000e0400000)
 Metaspace       used 13040K, capacity 13234K, committed 13312K, reserved 1060864K
  class space    used 1469K, capacity 1501K, committed 1536K, reserved 1048576K
3390.653: [GC (Allocation Failure) [PSYoungGen: 517024K->192K(518144K)] 579074K->62242K(1558528K), 0.0017790 secs] [Times: user=0.00 sys=0.00, real=0.00 secs] 
Heap after GC invocations=488 (full 0):
 PSYoungGen      total 518144K, used 192K [0x00000000e0400000, 0x0000000100000000, 0x0000000100000000)
  eden space 516096K, 0% used [0x00000000e0400000,0x00000000e0400000,0x00000000ffc00000)
  from space 2048K, 9% used [0x00000000ffe00000,0x00000000ffe30000,0x0000000100000000)
  to   space 2048K, 0% used [0x00000000ffc00000,0x00000000ffc00000,0x00000000ffe00000)
 ParOldGen       total 1040384K, used 62050K [0x00000000a0c00000, 0x00000000e0400000, 0x00000000e0400000)
  object space 1040384K, 5% used [0x00000000a0c00000,0x00000000a4898ba8,0x00000000e0400000)
 Metaspace       used 13040K, capacity 13234K, committed 13312K, reserved 1060864K
  class space    used 1469K, capacity 1501K, committed 1536K, reserved 1048576K
}
{Heap before GC invocations=489 (full 0):
 PSYoungGen      total 518144K, used 516288K [0x00000000e0400000, 0x0000000100000000, 0x0000000100000000)
  eden space 516096K, 100% used [0x00000000e0400000,0x00000000ffc00000,0x00000000ffc00000)
  from space 2048K, 9% used [0x00000000ffe00000,0x00000000ffe30000,0x0000000100000000)
  to   space 2048K, 0% used [0x00000000ffc00000,0x00000000ffc00000,0x00000000ffe00000)
 ParOldGen       total 1040384K, used 62050K [0x00000000a0c00000, 0x00000000e0400000, 0x00000000e0400000)
  object space 1040384K, 5% used [0x00000000a0c00000,0x00000000a4898ba8,0x00000000e0400000)
 Metaspace       used 13040K, capacity 13234K, committed 13312K, reserved 1060864K
  class space    used 1469K, capacity 1501K, committed 1536K, reserved 1048576K
3397.539: [GC (Allocation Failure) [PSYoungGen: 516288K->256K(518144K)] 578338K->62306K(1558528K), 0.0012873 secs] [Times: user=0.00 sys=0.00, real=0.00 secs] 
Heap after GC invocations=489 (full 0):
 PSYoungGen      total 518144K, used 256K [0x00000000e0400000, 0x0000000100000000, 0x0000000100000000)
  eden space 516096K, 0% used [0x00000000e0400000,0x00000000e0400000,0x00000000ffc00000)
  from space 2048K, 12% used [0x00000000ffc00000,0x00000000ffc40000,0x00000000ffe00000)
  to   space 2048K, 0% used [0x00000000ffe00000,0x00000000ffe00000,0x0000000100000000)
 ParOldGen       total 1040384K, used 62050K [0x00000000a0c00000, 0x00000000e0400000, 0x00000000e0400000)
  object space 1040384K, 5% used [0x00000000a0c00000,0x00000000a4898ba8,0x00000000e0400000)
 Metaspace       used 13040K, capacity 13234K, committed 13312K, reserved 1060864K
  class space    used 1469K, capacity 1501K, committed 1536K, reserved 1048576K
}
{Heap before GC invocations=490 (full 0):
 PSYoungGen      total 518144K, used 516352K [0x00000000e0400000, 0x0000000100000000, 0x0000000100000000)
  eden space 516096K, 100% used [0x00000000e0400000,0x00000000ffc00000,0x00000000ffc00000)
  from space 2048K, 12% used [0x00000000ffc00000,0x00000000ffc40000,0x00000000ffe00000)
  to   space 2048K, 0% used [0x00000000ffe00000,0x00000000ffe00000,0x0000000100000000)
 ParOldGen       total 1040384K, used 62050K [0x00000000a0c00000, 0x00000000e0400000, 0x00000000e0400000)
  object space 1040384K, 5% used [0x00000000a0c00000,0x00000000a4898ba8,0x00000000e0400000)
 Metaspace       used 13040K, capacity 13234K, committed 13312K, reserved 1060864K
  class space    used 1469K, capacity 1501K, committed 1536K, reserved 1048576K
3404.500: [GC (Allocation Failure) [PSYoungGen: 516352K->192K(518144K)] 578402K->62250K(1558528K), 0.0012571 secs] [Times: user=0.00 sys=0.00, real=0.00 secs] 
Heap after GC invocations=490 (full 0):
 PSYoungGen      total 518144K, used 192K [0x00000000e0400000, 0x0000000100000000, 0x0000000100000000)
  eden space 516096K, 0% used [0x00000000e0400000,0x00000000e0400000,0x00000000ffc00000)
  from space 2048K, 9% used [0x00000000ffe00000,0x00000000ffe30000,0x0000000100000000)
  to   space 2048K, 0% used [0x00000000ffc00000,0x00000000ffc00000,0x00000000ffe00000)
 ParOldGen       total 1040384K, used 62058K [0x00000000a0c00000, 0x00000000e0400000, 0x00000000e0400000)
  object space 1040384K, 5% used [0x00000000a0c00000,0x00000000a489aba8,0x00000000e0400000)
 Metaspace       used 13040K, capacity 13234K, committed 13312K, reserved 1060864K
  class space    used 1469K, capacity 1501K, committed 1536K, reserved 1048576K
}
{Heap before GC invocations=491 (full 0):
 PSYoungGen      total 518144K, used 516288K [0x00000000e0400000, 0x0000000100000000, 0x0000000100000000)
  eden space 516096K, 100% used [0x00000000e0400000,0x00000000ffc00000,0x00000000ffc00000)
  from space 2048K, 9% used [0x00000000ffe00000,0x00000000ffe30000,0x0000000100000000)
  to   space 2048K, 0% used [0x00000000ffc00000,0x00000000ffc00000,0x00000000ffe00000)
 ParOldGen       total 1040384K, used 62058K [0x00000000a0c00000, 0x00000000e0400000, 0x00000000e0400000)
  object space 1040384K, 5% used [0x00000000a0c00000,0x00000000a489aba8,0x00000000e0400000)
 Metaspace       used 13040K, capacity 13234K, committed 13312K, reserved 1060864K
  class space    used 1469K, capacity 1501K, committed 1536K, reserved 1048576K
3411.434: [GC (Allocation Failure) [PSYoungGen: 516288K->96K(518144K)] 578346K->62154K(1558528K), 0.0017755 secs] [Times: user=0.00 sys=0.00, real=0.00 secs] 
Heap after GC invocations=491 (full 0):
 PSYoungGen      total 518144K, used 96K [0x00000000e0400000, 0x0000000100000000, 0x0000000100000000)
  eden space 516096K, 0% used [0x00000000e0400000,0x00000000e0400000,0x00000000ffc00000)
  from space 2048K, 4% used [0x00000000ffc00000,0x00000000ffc18000,0x00000000ffe00000)
  to   space 1536K, 0% used [0x00000000ffe80000,0x00000000ffe80000,0x0000000100000000)
 ParOldGen       total 1040384K, used 62058K [0x00000000a0c00000, 0x00000000e0400000, 0x00000000e0400000)
  object space 1040384K, 5% used [0x00000000a0c00000,0x00000000a489aba8,0x00000000e0400000)
 Metaspace       used 13040K, capacity 13234K, committed 13312K, reserved 1060864K
  class space    used 1469K, capacity 1501K, committed 1536K, reserved 1048576K
}
{Heap before GC invocations=492 (full 0):
 PSYoungGen      total 518144K, used 516192K [0x00000000e0400000, 0x0000000100000000, 0x0000000100000000)
  eden space 516096K, 100% used [0x00000000e0400000,0x00000000ffc00000,0x00000000ffc00000)
  from space 2048K, 4% used [0x00000000ffc00000,0x00000000ffc18000,0x00000000ffe00000)
  to   space 1536K, 0% used [0x00000000ffe80000,0x00000000ffe80000,0x0000000100000000)
 ParOldGen       total 1040384K, used 62058K [0x00000000a0c00000, 0x00000000e0400000, 0x00000000e0400000)
  object space 1040384K, 5% used [0x00000000a0c00000,0x00000000a489aba8,0x00000000e0400000)
 Metaspace       used 13040K, capacity 13234K, committed 13312K, reserved 1060864K
  class space    used 1469K, capacity 1501K, committed 1536K, reserved 1048576K
3418.514: [GC (Allocation Failure) [PSYoungGen: 516192K->1504K(517632K)] 578250K->63562K(1558016K), 0.0019354 secs] [Times: user=0.00 sys=0.00, real=0.00 secs] 
Heap after GC invocations=492 (full 0):
 PSYoungGen      total 517632K, used 1504K [0x00000000e0400000, 0x0000000100000000, 0x0000000100000000)
  eden space 516096K, 0% used [0x00000000e0400000,0x00000000e0400000,0x00000000ffc00000)
  from space 1536K, 97% used [0x00000000ffe80000,0x00000000ffff8000,0x0000000100000000)
  to   space 2048K, 0% used [0x00000000ffc00000,0x00000000ffc00000,0x00000000ffe00000)
 ParOldGen       total 1040384K, used 62058K [0x00000000a0c00000, 0x00000000e0400000, 0x00000000e0400000)
  object space 1040384K, 5% used [0x00000000a0c00000,0x00000000a489aba8,0x00000000e0400000)
 Metaspace       used 13040K, capacity 13234K, committed 13312K, reserved 1060864K
  class space    used 1469K, capacity 1501K, committed 1536K, reserved 1048576K
}
{Heap before GC invocations=493 (full 0):
 PSYoungGen      total 517632K, used 517600K [0x00000000e0400000, 0x0000000100000000, 0x0000000100000000)
  eden space 516096K, 100% used [0x00000000e0400000,0x00000000ffc00000,0x00000000ffc00000)
  from space 1536K, 97% used [0x00000000ffe80000,0x00000000ffff8000,0x0000000100000000)
  to   space 2048K, 0% used [0x00000000ffc00000,0x00000000ffc00000,0x00000000ffe00000)
 ParOldGen       total 1040384K, used 62058K [0x00000000a0c00000, 0x00000000e0400000, 0x00000000e0400000)
  object space 1040384K, 5% used [0x00000000a0c00000,0x00000000a489aba8,0x00000000e0400000)
 Metaspace       used 13040K, capacity 13234K, committed 13312K, reserved 1060864K
  class space    used 1469K, capacity 1501K, committed 1536K, reserved 1048576K
3425.505: [GC (Allocation Failure) [PSYoungGen: 517600K->224K(518144K)] 579658K->62282K(1558528K), 0.0013097 secs] [Times: user=0.13 sys=0.00, real=0.00 secs] 
Heap after GC invocations=493 (full 0):
 PSYoungGen      total 518144K, used 224K [0x00000000e0400000, 0x0000000100000000, 0x0000000100000000)
  eden space 516096K, 0% used [0x00000000e0400000,0x00000000e0400000,0x00000000ffc00000)
  from space 2048K, 10% used [0x00000000ffc00000,0x00000000ffc38000,0x00000000ffe00000)
  to   space 2048K, 0% used [0x00000000ffe00000,0x00000000ffe00000,0x0000000100000000)
 ParOldGen       total 1040384K, used 62058K [0x00000000a0c00000, 0x00000000e0400000, 0x00000000e0400000)
  object space 1040384K, 5% used [0x00000000a0c00000,0x00000000a489aba8,0x00000000e0400000)
 Metaspace       used 13040K, capacity 13234K, committed 13312K, reserved 1060864K
  class space    used 1469K, capacity 1501K, committed 1536K, reserved 1048576K
}
{Heap before GC invocations=494 (full 0):
 PSYoungGen      total 518144K, used 516320K [0x00000000e0400000, 0x0000000100000000, 0x0000000100000000)
  eden space 516096K, 100% used [0x00000000e0400000,0x00000000ffc00000,0x00000000ffc00000)
  from space 2048K, 10% used [0x00000000ffc00000,0x00000000ffc38000,0x00000000ffe00000)
  to   space 2048K, 0% used [0x00000000ffe00000,0x00000000ffe00000,0x0000000100000000)
 ParOldGen       total 1040384K, used 62058K [0x00000000a0c00000, 0x00000000e0400000, 0x00000000e0400000)
  object space 1040384K, 5% used [0x00000000a0c00000,0x00000000a489aba8,0x00000000e0400000)
 Metaspace       used 13040K, capacity 13234K, committed 13312K, reserved 1060864K
  class space    used 1469K, capacity 1501K, committed 1536K, reserved 1048576K
3432.584: [GC (Allocation Failure) [PSYoungGen: 516320K->160K(518144K)] 578378K->62226K(1558528K), 0.0016776 secs] [Times: user=0.00 sys=0.00, real=0.00 secs] 
Heap after GC invocations=494 (full 0):
 PSYoungGen      total 518144K, used 160K [0x00000000e0400000, 0x0000000100000000, 0x0000000100000000)
  eden space 516096K, 0% used [0x00000000e0400000,0x00000000e0400000,0x00000000ffc00000)
  from space 2048K, 7% used [0x00000000ffe00000,0x00000000ffe28000,0x0000000100000000)
  to   space 2048K, 0% used [0x00000000ffc00000,0x00000000ffc00000,0x00000000ffe00000)
 ParOldGen       total 1040384K, used 62066K [0x00000000a0c00000, 0x00000000e0400000, 0x00000000e0400000)
  object space 1040384K, 5% used [0x00000000a0c00000,0x00000000a489cba8,0x00000000e0400000)
 Metaspace       used 13040K, capacity 13234K, committed 13312K, reserved 1060864K
  class space    used 1469K, capacity 1501K, committed 1536K, reserved 1048576K
}
{Heap before GC invocations=495 (full 0):
 PSYoungGen      total 518144K, used 516256K [0x00000000e0400000, 0x0000000100000000, 0x0000000100000000)
  eden space 516096K, 100% used [0x00000000e0400000,0x00000000ffc00000,0x00000000ffc00000)
  from space 2048K, 7% used [0x00000000ffe00000,0x00000000ffe28000,0x0000000100000000)
  to   space 2048K, 0% used [0x00000000ffc00000,0x00000000ffc00000,0x00000000ffe00000)
 ParOldGen       total 1040384K, used 62066K [0x00000000a0c00000, 0x00000000e0400000, 0x00000000e0400000)
  object space 1040384K, 5% used [0x00000000a0c00000,0x00000000a489cba8,0x00000000e0400000)
 Metaspace       used 13040K, capacity 13234K, committed 13312K, reserved 1060864K
  class space    used 1469K, capacity 1501K, committed 1536K, reserved 1048576K
3439.639: [GC (Allocation Failure) [PSYoungGen: 516256K->192K(518144K)] 578322K->62258K(1558528K), 0.0018595 secs] [Times: user=0.00 sys=0.00, real=0.00 secs] 
Heap after GC invocations=495 (full 0):
 PSYoungGen      total 518144K, used 192K [0x00000000e0400000, 0x0000000100000000, 0x0000000100000000)
  eden space 516096K, 0% used [0x00000000e0400000,0x00000000e0400000,0x00000000ffc00000)
  from space 2048K, 9% used [0x00000000ffc00000,0x00000000ffc30000,0x00000000ffe00000)
  to   space 2048K, 0% used [0x00000000ffe00000,0x00000000ffe00000,0x0000000100000000)
 ParOldGen       total 1040384K, used 62066K [0x00000000a0c00000, 0x00000000e0400000, 0x00000000e0400000)
  object space 1040384K, 5% used [0x00000000a0c00000,0x00000000a489cba8,0x00000000e0400000)
 Metaspace       used 13040K, capacity 13234K, committed 13312K, reserved 1060864K
  class space    used 1469K, capacity 1501K, committed 1536K, reserved 1048576K
}
{Heap before GC invocations=496 (full 0):
 PSYoungGen      total 518144K, used 516288K [0x00000000e0400000, 0x0000000100000000, 0x0000000100000000)
  eden space 516096K, 100% used [0x00000000e0400000,0x00000000ffc00000,0x00000000ffc00000)
  from space 2048K, 9% used [0x00000000ffc00000,0x00000000ffc30000,0x00000000ffe00000)
  to   space 2048K, 0% used [0x00000000ffe00000,0x00000000ffe00000,0x0000000100000000)
 ParOldGen       total 1040384K, used 62066K [0x00000000a0c00000, 0x00000000e0400000, 0x00000000e0400000)
  object space 1040384K, 5% used [0x00000000a0c00000,0x00000000a489cba8,0x00000000e0400000)
 Metaspace       used 13040K, capacity 13234K, committed 13312K, reserved 1060864K
  class space    used 1469K, capacity 1501K, committed 1536K, reserved 1048576K
3446.752: [GC (Allocation Failure) [PSYoungGen: 516288K->736K(518144K)] 578354K->62802K(1558528K), 0.0018524 secs] [Times: user=0.00 sys=0.00, real=0.00 secs] 
Heap after GC invocations=496 (full 0):
 PSYoungGen      total 518144K, used 736K [0x00000000e0400000, 0x0000000100000000, 0x0000000100000000)
  eden space 516096K, 0% used [0x00000000e0400000,0x00000000e0400000,0x00000000ffc00000)
  from space 2048K, 35% used [0x00000000ffe00000,0x00000000ffeb8000,0x0000000100000000)
  to   space 2048K, 0% used [0x00000000ffc00000,0x00000000ffc00000,0x00000000ffe00000)
 ParOldGen       total 1040384K, used 62066K [0x00000000a0c00000, 0x00000000e0400000, 0x00000000e0400000)
  object space 1040384K, 5% used [0x00000000a0c00000,0x00000000a489cba8,0x00000000e0400000)
 Metaspace       used 13040K, capacity 13234K, committed 13312K, reserved 1060864K
  class space    used 1469K, capacity 1501K, committed 1536K, reserved 1048576K
}
{Heap before GC invocations=497 (full 0):
 PSYoungGen      total 518144K, used 516832K [0x00000000e0400000, 0x0000000100000000, 0x0000000100000000)
  eden space 516096K, 100% used [0x00000000e0400000,0x00000000ffc00000,0x00000000ffc00000)
  from space 2048K, 35% used [0x00000000ffe00000,0x00000000ffeb8000,0x0000000100000000)
  to   space 2048K, 0% used [0x00000000ffc00000,0x00000000ffc00000,0x00000000ffe00000)
 ParOldGen       total 1040384K, used 62066K [0x00000000a0c00000, 0x00000000e0400000, 0x00000000e0400000)
  object space 1040384K, 5% used [0x00000000a0c00000,0x00000000a489cba8,0x00000000e0400000)
 Metaspace       used 13040K, capacity 13234K, committed 13312K, reserved 1060864K
  class space    used 1469K, capacity 1501K, committed 1536K, reserved 1048576K
3453.904: [GC (Allocation Failure) [PSYoungGen: 516832K->160K(518144K)] 578898K->62226K(1558528K), 0.0016670 secs] [Times: user=0.00 sys=0.00, real=0.00 secs] 
Heap after GC invocations=497 (full 0):
 PSYoungGen      total 518144K, used 160K [0x00000000e0400000, 0x0000000100000000, 0x0000000100000000)
  eden space 516096K, 0% used [0x00000000e0400000,0x00000000e0400000,0x00000000ffc00000)
  from space 2048K, 7% used [0x00000000ffc00000,0x00000000ffc28000,0x00000000ffe00000)
  to   space 1536K, 0% used [0x00000000ffe80000,0x00000000ffe80000,0x0000000100000000)
 ParOldGen       total 1040384K, used 62066K [0x00000000a0c00000, 0x00000000e0400000, 0x00000000e0400000)
  object space 1040384K, 5% used [0x00000000a0c00000,0x00000000a489cba8,0x00000000e0400000)
 Metaspace       used 13040K, capacity 13234K, committed 13312K, reserved 1060864K
  class space    used 1469K, capacity 1501K, committed 1536K, reserved 1048576K
}
{Heap before GC invocations=498 (full 0):
 PSYoungGen      total 518144K, used 516256K [0x00000000e0400000, 0x0000000100000000, 0x0000000100000000)
  eden space 516096K, 100% used [0x00000000e0400000,0x00000000ffc00000,0x00000000ffc00000)
  from space 2048K, 7% used [0x00000000ffc00000,0x00000000ffc28000,0x00000000ffe00000)
  to   space 1536K, 0% used [0x00000000ffe80000,0x00000000ffe80000,0x0000000100000000)
 ParOldGen       total 1040384K, used 62066K [0x00000000a0c00000, 0x00000000e0400000, 0x00000000e0400000)
  object space 1040384K, 5% used [0x00000000a0c00000,0x00000000a489cba8,0x00000000e0400000)
 Metaspace       used 13040K, capacity 13234K, committed 13312K, reserved 1060864K
  class space    used 1469K, capacity 1501K, committed 1536K, reserved 1048576K
3460.973: [GC (Allocation Failure) [PSYoungGen: 516256K->128K(518656K)] 578322K->62202K(1559040K), 0.0020558 secs] [Times: user=0.11 sys=0.00, real=0.00 secs] 
Heap after GC invocations=498 (full 0):
 PSYoungGen      total 518656K, used 128K [0x00000000e0400000, 0x0000000100000000, 0x0000000100000000)
  eden space 517120K, 0% used [0x00000000e0400000,0x00000000e0400000,0x00000000ffd00000)
  from space 1536K, 8% used [0x00000000ffe80000,0x00000000ffea0000,0x0000000100000000)
  to   space 1536K, 0% used [0x00000000ffd00000,0x00000000ffd00000,0x00000000ffe80000)
 ParOldGen       total 1040384K, used 62074K [0x00000000a0c00000, 0x00000000e0400000, 0x00000000e0400000)
  object space 1040384K, 5% used [0x00000000a0c00000,0x00000000a489eba8,0x00000000e0400000)
 Metaspace       used 13040K, capacity 13234K, committed 13312K, reserved 1060864K
  class space    used 1469K, capacity 1501K, committed 1536K, reserved 1048576K
}
{Heap before GC invocations=499 (full 0):
 PSYoungGen      total 518656K, used 517248K [0x00000000e0400000, 0x0000000100000000, 0x0000000100000000)
  eden space 517120K, 100% used [0x00000000e0400000,0x00000000ffd00000,0x00000000ffd00000)
  from space 1536K, 8% used [0x00000000ffe80000,0x00000000ffea0000,0x0000000100000000)
  to   space 1536K, 0% used [0x00000000ffd00000,0x00000000ffd00000,0x00000000ffe80000)
 ParOldGen       total 1040384K, used 62074K [0x00000000a0c00000, 0x00000000e0400000, 0x00000000e0400000)
  object space 1040384K, 5% used [0x00000000a0c00000,0x00000000a489eba8,0x00000000e0400000)
 Metaspace       used 13040K, capacity 13234K, committed 13312K, reserved 1060864K
  class space    used 1469K, capacity 1501K, committed 1536K, reserved 1048576K
3468.065: [GC (Allocation Failure) [PSYoungGen: 517248K->192K(518656K)] 579322K->62266K(1559040K), 0.0012705 secs] [Times: user=0.00 sys=0.00, real=0.00 secs] 
Heap after GC invocations=499 (full 0):
 PSYoungGen      total 518656K, used 192K [0x00000000e0400000, 0x0000000100000000, 0x0000000100000000)
  eden space 517120K, 0% used [0x00000000e0400000,0x00000000e0400000,0x00000000ffd00000)
  from space 1536K, 12% used [0x00000000ffd00000,0x00000000ffd30000,0x00000000ffe80000)
  to   space 1536K, 0% used [0x00000000ffe80000,0x00000000ffe80000,0x0000000100000000)
 ParOldGen       total 1040384K, used 62074K [0x00000000a0c00000, 0x00000000e0400000, 0x00000000e0400000)
  object space 1040384K, 5% used [0x00000000a0c00000,0x00000000a489eba8,0x00000000e0400000)
 Metaspace       used 13040K, capacity 13234K, committed 13312K, reserved 1060864K
  class space    used 1469K, capacity 1501K, committed 1536K, reserved 1048576K
}
{Heap before GC invocations=500 (full 0):
 PSYoungGen      total 518656K, used 517312K [0x00000000e0400000, 0x0000000100000000, 0x0000000100000000)
  eden space 517120K, 100% used [0x00000000e0400000,0x00000000ffd00000,0x00000000ffd00000)
  from space 1536K, 12% used [0x00000000ffd00000,0x00000000ffd30000,0x00000000ffe80000)
  to   space 1536K, 0% used [0x00000000ffe80000,0x00000000ffe80000,0x0000000100000000)
 ParOldGen       total 1040384K, used 62074K [0x00000000a0c00000, 0x00000000e0400000, 0x00000000e0400000)
  object space 1040384K, 5% used [0x00000000a0c00000,0x00000000a489eba8,0x00000000e0400000)
 Metaspace       used 13040K, capacity 13234K, committed 13312K, reserved 1060864K
  class space    used 1469K, capacity 1501K, committed 1536K, reserved 1048576K
3475.019: [GC (Allocation Failure) [PSYoungGen: 517312K->224K(518656K)] 579386K->62298K(1559040K), 0.0017843 secs] [Times: user=0.11 sys=0.00, real=0.00 secs] 
Heap after GC invocations=500 (full 0):
 PSYoungGen      total 518656K, used 224K [0x00000000e0400000, 0x0000000100000000, 0x0000000100000000)
  eden space 517120K, 0% used [0x00000000e0400000,0x00000000e0400000,0x00000000ffd00000)
  from space 1536K, 14% used [0x00000000ffe80000,0x00000000ffeb8000,0x0000000100000000)
  to   space 1536K, 0% used [0x00000000ffd00000,0x00000000ffd00000,0x00000000ffe80000)
 ParOldGen       total 1040384K, used 62074K [0x00000000a0c00000, 0x00000000e0400000, 0x00000000e0400000)
  object space 1040384K, 5% used [0x00000000a0c00000,0x00000000a489eba8,0x00000000e0400000)
 Metaspace       used 13040K, capacity 13234K, committed 13312K, reserved 1060864K
  class space    used 1469K, capacity 1501K, committed 1536K, reserved 1048576K
}
{Heap before GC invocations=501 (full 0):
 PSYoungGen      total 518656K, used 517344K [0x00000000e0400000, 0x0000000100000000, 0x0000000100000000)
  eden space 517120K, 100% used [0x00000000e0400000,0x00000000ffd00000,0x00000000ffd00000)
  from space 1536K, 14% used [0x00000000ffe80000,0x00000000ffeb8000,0x0000000100000000)
  to   space 1536K, 0% used [0x00000000ffd00000,0x00000000ffd00000,0x00000000ffe80000)
 ParOldGen       total 1040384K, used 62074K [0x00000000a0c00000, 0x00000000e0400000, 0x00000000e0400000)
  object space 1040384K, 5% used [0x00000000a0c00000,0x00000000a489eba8,0x00000000e0400000)
 Metaspace       used 13040K, capacity 13234K, committed 13312K, reserved 1060864K
  class space    used 1469K, capacity 1501K, committed 1536K, reserved 1048576K
3482.140: [GC (Allocation Failure) [PSYoungGen: 517344K->1216K(518656K)] 579418K->63290K(1559040K), 0.0015398 secs] [Times: user=0.00 sys=0.00, real=0.00 secs] 
Heap after GC invocations=501 (full 0):
 PSYoungGen      total 518656K, used 1216K [0x00000000e0400000, 0x0000000100000000, 0x0000000100000000)
  eden space 517120K, 0% used [0x00000000e0400000,0x00000000e0400000,0x00000000ffd00000)
  from space 1536K, 79% used [0x00000000ffd00000,0x00000000ffe30000,0x00000000ffe80000)
  to   space 1536K, 0% used [0x00000000ffe80000,0x00000000ffe80000,0x0000000100000000)
 ParOldGen       total 1040384K, used 62074K [0x00000000a0c00000, 0x00000000e0400000, 0x00000000e0400000)
  object space 1040384K, 5% used [0x00000000a0c00000,0x00000000a489eba8,0x00000000e0400000)
 Metaspace       used 13040K, capacity 13234K, committed 13312K, reserved 1060864K
  class space    used 1469K, capacity 1501K, committed 1536K, reserved 1048576K
}
{Heap before GC invocations=502 (full 0):
 PSYoungGen      total 518656K, used 518336K [0x00000000e0400000, 0x0000000100000000, 0x0000000100000000)
  eden space 517120K, 100% used [0x00000000e0400000,0x00000000ffd00000,0x00000000ffd00000)
  from space 1536K, 79% used [0x00000000ffd00000,0x00000000ffe30000,0x00000000ffe80000)
  to   space 1536K, 0% used [0x00000000ffe80000,0x00000000ffe80000,0x0000000100000000)
 ParOldGen       total 1040384K, used 62074K [0x00000000a0c00000, 0x00000000e0400000, 0x00000000e0400000)
  object space 1040384K, 5% used [0x00000000a0c00000,0x00000000a489eba8,0x00000000e0400000)
 Metaspace       used 13040K, capacity 13234K, committed 13312K, reserved 1060864K
  class space    used 1469K, capacity 1501K, committed 1536K, reserved 1048576K
3489.234: [GC (Allocation Failure) [PSYoungGen: 518336K->224K(518656K)] 580410K->62330K(1559040K), 0.0013355 secs] [Times: user=0.00 sys=0.00, real=0.00 secs] 
Heap after GC invocations=502 (full 0):
 PSYoungGen      total 518656K, used 224K [0x00000000e0400000, 0x0000000100000000, 0x0000000100000000)
  eden space 517120K, 0% used [0x00000000e0400000,0x00000000e0400000,0x00000000ffd00000)
  from space 1536K, 14% used [0x00000000ffe80000,0x00000000ffeb8000,0x0000000100000000)
  to   space 1536K, 0% used [0x00000000ffd00000,0x00000000ffd00000,0x00000000ffe80000)
 ParOldGen       total 1040384K, used 62106K [0x00000000a0c00000, 0x00000000e0400000, 0x00000000e0400000)
  object space 1040384K, 5% used [0x00000000a0c00000,0x00000000a48a6ba8,0x00000000e0400000)
 Metaspace       used 13040K, capacity 13234K, committed 13312K, reserved 1060864K
  class space    used 1469K, capacity 1501K, committed 1536K, reserved 1048576K
}
{Heap before GC invocations=503 (full 0):
 PSYoungGen      total 518656K, used 517344K [0x00000000e0400000, 0x0000000100000000, 0x0000000100000000)
  eden space 517120K, 100% used [0x00000000e0400000,0x00000000ffd00000,0x00000000ffd00000)
  from space 1536K, 14% used [0x00000000ffe80000,0x00000000ffeb8000,0x0000000100000000)
  to   space 1536K, 0% used [0x00000000ffd00000,0x00000000ffd00000,0x00000000ffe80000)
 ParOldGen       total 1040384K, used 62106K [0x00000000a0c00000, 0x00000000e0400000, 0x00000000e0400000)
  object space 1040384K, 5% used [0x00000000a0c00000,0x00000000a48a6ba8,0x00000000e0400000)
 Metaspace       used 13040K, capacity 13234K, committed 13312K, reserved 1060864K
  class space    used 1469K, capacity 1501K, committed 1536K, reserved 1048576K
3496.325: [GC (Allocation Failure) [PSYoungGen: 517344K->128K(518656K)] 579450K->62234K(1559040K), 0.0017280 secs] [Times: user=0.00 sys=0.00, real=0.00 secs] 
Heap after GC invocations=503 (full 0):
 PSYoungGen      total 518656K, used 128K [0x00000000e0400000, 0x0000000100000000, 0x0000000100000000)
  eden space 517120K, 0% used [0x00000000e0400000,0x00000000e0400000,0x00000000ffd00000)
  from space 1536K, 8% used [0x00000000ffd00000,0x00000000ffd20000,0x00000000ffe80000)
  to   space 1536K, 0% used [0x00000000ffe80000,0x00000000ffe80000,0x0000000100000000)
 ParOldGen       total 1040384K, used 62106K [0x00000000a0c00000, 0x00000000e0400000, 0x00000000e0400000)
  object space 1040384K, 5% used [0x00000000a0c00000,0x00000000a48a6ba8,0x00000000e0400000)
 Metaspace       used 13040K, capacity 13234K, committed 13312K, reserved 1060864K
  class space    used 1469K, capacity 1501K, committed 1536K, reserved 1048576K
}
{Heap before GC invocations=504 (full 0):
 PSYoungGen      total 518656K, used 517248K [0x00000000e0400000, 0x0000000100000000, 0x0000000100000000)
  eden space 517120K, 100% used [0x00000000e0400000,0x00000000ffd00000,0x00000000ffd00000)
  from space 1536K, 8% used [0x00000000ffd00000,0x00000000ffd20000,0x00000000ffe80000)
  to   space 1536K, 0% used [0x00000000ffe80000,0x00000000ffe80000,0x0000000100000000)
 ParOldGen       total 1040384K, used 62106K [0x00000000a0c00000, 0x00000000e0400000, 0x00000000e0400000)
  object space 1040384K, 5% used [0x00000000a0c00000,0x00000000a48a6ba8,0x00000000e0400000)
 Metaspace       used 13040K, capacity 13234K, committed 13312K, reserved 1060864K
  class space    used 1469K, capacity 1501K, committed 1536K, reserved 1048576K
3503.353: [GC (Allocation Failure) [PSYoungGen: 517248K->192K(518656K)] 579354K->62298K(1559040K), 0.0015504 secs] [Times: user=0.00 sys=0.00, real=0.00 secs] 
Heap after GC invocations=504 (full 0):
 PSYoungGen      total 518656K, used 192K [0x00000000e0400000, 0x0000000100000000, 0x0000000100000000)
  eden space 517120K, 0% used [0x00000000e0400000,0x00000000e0400000,0x00000000ffd00000)
  from space 1536K, 12% used [0x00000000ffe80000,0x00000000ffeb0000,0x0000000100000000)
  to   space 1536K, 0% used [0x00000000ffd00000,0x00000000ffd00000,0x00000000ffe80000)
 ParOldGen       total 1040384K, used 62106K [0x00000000a0c00000, 0x00000000e0400000, 0x00000000e0400000)
  object space 1040384K, 5% used [0x00000000a0c00000,0x00000000a48a6ba8,0x00000000e0400000)
 Metaspace       used 13040K, capacity 13234K, committed 13312K, reserved 1060864K
  class space    used 1469K, capacity 1501K, committed 1536K, reserved 1048576K
}
{Heap before GC invocations=505 (full 0):
 PSYoungGen      total 518656K, used 517312K [0x00000000e0400000, 0x0000000100000000, 0x0000000100000000)
  eden space 517120K, 100% used [0x00000000e0400000,0x00000000ffd00000,0x00000000ffd00000)
  from space 1536K, 12% used [0x00000000ffe80000,0x00000000ffeb0000,0x0000000100000000)
  to   space 1536K, 0% used [0x00000000ffd00000,0x00000000ffd00000,0x00000000ffe80000)
 ParOldGen       total 1040384K, used 62106K [0x00000000a0c00000, 0x00000000e0400000, 0x00000000e0400000)
  object space 1040384K, 5% used [0x00000000a0c00000,0x00000000a48a6ba8,0x00000000e0400000)
 Metaspace       used 13040K, capacity 13234K, committed 13312K, reserved 1060864K
  class space    used 1469K, capacity 1501K, committed 1536K, reserved 1048576K
3510.380: [GC (Allocation Failure) [PSYoungGen: 517312K->256K(518656K)] 579418K->62362K(1559040K), 0.0016788 secs] [Times: user=0.11 sys=0.00, real=0.00 secs] 
Heap after GC invocations=505 (full 0):
 PSYoungGen      total 518656K, used 256K [0x00000000e0400000, 0x0000000100000000, 0x0000000100000000)
  eden space 517120K, 0% used [0x00000000e0400000,0x00000000e0400000,0x00000000ffd00000)
  from space 1536K, 16% used [0x00000000ffd00000,0x00000000ffd40000,0x00000000ffe80000)
  to   space 1536K, 0% used [0x00000000ffe80000,0x00000000ffe80000,0x0000000100000000)
 ParOldGen       total 1040384K, used 62106K [0x00000000a0c00000, 0x00000000e0400000, 0x00000000e0400000)
  object space 1040384K, 5% used [0x00000000a0c00000,0x00000000a48a6ba8,0x00000000e0400000)
 Metaspace       used 13040K, capacity 13234K, committed 13312K, reserved 1060864K
  class space    used 1469K, capacity 1501K, committed 1536K, reserved 1048576K
}
{Heap before GC invocations=506 (full 0):
 PSYoungGen      total 518656K, used 517376K [0x00000000e0400000, 0x0000000100000000, 0x0000000100000000)
  eden space 517120K, 100% used [0x00000000e0400000,0x00000000ffd00000,0x00000000ffd00000)
  from space 1536K, 16% used [0x00000000ffd00000,0x00000000ffd40000,0x00000000ffe80000)
  to   space 1536K, 0% used [0x00000000ffe80000,0x00000000ffe80000,0x0000000100000000)
 ParOldGen       total 1040384K, used 62106K [0x00000000a0c00000, 0x00000000e0400000, 0x00000000e0400000)
  object space 1040384K, 5% used [0x00000000a0c00000,0x00000000a48a6bc8,0x00000000e0400000)
 Metaspace       used 13040K, capacity 13234K, committed 13312K, reserved 1060864K
  class space    used 1469K, capacity 1501K, committed 1536K, reserved 1048576K
3517.433: [GC (GCLocker Initiated GC) [PSYoungGen: 517376K->1504K(517632K)] 579482K->63610K(1558016K), 0.0023058 secs] [Times: user=0.00 sys=0.00, real=0.00 secs] 
Heap after GC invocations=506 (full 0):
 PSYoungGen      total 517632K, used 1504K [0x00000000e0400000, 0x0000000100000000, 0x0000000100000000)
  eden space 516096K, 0% used [0x00000000e0400000,0x00000000e0400000,0x00000000ffc00000)
  from space 1536K, 97% used [0x00000000ffe80000,0x00000000ffff8000,0x0000000100000000)
  to   space 2048K, 0% used [0x00000000ffc00000,0x00000000ffc00000,0x00000000ffe00000)
 ParOldGen       total 1040384K, used 62106K [0x00000000a0c00000, 0x00000000e0400000, 0x00000000e0400000)
  object space 1040384K, 5% used [0x00000000a0c00000,0x00000000a48a6bc8,0x00000000e0400000)
 Metaspace       used 13040K, capacity 13234K, committed 13312K, reserved 1060864K
  class space    used 1469K, capacity 1501K, committed 1536K, reserved 1048576K
}
{Heap before GC invocations=507 (full 0):
 PSYoungGen      total 517632K, used 517600K [0x00000000e0400000, 0x0000000100000000, 0x0000000100000000)
  eden space 516096K, 100% used [0x00000000e0400000,0x00000000ffc00000,0x00000000ffc00000)
  from space 1536K, 97% used [0x00000000ffe80000,0x00000000ffff8000,0x0000000100000000)
  to   space 2048K, 0% used [0x00000000ffc00000,0x00000000ffc00000,0x00000000ffe00000)
 ParOldGen       total 1040384K, used 62110K [0x00000000a0c00000, 0x00000000e0400000, 0x00000000e0400000)
  object space 1040384K, 5% used [0x00000000a0c00000,0x00000000a48a78e8,0x00000000e0400000)
 Metaspace       used 13040K, capacity 13234K, committed 13312K, reserved 1060864K
  class space    used 1469K, capacity 1501K, committed 1536K, reserved 1048576K
3524.548: [GC (Allocation Failure) [PSYoungGen: 517600K->224K(518144K)] 579710K->62358K(1558528K), 0.0013404 secs] [Times: user=0.00 sys=0.00, real=0.00 secs] 
Heap after GC invocations=507 (full 0):
 PSYoungGen      total 518144K, used 224K [0x00000000e0400000, 0x0000000100000000, 0x0000000100000000)
  eden space 516096K, 0% used [0x00000000e0400000,0x00000000e0400000,0x00000000ffc00000)
  from space 2048K, 10% used [0x00000000ffc00000,0x00000000ffc38000,0x00000000ffe00000)
  to   space 1536K, 0% used [0x00000000ffe80000,0x00000000ffe80000,0x0000000100000000)
 ParOldGen       total 1040384K, used 62134K [0x00000000a0c00000, 0x00000000e0400000, 0x00000000e0400000)
  object space 1040384K, 5% used [0x00000000a0c00000,0x00000000a48ad8e8,0x00000000e0400000)
 Metaspace       used 13040K, capacity 13234K, committed 13312K, reserved 1060864K
  class space    used 1469K, capacity 1501K, committed 1536K, reserved 1048576K
}
{Heap before GC invocations=508 (full 0):
 PSYoungGen      total 518144K, used 516320K [0x00000000e0400000, 0x0000000100000000, 0x0000000100000000)
  eden space 516096K, 100% used [0x00000000e0400000,0x00000000ffc00000,0x00000000ffc00000)
  from space 2048K, 10% used [0x00000000ffc00000,0x00000000ffc38000,0x00000000ffe00000)
  to   space 1536K, 0% used [0x00000000ffe80000,0x00000000ffe80000,0x0000000100000000)
 ParOldGen       total 1040384K, used 62134K [0x00000000a0c00000, 0x00000000e0400000, 0x00000000e0400000)
  object space 1040384K, 5% used [0x00000000a0c00000,0x00000000a48ad8e8,0x00000000e0400000)
 Metaspace       used 13040K, capacity 13234K, committed 13312K, reserved 1060864K
  class space    used 1469K, capacity 1501K, committed 1536K, reserved 1048576K
3531.609: [GC (Allocation Failure) [PSYoungGen: 516320K->160K(518656K)] 578454K->62318K(1559040K), 0.0012807 secs] [Times: user=0.00 sys=0.00, real=0.00 secs] 
Heap after GC invocations=508 (full 0):
 PSYoungGen      total 518656K, used 160K [0x00000000e0400000, 0x0000000100000000, 0x0000000100000000)
  eden space 517120K, 0% used [0x00000000e0400000,0x00000000e0400000,0x00000000ffd00000)
  from space 1536K, 10% used [0x00000000ffe80000,0x00000000ffea8000,0x0000000100000000)
  to   space 1536K, 0% used [0x00000000ffd00000,0x00000000ffd00000,0x00000000ffe80000)
 ParOldGen       total 1040384K, used 62158K [0x00000000a0c00000, 0x00000000e0400000, 0x00000000e0400000)
  object space 1040384K, 5% used [0x00000000a0c00000,0x00000000a48b38e8,0x00000000e0400000)
 Metaspace       used 13040K, capacity 13234K, committed 13312K, reserved 1060864K
  class space    used 1469K, capacity 1501K, committed 1536K, reserved 1048576K
}
{Heap before GC invocations=509 (full 0):
 PSYoungGen      total 518656K, used 517280K [0x00000000e0400000, 0x0000000100000000, 0x0000000100000000)
  eden space 517120K, 100% used [0x00000000e0400000,0x00000000ffd00000,0x00000000ffd00000)
  from space 1536K, 10% used [0x00000000ffe80000,0x00000000ffea8000,0x0000000100000000)
  to   space 1536K, 0% used [0x00000000ffd00000,0x00000000ffd00000,0x00000000ffe80000)
 ParOldGen       total 1040384K, used 62158K [0x00000000a0c00000, 0x00000000e0400000, 0x00000000e0400000)
  object space 1040384K, 5% used [0x00000000a0c00000,0x00000000a48b38e8,0x00000000e0400000)
 Metaspace       used 13040K, capacity 13234K, committed 13312K, reserved 1060864K
  class space    used 1469K, capacity 1501K, committed 1536K, reserved 1048576K
3538.579: [GC (Allocation Failure) [PSYoungGen: 517280K->256K(518656K)] 579438K->62454K(1559040K), 0.0013324 secs] [Times: user=0.00 sys=0.00, real=0.00 secs] 
Heap after GC invocations=509 (full 0):
 PSYoungGen      total 518656K, used 256K [0x00000000e0400000, 0x0000000100000000, 0x0000000100000000)
  eden space 517120K, 0% used [0x00000000e0400000,0x00000000e0400000,0x00000000ffd00000)
  from space 1536K, 16% used [0x00000000ffd00000,0x00000000ffd40000,0x00000000ffe80000)
  to   space 1536K, 0% used [0x00000000ffe80000,0x00000000ffe80000,0x0000000100000000)
 ParOldGen       total 1040384K, used 62198K [0x00000000a0c00000, 0x00000000e0400000, 0x00000000e0400000)
  object space 1040384K, 5% used [0x00000000a0c00000,0x00000000a48bd8e8,0x00000000e0400000)
 Metaspace       used 13040K, capacity 13234K, committed 13312K, reserved 1060864K
  class space    used 1469K, capacity 1501K, committed 1536K, reserved 1048576K
}
{Heap before GC invocations=510 (full 0):
 PSYoungGen      total 518656K, used 517376K [0x00000000e0400000, 0x0000000100000000, 0x0000000100000000)
  eden space 517120K, 100% used [0x00000000e0400000,0x00000000ffd00000,0x00000000ffd00000)
  from space 1536K, 16% used [0x00000000ffd00000,0x00000000ffd40000,0x00000000ffe80000)
  to   space 1536K, 0% used [0x00000000ffe80000,0x00000000ffe80000,0x0000000100000000)
 ParOldGen       total 1040384K, used 62198K [0x00000000a0c00000, 0x00000000e0400000, 0x00000000e0400000)
  object space 1040384K, 5% used [0x00000000a0c00000,0x00000000a48bd8e8,0x00000000e0400000)
 Metaspace       used 13040K, capacity 13234K, committed 13312K, reserved 1060864K
  class space    used 1469K, capacity 1501K, committed 1536K, reserved 1048576K
3545.473: [GC (Allocation Failure) [PSYoungGen: 517376K->448K(518656K)] 579574K->62646K(1559040K), 0.0017933 secs] [Times: user=0.08 sys=0.00, real=0.00 secs] 
Heap after GC invocations=510 (full 0):
 PSYoungGen      total 518656K, used 448K [0x00000000e0400000, 0x0000000100000000, 0x0000000100000000)
  eden space 517120K, 0% used [0x00000000e0400000,0x00000000e0400000,0x00000000ffd00000)
  from space 1536K, 29% used [0x00000000ffe80000,0x00000000ffef0000,0x0000000100000000)
  to   space 1536K, 0% used [0x00000000ffd00000,0x00000000ffd00000,0x00000000ffe80000)
 ParOldGen       total 1040384K, used 62198K [0x00000000a0c00000, 0x00000000e0400000, 0x00000000e0400000)
  object space 1040384K, 5% used [0x00000000a0c00000,0x00000000a48bd8e8,0x00000000e0400000)
 Metaspace       used 13040K, capacity 13234K, committed 13312K, reserved 1060864K
  class space    used 1469K, capacity 1501K, committed 1536K, reserved 1048576K
}
{Heap before GC invocations=511 (full 0):
 PSYoungGen      total 518656K, used 517568K [0x00000000e0400000, 0x0000000100000000, 0x0000000100000000)
  eden space 517120K, 100% used [0x00000000e0400000,0x00000000ffd00000,0x00000000ffd00000)
  from space 1536K, 29% used [0x00000000ffe80000,0x00000000ffef0000,0x0000000100000000)
  to   space 1536K, 0% used [0x00000000ffd00000,0x00000000ffd00000,0x00000000ffe80000)
 ParOldGen       total 1040384K, used 62198K [0x00000000a0c00000, 0x00000000e0400000, 0x00000000e0400000)
  object space 1040384K, 5% used [0x00000000a0c00000,0x00000000a48bd908,0x00000000e0400000)
 Metaspace       used 13040K, capacity 13234K, committed 13312K, reserved 1060864K
  class space    used 1469K, capacity 1501K, committed 1536K, reserved 1048576K
3552.507: [GC (GCLocker Initiated GC) [PSYoungGen: 517568K->1344K(518656K)] 579766K->63550K(1559040K), 0.0024856 secs] [Times: user=0.00 sys=0.00, real=0.00 secs] 
Heap after GC invocations=511 (full 0):
 PSYoungGen      total 518656K, used 1344K [0x00000000e0400000, 0x0000000100000000, 0x0000000100000000)
  eden space 517120K, 0% used [0x00000000e0400000,0x00000000e0400000,0x00000000ffd00000)
  from space 1536K, 87% used [0x00000000ffd00000,0x00000000ffe50000,0x00000000ffe80000)
  to   space 1536K, 0% used [0x00000000ffe80000,0x00000000ffe80000,0x0000000100000000)
 ParOldGen       total 1040384K, used 62206K [0x00000000a0c00000, 0x00000000e0400000, 0x00000000e0400000)
  object space 1040384K, 5% used [0x00000000a0c00000,0x00000000a48bf908,0x00000000e0400000)
 Metaspace       used 13040K, capacity 13234K, committed 13312K, reserved 1060864K
  class space    used 1469K, capacity 1501K, committed 1536K, reserved 1048576K
}
{Heap before GC invocations=512 (full 0):
 PSYoungGen      total 518656K, used 518464K [0x00000000e0400000, 0x0000000100000000, 0x0000000100000000)
  eden space 517120K, 100% used [0x00000000e0400000,0x00000000ffd00000,0x00000000ffd00000)
  from space 1536K, 87% used [0x00000000ffd00000,0x00000000ffe50000,0x00000000ffe80000)
  to   space 1536K, 0% used [0x00000000ffe80000,0x00000000ffe80000,0x0000000100000000)
 ParOldGen       total 1040384K, used 62209K [0x00000000a0c00000, 0x00000000e0400000, 0x00000000e0400000)
  object space 1040384K, 5% used [0x00000000a0c00000,0x00000000a48c04b8,0x00000000e0400000)
 Metaspace       used 13040K, capacity 13234K, committed 13312K, reserved 1060864K
  class space    used 1469K, capacity 1501K, committed 1536K, reserved 1048576K
3559.563: [GC (Allocation Failure) [PSYoungGen: 518464K->192K(518656K)] 580673K->62409K(1559040K), 0.0017905 secs] [Times: user=0.00 sys=0.00, real=0.00 secs] 
Heap after GC invocations=512 (full 0):
 PSYoungGen      total 518656K, used 192K [0x00000000e0400000, 0x0000000100000000, 0x0000000100000000)
  eden space 517120K, 0% used [0x00000000e0400000,0x00000000e0400000,0x00000000ffd00000)
  from space 1536K, 12% used [0x00000000ffe80000,0x00000000ffeb0000,0x0000000100000000)
  to   space 1536K, 0% used [0x00000000ffd00000,0x00000000ffd00000,0x00000000ffe80000)
 ParOldGen       total 1040384K, used 62217K [0x00000000a0c00000, 0x00000000e0400000, 0x00000000e0400000)
  object space 1040384K, 5% used [0x00000000a0c00000,0x00000000a48c24b8,0x00000000e0400000)
 Metaspace       used 13040K, capacity 13234K, committed 13312K, reserved 1060864K
  class space    used 1469K, capacity 1501K, committed 1536K, reserved 1048576K
}
{Heap before GC invocations=513 (full 0):
 PSYoungGen      total 518656K, used 517312K [0x00000000e0400000, 0x0000000100000000, 0x0000000100000000)
  eden space 517120K, 100% used [0x00000000e0400000,0x00000000ffd00000,0x00000000ffd00000)
  from space 1536K, 12% used [0x00000000ffe80000,0x00000000ffeb0000,0x0000000100000000)
  to   space 1536K, 0% used [0x00000000ffd00000,0x00000000ffd00000,0x00000000ffe80000)
 ParOldGen       total 1040384K, used 62217K [0x00000000a0c00000, 0x00000000e0400000, 0x00000000e0400000)
  object space 1040384K, 5% used [0x00000000a0c00000,0x00000000a48c24b8,0x00000000e0400000)
 Metaspace       used 13040K, capacity 13234K, committed 13312K, reserved 1060864K
  class space    used 1469K, capacity 1501K, committed 1536K, reserved 1048576K
3566.554: [GC (Allocation Failure) [PSYoungGen: 517312K->128K(518656K)] 579529K->62345K(1559040K), 0.0012832 secs] [Times: user=0.00 sys=0.00, real=0.00 secs] 
Heap after GC invocations=513 (full 0):
 PSYoungGen      total 518656K, used 128K [0x00000000e0400000, 0x0000000100000000, 0x0000000100000000)
  eden space 517120K, 0% used [0x00000000e0400000,0x00000000e0400000,0x00000000ffd00000)
  from space 1536K, 8% used [0x00000000ffd00000,0x00000000ffd20000,0x00000000ffe80000)
  to   space 1536K, 0% used [0x00000000ffe80000,0x00000000ffe80000,0x0000000100000000)
 ParOldGen       total 1040384K, used 62217K [0x00000000a0c00000, 0x00000000e0400000, 0x00000000e0400000)
  object space 1040384K, 5% used [0x00000000a0c00000,0x00000000a48c24b8,0x00000000e0400000)
 Metaspace       used 13040K, capacity 13234K, committed 13312K, reserved 1060864K
  class space    used 1469K, capacity 1501K, committed 1536K, reserved 1048576K
}
{Heap before GC invocations=514 (full 0):
 PSYoungGen      total 518656K, used 517248K [0x00000000e0400000, 0x0000000100000000, 0x0000000100000000)
  eden space 517120K, 100% used [0x00000000e0400000,0x00000000ffd00000,0x00000000ffd00000)
  from space 1536K, 8% used [0x00000000ffd00000,0x00000000ffd20000,0x00000000ffe80000)
  to   space 1536K, 0% used [0x00000000ffe80000,0x00000000ffe80000,0x0000000100000000)
 ParOldGen       total 1040384K, used 62217K [0x00000000a0c00000, 0x00000000e0400000, 0x00000000e0400000)
  object space 1040384K, 5% used [0x00000000a0c00000,0x00000000a48c24b8,0x00000000e0400000)
 Metaspace       used 13040K, capacity 13234K, committed 13312K, reserved 1060864K
  class space    used 1469K, capacity 1501K, committed 1536K, reserved 1048576K
3573.560: [GC (Allocation Failure) [PSYoungGen: 517248K->192K(518656K)] 579465K->62409K(1559040K), 0.0018160 secs] [Times: user=0.00 sys=0.00, real=0.00 secs] 
Heap after GC invocations=514 (full 0):
 PSYoungGen      total 518656K, used 192K [0x00000000e0400000, 0x0000000100000000, 0x0000000100000000)
  eden space 517120K, 0% used [0x00000000e0400000,0x00000000e0400000,0x00000000ffd00000)
  from space 1536K, 12% used [0x00000000ffe80000,0x00000000ffeb0000,0x0000000100000000)
  to   space 1536K, 0% used [0x00000000ffd00000,0x00000000ffd00000,0x00000000ffe80000)
 ParOldGen       total 1040384K, used 62217K [0x00000000a0c00000, 0x00000000e0400000, 0x00000000e0400000)
  object space 1040384K, 5% used [0x00000000a0c00000,0x00000000a48c24b8,0x00000000e0400000)
 Metaspace       used 13040K, capacity 13234K, committed 13312K, reserved 1060864K
  class space    used 1469K, capacity 1501K, committed 1536K, reserved 1048576K
}
{Heap before GC invocations=515 (full 0):
 PSYoungGen      total 518656K, used 517312K [0x00000000e0400000, 0x0000000100000000, 0x0000000100000000)
  eden space 517120K, 100% used [0x00000000e0400000,0x00000000ffd00000,0x00000000ffd00000)
  from space 1536K, 12% used [0x00000000ffe80000,0x00000000ffeb0000,0x0000000100000000)
  to   space 1536K, 0% used [0x00000000ffd00000,0x00000000ffd00000,0x00000000ffe80000)
 ParOldGen       total 1040384K, used 62217K [0x00000000a0c00000, 0x00000000e0400000, 0x00000000e0400000)
  object space 1040384K, 5% used [0x00000000a0c00000,0x00000000a48c24b8,0x00000000e0400000)
 Metaspace       used 13040K, capacity 13234K, committed 13312K, reserved 1060864K
  class space    used 1469K, capacity 1501K, committed 1536K, reserved 1048576K
3580.755: [GC (Allocation Failure) [PSYoungGen: 517312K->384K(518656K)] 579529K->62609K(1559040K), 0.0019892 secs] [Times: user=0.09 sys=0.00, real=0.00 secs] 
Heap after GC invocations=515 (full 0):
 PSYoungGen      total 518656K, used 384K [0x00000000e0400000, 0x0000000100000000, 0x0000000100000000)
  eden space 517120K, 0% used [0x00000000e0400000,0x00000000e0400000,0x00000000ffd00000)
  from space 1536K, 25% used [0x00000000ffd00000,0x00000000ffd60000,0x00000000ffe80000)
  to   space 1536K, 0% used [0x00000000ffe80000,0x00000000ffe80000,0x0000000100000000)
 ParOldGen       total 1040384K, used 62225K [0x00000000a0c00000, 0x00000000e0400000, 0x00000000e0400000)
  object space 1040384K, 5% used [0x00000000a0c00000,0x00000000a48c44b8,0x00000000e0400000)
 Metaspace       used 13040K, capacity 13234K, committed 13312K, reserved 1060864K
  class space    used 1469K, capacity 1501K, committed 1536K, reserved 1048576K
}
{Heap before GC invocations=516 (full 0):
 PSYoungGen      total 518656K, used 517504K [0x00000000e0400000, 0x0000000100000000, 0x0000000100000000)
  eden space 517120K, 100% used [0x00000000e0400000,0x00000000ffd00000,0x00000000ffd00000)
  from space 1536K, 25% used [0x00000000ffd00000,0x00000000ffd60000,0x00000000ffe80000)
  to   space 1536K, 0% used [0x00000000ffe80000,0x00000000ffe80000,0x0000000100000000)
 ParOldGen       total 1040384K, used 62225K [0x00000000a0c00000, 0x00000000e0400000, 0x00000000e0400000)
  object space 1040384K, 5% used [0x00000000a0c00000,0x00000000a48c44b8,0x00000000e0400000)
 Metaspace       used 13040K, capacity 13234K, committed 13312K, reserved 1060864K
  class space    used 1469K, capacity 1501K, committed 1536K, reserved 1048576K
3587.898: [GC (Allocation Failure) [PSYoungGen: 517504K->1536K(517632K)] 579729K->63913K(1558016K), 0.0022508 secs] [Times: user=0.00 sys=0.00, real=0.00 secs] 
Heap after GC invocations=516 (full 0):
 PSYoungGen      total 517632K, used 1536K [0x00000000e0400000, 0x0000000100000000, 0x0000000100000000)
  eden space 516096K, 0% used [0x00000000e0400000,0x00000000e0400000,0x00000000ffc00000)
  from space 1536K, 100% used [0x00000000ffe80000,0x0000000100000000,0x0000000100000000)
  to   space 2048K, 0% used [0x00000000ffc00000,0x00000000ffc00000,0x00000000ffe00000)
 ParOldGen       total 1040384K, used 62377K [0x00000000a0c00000, 0x00000000e0400000, 0x00000000e0400000)
  object space 1040384K, 5% used [0x00000000a0c00000,0x00000000a48ea4b8,0x00000000e0400000)
 Metaspace       used 13040K, capacity 13234K, committed 13312K, reserved 1060864K
  class space    used 1469K, capacity 1501K, committed 1536K, reserved 1048576K
}
{Heap before GC invocations=517 (full 0):
 PSYoungGen      total 517632K, used 517632K [0x00000000e0400000, 0x0000000100000000, 0x0000000100000000)
  eden space 516096K, 100% used [0x00000000e0400000,0x00000000ffc00000,0x00000000ffc00000)
  from space 1536K, 100% used [0x00000000ffe80000,0x0000000100000000,0x0000000100000000)
  to   space 2048K, 0% used [0x00000000ffc00000,0x00000000ffc00000,0x00000000ffe00000)
 ParOldGen       total 1040384K, used 62377K [0x00000000a0c00000, 0x00000000e0400000, 0x00000000e0400000)
  object space 1040384K, 5% used [0x00000000a0c00000,0x00000000a48ea4b8,0x00000000e0400000)
 Metaspace       used 13040K, capacity 13234K, committed 13312K, reserved 1060864K
  class space    used 1469K, capacity 1501K, committed 1536K, reserved 1048576K
3594.955: [GC (Allocation Failure) [PSYoungGen: 517632K->192K(518144K)] 580009K->62601K(1558528K), 0.0016356 secs] [Times: user=0.00 sys=0.00, real=0.00 secs] 
Heap after GC invocations=517 (full 0):
 PSYoungGen      total 518144K, used 192K [0x00000000e0400000, 0x0000000100000000, 0x0000000100000000)
  eden space 516096K, 0% used [0x00000000e0400000,0x00000000e0400000,0x00000000ffc00000)
  from space 2048K, 9% used [0x00000000ffc00000,0x00000000ffc30000,0x00000000ffe00000)
  to   space 2048K, 0% used [0x00000000ffe00000,0x00000000ffe00000,0x0000000100000000)
 ParOldGen       total 1040384K, used 62409K [0x00000000a0c00000, 0x00000000e0400000, 0x00000000e0400000)
  object space 1040384K, 5% used [0x00000000a0c00000,0x00000000a48f24b8,0x00000000e0400000)
 Metaspace       used 13040K, capacity 13234K, committed 13312K, reserved 1060864K
  class space    used 1469K, capacity 1501K, committed 1536K, reserved 1048576K
}
{Heap before GC invocations=518 (full 0):
 PSYoungGen      total 518144K, used 516288K [0x00000000e0400000, 0x0000000100000000, 0x0000000100000000)
  eden space 516096K, 100% used [0x00000000e0400000,0x00000000ffc00000,0x00000000ffc00000)
  from space 2048K, 9% used [0x00000000ffc00000,0x00000000ffc30000,0x00000000ffe00000)
  to   space 2048K, 0% used [0x00000000ffe00000,0x00000000ffe00000,0x0000000100000000)
 ParOldGen       total 1040384K, used 62409K [0x00000000a0c00000, 0x00000000e0400000, 0x00000000e0400000)
  object space 1040384K, 5% used [0x00000000a0c00000,0x00000000a48f24b8,0x00000000e0400000)
 Metaspace       used 13040K, capacity 13234K, committed 13312K, reserved 1060864K
  class space    used 1469K, capacity 1501K, committed 1536K, reserved 1048576K
3601.935: [GC (Allocation Failure) [PSYoungGen: 516288K->256K(518144K)] 578697K->62665K(1558528K), 0.0012786 secs] [Times: user=0.00 sys=0.00, real=0.00 secs] 
Heap after GC invocations=518 (full 0):
 PSYoungGen      total 518144K, used 256K [0x00000000e0400000, 0x0000000100000000, 0x0000000100000000)
  eden space 516096K, 0% used [0x00000000e0400000,0x00000000e0400000,0x00000000ffc00000)
  from space 2048K, 12% used [0x00000000ffe00000,0x00000000ffe40000,0x0000000100000000)
  to   space 2048K, 0% used [0x00000000ffc00000,0x00000000ffc00000,0x00000000ffe00000)
 ParOldGen       total 1040384K, used 62409K [0x00000000a0c00000, 0x00000000e0400000, 0x00000000e0400000)
  object space 1040384K, 5% used [0x00000000a0c00000,0x00000000a48f24b8,0x00000000e0400000)
 Metaspace       used 13040K, capacity 13234K, committed 13312K, reserved 1060864K
  class space    used 1469K, capacity 1501K, committed 1536K, reserved 1048576K
}
{Heap before GC invocations=519 (full 0):
 PSYoungGen      total 518144K, used 516352K [0x00000000e0400000, 0x0000000100000000, 0x0000000100000000)
  eden space 516096K, 100% used [0x00000000e0400000,0x00000000ffc00000,0x00000000ffc00000)
  from space 2048K, 12% used [0x00000000ffe00000,0x00000000ffe40000,0x0000000100000000)
  to   space 2048K, 0% used [0x00000000ffc00000,0x00000000ffc00000,0x00000000ffe00000)
 ParOldGen       total 1040384K, used 62409K [0x00000000a0c00000, 0x00000000e0400000, 0x00000000e0400000)
  object space 1040384K, 5% used [0x00000000a0c00000,0x00000000a48f24b8,0x00000000e0400000)
 Metaspace       used 13040K, capacity 13234K, committed 13312K, reserved 1060864K
  class space    used 1469K, capacity 1501K, committed 1536K, reserved 1048576K
3608.954: [GC (Allocation Failure) [PSYoungGen: 516352K->160K(518144K)] 578761K->62577K(1558528K), 0.0016564 secs] [Times: user=0.00 sys=0.00, real=0.00 secs] 
Heap after GC invocations=519 (full 0):
 PSYoungGen      total 518144K, used 160K [0x00000000e0400000, 0x0000000100000000, 0x0000000100000000)
  eden space 516096K, 0% used [0x00000000e0400000,0x00000000e0400000,0x00000000ffc00000)
  from space 2048K, 7% used [0x00000000ffc00000,0x00000000ffc28000,0x00000000ffe00000)
  to   space 1536K, 0% used [0x00000000ffe80000,0x00000000ffe80000,0x0000000100000000)
 ParOldGen       total 1040384K, used 62417K [0x00000000a0c00000, 0x00000000e0400000, 0x00000000e0400000)
  object space 1040384K, 5% used [0x00000000a0c00000,0x00000000a48f44b8,0x00000000e0400000)
 Metaspace       used 13040K, capacity 13234K, committed 13312K, reserved 1060864K
  class space    used 1469K, capacity 1501K, committed 1536K, reserved 1048576K
}
{Heap before GC invocations=520 (full 0):
 PSYoungGen      total 518144K, used 516256K [0x00000000e0400000, 0x0000000100000000, 0x0000000100000000)
  eden space 516096K, 100% used [0x00000000e0400000,0x00000000ffc00000,0x00000000ffc00000)
  from space 2048K, 7% used [0x00000000ffc00000,0x00000000ffc28000,0x00000000ffe00000)
  to   space 1536K, 0% used [0x00000000ffe80000,0x00000000ffe80000,0x0000000100000000)
 ParOldGen       total 1040384K, used 62417K [0x00000000a0c00000, 0x00000000e0400000, 0x00000000e0400000)
  object space 1040384K, 5% used [0x00000000a0c00000,0x00000000a48f44b8,0x00000000e0400000)
 Metaspace       used 13040K, capacity 13234K, committed 13312K, reserved 1060864K
  class space    used 1469K, capacity 1501K, committed 1536K, reserved 1048576K
3615.948: [GC (Allocation Failure) [PSYoungGen: 516256K->448K(518656K)] 578673K->62865K(1559040K), 0.0019488 secs] [Times: user=0.00 sys=0.00, real=0.00 secs] 
Heap after GC invocations=520 (full 0):
 PSYoungGen      total 518656K, used 448K [0x00000000e0400000, 0x0000000100000000, 0x0000000100000000)
  eden space 517120K, 0% used [0x00000000e0400000,0x00000000e0400000,0x00000000ffd00000)
  from space 1536K, 29% used [0x00000000ffe80000,0x00000000ffef0000,0x0000000100000000)
  to   space 1536K, 0% used [0x00000000ffd00000,0x00000000ffd00000,0x00000000ffe80000)
 ParOldGen       total 1040384K, used 62417K [0x00000000a0c00000, 0x00000000e0400000, 0x00000000e0400000)
  object space 1040384K, 5% used [0x00000000a0c00000,0x00000000a48f44b8,0x00000000e0400000)
 Metaspace       used 13040K, capacity 13234K, committed 13312K, reserved 1060864K
  class space    used 1469K, capacity 1501K, committed 1536K, reserved 1048576K
}
{Heap before GC invocations=521 (full 0):
 PSYoungGen      total 518656K, used 517568K [0x00000000e0400000, 0x0000000100000000, 0x0000000100000000)
  eden space 517120K, 100% used [0x00000000e0400000,0x00000000ffd00000,0x00000000ffd00000)
  from space 1536K, 29% used [0x00000000ffe80000,0x00000000ffef0000,0x0000000100000000)
  to   space 1536K, 0% used [0x00000000ffd00000,0x00000000ffd00000,0x00000000ffe80000)
 ParOldGen       total 1040384K, used 62417K [0x00000000a0c00000, 0x00000000e0400000, 0x00000000e0400000)
  object space 1040384K, 5% used [0x00000000a0c00000,0x00000000a48f44b8,0x00000000e0400000)
 Metaspace       used 13040K, capacity 13234K, committed 13312K, reserved 1060864K
  class space    used 1469K, capacity 1501K, committed 1536K, reserved 1048576K
3622.957: [GC (Allocation Failure) [PSYoungGen: 517568K->160K(518656K)] 579985K->62577K(1559040K), 0.0017276 secs] [Times: user=0.09 sys=0.00, real=0.00 secs] 
Heap after GC invocations=521 (full 0):
 PSYoungGen      total 518656K, used 160K [0x00000000e0400000, 0x0000000100000000, 0x0000000100000000)
  eden space 517120K, 0% used [0x00000000e0400000,0x00000000e0400000,0x00000000ffd00000)
  from space 1536K, 10% used [0x00000000ffd00000,0x00000000ffd28000,0x00000000ffe80000)
  to   space 1536K, 0% used [0x00000000ffe80000,0x00000000ffe80000,0x0000000100000000)
 ParOldGen       total 1040384K, used 62417K [0x00000000a0c00000, 0x00000000e0400000, 0x00000000e0400000)
  object space 1040384K, 5% used [0x00000000a0c00000,0x00000000a48f44b8,0x00000000e0400000)
 Metaspace       used 13040K, capacity 13234K, committed 13312K, reserved 1060864K
  class space    used 1469K, capacity 1501K, committed 1536K, reserved 1048576K
}
{Heap before GC invocations=522 (full 0):
 PSYoungGen      total 518656K, used 517280K [0x00000000e0400000, 0x0000000100000000, 0x0000000100000000)
  eden space 517120K, 100% used [0x00000000e0400000,0x00000000ffd00000,0x00000000ffd00000)
  from space 1536K, 10% used [0x00000000ffd00000,0x00000000ffd28000,0x00000000ffe80000)
  to   space 1536K, 0% used [0x00000000ffe80000,0x00000000ffe80000,0x0000000100000000)
 ParOldGen       total 1040384K, used 62417K [0x00000000a0c00000, 0x00000000e0400000, 0x00000000e0400000)
  object space 1040384K, 5% used [0x00000000a0c00000,0x00000000a48f44b8,0x00000000e0400000)
 Metaspace       used 13040K, capacity 13234K, committed 13312K, reserved 1060864K
  class space    used 1469K, capacity 1501K, committed 1536K, reserved 1048576K
3629.855: [GC (Allocation Failure) [PSYoungGen: 517280K->192K(518656K)] 579697K->62609K(1559040K), 0.0013109 secs] [Times: user=0.00 sys=0.00, real=0.00 secs] 
Heap after GC invocations=522 (full 0):
 PSYoungGen      total 518656K, used 192K [0x00000000e0400000, 0x0000000100000000, 0x0000000100000000)
  eden space 517120K, 0% used [0x00000000e0400000,0x00000000e0400000,0x00000000ffd00000)
  from space 1536K, 12% used [0x00000000ffe80000,0x00000000ffeb0000,0x0000000100000000)
  to   space 1536K, 0% used [0x00000000ffd00000,0x00000000ffd00000,0x00000000ffe80000)
 ParOldGen       total 1040384K, used 62417K [0x00000000a0c00000, 0x00000000e0400000, 0x00000000e0400000)
  object space 1040384K, 5% used [0x00000000a0c00000,0x00000000a48f44b8,0x00000000e0400000)
 Metaspace       used 13040K, capacity 13234K, committed 13312K, reserved 1060864K
  class space    used 1469K, capacity 1501K, committed 1536K, reserved 1048576K
}
{Heap before GC invocations=523 (full 0):
 PSYoungGen      total 518656K, used 517312K [0x00000000e0400000, 0x0000000100000000, 0x0000000100000000)
  eden space 517120K, 100% used [0x00000000e0400000,0x00000000ffd00000,0x00000000ffd00000)
  from space 1536K, 12% used [0x00000000ffe80000,0x00000000ffeb0000,0x0000000100000000)
  to   space 1536K, 0% used [0x00000000ffd00000,0x00000000ffd00000,0x00000000ffe80000)
 ParOldGen       total 1040384K, used 62417K [0x00000000a0c00000, 0x00000000e0400000, 0x00000000e0400000)
  object space 1040384K, 5% used [0x00000000a0c00000,0x00000000a48f44b8,0x00000000e0400000)
 Metaspace       used 13040K, capacity 13234K, committed 13312K, reserved 1060864K
  class space    used 1469K, capacity 1501K, committed 1536K, reserved 1048576K
3636.921: [GC (Allocation Failure) [PSYoungGen: 517312K->224K(518656K)] 579729K->62641K(1559040K), 0.0022175 secs] [Times: user=0.00 sys=0.00, real=0.00 secs] 
Heap after GC invocations=523 (full 0):
 PSYoungGen      total 518656K, used 224K [0x00000000e0400000, 0x0000000100000000, 0x0000000100000000)
  eden space 517120K, 0% used [0x00000000e0400000,0x00000000e0400000,0x00000000ffd00000)
  from space 1536K, 14% used [0x00000000ffd00000,0x00000000ffd38000,0x00000000ffe80000)
  to   space 1536K, 0% used [0x00000000ffe80000,0x00000000ffe80000,0x0000000100000000)
 ParOldGen       total 1040384K, used 62417K [0x00000000a0c00000, 0x00000000e0400000, 0x00000000e0400000)
  object space 1040384K, 5% used [0x00000000a0c00000,0x00000000a48f44b8,0x00000000e0400000)
 Metaspace       used 13040K, capacity 13234K, committed 13312K, reserved 1060864K
  class space    used 1469K, capacity 1501K, committed 1536K, reserved 1048576K
}
{Heap before GC invocations=524 (full 0):
 PSYoungGen      total 518656K, used 517344K [0x00000000e0400000, 0x0000000100000000, 0x0000000100000000)
  eden space 517120K, 100% used [0x00000000e0400000,0x00000000ffd00000,0x00000000ffd00000)
  from space 1536K, 14% used [0x00000000ffd00000,0x00000000ffd38000,0x00000000ffe80000)
  to   space 1536K, 0% used [0x00000000ffe80000,0x00000000ffe80000,0x0000000100000000)
 ParOldGen       total 1040384K, used 62417K [0x00000000a0c00000, 0x00000000e0400000, 0x00000000e0400000)
  object space 1040384K, 5% used [0x00000000a0c00000,0x00000000a48f44b8,0x00000000e0400000)
 Metaspace       used 13040K, capacity 13234K, committed 13312K, reserved 1060864K
  class space    used 1469K, capacity 1501K, committed 1536K, reserved 1048576K
3643.946: [GC (Allocation Failure) [PSYoungGen: 517344K->224K(518656K)] 579761K->62649K(1559040K), 0.0016543 secs] [Times: user=0.00 sys=0.00, real=0.00 secs] 
Heap after GC invocations=524 (full 0):
 PSYoungGen      total 518656K, used 224K [0x00000000e0400000, 0x0000000100000000, 0x0000000100000000)
  eden space 517120K, 0% used [0x00000000e0400000,0x00000000e0400000,0x00000000ffd00000)
  from space 1536K, 14% used [0x00000000ffe80000,0x00000000ffeb8000,0x0000000100000000)
  to   space 1536K, 0% used [0x00000000ffd00000,0x00000000ffd00000,0x00000000ffe80000)
 ParOldGen       total 1040384K, used 62425K [0x00000000a0c00000, 0x00000000e0400000, 0x00000000e0400000)
  object space 1040384K, 6% used [0x00000000a0c00000,0x00000000a48f64b8,0x00000000e0400000)
 Metaspace       used 13040K, capacity 13234K, committed 13312K, reserved 1060864K
  class space    used 1469K, capacity 1501K, committed 1536K, reserved 1048576K
}
{Heap before GC invocations=525 (full 0):
 PSYoungGen      total 518656K, used 517344K [0x00000000e0400000, 0x0000000100000000, 0x0000000100000000)
  eden space 517120K, 100% used [0x00000000e0400000,0x00000000ffd00000,0x00000000ffd00000)
  from space 1536K, 14% used [0x00000000ffe80000,0x00000000ffeb8000,0x0000000100000000)
  to   space 1536K, 0% used [0x00000000ffd00000,0x00000000ffd00000,0x00000000ffe80000)
 ParOldGen       total 1040384K, used 62425K [0x00000000a0c00000, 0x00000000e0400000, 0x00000000e0400000)
  object space 1040384K, 6% used [0x00000000a0c00000,0x00000000a48f64b8,0x00000000e0400000)
 Metaspace       used 13040K, capacity 13234K, committed 13312K, reserved 1060864K
  class space    used 1469K, capacity 1501K, committed 1536K, reserved 1048576K
3650.928: [GC (Allocation Failure) [PSYoungGen: 517344K->1408K(518656K)] 579769K->63833K(1559040K), 0.0017065 secs] [Times: user=0.00 sys=0.00, real=0.00 secs] 
Heap after GC invocations=525 (full 0):
 PSYoungGen      total 518656K, used 1408K [0x00000000e0400000, 0x0000000100000000, 0x0000000100000000)
  eden space 517120K, 0% used [0x00000000e0400000,0x00000000e0400000,0x00000000ffd00000)
  from space 1536K, 91% used [0x00000000ffd00000,0x00000000ffe60000,0x00000000ffe80000)
  to   space 1536K, 0% used [0x00000000ffe80000,0x00000000ffe80000,0x0000000100000000)
 ParOldGen       total 1040384K, used 62425K [0x00000000a0c00000, 0x00000000e0400000, 0x00000000e0400000)
  object space 1040384K, 6% used [0x00000000a0c00000,0x00000000a48f64b8,0x00000000e0400000)
 Metaspace       used 13040K, capacity 13234K, committed 13312K, reserved 1060864K
  class space    used 1469K, capacity 1501K, committed 1536K, reserved 1048576K
}
{Heap before GC invocations=526 (full 0):
 PSYoungGen      total 518656K, used 518528K [0x00000000e0400000, 0x0000000100000000, 0x0000000100000000)
  eden space 517120K, 100% used [0x00000000e0400000,0x00000000ffd00000,0x00000000ffd00000)
  from space 1536K, 91% used [0x00000000ffd00000,0x00000000ffe60000,0x00000000ffe80000)
  to   space 1536K, 0% used [0x00000000ffe80000,0x00000000ffe80000,0x0000000100000000)
 ParOldGen       total 1040384K, used 62425K [0x00000000a0c00000, 0x00000000e0400000, 0x00000000e0400000)
  object space 1040384K, 6% used [0x00000000a0c00000,0x00000000a48f64b8,0x00000000e0400000)
 Metaspace       used 13040K, capacity 13234K, committed 13312K, reserved 1060864K
  class space    used 1469K, capacity 1501K, committed 1536K, reserved 1048576K
3657.984: [GC (Allocation Failure) [PSYoungGen: 518528K->128K(518656K)] 580953K->62561K(1559040K), 0.0022679 secs] [Times: user=0.00 sys=0.00, real=0.00 secs] 
Heap after GC invocations=526 (full 0):
 PSYoungGen      total 518656K, used 128K [0x00000000e0400000, 0x0000000100000000, 0x0000000100000000)
  eden space 517120K, 0% used [0x00000000e0400000,0x00000000e0400000,0x00000000ffd00000)
  from space 1536K, 8% used [0x00000000ffe80000,0x00000000ffea0000,0x0000000100000000)
  to   space 1536K, 0% used [0x00000000ffd00000,0x00000000ffd00000,0x00000000ffe80000)
 ParOldGen       total 1040384K, used 62433K [0x00000000a0c00000, 0x00000000e0400000, 0x00000000e0400000)
  object space 1040384K, 6% used [0x00000000a0c00000,0x00000000a48f84b8,0x00000000e0400000)
 Metaspace       used 13040K, capacity 13234K, committed 13312K, reserved 1060864K
  class space    used 1469K, capacity 1501K, committed 1536K, reserved 1048576K
}
{Heap before GC invocations=527 (full 0):
 PSYoungGen      total 518656K, used 517248K [0x00000000e0400000, 0x0000000100000000, 0x0000000100000000)
  eden space 517120K, 100% used [0x00000000e0400000,0x00000000ffd00000,0x00000000ffd00000)
  from space 1536K, 8% used [0x00000000ffe80000,0x00000000ffea0000,0x0000000100000000)
  to   space 1536K, 0% used [0x00000000ffd00000,0x00000000ffd00000,0x00000000ffe80000)
 ParOldGen       total 1040384K, used 62433K [0x00000000a0c00000, 0x00000000e0400000, 0x00000000e0400000)
  object space 1040384K, 6% used [0x00000000a0c00000,0x00000000a48f84b8,0x00000000e0400000)
 Metaspace       used 13040K, capacity 13234K, committed 13312K, reserved 1060864K
  class space    used 1469K, capacity 1501K, committed 1536K, reserved 1048576K
3665.003: [GC (Allocation Failure) [PSYoungGen: 517248K->128K(518656K)] 579681K->62561K(1559040K), 0.0017476 secs] [Times: user=0.00 sys=0.00, real=0.00 secs] 
Heap after GC invocations=527 (full 0):
 PSYoungGen      total 518656K, used 128K [0x00000000e0400000, 0x0000000100000000, 0x0000000100000000)
  eden space 517120K, 0% used [0x00000000e0400000,0x00000000e0400000,0x00000000ffd00000)
  from space 1536K, 8% used [0x00000000ffd00000,0x00000000ffd20000,0x00000000ffe80000)
  to   space 1536K, 0% used [0x00000000ffe80000,0x00000000ffe80000,0x0000000100000000)
 ParOldGen       total 1040384K, used 62433K [0x00000000a0c00000, 0x00000000e0400000, 0x00000000e0400000)
  object space 1040384K, 6% used [0x00000000a0c00000,0x00000000a48f84b8,0x00000000e0400000)
 Metaspace       used 13040K, capacity 13234K, committed 13312K, reserved 1060864K
  class space    used 1469K, capacity 1501K, committed 1536K, reserved 1048576K
}
{Heap before GC invocations=528 (full 0):
 PSYoungGen      total 518656K, used 517248K [0x00000000e0400000, 0x0000000100000000, 0x0000000100000000)
  eden space 517120K, 100% used [0x00000000e0400000,0x00000000ffd00000,0x00000000ffd00000)
  from space 1536K, 8% used [0x00000000ffd00000,0x00000000ffd20000,0x00000000ffe80000)
  to   space 1536K, 0% used [0x00000000ffe80000,0x00000000ffe80000,0x0000000100000000)
 ParOldGen       total 1040384K, used 62433K [0x00000000a0c00000, 0x00000000e0400000, 0x00000000e0400000)
  object space 1040384K, 6% used [0x00000000a0c00000,0x00000000a48f84b8,0x00000000e0400000)
 Metaspace       used 13040K, capacity 13234K, committed 13312K, reserved 1060864K
  class space    used 1469K, capacity 1501K, committed 1536K, reserved 1048576K
3672.143: [GC (Allocation Failure) [PSYoungGen: 517248K->192K(518656K)] 579681K->62633K(1559040K), 0.0012792 secs] [Times: user=0.00 sys=0.00, real=0.00 secs] 
Heap after GC invocations=528 (full 0):
 PSYoungGen      total 518656K, used 192K [0x00000000e0400000, 0x0000000100000000, 0x0000000100000000)
  eden space 517120K, 0% used [0x00000000e0400000,0x00000000e0400000,0x00000000ffd00000)
  from space 1536K, 12% used [0x00000000ffe80000,0x00000000ffeb0000,0x0000000100000000)
  to   space 1536K, 0% used [0x00000000ffd00000,0x00000000ffd00000,0x00000000ffe80000)
 ParOldGen       total 1040384K, used 62441K [0x00000000a0c00000, 0x00000000e0400000, 0x00000000e0400000)
  object space 1040384K, 6% used [0x00000000a0c00000,0x00000000a48fa4b8,0x00000000e0400000)
 Metaspace       used 13040K, capacity 13234K, committed 13312K, reserved 1060864K
  class space    used 1469K, capacity 1501K, committed 1536K, reserved 1048576K
}
{Heap before GC invocations=529 (full 0):
 PSYoungGen      total 518656K, used 517312K [0x00000000e0400000, 0x0000000100000000, 0x0000000100000000)
  eden space 517120K, 100% used [0x00000000e0400000,0x00000000ffd00000,0x00000000ffd00000)
  from space 1536K, 12% used [0x00000000ffe80000,0x00000000ffeb0000,0x0000000100000000)
  to   space 1536K, 0% used [0x00000000ffd00000,0x00000000ffd00000,0x00000000ffe80000)
 ParOldGen       total 1040384K, used 62441K [0x00000000a0c00000, 0x00000000e0400000, 0x00000000e0400000)
  object space 1040384K, 6% used [0x00000000a0c00000,0x00000000a48fa4b8,0x00000000e0400000)
 Metaspace       used 13040K, capacity 13234K, committed 13312K, reserved 1060864K
  class space    used 1469K, capacity 1501K, committed 1536K, reserved 1048576K
3679.131: [GC (Allocation Failure) [PSYoungGen: 517312K->96K(518656K)] 579753K->62537K(1559040K), 0.0018586 secs] [Times: user=0.00 sys=0.00, real=0.00 secs] 
Heap after GC invocations=529 (full 0):
 PSYoungGen      total 518656K, used 96K [0x00000000e0400000, 0x0000000100000000, 0x0000000100000000)
  eden space 517120K, 0% used [0x00000000e0400000,0x00000000e0400000,0x00000000ffd00000)
  from space 1536K, 6% used [0x00000000ffd00000,0x00000000ffd18000,0x00000000ffe80000)
  to   space 1536K, 0% used [0x00000000ffe80000,0x00000000ffe80000,0x0000000100000000)
 ParOldGen       total 1040384K, used 62441K [0x00000000a0c00000, 0x00000000e0400000, 0x00000000e0400000)
  object space 1040384K, 6% used [0x00000000a0c00000,0x00000000a48fa4b8,0x00000000e0400000)
 Metaspace       used 13040K, capacity 13234K, committed 13312K, reserved 1060864K
  class space    used 1469K, capacity 1501K, committed 1536K, reserved 1048576K
}
{Heap before GC invocations=530 (full 0):
 PSYoungGen      total 518656K, used 517216K [0x00000000e0400000, 0x0000000100000000, 0x0000000100000000)
  eden space 517120K, 100% used [0x00000000e0400000,0x00000000ffd00000,0x00000000ffd00000)
  from space 1536K, 6% used [0x00000000ffd00000,0x00000000ffd18000,0x00000000ffe80000)
  to   space 1536K, 0% used [0x00000000ffe80000,0x00000000ffe80000,0x0000000100000000)
 ParOldGen       total 1040384K, used 62441K [0x00000000a0c00000, 0x00000000e0400000, 0x00000000e0400000)
  object space 1040384K, 6% used [0x00000000a0c00000,0x00000000a48fa548,0x00000000e0400000)
 Metaspace       used 13040K, capacity 13234K, committed 13312K, reserved 1060864K
  class space    used 1469K, capacity 1501K, committed 1536K, reserved 1048576K
3686.136: [GC (GCLocker Initiated GC) [PSYoungGen: 517216K->1536K(517632K)] 579657K->64305K(1558016K), 0.0025213 secs] [Times: user=0.00 sys=0.00, real=0.00 secs] 
Heap after GC invocations=530 (full 0):
 PSYoungGen      total 517632K, used 1536K [0x00000000e0400000, 0x0000000100000000, 0x0000000100000000)
  eden space 516096K, 0% used [0x00000000e0400000,0x00000000e0400000,0x00000000ffc00000)
  from space 1536K, 100% used [0x00000000ffe80000,0x0000000100000000,0x0000000100000000)
  to   space 2048K, 0% used [0x00000000ffc00000,0x00000000ffc00000,0x00000000ffe00000)
 ParOldGen       total 1040384K, used 62769K [0x00000000a0c00000, 0x00000000e0400000, 0x00000000e0400000)
  object space 1040384K, 6% used [0x00000000a0c00000,0x00000000a494c548,0x00000000e0400000)
 Metaspace       used 13040K, capacity 13234K, committed 13312K, reserved 1060864K
  class space    used 1469K, capacity 1501K, committed 1536K, reserved 1048576K
}
{Heap before GC invocations=531 (full 0):
 PSYoungGen      total 517632K, used 517632K [0x00000000e0400000, 0x0000000100000000, 0x0000000100000000)
  eden space 516096K, 100% used [0x00000000e0400000,0x00000000ffc00000,0x00000000ffc00000)
  from space 1536K, 100% used [0x00000000ffe80000,0x0000000100000000,0x0000000100000000)
  to   space 2048K, 0% used [0x00000000ffc00000,0x00000000ffc00000,0x00000000ffe00000)
 ParOldGen       total 1040384K, used 62772K [0x00000000a0c00000, 0x00000000e0400000, 0x00000000e0400000)
  object space 1040384K, 6% used [0x00000000a0c00000,0x00000000a494d138,0x00000000e0400000)
 Metaspace       used 13040K, capacity 13234K, committed 13312K, reserved 1060864K
  class space    used 1469K, capacity 1501K, committed 1536K, reserved 1048576K
3693.191: [GC (Allocation Failure) [PSYoungGen: 517632K->192K(518144K)] 580404K->63020K(1558528K), 0.0013613 secs] [Times: user=0.00 sys=0.00, real=0.00 secs] 
Heap after GC invocations=531 (full 0):
 PSYoungGen      total 518144K, used 192K [0x00000000e0400000, 0x0000000100000000, 0x0000000100000000)
  eden space 516096K, 0% used [0x00000000e0400000,0x00000000e0400000,0x00000000ffc00000)
  from space 2048K, 9% used [0x00000000ffc00000,0x00000000ffc30000,0x00000000ffe00000)
  to   space 2048K, 0% used [0x00000000ffe00000,0x00000000ffe00000,0x0000000100000000)
 ParOldGen       total 1040384K, used 62828K [0x00000000a0c00000, 0x00000000e0400000, 0x00000000e0400000)
  object space 1040384K, 6% used [0x00000000a0c00000,0x00000000a495b138,0x00000000e0400000)
 Metaspace       used 13040K, capacity 13234K, committed 13312K, reserved 1060864K
  class space    used 1469K, capacity 1501K, committed 1536K, reserved 1048576K
}
{Heap before GC invocations=532 (full 0):
 PSYoungGen      total 518144K, used 516288K [0x00000000e0400000, 0x0000000100000000, 0x0000000100000000)
  eden space 516096K, 100% used [0x00000000e0400000,0x00000000ffc00000,0x00000000ffc00000)
  from space 2048K, 9% used [0x00000000ffc00000,0x00000000ffc30000,0x00000000ffe00000)
  to   space 2048K, 0% used [0x00000000ffe00000,0x00000000ffe00000,0x0000000100000000)
 ParOldGen       total 1040384K, used 62828K [0x00000000a0c00000, 0x00000000e0400000, 0x00000000e0400000)
  object space 1040384K, 6% used [0x00000000a0c00000,0x00000000a495b138,0x00000000e0400000)
 Metaspace       used 13040K, capacity 13234K, committed 13312K, reserved 1060864K
  class space    used 1469K, capacity 1501K, committed 1536K, reserved 1048576K
3700.284: [GC (Allocation Failure) [PSYoungGen: 516288K->160K(518144K)] 579116K->62996K(1558528K), 0.0018838 secs] [Times: user=0.01 sys=0.00, real=0.00 secs] 
Heap after GC invocations=532 (full 0):
 PSYoungGen      total 518144K, used 160K [0x00000000e0400000, 0x0000000100000000, 0x0000000100000000)
  eden space 516096K, 0% used [0x00000000e0400000,0x00000000e0400000,0x00000000ffc00000)
  from space 2048K, 7% used [0x00000000ffe00000,0x00000000ffe28000,0x0000000100000000)
  to   space 2048K, 0% used [0x00000000ffc00000,0x00000000ffc00000,0x00000000ffe00000)
 ParOldGen       total 1040384K, used 62836K [0x00000000a0c00000, 0x00000000e0400000, 0x00000000e0400000)
  object space 1040384K, 6% used [0x00000000a0c00000,0x00000000a495d138,0x00000000e0400000)
 Metaspace       used 13040K, capacity 13234K, committed 13312K, reserved 1060864K
  class space    used 1469K, capacity 1501K, committed 1536K, reserved 1048576K
}
{Heap before GC invocations=533 (full 0):
 PSYoungGen      total 518144K, used 516256K [0x00000000e0400000, 0x0000000100000000, 0x0000000100000000)
  eden space 516096K, 100% used [0x00000000e0400000,0x00000000ffc00000,0x00000000ffc00000)
  from space 2048K, 7% used [0x00000000ffe00000,0x00000000ffe28000,0x0000000100000000)
  to   space 2048K, 0% used [0x00000000ffc00000,0x00000000ffc00000,0x00000000ffe00000)
 ParOldGen       total 1040384K, used 62836K [0x00000000a0c00000, 0x00000000e0400000, 0x00000000e0400000)
  object space 1040384K, 6% used [0x00000000a0c00000,0x00000000a495d138,0x00000000e0400000)
 Metaspace       used 13040K, capacity 13234K, committed 13312K, reserved 1060864K
  class space    used 1469K, capacity 1501K, committed 1536K, reserved 1048576K
3707.185: [GC (Allocation Failure) [PSYoungGen: 516256K->192K(518144K)] 579092K->63036K(1558528K), 0.0017759 secs] [Times: user=0.00 sys=0.00, real=0.00 secs] 
Heap after GC invocations=533 (full 0):
 PSYoungGen      total 518144K, used 192K [0x00000000e0400000, 0x0000000100000000, 0x0000000100000000)
  eden space 516096K, 0% used [0x00000000e0400000,0x00000000e0400000,0x00000000ffc00000)
  from space 2048K, 9% used [0x00000000ffc00000,0x00000000ffc30000,0x00000000ffe00000)
  to   space 1536K, 0% used [0x00000000ffe80000,0x00000000ffe80000,0x0000000100000000)
 ParOldGen       total 1040384K, used 62844K [0x00000000a0c00000, 0x00000000e0400000, 0x00000000e0400000)
  object space 1040384K, 6% used [0x00000000a0c00000,0x00000000a495f138,0x00000000e0400000)
 Metaspace       used 13040K, capacity 13234K, committed 13312K, reserved 1060864K
  class space    used 1469K, capacity 1501K, committed 1536K, reserved 1048576K
}
{Heap before GC invocations=534 (full 0):
 PSYoungGen      total 518144K, used 516288K [0x00000000e0400000, 0x0000000100000000, 0x0000000100000000)
  eden space 516096K, 100% used [0x00000000e0400000,0x00000000ffc00000,0x00000000ffc00000)
  from space 2048K, 9% used [0x00000000ffc00000,0x00000000ffc30000,0x00000000ffe00000)
  to   space 1536K, 0% used [0x00000000ffe80000,0x00000000ffe80000,0x0000000100000000)
 ParOldGen       total 1040384K, used 62844K [0x00000000a0c00000, 0x00000000e0400000, 0x00000000e0400000)
  object space 1040384K, 6% used [0x00000000a0c00000,0x00000000a495f138,0x00000000e0400000)
 Metaspace       used 13040K, capacity 13234K, committed 13312K, reserved 1060864K
  class space    used 1469K, capacity 1501K, committed 1536K, reserved 1048576K
3714.280: [GC (Allocation Failure) [PSYoungGen: 516288K->256K(518656K)] 579132K->63100K(1559040K), 0.0014876 secs] [Times: user=0.00 sys=0.00, real=0.00 secs] 
Heap after GC invocations=534 (full 0):
 PSYoungGen      total 518656K, used 256K [0x00000000e0400000, 0x0000000100000000, 0x0000000100000000)
  eden space 517120K, 0% used [0x00000000e0400000,0x00000000e0400000,0x00000000ffd00000)
  from space 1536K, 16% used [0x00000000ffe80000,0x00000000ffec0000,0x0000000100000000)
  to   space 1536K, 0% used [0x00000000ffd00000,0x00000000ffd00000,0x00000000ffe80000)
 ParOldGen       total 1040384K, used 62844K [0x00000000a0c00000, 0x00000000e0400000, 0x00000000e0400000)
  object space 1040384K, 6% used [0x00000000a0c00000,0x00000000a495f138,0x00000000e0400000)
 Metaspace       used 13040K, capacity 13234K, committed 13312K, reserved 1060864K
  class space    used 1469K, capacity 1501K, committed 1536K, reserved 1048576K
}
{Heap before GC invocations=535 (full 0):
 PSYoungGen      total 518656K, used 517376K [0x00000000e0400000, 0x0000000100000000, 0x0000000100000000)
  eden space 517120K, 100% used [0x00000000e0400000,0x00000000ffd00000,0x00000000ffd00000)
  from space 1536K, 16% used [0x00000000ffe80000,0x00000000ffec0000,0x0000000100000000)
  to   space 1536K, 0% used [0x00000000ffd00000,0x00000000ffd00000,0x00000000ffe80000)
 ParOldGen       total 1040384K, used 62844K [0x00000000a0c00000, 0x00000000e0400000, 0x00000000e0400000)
  object space 1040384K, 6% used [0x00000000a0c00000,0x00000000a495f138,0x00000000e0400000)
 Metaspace       used 13040K, capacity 13234K, committed 13312K, reserved 1060864K
  class space    used 1469K, capacity 1501K, committed 1536K, reserved 1048576K
3721.247: [GC (Allocation Failure) [PSYoungGen: 517376K->1536K(518656K)] 580220K->64660K(1559040K), 0.0028890 secs] [Times: user=0.00 sys=0.00, real=0.00 secs] 
Heap after GC invocations=535 (full 0):
 PSYoungGen      total 518656K, used 1536K [0x00000000e0400000, 0x0000000100000000, 0x0000000100000000)
  eden space 517120K, 0% used [0x00000000e0400000,0x00000000e0400000,0x00000000ffd00000)
  from space 1536K, 100% used [0x00000000ffd00000,0x00000000ffe80000,0x00000000ffe80000)
  to   space 1536K, 0% used [0x00000000ffe80000,0x00000000ffe80000,0x0000000100000000)
 ParOldGen       total 1040384K, used 63124K [0x00000000a0c00000, 0x00000000e0400000, 0x00000000e0400000)
  object space 1040384K, 6% used [0x00000000a0c00000,0x00000000a49a5138,0x00000000e0400000)
 Metaspace       used 13040K, capacity 13234K, committed 13312K, reserved 1060864K
  class space    used 1469K, capacity 1501K, committed 1536K, reserved 1048576K
}
{Heap before GC invocations=536 (full 0):
 PSYoungGen      total 518656K, used 518656K [0x00000000e0400000, 0x0000000100000000, 0x0000000100000000)
  eden space 517120K, 100% used [0x00000000e0400000,0x00000000ffd00000,0x00000000ffd00000)
  from space 1536K, 100% used [0x00000000ffd00000,0x00000000ffe80000,0x00000000ffe80000)
  to   space 1536K, 0% used [0x00000000ffe80000,0x00000000ffe80000,0x0000000100000000)
 ParOldGen       total 1040384K, used 63124K [0x00000000a0c00000, 0x00000000e0400000, 0x00000000e0400000)
  object space 1040384K, 6% used [0x00000000a0c00000,0x00000000a49a5138,0x00000000e0400000)
 Metaspace       used 13040K, capacity 13234K, committed 13312K, reserved 1060864K
  class space    used 1469K, capacity 1501K, committed 1536K, reserved 1048576K
3728.281: [GC (Allocation Failure) [PSYoungGen: 518656K->192K(517632K)] 581780K->63348K(1558016K), 0.0017074 secs] [Times: user=0.00 sys=0.00, real=0.00 secs] 
Heap after GC invocations=536 (full 0):
 PSYoungGen      total 517632K, used 192K [0x00000000e0400000, 0x0000000100000000, 0x0000000100000000)
  eden space 516096K, 0% used [0x00000000e0400000,0x00000000e0400000,0x00000000ffc00000)
  from space 1536K, 12% used [0x00000000ffe80000,0x00000000ffeb0000,0x0000000100000000)
  to   space 2048K, 0% used [0x00000000ffc00000,0x00000000ffc00000,0x00000000ffe00000)
 ParOldGen       total 1040384K, used 63156K [0x00000000a0c00000, 0x00000000e0400000, 0x00000000e0400000)
  object space 1040384K, 6% used [0x00000000a0c00000,0x00000000a49ad138,0x00000000e0400000)
 Metaspace       used 13040K, capacity 13234K, committed 13312K, reserved 1060864K
  class space    used 1469K, capacity 1501K, committed 1536K, reserved 1048576K
}
{Heap before GC invocations=537 (full 0):
 PSYoungGen      total 517632K, used 516288K [0x00000000e0400000, 0x0000000100000000, 0x0000000100000000)
  eden space 516096K, 100% used [0x00000000e0400000,0x00000000ffc00000,0x00000000ffc00000)
  from space 1536K, 12% used [0x00000000ffe80000,0x00000000ffeb0000,0x0000000100000000)
  to   space 2048K, 0% used [0x00000000ffc00000,0x00000000ffc00000,0x00000000ffe00000)
 ParOldGen       total 1040384K, used 63156K [0x00000000a0c00000, 0x00000000e0400000, 0x00000000e0400000)
  object space 1040384K, 6% used [0x00000000a0c00000,0x00000000a49ad138,0x00000000e0400000)
 Metaspace       used 13040K, capacity 13234K, committed 13312K, reserved 1060864K
  class space    used 1469K, capacity 1501K, committed 1536K, reserved 1048576K
3735.208: [GC (Allocation Failure) [PSYoungGen: 516288K->160K(518144K)] 579444K->63316K(1558528K), 0.0016969 secs] [Times: user=0.11 sys=0.00, real=0.00 secs] 
Heap after GC invocations=537 (full 0):
 PSYoungGen      total 518144K, used 160K [0x00000000e0400000, 0x0000000100000000, 0x0000000100000000)
  eden space 516096K, 0% used [0x00000000e0400000,0x00000000e0400000,0x00000000ffc00000)
  from space 2048K, 7% used [0x00000000ffc00000,0x00000000ffc28000,0x00000000ffe00000)
  to   space 2048K, 0% used [0x00000000ffe00000,0x00000000ffe00000,0x0000000100000000)
 ParOldGen       total 1040384K, used 63156K [0x00000000a0c00000, 0x00000000e0400000, 0x00000000e0400000)
  object space 1040384K, 6% used [0x00000000a0c00000,0x00000000a49ad138,0x00000000e0400000)
 Metaspace       used 13040K, capacity 13234K, committed 13312K, reserved 1060864K
  class space    used 1469K, capacity 1501K, committed 1536K, reserved 1048576K
}
{Heap before GC invocations=538 (full 0):
 PSYoungGen      total 518144K, used 516256K [0x00000000e0400000, 0x0000000100000000, 0x0000000100000000)
  eden space 516096K, 100% used [0x00000000e0400000,0x00000000ffc00000,0x00000000ffc00000)
  from space 2048K, 7% used [0x00000000ffc00000,0x00000000ffc28000,0x00000000ffe00000)
  to   space 2048K, 0% used [0x00000000ffe00000,0x00000000ffe00000,0x0000000100000000)
 ParOldGen       total 1040384K, used 63156K [0x00000000a0c00000, 0x00000000e0400000, 0x00000000e0400000)
  object space 1040384K, 6% used [0x00000000a0c00000,0x00000000a49ad138,0x00000000e0400000)
 Metaspace       used 13040K, capacity 13234K, committed 13312K, reserved 1060864K
  class space    used 1469K, capacity 1501K, committed 1536K, reserved 1048576K
3742.129: [GC (Allocation Failure) [PSYoungGen: 516256K->192K(518144K)] 579412K->63348K(1558528K), 0.0014592 secs] [Times: user=0.13 sys=0.00, real=0.00 secs] 
Heap after GC invocations=538 (full 0):
 PSYoungGen      total 518144K, used 192K [0x00000000e0400000, 0x0000000100000000, 0x0000000100000000)
  eden space 516096K, 0% used [0x00000000e0400000,0x00000000e0400000,0x00000000ffc00000)
  from space 2048K, 9% used [0x00000000ffe00000,0x00000000ffe30000,0x0000000100000000)
  to   space 2048K, 0% used [0x00000000ffc00000,0x00000000ffc00000,0x00000000ffe00000)
 ParOldGen       total 1040384K, used 63156K [0x00000000a0c00000, 0x00000000e0400000, 0x00000000e0400000)
  object space 1040384K, 6% used [0x00000000a0c00000,0x00000000a49ad138,0x00000000e0400000)
 Metaspace       used 13040K, capacity 13234K, committed 13312K, reserved 1060864K
  class space    used 1469K, capacity 1501K, committed 1536K, reserved 1048576K
}
{Heap before GC invocations=539 (full 0):
 PSYoungGen      total 518144K, used 516288K [0x00000000e0400000, 0x0000000100000000, 0x0000000100000000)
  eden space 516096K, 100% used [0x00000000e0400000,0x00000000ffc00000,0x00000000ffc00000)
  from space 2048K, 9% used [0x00000000ffe00000,0x00000000ffe30000,0x0000000100000000)
  to   space 2048K, 0% used [0x00000000ffc00000,0x00000000ffc00000,0x00000000ffe00000)
 ParOldGen       total 1040384K, used 63156K [0x00000000a0c00000, 0x00000000e0400000, 0x00000000e0400000)
  object space 1040384K, 6% used [0x00000000a0c00000,0x00000000a49ad138,0x00000000e0400000)
 Metaspace       used 13040K, capacity 13234K, committed 13312K, reserved 1060864K
  class space    used 1469K, capacity 1501K, committed 1536K, reserved 1048576K
3749.371: [GC (Allocation Failure) [PSYoungGen: 516288K->1184K(518144K)] 579444K->64340K(1558528K), 0.0022103 secs] [Times: user=0.00 sys=0.00, real=0.00 secs] 
Heap after GC invocations=539 (full 0):
 PSYoungGen      total 518144K, used 1184K [0x00000000e0400000, 0x0000000100000000, 0x0000000100000000)
  eden space 516096K, 0% used [0x00000000e0400000,0x00000000e0400000,0x00000000ffc00000)
  from space 2048K, 57% used [0x00000000ffc00000,0x00000000ffd28000,0x00000000ffe00000)
  to   space 2048K, 0% used [0x00000000ffe00000,0x00000000ffe00000,0x0000000100000000)
 ParOldGen       total 1040384K, used 63156K [0x00000000a0c00000, 0x00000000e0400000, 0x00000000e0400000)
  object space 1040384K, 6% used [0x00000000a0c00000,0x00000000a49ad138,0x00000000e0400000)
 Metaspace       used 13040K, capacity 13234K, committed 13312K, reserved 1060864K
  class space    used 1469K, capacity 1501K, committed 1536K, reserved 1048576K
}
{Heap before GC invocations=540 (full 0):
 PSYoungGen      total 518144K, used 517280K [0x00000000e0400000, 0x0000000100000000, 0x0000000100000000)
  eden space 516096K, 100% used [0x00000000e0400000,0x00000000ffc00000,0x00000000ffc00000)
  from space 2048K, 57% used [0x00000000ffc00000,0x00000000ffd28000,0x00000000ffe00000)
  to   space 2048K, 0% used [0x00000000ffe00000,0x00000000ffe00000,0x0000000100000000)
 ParOldGen       total 1040384K, used 63156K [0x00000000a0c00000, 0x00000000e0400000, 0x00000000e0400000)
  object space 1040384K, 6% used [0x00000000a0c00000,0x00000000a49ad138,0x00000000e0400000)
 Metaspace       used 13040K, capacity 13234K, committed 13312K, reserved 1060864K
  class space    used 1469K, capacity 1501K, committed 1536K, reserved 1048576K
3756.438: [GC (Allocation Failure) [PSYoungGen: 517280K->256K(518144K)] 580436K->63412K(1558528K), 0.0016978 secs] [Times: user=0.00 sys=0.00, real=0.00 secs] 
Heap after GC invocations=540 (full 0):
 PSYoungGen      total 518144K, used 256K [0x00000000e0400000, 0x0000000100000000, 0x0000000100000000)
  eden space 516096K, 0% used [0x00000000e0400000,0x00000000e0400000,0x00000000ffc00000)
  from space 2048K, 12% used [0x00000000ffe00000,0x00000000ffe40000,0x0000000100000000)
  to   space 2048K, 0% used [0x00000000ffc00000,0x00000000ffc00000,0x00000000ffe00000)
 ParOldGen       total 1040384K, used 63156K [0x00000000a0c00000, 0x00000000e0400000, 0x00000000e0400000)
  object space 1040384K, 6% used [0x00000000a0c00000,0x00000000a49ad138,0x00000000e0400000)
 Metaspace       used 13040K, capacity 13234K, committed 13312K, reserved 1060864K
  class space    used 1469K, capacity 1501K, committed 1536K, reserved 1048576K
}
{Heap before GC invocations=541 (full 0):
 PSYoungGen      total 518144K, used 516352K [0x00000000e0400000, 0x0000000100000000, 0x0000000100000000)
  eden space 516096K, 100% used [0x00000000e0400000,0x00000000ffc00000,0x00000000ffc00000)
  from space 2048K, 12% used [0x00000000ffe00000,0x00000000ffe40000,0x0000000100000000)
  to   space 2048K, 0% used [0x00000000ffc00000,0x00000000ffc00000,0x00000000ffe00000)
 ParOldGen       total 1040384K, used 63156K [0x00000000a0c00000, 0x00000000e0400000, 0x00000000e0400000)
  object space 1040384K, 6% used [0x00000000a0c00000,0x00000000a49ad138,0x00000000e0400000)
 Metaspace       used 13040K, capacity 13234K, committed 13312K, reserved 1060864K
  class space    used 1469K, capacity 1501K, committed 1536K, reserved 1048576K
3763.468: [GC (Allocation Failure) [PSYoungGen: 516352K->192K(518144K)] 579508K->63356K(1558528K), 0.0017706 secs] [Times: user=0.00 sys=0.00, real=0.00 secs] 
Heap after GC invocations=541 (full 0):
 PSYoungGen      total 518144K, used 192K [0x00000000e0400000, 0x0000000100000000, 0x0000000100000000)
  eden space 516096K, 0% used [0x00000000e0400000,0x00000000e0400000,0x00000000ffc00000)
  from space 2048K, 9% used [0x00000000ffc00000,0x00000000ffc30000,0x00000000ffe00000)
  to   space 2048K, 0% used [0x00000000ffe00000,0x00000000ffe00000,0x0000000100000000)
 ParOldGen       total 1040384K, used 63164K [0x00000000a0c00000, 0x00000000e0400000, 0x00000000e0400000)
  object space 1040384K, 6% used [0x00000000a0c00000,0x00000000a49af138,0x00000000e0400000)
 Metaspace       used 13040K, capacity 13234K, committed 13312K, reserved 1060864K
  class space    used 1469K, capacity 1501K, committed 1536K, reserved 1048576K
}
{Heap before GC invocations=542 (full 0):
 PSYoungGen      total 518144K, used 516288K [0x00000000e0400000, 0x0000000100000000, 0x0000000100000000)
  eden space 516096K, 100% used [0x00000000e0400000,0x00000000ffc00000,0x00000000ffc00000)
  from space 2048K, 9% used [0x00000000ffc00000,0x00000000ffc30000,0x00000000ffe00000)
  to   space 2048K, 0% used [0x00000000ffe00000,0x00000000ffe00000,0x0000000100000000)
 ParOldGen       total 1040384K, used 63164K [0x00000000a0c00000, 0x00000000e0400000, 0x00000000e0400000)
  object space 1040384K, 6% used [0x00000000a0c00000,0x00000000a49af138,0x00000000e0400000)
 Metaspace       used 13040K, capacity 13234K, committed 13312K, reserved 1060864K
  class space    used 1469K, capacity 1501K, committed 1536K, reserved 1048576K
3770.411: [GC (Allocation Failure) [PSYoungGen: 516288K->160K(518144K)] 579452K->63324K(1558528K), 0.0017647 secs] [Times: user=0.11 sys=0.00, real=0.00 secs] 
Heap after GC invocations=542 (full 0):
 PSYoungGen      total 518144K, used 160K [0x00000000e0400000, 0x0000000100000000, 0x0000000100000000)
  eden space 516096K, 0% used [0x00000000e0400000,0x00000000e0400000,0x00000000ffc00000)
  from space 2048K, 7% used [0x00000000ffe00000,0x00000000ffe28000,0x0000000100000000)
  to   space 2048K, 0% used [0x00000000ffc00000,0x00000000ffc00000,0x00000000ffe00000)
 ParOldGen       total 1040384K, used 63164K [0x00000000a0c00000, 0x00000000e0400000, 0x00000000e0400000)
  object space 1040384K, 6% used [0x00000000a0c00000,0x00000000a49af138,0x00000000e0400000)
 Metaspace       used 13040K, capacity 13234K, committed 13312K, reserved 1060864K
  class space    used 1469K, capacity 1501K, committed 1536K, reserved 1048576K
}
{Heap before GC invocations=543 (full 0):
 PSYoungGen      total 518144K, used 516256K [0x00000000e0400000, 0x0000000100000000, 0x0000000100000000)
  eden space 516096K, 100% used [0x00000000e0400000,0x00000000ffc00000,0x00000000ffc00000)
  from space 2048K, 7% used [0x00000000ffe00000,0x00000000ffe28000,0x0000000100000000)
  to   space 2048K, 0% used [0x00000000ffc00000,0x00000000ffc00000,0x00000000ffe00000)
 ParOldGen       total 1040384K, used 63164K [0x00000000a0c00000, 0x00000000e0400000, 0x00000000e0400000)
  object space 1040384K, 6% used [0x00000000a0c00000,0x00000000a49af138,0x00000000e0400000)
 Metaspace       used 13040K, capacity 13234K, committed 13312K, reserved 1060864K
  class space    used 1469K, capacity 1501K, committed 1536K, reserved 1048576K
3777.476: [GC (Allocation Failure) [PSYoungGen: 516256K->128K(518144K)] 579420K->63292K(1558528K), 0.0016863 secs] [Times: user=0.00 sys=0.00, real=0.00 secs] 
Heap after GC invocations=543 (full 0):
 PSYoungGen      total 518144K, used 128K [0x00000000e0400000, 0x0000000100000000, 0x0000000100000000)
  eden space 516096K, 0% used [0x00000000e0400000,0x00000000e0400000,0x00000000ffc00000)
  from space 2048K, 6% used [0x00000000ffc00000,0x00000000ffc20000,0x00000000ffe00000)
  to   space 1536K, 0% used [0x00000000ffe80000,0x00000000ffe80000,0x0000000100000000)
 ParOldGen       total 1040384K, used 63164K [0x00000000a0c00000, 0x00000000e0400000, 0x00000000e0400000)
  object space 1040384K, 6% used [0x00000000a0c00000,0x00000000a49af138,0x00000000e0400000)
 Metaspace       used 13040K, capacity 13234K, committed 13312K, reserved 1060864K
  class space    used 1469K, capacity 1501K, committed 1536K, reserved 1048576K
}
{Heap before GC invocations=544 (full 0):
 PSYoungGen      total 518144K, used 516224K [0x00000000e0400000, 0x0000000100000000, 0x0000000100000000)
  eden space 516096K, 100% used [0x00000000e0400000,0x00000000ffc00000,0x00000000ffc00000)
  from space 2048K, 6% used [0x00000000ffc00000,0x00000000ffc20000,0x00000000ffe00000)
  to   space 1536K, 0% used [0x00000000ffe80000,0x00000000ffe80000,0x0000000100000000)
 ParOldGen       total 1040384K, used 63164K [0x00000000a0c00000, 0x00000000e0400000, 0x00000000e0400000)
  object space 1040384K, 6% used [0x00000000a0c00000,0x00000000a49af158,0x00000000e0400000)
 Metaspace       used 13040K, capacity 13234K, committed 13312K, reserved 1060864K
  class space    used 1469K, capacity 1501K, committed 1536K, reserved 1048576K
3784.578: [GC (GCLocker Initiated GC) [PSYoungGen: 516224K->1536K(517632K)] 579388K->64860K(1558016K), 0.0021481 secs] [Times: user=0.00 sys=0.00, real=0.00 secs] 
Heap after GC invocations=544 (full 0):
 PSYoungGen      total 517632K, used 1536K [0x00000000e0400000, 0x0000000100000000, 0x0000000100000000)
  eden space 516096K, 0% used [0x00000000e0400000,0x00000000e0400000,0x00000000ffc00000)
  from space 1536K, 100% used [0x00000000ffe80000,0x0000000100000000,0x0000000100000000)
  to   space 2048K, 0% used [0x00000000ffc00000,0x00000000ffc00000,0x00000000ffe00000)
 ParOldGen       total 1040384K, used 63324K [0x00000000a0c00000, 0x00000000e0400000, 0x00000000e0400000)
  object space 1040384K, 6% used [0x00000000a0c00000,0x00000000a49d7158,0x00000000e0400000)
 Metaspace       used 13040K, capacity 13234K, committed 13312K, reserved 1060864K
  class space    used 1469K, capacity 1501K, committed 1536K, reserved 1048576K
}
{Heap before GC invocations=545 (full 0):
 PSYoungGen      total 517632K, used 517632K [0x00000000e0400000, 0x0000000100000000, 0x0000000100000000)
  eden space 516096K, 100% used [0x00000000e0400000,0x00000000ffc00000,0x00000000ffc00000)
  from space 1536K, 100% used [0x00000000ffe80000,0x0000000100000000,0x0000000100000000)
  to   space 2048K, 0% used [0x00000000ffc00000,0x00000000ffc00000,0x00000000ffe00000)
 ParOldGen       total 1040384K, used 63327K [0x00000000a0c00000, 0x00000000e0400000, 0x00000000e0400000)
  object space 1040384K, 6% used [0x00000000a0c00000,0x00000000a49d7db8,0x00000000e0400000)
 Metaspace       used 13040K, capacity 13234K, committed 13312K, reserved 1060864K
  class space    used 1469K, capacity 1501K, committed 1536K, reserved 1048576K
3791.676: [GC (Allocation Failure) [PSYoungGen: 517632K->256K(518144K)] 580959K->63607K(1558528K), 0.0018045 secs] [Times: user=0.09 sys=0.00, real=0.00 secs] 
Heap after GC invocations=545 (full 0):
 PSYoungGen      total 518144K, used 256K [0x00000000e0400000, 0x0000000100000000, 0x0000000100000000)
  eden space 516096K, 0% used [0x00000000e0400000,0x00000000e0400000,0x00000000ffc00000)
  from space 2048K, 12% used [0x00000000ffc00000,0x00000000ffc40000,0x00000000ffe00000)
  to   space 2048K, 0% used [0x00000000ffe00000,0x00000000ffe00000,0x0000000100000000)
 ParOldGen       total 1040384K, used 63351K [0x00000000a0c00000, 0x00000000e0400000, 0x00000000e0400000)
  object space 1040384K, 6% used [0x00000000a0c00000,0x00000000a49dddb8,0x00000000e0400000)
 Metaspace       used 13040K, capacity 13234K, committed 13312K, reserved 1060864K
  class space    used 1469K, capacity 1501K, committed 1536K, reserved 1048576K
}
{Heap before GC invocations=546 (full 0):
 PSYoungGen      total 518144K, used 516352K [0x00000000e0400000, 0x0000000100000000, 0x0000000100000000)
  eden space 516096K, 100% used [0x00000000e0400000,0x00000000ffc00000,0x00000000ffc00000)
  from space 2048K, 12% used [0x00000000ffc00000,0x00000000ffc40000,0x00000000ffe00000)
  to   space 2048K, 0% used [0x00000000ffe00000,0x00000000ffe00000,0x0000000100000000)
 ParOldGen       total 1040384K, used 63351K [0x00000000a0c00000, 0x00000000e0400000, 0x00000000e0400000)
  object space 1040384K, 6% used [0x00000000a0c00000,0x00000000a49dddb8,0x00000000e0400000)
 Metaspace       used 13040K, capacity 13234K, committed 13312K, reserved 1060864K
  class space    used 1469K, capacity 1501K, committed 1536K, reserved 1048576K
3799.003: [GC (Allocation Failure) [PSYoungGen: 516352K->256K(518144K)] 579703K->63655K(1558528K), 0.0012758 secs] [Times: user=0.00 sys=0.00, real=0.00 secs] 
Heap after GC invocations=546 (full 0):
 PSYoungGen      total 518144K, used 256K [0x00000000e0400000, 0x0000000100000000, 0x0000000100000000)
  eden space 516096K, 0% used [0x00000000e0400000,0x00000000e0400000,0x00000000ffc00000)
  from space 2048K, 12% used [0x00000000ffe00000,0x00000000ffe40000,0x0000000100000000)
  to   space 2048K, 0% used [0x00000000ffc00000,0x00000000ffc00000,0x00000000ffe00000)
 ParOldGen       total 1040384K, used 63399K [0x00000000a0c00000, 0x00000000e0400000, 0x00000000e0400000)
  object space 1040384K, 6% used [0x00000000a0c00000,0x00000000a49e9db8,0x00000000e0400000)
 Metaspace       used 13040K, capacity 13234K, committed 13312K, reserved 1060864K
  class space    used 1469K, capacity 1501K, committed 1536K, reserved 1048576K
}
{Heap before GC invocations=547 (full 0):
 PSYoungGen      total 518144K, used 516352K [0x00000000e0400000, 0x0000000100000000, 0x0000000100000000)
  eden space 516096K, 100% used [0x00000000e0400000,0x00000000ffc00000,0x00000000ffc00000)
  from space 2048K, 12% used [0x00000000ffe00000,0x00000000ffe40000,0x0000000100000000)
  to   space 2048K, 0% used [0x00000000ffc00000,0x00000000ffc00000,0x00000000ffe00000)
 ParOldGen       total 1040384K, used 63399K [0x00000000a0c00000, 0x00000000e0400000, 0x00000000e0400000)
  object space 1040384K, 6% used [0x00000000a0c00000,0x00000000a49e9db8,0x00000000e0400000)
 Metaspace       used 13040K, capacity 13234K, committed 13312K, reserved 1060864K
  class space    used 1469K, capacity 1501K, committed 1536K, reserved 1048576K
3806.674: [GC (Allocation Failure) [PSYoungGen: 516352K->192K(518144K)] 579751K->63631K(1558528K), 0.0012873 secs] [Times: user=0.00 sys=0.00, real=0.00 secs] 
Heap after GC invocations=547 (full 0):
 PSYoungGen      total 518144K, used 192K [0x00000000e0400000, 0x0000000100000000, 0x0000000100000000)
  eden space 516096K, 0% used [0x00000000e0400000,0x00000000e0400000,0x00000000ffc00000)
  from space 2048K, 9% used [0x00000000ffc00000,0x00000000ffc30000,0x00000000ffe00000)
  to   space 2048K, 0% used [0x00000000ffe00000,0x00000000ffe00000,0x0000000100000000)
 ParOldGen       total 1040384K, used 63439K [0x00000000a0c00000, 0x00000000e0400000, 0x00000000e0400000)
  object space 1040384K, 6% used [0x00000000a0c00000,0x00000000a49f3db8,0x00000000e0400000)
 Metaspace       used 13040K, capacity 13234K, committed 13312K, reserved 1060864K
  class space    used 1469K, capacity 1501K, committed 1536K, reserved 1048576K
}
{Heap before GC invocations=548 (full 0):
 PSYoungGen      total 518144K, used 516288K [0x00000000e0400000, 0x0000000100000000, 0x0000000100000000)
  eden space 516096K, 100% used [0x00000000e0400000,0x00000000ffc00000,0x00000000ffc00000)
  from space 2048K, 9% used [0x00000000ffc00000,0x00000000ffc30000,0x00000000ffe00000)
  to   space 2048K, 0% used [0x00000000ffe00000,0x00000000ffe00000,0x0000000100000000)
 ParOldGen       total 1040384K, used 63439K [0x00000000a0c00000, 0x00000000e0400000, 0x00000000e0400000)
  object space 1040384K, 6% used [0x00000000a0c00000,0x00000000a49f3db8,0x00000000e0400000)
 Metaspace       used 13040K, capacity 13234K, committed 13312K, reserved 1060864K
  class space    used 1469K, capacity 1501K, committed 1536K, reserved 1048576K
3814.521: [GC (Allocation Failure) [PSYoungGen: 516288K->928K(518144K)] 579727K->64367K(1558528K), 0.0020458 secs] [Times: user=0.00 sys=0.00, real=0.00 secs] 
Heap after GC invocations=548 (full 0):
 PSYoungGen      total 518144K, used 928K [0x00000000e0400000, 0x0000000100000000, 0x0000000100000000)
  eden space 516096K, 0% used [0x00000000e0400000,0x00000000e0400000,0x00000000ffc00000)
  from space 2048K, 45% used [0x00000000ffe00000,0x00000000ffee8000,0x0000000100000000)
  to   space 2048K, 0% used [0x00000000ffc00000,0x00000000ffc00000,0x00000000ffe00000)
 ParOldGen       total 1040384K, used 63439K [0x00000000a0c00000, 0x00000000e0400000, 0x00000000e0400000)
  object space 1040384K, 6% used [0x00000000a0c00000,0x00000000a49f3db8,0x00000000e0400000)
 Metaspace       used 13040K, capacity 13234K, committed 13312K, reserved 1060864K
  class space    used 1469K, capacity 1501K, committed 1536K, reserved 1048576K
}
{Heap before GC invocations=549 (full 0):
 PSYoungGen      total 518144K, used 517024K [0x00000000e0400000, 0x0000000100000000, 0x0000000100000000)
  eden space 516096K, 100% used [0x00000000e0400000,0x00000000ffc00000,0x00000000ffc00000)
  from space 2048K, 45% used [0x00000000ffe00000,0x00000000ffee8000,0x0000000100000000)
  to   space 2048K, 0% used [0x00000000ffc00000,0x00000000ffc00000,0x00000000ffe00000)
 ParOldGen       total 1040384K, used 63439K [0x00000000a0c00000, 0x00000000e0400000, 0x00000000e0400000)
  object space 1040384K, 6% used [0x00000000a0c00000,0x00000000a49f3db8,0x00000000e0400000)
 Metaspace       used 13040K, capacity 13234K, committed 13312K, reserved 1060864K
  class space    used 1469K, capacity 1501K, committed 1536K, reserved 1048576K
3821.844: [GC (Allocation Failure) [PSYoungGen: 517024K->192K(518144K)] 580463K->63639K(1558528K), 0.0012726 secs] [Times: user=0.00 sys=0.00, real=0.00 secs] 
Heap after GC invocations=549 (full 0):
 PSYoungGen      total 518144K, used 192K [0x00000000e0400000, 0x0000000100000000, 0x0000000100000000)
  eden space 516096K, 0% used [0x00000000e0400000,0x00000000e0400000,0x00000000ffc00000)
  from space 2048K, 9% used [0x00000000ffc00000,0x00000000ffc30000,0x00000000ffe00000)
  to   space 2048K, 0% used [0x00000000ffe00000,0x00000000ffe00000,0x0000000100000000)
 ParOldGen       total 1040384K, used 63447K [0x00000000a0c00000, 0x00000000e0400000, 0x00000000e0400000)
  object space 1040384K, 6% used [0x00000000a0c00000,0x00000000a49f5db8,0x00000000e0400000)
 Metaspace       used 13040K, capacity 13234K, committed 13312K, reserved 1060864K
  class space    used 1469K, capacity 1501K, committed 1536K, reserved 1048576K
}
{Heap before GC invocations=550 (full 0):
 PSYoungGen      total 518144K, used 516288K [0x00000000e0400000, 0x0000000100000000, 0x0000000100000000)
  eden space 516096K, 100% used [0x00000000e0400000,0x00000000ffc00000,0x00000000ffc00000)
  from space 2048K, 9% used [0x00000000ffc00000,0x00000000ffc30000,0x00000000ffe00000)
  to   space 2048K, 0% used [0x00000000ffe00000,0x00000000ffe00000,0x0000000100000000)
 ParOldGen       total 1040384K, used 63447K [0x00000000a0c00000, 0x00000000e0400000, 0x00000000e0400000)
  object space 1040384K, 6% used [0x00000000a0c00000,0x00000000a49f5db8,0x00000000e0400000)
 Metaspace       used 13040K, capacity 13234K, committed 13312K, reserved 1060864K
  class space    used 1469K, capacity 1501K, committed 1536K, reserved 1048576K
3829.184: [GC (Allocation Failure) [PSYoungGen: 516288K->160K(518144K)] 579735K->63607K(1558528K), 0.0014257 secs] [Times: user=0.00 sys=0.00, real=0.00 secs] 
Heap after GC invocations=550 (full 0):
 PSYoungGen      total 518144K, used 160K [0x00000000e0400000, 0x0000000100000000, 0x0000000100000000)
  eden space 516096K, 0% used [0x00000000e0400000,0x00000000e0400000,0x00000000ffc00000)
  from space 2048K, 7% used [0x00000000ffe00000,0x00000000ffe28000,0x0000000100000000)
  to   space 2048K, 0% used [0x00000000ffc00000,0x00000000ffc00000,0x00000000ffe00000)
 ParOldGen       total 1040384K, used 63447K [0x00000000a0c00000, 0x00000000e0400000, 0x00000000e0400000)
  object space 1040384K, 6% used [0x00000000a0c00000,0x00000000a49f5db8,0x00000000e0400000)
 Metaspace       used 13040K, capacity 13234K, committed 13312K, reserved 1060864K
  class space    used 1469K, capacity 1501K, committed 1536K, reserved 1048576K
}
{Heap before GC invocations=551 (full 0):
 PSYoungGen      total 518144K, used 516256K [0x00000000e0400000, 0x0000000100000000, 0x0000000100000000)
  eden space 516096K, 100% used [0x00000000e0400000,0x00000000ffc00000,0x00000000ffc00000)
  from space 2048K, 7% used [0x00000000ffe00000,0x00000000ffe28000,0x0000000100000000)
  to   space 2048K, 0% used [0x00000000ffc00000,0x00000000ffc00000,0x00000000ffe00000)
 ParOldGen       total 1040384K, used 63447K [0x00000000a0c00000, 0x00000000e0400000, 0x00000000e0400000)
  object space 1040384K, 6% used [0x00000000a0c00000,0x00000000a49f5db8,0x00000000e0400000)
 Metaspace       used 13040K, capacity 13234K, committed 13312K, reserved 1060864K
  class space    used 1469K, capacity 1501K, committed 1536K, reserved 1048576K
3836.231: [GC (Allocation Failure) [PSYoungGen: 516256K->128K(518144K)] 579703K->63575K(1558528K), 0.0015625 secs] [Times: user=0.00 sys=0.00, real=0.00 secs] 
Heap after GC invocations=551 (full 0):
 PSYoungGen      total 518144K, used 128K [0x00000000e0400000, 0x0000000100000000, 0x0000000100000000)
  eden space 516096K, 0% used [0x00000000e0400000,0x00000000e0400000,0x00000000ffc00000)
  from space 2048K, 6% used [0x00000000ffc00000,0x00000000ffc20000,0x00000000ffe00000)
  to   space 1536K, 0% used [0x00000000ffe80000,0x00000000ffe80000,0x0000000100000000)
 ParOldGen       total 1040384K, used 63447K [0x00000000a0c00000, 0x00000000e0400000, 0x00000000e0400000)
  object space 1040384K, 6% used [0x00000000a0c00000,0x00000000a49f5db8,0x00000000e0400000)
 Metaspace       used 13040K, capacity 13234K, committed 13312K, reserved 1060864K
  class space    used 1469K, capacity 1501K, committed 1536K, reserved 1048576K
}
{Heap before GC invocations=552 (full 0):
 PSYoungGen      total 518144K, used 516224K [0x00000000e0400000, 0x0000000100000000, 0x0000000100000000)
  eden space 516096K, 100% used [0x00000000e0400000,0x00000000ffc00000,0x00000000ffc00000)
  from space 2048K, 6% used [0x00000000ffc00000,0x00000000ffc20000,0x00000000ffe00000)
  to   space 1536K, 0% used [0x00000000ffe80000,0x00000000ffe80000,0x0000000100000000)
 ParOldGen       total 1040384K, used 63447K [0x00000000a0c00000, 0x00000000e0400000, 0x00000000e0400000)
  object space 1040384K, 6% used [0x00000000a0c00000,0x00000000a49f5db8,0x00000000e0400000)
 Metaspace       used 13041K, capacity 13234K, committed 13312K, reserved 1060864K
  class space    used 1469K, capacity 1501K, committed 1536K, reserved 1048576K
3843.221: [GC (Allocation Failure) [PSYoungGen: 516224K->96K(518656K)] 579671K->63543K(1559040K), 0.0014257 secs] [Times: user=0.00 sys=0.00, real=0.00 secs] 
Heap after GC invocations=552 (full 0):
 PSYoungGen      total 518656K, used 96K [0x00000000e0400000, 0x0000000100000000, 0x0000000100000000)
  eden space 517120K, 0% used [0x00000000e0400000,0x00000000e0400000,0x00000000ffd00000)
  from space 1536K, 6% used [0x00000000ffe80000,0x00000000ffe98000,0x0000000100000000)
  to   space 1536K, 0% used [0x00000000ffd00000,0x00000000ffd00000,0x00000000ffe80000)
 ParOldGen       total 1040384K, used 63447K [0x00000000a0c00000, 0x00000000e0400000, 0x00000000e0400000)
  object space 1040384K, 6% used [0x00000000a0c00000,0x00000000a49f5db8,0x00000000e0400000)
 Metaspace       used 13041K, capacity 13234K, committed 13312K, reserved 1060864K
  class space    used 1469K, capacity 1501K, committed 1536K, reserved 1048576K
}
{Heap before GC invocations=553 (full 0):
 PSYoungGen      total 518656K, used 517216K [0x00000000e0400000, 0x0000000100000000, 0x0000000100000000)
  eden space 517120K, 100% used [0x00000000e0400000,0x00000000ffd00000,0x00000000ffd00000)
  from space 1536K, 6% used [0x00000000ffe80000,0x00000000ffe98000,0x0000000100000000)
  to   space 1536K, 0% used [0x00000000ffd00000,0x00000000ffd00000,0x00000000ffe80000)
 ParOldGen       total 1040384K, used 63447K [0x00000000a0c00000, 0x00000000e0400000, 0x00000000e0400000)
  object space 1040384K, 6% used [0x00000000a0c00000,0x00000000a49f5db8,0x00000000e0400000)
 Metaspace       used 13041K, capacity 13234K, committed 13312K, reserved 1060864K
  class space    used 1469K, capacity 1501K, committed 1536K, reserved 1048576K
3850.376: [GC (Allocation Failure) [PSYoungGen: 517216K->864K(518656K)] 580663K->64319K(1559040K), 0.0016462 secs] [Times: user=0.00 sys=0.00, real=0.00 secs] 
Heap after GC invocations=553 (full 0):
 PSYoungGen      total 518656K, used 864K [0x00000000e0400000, 0x0000000100000000, 0x0000000100000000)
  eden space 517120K, 0% used [0x00000000e0400000,0x00000000e0400000,0x00000000ffd00000)
  from space 1536K, 56% used [0x00000000ffd00000,0x00000000ffdd8000,0x00000000ffe80000)
  to   space 1536K, 0% used [0x00000000ffe80000,0x00000000ffe80000,0x0000000100000000)
 ParOldGen       total 1040384K, used 63455K [0x00000000a0c00000, 0x00000000e0400000, 0x00000000e0400000)
  object space 1040384K, 6% used [0x00000000a0c00000,0x00000000a49f7db8,0x00000000e0400000)
 Metaspace       used 13041K, capacity 13234K, committed 13312K, reserved 1060864K
  class space    used 1469K, capacity 1501K, committed 1536K, reserved 1048576K
}
{Heap before GC invocations=554 (full 0):
 PSYoungGen      total 518656K, used 517984K [0x00000000e0400000, 0x0000000100000000, 0x0000000100000000)
  eden space 517120K, 100% used [0x00000000e0400000,0x00000000ffd00000,0x00000000ffd00000)
  from space 1536K, 56% used [0x00000000ffd00000,0x00000000ffdd8000,0x00000000ffe80000)
  to   space 1536K, 0% used [0x00000000ffe80000,0x00000000ffe80000,0x0000000100000000)
 ParOldGen       total 1040384K, used 63455K [0x00000000a0c00000, 0x00000000e0400000, 0x00000000e0400000)
  object space 1040384K, 6% used [0x00000000a0c00000,0x00000000a49f7db8,0x00000000e0400000)
 Metaspace       used 13041K, capacity 13234K, committed 13312K, reserved 1060864K
  class space    used 1469K, capacity 1501K, committed 1536K, reserved 1048576K
3857.492: [GC (Allocation Failure) [PSYoungGen: 517984K->224K(518656K)] 581439K->63679K(1559040K), 0.0017211 secs] [Times: user=0.00 sys=0.00, real=0.00 secs] 
Heap after GC invocations=554 (full 0):
 PSYoungGen      total 518656K, used 224K [0x00000000e0400000, 0x0000000100000000, 0x0000000100000000)
  eden space 517120K, 0% used [0x00000000e0400000,0x00000000e0400000,0x00000000ffd00000)
  from space 1536K, 14% used [0x00000000ffe80000,0x00000000ffeb8000,0x0000000100000000)
  to   space 1536K, 0% used [0x00000000ffd00000,0x00000000ffd00000,0x00000000ffe80000)
 ParOldGen       total 1040384K, used 63455K [0x00000000a0c00000, 0x00000000e0400000, 0x00000000e0400000)
  object space 1040384K, 6% used [0x00000000a0c00000,0x00000000a49f7db8,0x00000000e0400000)
 Metaspace       used 13041K, capacity 13234K, committed 13312K, reserved 1060864K
  class space    used 1469K, capacity 1501K, committed 1536K, reserved 1048576K
}
{Heap before GC invocations=555 (full 0):
 PSYoungGen      total 518656K, used 517344K [0x00000000e0400000, 0x0000000100000000, 0x0000000100000000)
  eden space 517120K, 100% used [0x00000000e0400000,0x00000000ffd00000,0x00000000ffd00000)
  from space 1536K, 14% used [0x00000000ffe80000,0x00000000ffeb8000,0x0000000100000000)
  to   space 1536K, 0% used [0x00000000ffd00000,0x00000000ffd00000,0x00000000ffe80000)
 ParOldGen       total 1040384K, used 63455K [0x00000000a0c00000, 0x00000000e0400000, 0x00000000e0400000)
  object space 1040384K, 6% used [0x00000000a0c00000,0x00000000a49f7db8,0x00000000e0400000)
 Metaspace       used 13041K, capacity 13234K, committed 13312K, reserved 1060864K
  class space    used 1469K, capacity 1501K, committed 1536K, reserved 1048576K
3864.526: [GC (Allocation Failure) [PSYoungGen: 517344K->96K(518656K)] 580799K->63551K(1559040K), 0.0017643 secs] [Times: user=0.00 sys=0.00, real=0.00 secs] 
Heap after GC invocations=555 (full 0):
 PSYoungGen      total 518656K, used 96K [0x00000000e0400000, 0x0000000100000000, 0x0000000100000000)
  eden space 517120K, 0% used [0x00000000e0400000,0x00000000e0400000,0x00000000ffd00000)
  from space 1536K, 6% used [0x00000000ffd00000,0x00000000ffd18000,0x00000000ffe80000)
  to   space 1536K, 0% used [0x00000000ffe80000,0x00000000ffe80000,0x0000000100000000)
 ParOldGen       total 1040384K, used 63455K [0x00000000a0c00000, 0x00000000e0400000, 0x00000000e0400000)
  object space 1040384K, 6% used [0x00000000a0c00000,0x00000000a49f7db8,0x00000000e0400000)
 Metaspace       used 13041K, capacity 13234K, committed 13312K, reserved 1060864K
  class space    used 1469K, capacity 1501K, committed 1536K, reserved 1048576K
}
{Heap before GC invocations=556 (full 0):
 PSYoungGen      total 518656K, used 517216K [0x00000000e0400000, 0x0000000100000000, 0x0000000100000000)
  eden space 517120K, 100% used [0x00000000e0400000,0x00000000ffd00000,0x00000000ffd00000)
  from space 1536K, 6% used [0x00000000ffd00000,0x00000000ffd18000,0x00000000ffe80000)
  to   space 1536K, 0% used [0x00000000ffe80000,0x00000000ffe80000,0x0000000100000000)
 ParOldGen       total 1040384K, used 63455K [0x00000000a0c00000, 0x00000000e0400000, 0x00000000e0400000)
  object space 1040384K, 6% used [0x00000000a0c00000,0x00000000a49f7db8,0x00000000e0400000)
 Metaspace       used 13041K, capacity 13234K, committed 13312K, reserved 1060864K
  class space    used 1469K, capacity 1501K, committed 1536K, reserved 1048576K
3871.593: [GC (Allocation Failure) [PSYoungGen: 517216K->224K(518656K)] 580671K->63679K(1559040K), 0.0016561 secs] [Times: user=0.00 sys=0.00, real=0.00 secs] 
Heap after GC invocations=556 (full 0):
 PSYoungGen      total 518656K, used 224K [0x00000000e0400000, 0x0000000100000000, 0x0000000100000000)
  eden space 517120K, 0% used [0x00000000e0400000,0x00000000e0400000,0x00000000ffd00000)
  from space 1536K, 14% used [0x00000000ffe80000,0x00000000ffeb8000,0x0000000100000000)
  to   space 1536K, 0% used [0x00000000ffd00000,0x00000000ffd00000,0x00000000ffe80000)
 ParOldGen       total 1040384K, used 63455K [0x00000000a0c00000, 0x00000000e0400000, 0x00000000e0400000)
  object space 1040384K, 6% used [0x00000000a0c00000,0x00000000a49f7db8,0x00000000e0400000)
 Metaspace       used 13041K, capacity 13234K, committed 13312K, reserved 1060864K
  class space    used 1469K, capacity 1501K, committed 1536K, reserved 1048576K
}
{Heap before GC invocations=557 (full 0):
 PSYoungGen      total 518656K, used 517344K [0x00000000e0400000, 0x0000000100000000, 0x0000000100000000)
  eden space 517120K, 100% used [0x00000000e0400000,0x00000000ffd00000,0x00000000ffd00000)
  from space 1536K, 14% used [0x00000000ffe80000,0x00000000ffeb8000,0x0000000100000000)
  to   space 1536K, 0% used [0x00000000ffd00000,0x00000000ffd00000,0x00000000ffe80000)
 ParOldGen       total 1040384K, used 63455K [0x00000000a0c00000, 0x00000000e0400000, 0x00000000e0400000)
  object space 1040384K, 6% used [0x00000000a0c00000,0x00000000a49f7db8,0x00000000e0400000)
 Metaspace       used 13041K, capacity 13234K, committed 13312K, reserved 1060864K
  class space    used 1469K, capacity 1501K, committed 1536K, reserved 1048576K
3878.637: [GC (Allocation Failure) [PSYoungGen: 517344K->224K(518656K)] 580799K->63687K(1559040K), 0.0012524 secs] [Times: user=0.00 sys=0.00, real=0.00 secs] 
Heap after GC invocations=557 (full 0):
 PSYoungGen      total 518656K, used 224K [0x00000000e0400000, 0x0000000100000000, 0x0000000100000000)
  eden space 517120K, 0% used [0x00000000e0400000,0x00000000e0400000,0x00000000ffd00000)
  from space 1536K, 14% used [0x00000000ffd00000,0x00000000ffd38000,0x00000000ffe80000)
  to   space 1536K, 0% used [0x00000000ffe80000,0x00000000ffe80000,0x0000000100000000)
 ParOldGen       total 1040384K, used 63463K [0x00000000a0c00000, 0x00000000e0400000, 0x00000000e0400000)
  object space 1040384K, 6% used [0x00000000a0c00000,0x00000000a49f9db8,0x00000000e0400000)
 Metaspace       used 13041K, capacity 13234K, committed 13312K, reserved 1060864K
  class space    used 1469K, capacity 1501K, committed 1536K, reserved 1048576K
}
{Heap before GC invocations=558 (full 0):
 PSYoungGen      total 518656K, used 517344K [0x00000000e0400000, 0x0000000100000000, 0x0000000100000000)
  eden space 517120K, 100% used [0x00000000e0400000,0x00000000ffd00000,0x00000000ffd00000)
  from space 1536K, 14% used [0x00000000ffd00000,0x00000000ffd38000,0x00000000ffe80000)
  to   space 1536K, 0% used [0x00000000ffe80000,0x00000000ffe80000,0x0000000100000000)
 ParOldGen       total 1040384K, used 63463K [0x00000000a0c00000, 0x00000000e0400000, 0x00000000e0400000)
  object space 1040384K, 6% used [0x00000000a0c00000,0x00000000a49f9f18,0x00000000e0400000)
 Metaspace       used 13041K, capacity 13234K, committed 13312K, reserved 1060864K
  class space    used 1469K, capacity 1501K, committed 1536K, reserved 1048576K
3885.543: [GC (GCLocker Initiated GC) [PSYoungGen: 517344K->1504K(517632K)] 580807K->64967K(1558016K), 0.0017628 secs] [Times: user=0.00 sys=0.00, real=0.00 secs] 
Heap after GC invocations=558 (full 0):
 PSYoungGen      total 517632K, used 1504K [0x00000000e0400000, 0x0000000100000000, 0x0000000100000000)
  eden space 516096K, 0% used [0x00000000e0400000,0x00000000e0400000,0x00000000ffc00000)
  from space 1536K, 97% used [0x00000000ffe80000,0x00000000ffff8000,0x0000000100000000)
  to   space 2048K, 0% used [0x00000000ffc00000,0x00000000ffc00000,0x00000000ffe00000)
 ParOldGen       total 1040384K, used 63463K [0x00000000a0c00000, 0x00000000e0400000, 0x00000000e0400000)
  object space 1040384K, 6% used [0x00000000a0c00000,0x00000000a49f9f18,0x00000000e0400000)
 Metaspace       used 13041K, capacity 13234K, committed 13312K, reserved 1060864K
  class space    used 1469K, capacity 1501K, committed 1536K, reserved 1048576K
}
{Heap before GC invocations=559 (full 0):
 PSYoungGen      total 517632K, used 517600K [0x00000000e0400000, 0x0000000100000000, 0x0000000100000000)
  eden space 516096K, 100% used [0x00000000e0400000,0x00000000ffc00000,0x00000000ffc00000)
  from space 1536K, 97% used [0x00000000ffe80000,0x00000000ffff8000,0x0000000100000000)
  to   space 2048K, 0% used [0x00000000ffc00000,0x00000000ffc00000,0x00000000ffe00000)
 ParOldGen       total 1040384K, used 63467K [0x00000000a0c00000, 0x00000000e0400000, 0x00000000e0400000)
  object space 1040384K, 6% used [0x00000000a0c00000,0x00000000a49fad10,0x00000000e0400000)
 Metaspace       used 13041K, capacity 13234K, committed 13312K, reserved 1060864K
  class space    used 1469K, capacity 1501K, committed 1536K, reserved 1048576K
3892.667: [GC (Allocation Failure) [PSYoungGen: 517600K->160K(518144K)] 581067K->63659K(1558528K), 0.0016816 secs] [Times: user=0.00 sys=0.00, real=0.00 secs] 
Heap after GC invocations=559 (full 0):
 PSYoungGen      total 518144K, used 160K [0x00000000e0400000, 0x0000000100000000, 0x0000000100000000)
  eden space 516096K, 0% used [0x00000000e0400000,0x00000000e0400000,0x00000000ffc00000)
  from space 2048K, 7% used [0x00000000ffc00000,0x00000000ffc28000,0x00000000ffe00000)
  to   space 1536K, 0% used [0x00000000ffe80000,0x00000000ffe80000,0x0000000100000000)
 ParOldGen       total 1040384K, used 63499K [0x00000000a0c00000, 0x00000000e0400000, 0x00000000e0400000)
  object space 1040384K, 6% used [0x00000000a0c00000,0x00000000a4a02d10,0x00000000e0400000)
 Metaspace       used 13041K, capacity 13234K, committed 13312K, reserved 1060864K
  class space    used 1469K, capacity 1501K, committed 1536K, reserved 1048576K
}
{Heap before GC invocations=560 (full 0):
 PSYoungGen      total 518144K, used 516256K [0x00000000e0400000, 0x0000000100000000, 0x0000000100000000)
  eden space 516096K, 100% used [0x00000000e0400000,0x00000000ffc00000,0x00000000ffc00000)
  from space 2048K, 7% used [0x00000000ffc00000,0x00000000ffc28000,0x00000000ffe00000)
  to   space 1536K, 0% used [0x00000000ffe80000,0x00000000ffe80000,0x0000000100000000)
 ParOldGen       total 1040384K, used 63499K [0x00000000a0c00000, 0x00000000e0400000, 0x00000000e0400000)
  object space 1040384K, 6% used [0x00000000a0c00000,0x00000000a4a02d10,0x00000000e0400000)
 Metaspace       used 13041K, capacity 13234K, committed 13312K, reserved 1060864K
  class space    used 1469K, capacity 1501K, committed 1536K, reserved 1048576K
3899.691: [GC (Allocation Failure) [PSYoungGen: 516256K->256K(518656K)] 579755K->63755K(1559040K), 0.0016763 secs] [Times: user=0.00 sys=0.00, real=0.00 secs] 
Heap after GC invocations=560 (full 0):
 PSYoungGen      total 518656K, used 256K [0x00000000e0400000, 0x0000000100000000, 0x0000000100000000)
  eden space 517120K, 0% used [0x00000000e0400000,0x00000000e0400000,0x00000000ffd00000)
  from space 1536K, 16% used [0x00000000ffe80000,0x00000000ffec0000,0x0000000100000000)
  to   space 1536K, 0% used [0x00000000ffd00000,0x00000000ffd00000,0x00000000ffe80000)
 ParOldGen       total 1040384K, used 63499K [0x00000000a0c00000, 0x00000000e0400000, 0x00000000e0400000)
  object space 1040384K, 6% used [0x00000000a0c00000,0x00000000a4a02d10,0x00000000e0400000)
 Metaspace       used 13041K, capacity 13234K, committed 13312K, reserved 1060864K
  class space    used 1469K, capacity 1501K, committed 1536K, reserved 1048576K
}
{Heap before GC invocations=561 (full 0):
 PSYoungGen      total 518656K, used 517376K [0x00000000e0400000, 0x0000000100000000, 0x0000000100000000)
  eden space 517120K, 100% used [0x00000000e0400000,0x00000000ffd00000,0x00000000ffd00000)
  from space 1536K, 16% used [0x00000000ffe80000,0x00000000ffec0000,0x0000000100000000)
  to   space 1536K, 0% used [0x00000000ffd00000,0x00000000ffd00000,0x00000000ffe80000)
 ParOldGen       total 1040384K, used 63499K [0x00000000a0c00000, 0x00000000e0400000, 0x00000000e0400000)
  object space 1040384K, 6% used [0x00000000a0c00000,0x00000000a4a02d10,0x00000000e0400000)
 Metaspace       used 13041K, capacity 13234K, committed 13312K, reserved 1060864K
  class space    used 1469K, capacity 1501K, committed 1536K, reserved 1048576K
3906.777: [GC (Allocation Failure) [PSYoungGen: 517376K->192K(518656K)] 580875K->63739K(1559040K), 0.0013137 secs] [Times: user=0.00 sys=0.00, real=0.00 secs] 
Heap after GC invocations=561 (full 0):
 PSYoungGen      total 518656K, used 192K [0x00000000e0400000, 0x0000000100000000, 0x0000000100000000)
  eden space 517120K, 0% used [0x00000000e0400000,0x00000000e0400000,0x00000000ffd00000)
  from space 1536K, 12% used [0x00000000ffd00000,0x00000000ffd30000,0x00000000ffe80000)
  to   space 1536K, 0% used [0x00000000ffe80000,0x00000000ffe80000,0x0000000100000000)
 ParOldGen       total 1040384K, used 63547K [0x00000000a0c00000, 0x00000000e0400000, 0x00000000e0400000)
  object space 1040384K, 6% used [0x00000000a0c00000,0x00000000a4a0ed10,0x00000000e0400000)
 Metaspace       used 13041K, capacity 13234K, committed 13312K, reserved 1060864K
  class space    used 1469K, capacity 1501K, committed 1536K, reserved 1048576K
}
{Heap before GC invocations=562 (full 0):
 PSYoungGen      total 518656K, used 517312K [0x00000000e0400000, 0x0000000100000000, 0x0000000100000000)
  eden space 517120K, 100% used [0x00000000e0400000,0x00000000ffd00000,0x00000000ffd00000)
  from space 1536K, 12% used [0x00000000ffd00000,0x00000000ffd30000,0x00000000ffe80000)
  to   space 1536K, 0% used [0x00000000ffe80000,0x00000000ffe80000,0x0000000100000000)
 ParOldGen       total 1040384K, used 63547K [0x00000000a0c00000, 0x00000000e0400000, 0x00000000e0400000)
  object space 1040384K, 6% used [0x00000000a0c00000,0x00000000a4a0ed10,0x00000000e0400000)
 Metaspace       used 13041K, capacity 13234K, committed 13312K, reserved 1060864K
  class space    used 1469K, capacity 1501K, committed 1536K, reserved 1048576K
3913.853: [GC (Allocation Failure) [PSYoungGen: 517312K->224K(518656K)] 580859K->63779K(1559040K), 0.0013261 secs] [Times: user=0.00 sys=0.00, real=0.00 secs] 
Heap after GC invocations=562 (full 0):
 PSYoungGen      total 518656K, used 224K [0x00000000e0400000, 0x0000000100000000, 0x0000000100000000)
  eden space 517120K, 0% used [0x00000000e0400000,0x00000000e0400000,0x00000000ffd00000)
  from space 1536K, 14% used [0x00000000ffe80000,0x00000000ffeb8000,0x0000000100000000)
  to   space 1536K, 0% used [0x00000000ffd00000,0x00000000ffd00000,0x00000000ffe80000)
 ParOldGen       total 1040384K, used 63555K [0x00000000a0c00000, 0x00000000e0400000, 0x00000000e0400000)
  object space 1040384K, 6% used [0x00000000a0c00000,0x00000000a4a10d10,0x00000000e0400000)
 Metaspace       used 13041K, capacity 13234K, committed 13312K, reserved 1060864K
  class space    used 1469K, capacity 1501K, committed 1536K, reserved 1048576K
}
{Heap before GC invocations=563 (full 0):
 PSYoungGen      total 518656K, used 517344K [0x00000000e0400000, 0x0000000100000000, 0x0000000100000000)
  eden space 517120K, 100% used [0x00000000e0400000,0x00000000ffd00000,0x00000000ffd00000)
  from space 1536K, 14% used [0x00000000ffe80000,0x00000000ffeb8000,0x0000000100000000)
  to   space 1536K, 0% used [0x00000000ffd00000,0x00000000ffd00000,0x00000000ffe80000)
 ParOldGen       total 1040384K, used 63555K [0x00000000a0c00000, 0x00000000e0400000, 0x00000000e0400000)
  object space 1040384K, 6% used [0x00000000a0c00000,0x00000000a4a10d10,0x00000000e0400000)
 Metaspace       used 13041K, capacity 13234K, committed 13312K, reserved 1060864K
  class space    used 1469K, capacity 1501K, committed 1536K, reserved 1048576K
3920.899: [GC (Allocation Failure) [PSYoungGen: 517344K->192K(518656K)] 580899K->63747K(1559040K), 0.0016477 secs] [Times: user=0.00 sys=0.00, real=0.00 secs] 
Heap after GC invocations=563 (full 0):
 PSYoungGen      total 518656K, used 192K [0x00000000e0400000, 0x0000000100000000, 0x0000000100000000)
  eden space 517120K, 0% used [0x00000000e0400000,0x00000000e0400000,0x00000000ffd00000)
  from space 1536K, 12% used [0x00000000ffd00000,0x00000000ffd30000,0x00000000ffe80000)
  to   space 1536K, 0% used [0x00000000ffe80000,0x00000000ffe80000,0x0000000100000000)
 ParOldGen       total 1040384K, used 63555K [0x00000000a0c00000, 0x00000000e0400000, 0x00000000e0400000)
  object space 1040384K, 6% used [0x00000000a0c00000,0x00000000a4a10d10,0x00000000e0400000)
 Metaspace       used 13041K, capacity 13234K, committed 13312K, reserved 1060864K
  class space    used 1469K, capacity 1501K, committed 1536K, reserved 1048576K
}
{Heap before GC invocations=564 (full 0):
 PSYoungGen      total 518656K, used 517312K [0x00000000e0400000, 0x0000000100000000, 0x0000000100000000)
  eden space 517120K, 100% used [0x00000000e0400000,0x00000000ffd00000,0x00000000ffd00000)
  from space 1536K, 12% used [0x00000000ffd00000,0x00000000ffd30000,0x00000000ffe80000)
  to   space 1536K, 0% used [0x00000000ffe80000,0x00000000ffe80000,0x0000000100000000)
 ParOldGen       total 1040384K, used 63555K [0x00000000a0c00000, 0x00000000e0400000, 0x00000000e0400000)
  object space 1040384K, 6% used [0x00000000a0c00000,0x00000000a4a10d10,0x00000000e0400000)
 Metaspace       used 13041K, capacity 13234K, committed 13312K, reserved 1060864K
  class space    used 1469K, capacity 1501K, committed 1536K, reserved 1048576K
3927.990: [GC (Allocation Failure) [PSYoungGen: 517312K->96K(518656K)] 580867K->63651K(1559040K), 0.0018947 secs] [Times: user=0.00 sys=0.00, real=0.00 secs] 
Heap after GC invocations=564 (full 0):
 PSYoungGen      total 518656K, used 96K [0x00000000e0400000, 0x0000000100000000, 0x0000000100000000)
  eden space 517120K, 0% used [0x00000000e0400000,0x00000000e0400000,0x00000000ffd00000)
  from space 1536K, 6% used [0x00000000ffe80000,0x00000000ffe98000,0x0000000100000000)
  to   space 1536K, 0% used [0x00000000ffd00000,0x00000000ffd00000,0x00000000ffe80000)
 ParOldGen       total 1040384K, used 63555K [0x00000000a0c00000, 0x00000000e0400000, 0x00000000e0400000)
  object space 1040384K, 6% used [0x00000000a0c00000,0x00000000a4a10d10,0x00000000e0400000)
 Metaspace       used 13041K, capacity 13234K, committed 13312K, reserved 1060864K
  class space    used 1469K, capacity 1501K, committed 1536K, reserved 1048576K
}
{Heap before GC invocations=565 (full 0):
 PSYoungGen      total 518656K, used 517216K [0x00000000e0400000, 0x0000000100000000, 0x0000000100000000)
  eden space 517120K, 100% used [0x00000000e0400000,0x00000000ffd00000,0x00000000ffd00000)
  from space 1536K, 6% used [0x00000000ffe80000,0x00000000ffe98000,0x0000000100000000)
  to   space 1536K, 0% used [0x00000000ffd00000,0x00000000ffd00000,0x00000000ffe80000)
 ParOldGen       total 1040384K, used 63555K [0x00000000a0c00000, 0x00000000e0400000, 0x00000000e0400000)
  object space 1040384K, 6% used [0x00000000a0c00000,0x00000000a4a10d10,0x00000000e0400000)
 Metaspace       used 13041K, capacity 13234K, committed 13312K, reserved 1060864K
  class space    used 1469K, capacity 1501K, committed 1536K, reserved 1048576K
3935.252: [GC (Allocation Failure) [PSYoungGen: 517216K->64K(518656K)] 580771K->63619K(1559040K), 0.0020169 secs] [Times: user=0.00 sys=0.00, real=0.00 secs] 
Heap after GC invocations=565 (full 0):
 PSYoungGen      total 518656K, used 64K [0x00000000e0400000, 0x0000000100000000, 0x0000000100000000)
  eden space 517120K, 0% used [0x00000000e0400000,0x00000000e0400000,0x00000000ffd00000)
  from space 1536K, 4% used [0x00000000ffd00000,0x00000000ffd10000,0x00000000ffe80000)
  to   space 1536K, 0% used [0x00000000ffe80000,0x00000000ffe80000,0x0000000100000000)
 ParOldGen       total 1040384K, used 63555K [0x00000000a0c00000, 0x00000000e0400000, 0x00000000e0400000)
  object space 1040384K, 6% used [0x00000000a0c00000,0x00000000a4a10d10,0x00000000e0400000)
 Metaspace       used 13041K, capacity 13234K, committed 13312K, reserved 1060864K
  class space    used 1469K, capacity 1501K, committed 1536K, reserved 1048576K
}
{Heap before GC invocations=566 (full 0):
 PSYoungGen      total 518656K, used 517184K [0x00000000e0400000, 0x0000000100000000, 0x0000000100000000)
  eden space 517120K, 100% used [0x00000000e0400000,0x00000000ffd00000,0x00000000ffd00000)
  from space 1536K, 4% used [0x00000000ffd00000,0x00000000ffd10000,0x00000000ffe80000)
  to   space 1536K, 0% used [0x00000000ffe80000,0x00000000ffe80000,0x0000000100000000)
 ParOldGen       total 1040384K, used 63555K [0x00000000a0c00000, 0x00000000e0400000, 0x00000000e0400000)
  object space 1040384K, 6% used [0x00000000a0c00000,0x00000000a4a10d10,0x00000000e0400000)
 Metaspace       used 13041K, capacity 13234K, committed 13312K, reserved 1060864K
  class space    used 1469K, capacity 1501K, committed 1536K, reserved 1048576K
3942.349: [GC (Allocation Failure) [PSYoungGen: 517184K->96K(518656K)] 580739K->63659K(1559040K), 0.0015177 secs] [Times: user=0.08 sys=0.02, real=0.00 secs] 
Heap after GC invocations=566 (full 0):
 PSYoungGen      total 518656K, used 96K [0x00000000e0400000, 0x0000000100000000, 0x0000000100000000)
  eden space 517120K, 0% used [0x00000000e0400000,0x00000000e0400000,0x00000000ffd00000)
  from space 1536K, 6% used [0x00000000ffe80000,0x00000000ffe98000,0x0000000100000000)
  to   space 1536K, 0% used [0x00000000ffd00000,0x00000000ffd00000,0x00000000ffe80000)
 ParOldGen       total 1040384K, used 63563K [0x00000000a0c00000, 0x00000000e0400000, 0x00000000e0400000)
  object space 1040384K, 6% used [0x00000000a0c00000,0x00000000a4a12d10,0x00000000e0400000)
 Metaspace       used 13041K, capacity 13234K, committed 13312K, reserved 1060864K
  class space    used 1469K, capacity 1501K, committed 1536K, reserved 1048576K
}
{Heap before GC invocations=567 (full 0):
 PSYoungGen      total 518656K, used 517216K [0x00000000e0400000, 0x0000000100000000, 0x0000000100000000)
  eden space 517120K, 100% used [0x00000000e0400000,0x00000000ffd00000,0x00000000ffd00000)
  from space 1536K, 6% used [0x00000000ffe80000,0x00000000ffe98000,0x0000000100000000)
  to   space 1536K, 0% used [0x00000000ffd00000,0x00000000ffd00000,0x00000000ffe80000)
 ParOldGen       total 1040384K, used 63563K [0x00000000a0c00000, 0x00000000e0400000, 0x00000000e0400000)
  object space 1040384K, 6% used [0x00000000a0c00000,0x00000000a4a12d10,0x00000000e0400000)
 Metaspace       used 13041K, capacity 13234K, committed 13312K, reserved 1060864K
  class space    used 1469K, capacity 1501K, committed 1536K, reserved 1048576K
3949.386: [GC (Allocation Failure) [PSYoungGen: 517216K->1024K(518656K)] 580779K->64587K(1559040K), 0.0017407 secs] [Times: user=0.00 sys=0.00, real=0.00 secs] 
Heap after GC invocations=567 (full 0):
 PSYoungGen      total 518656K, used 1024K [0x00000000e0400000, 0x0000000100000000, 0x0000000100000000)
  eden space 517120K, 0% used [0x00000000e0400000,0x00000000e0400000,0x00000000ffd00000)
  from space 1536K, 66% used [0x00000000ffd00000,0x00000000ffe00000,0x00000000ffe80000)
  to   space 1536K, 0% used [0x00000000ffe80000,0x00000000ffe80000,0x0000000100000000)
 ParOldGen       total 1040384K, used 63563K [0x00000000a0c00000, 0x00000000e0400000, 0x00000000e0400000)
  object space 1040384K, 6% used [0x00000000a0c00000,0x00000000a4a12d10,0x00000000e0400000)
 Metaspace       used 13041K, capacity 13234K, committed 13312K, reserved 1060864K
  class space    used 1469K, capacity 1501K, committed 1536K, reserved 1048576K
}
{Heap before GC invocations=568 (full 0):
 PSYoungGen      total 518656K, used 518144K [0x00000000e0400000, 0x0000000100000000, 0x0000000100000000)
  eden space 517120K, 100% used [0x00000000e0400000,0x00000000ffd00000,0x00000000ffd00000)
  from space 1536K, 66% used [0x00000000ffd00000,0x00000000ffe00000,0x00000000ffe80000)
  to   space 1536K, 0% used [0x00000000ffe80000,0x00000000ffe80000,0x0000000100000000)
 ParOldGen       total 1040384K, used 63563K [0x00000000a0c00000, 0x00000000e0400000, 0x00000000e0400000)
  object space 1040384K, 6% used [0x00000000a0c00000,0x00000000a4a12d10,0x00000000e0400000)
 Metaspace       used 13041K, capacity 13234K, committed 13312K, reserved 1060864K
  class space    used 1469K, capacity 1501K, committed 1536K, reserved 1048576K
3956.430: [GC (Allocation Failure) [PSYoungGen: 518144K->192K(518656K)] 581707K->63755K(1559040K), 0.0017451 secs] [Times: user=0.00 sys=0.00, real=0.00 secs] 
Heap after GC invocations=568 (full 0):
 PSYoungGen      total 518656K, used 192K [0x00000000e0400000, 0x0000000100000000, 0x0000000100000000)
  eden space 517120K, 0% used [0x00000000e0400000,0x00000000e0400000,0x00000000ffd00000)
  from space 1536K, 12% used [0x00000000ffe80000,0x00000000ffeb0000,0x0000000100000000)
  to   space 1536K, 0% used [0x00000000ffd00000,0x00000000ffd00000,0x00000000ffe80000)
 ParOldGen       total 1040384K, used 63563K [0x00000000a0c00000, 0x00000000e0400000, 0x00000000e0400000)
  object space 1040384K, 6% used [0x00000000a0c00000,0x00000000a4a12d10,0x00000000e0400000)
 Metaspace       used 13041K, capacity 13234K, committed 13312K, reserved 1060864K
  class space    used 1469K, capacity 1501K, committed 1536K, reserved 1048576K
}
{Heap before GC invocations=569 (full 0):
 PSYoungGen      total 518656K, used 517312K [0x00000000e0400000, 0x0000000100000000, 0x0000000100000000)
  eden space 517120K, 100% used [0x00000000e0400000,0x00000000ffd00000,0x00000000ffd00000)
  from space 1536K, 12% used [0x00000000ffe80000,0x00000000ffeb0000,0x0000000100000000)
  to   space 1536K, 0% used [0x00000000ffd00000,0x00000000ffd00000,0x00000000ffe80000)
 ParOldGen       total 1040384K, used 63563K [0x00000000a0c00000, 0x00000000e0400000, 0x00000000e0400000)
  object space 1040384K, 6% used [0x00000000a0c00000,0x00000000a4a12d10,0x00000000e0400000)
 Metaspace       used 13041K, capacity 13234K, committed 13312K, reserved 1060864K
  class space    used 1469K, capacity 1501K, committed 1536K, reserved 1048576K
3963.498: [GC (Allocation Failure) [PSYoungGen: 517312K->160K(518656K)] 580875K->63723K(1559040K), 0.0016878 secs] [Times: user=0.00 sys=0.00, real=0.00 secs] 
Heap after GC invocations=569 (full 0):
 PSYoungGen      total 518656K, used 160K [0x00000000e0400000, 0x0000000100000000, 0x0000000100000000)
  eden space 517120K, 0% used [0x00000000e0400000,0x00000000e0400000,0x00000000ffd00000)
  from space 1536K, 10% used [0x00000000ffd00000,0x00000000ffd28000,0x00000000ffe80000)
  to   space 1536K, 0% used [0x00000000ffe80000,0x00000000ffe80000,0x0000000100000000)
 ParOldGen       total 1040384K, used 63563K [0x00000000a0c00000, 0x00000000e0400000, 0x00000000e0400000)
  object space 1040384K, 6% used [0x00000000a0c00000,0x00000000a4a12d10,0x00000000e0400000)
 Metaspace       used 13041K, capacity 13234K, committed 13312K, reserved 1060864K
  class space    used 1469K, capacity 1501K, committed 1536K, reserved 1048576K
}
{Heap before GC invocations=570 (full 0):
 PSYoungGen      total 518656K, used 517280K [0x00000000e0400000, 0x0000000100000000, 0x0000000100000000)
  eden space 517120K, 100% used [0x00000000e0400000,0x00000000ffd00000,0x00000000ffd00000)
  from space 1536K, 10% used [0x00000000ffd00000,0x00000000ffd28000,0x00000000ffe80000)
  to   space 1536K, 0% used [0x00000000ffe80000,0x00000000ffe80000,0x0000000100000000)
 ParOldGen       total 1040384K, used 63563K [0x00000000a0c00000, 0x00000000e0400000, 0x00000000e0400000)
  object space 1040384K, 6% used [0x00000000a0c00000,0x00000000a4a12d10,0x00000000e0400000)
 Metaspace       used 13041K, capacity 13234K, committed 13312K, reserved 1060864K
  class space    used 1469K, capacity 1501K, committed 1536K, reserved 1048576K
3970.507: [GC (Allocation Failure) [PSYoungGen: 517280K->192K(518656K)] 580843K->63763K(1559040K), 0.0013084 secs] [Times: user=0.00 sys=0.00, real=0.00 secs] 
Heap after GC invocations=570 (full 0):
 PSYoungGen      total 518656K, used 192K [0x00000000e0400000, 0x0000000100000000, 0x0000000100000000)
  eden space 517120K, 0% used [0x00000000e0400000,0x00000000e0400000,0x00000000ffd00000)
  from space 1536K, 12% used [0x00000000ffe80000,0x00000000ffeb0000,0x0000000100000000)
  to   space 1536K, 0% used [0x00000000ffd00000,0x00000000ffd00000,0x00000000ffe80000)
 ParOldGen       total 1040384K, used 63571K [0x00000000a0c00000, 0x00000000e0400000, 0x00000000e0400000)
  object space 1040384K, 6% used [0x00000000a0c00000,0x00000000a4a14d10,0x00000000e0400000)
 Metaspace       used 13041K, capacity 13234K, committed 13312K, reserved 1060864K
  class space    used 1469K, capacity 1501K, committed 1536K, reserved 1048576K
}
{Heap before GC invocations=571 (full 0):
 PSYoungGen      total 518656K, used 517312K [0x00000000e0400000, 0x0000000100000000, 0x0000000100000000)
  eden space 517120K, 100% used [0x00000000e0400000,0x00000000ffd00000,0x00000000ffd00000)
  from space 1536K, 12% used [0x00000000ffe80000,0x00000000ffeb0000,0x0000000100000000)
  to   space 1536K, 0% used [0x00000000ffd00000,0x00000000ffd00000,0x00000000ffe80000)
 ParOldGen       total 1040384K, used 63571K [0x00000000a0c00000, 0x00000000e0400000, 0x00000000e0400000)
  object space 1040384K, 6% used [0x00000000a0c00000,0x00000000a4a14d10,0x00000000e0400000)
 Metaspace       used 13041K, capacity 13234K, committed 13312K, reserved 1060864K
  class space    used 1469K, capacity 1501K, committed 1536K, reserved 1048576K
3977.563: [GC (Allocation Failure) [PSYoungGen: 517312K->96K(518656K)] 580883K->63667K(1559040K), 0.0018558 secs] [Times: user=0.00 sys=0.00, real=0.00 secs] 
Heap after GC invocations=571 (full 0):
 PSYoungGen      total 518656K, used 96K [0x00000000e0400000, 0x0000000100000000, 0x0000000100000000)
  eden space 517120K, 0% used [0x00000000e0400000,0x00000000e0400000,0x00000000ffd00000)
  from space 1536K, 6% used [0x00000000ffd00000,0x00000000ffd18000,0x00000000ffe80000)
  to   space 1536K, 0% used [0x00000000ffe80000,0x00000000ffe80000,0x0000000100000000)
 ParOldGen       total 1040384K, used 63571K [0x00000000a0c00000, 0x00000000e0400000, 0x00000000e0400000)
  object space 1040384K, 6% used [0x00000000a0c00000,0x00000000a4a14d10,0x00000000e0400000)
 Metaspace       used 13041K, capacity 13234K, committed 13312K, reserved 1060864K
  class space    used 1469K, capacity 1501K, committed 1536K, reserved 1048576K
}
{Heap before GC invocations=572 (full 0):
 PSYoungGen      total 518656K, used 517216K [0x00000000e0400000, 0x0000000100000000, 0x0000000100000000)
  eden space 517120K, 100% used [0x00000000e0400000,0x00000000ffd00000,0x00000000ffd00000)
  from space 1536K, 6% used [0x00000000ffd00000,0x00000000ffd18000,0x00000000ffe80000)
  to   space 1536K, 0% used [0x00000000ffe80000,0x00000000ffe80000,0x0000000100000000)
 ParOldGen       total 1040384K, used 63571K [0x00000000a0c00000, 0x00000000e0400000, 0x00000000e0400000)
  object space 1040384K, 6% used [0x00000000a0c00000,0x00000000a4a14da0,0x00000000e0400000)
 Metaspace       used 13041K, capacity 13234K, committed 13312K, reserved 1060864K
  class space    used 1469K, capacity 1501K, committed 1536K, reserved 1048576K
3984.547: [GC (GCLocker Initiated GC) [PSYoungGen: 517216K->1536K(518656K)] 580787K->65115K(1559040K), 0.0021556 secs] [Times: user=0.00 sys=0.00, real=0.00 secs] 
Heap after GC invocations=572 (full 0):
 PSYoungGen      total 518656K, used 1536K [0x00000000e0400000, 0x0000000100000000, 0x0000000100000000)
  eden space 517120K, 0% used [0x00000000e0400000,0x00000000e0400000,0x00000000ffd00000)
  from space 1536K, 100% used [0x00000000ffe80000,0x0000000100000000,0x0000000100000000)
  to   space 1536K, 0% used [0x00000000ffd00000,0x00000000ffd00000,0x00000000ffe80000)
 ParOldGen       total 1040384K, used 63579K [0x00000000a0c00000, 0x00000000e0400000, 0x00000000e0400000)
  object space 1040384K, 6% used [0x00000000a0c00000,0x00000000a4a16da0,0x00000000e0400000)
 Metaspace       used 13041K, capacity 13234K, committed 13312K, reserved 1060864K
  class space    used 1469K, capacity 1501K, committed 1536K, reserved 1048576K
}
{Heap before GC invocations=573 (full 0):
 PSYoungGen      total 518656K, used 518656K [0x00000000e0400000, 0x0000000100000000, 0x0000000100000000)
  eden space 517120K, 100% used [0x00000000e0400000,0x00000000ffd00000,0x00000000ffd00000)
  from space 1536K, 100% used [0x00000000ffe80000,0x0000000100000000,0x0000000100000000)
  to   space 1536K, 0% used [0x00000000ffd00000,0x00000000ffd00000,0x00000000ffe80000)
 ParOldGen       total 1040384K, used 63582K [0x00000000a0c00000, 0x00000000e0400000, 0x00000000e0400000)
  object space 1040384K, 6% used [0x00000000a0c00000,0x00000000a4a179b0,0x00000000e0400000)
 Metaspace       used 13041K, capacity 13234K, committed 13312K, reserved 1060864K
  class space    used 1469K, capacity 1501K, committed 1536K, reserved 1048576K
3991.643: [GC (Allocation Failure) [PSYoungGen: 518656K->160K(518656K)] 582238K->63774K(1559040K), 0.0013613 secs] [Times: user=0.00 sys=0.00, real=0.00 secs] 
Heap after GC invocations=573 (full 0):
 PSYoungGen      total 518656K, used 160K [0x00000000e0400000, 0x0000000100000000, 0x0000000100000000)
  eden space 517120K, 0% used [0x00000000e0400000,0x00000000e0400000,0x00000000ffd00000)
  from space 1536K, 10% used [0x00000000ffd00000,0x00000000ffd28000,0x00000000ffe80000)
  to   space 1536K, 0% used [0x00000000ffe80000,0x00000000ffe80000,0x0000000100000000)
 ParOldGen       total 1040384K, used 63614K [0x00000000a0c00000, 0x00000000e0400000, 0x00000000e0400000)
  object space 1040384K, 6% used [0x00000000a0c00000,0x00000000a4a1f9b0,0x00000000e0400000)
 Metaspace       used 13041K, capacity 13234K, committed 13312K, reserved 1060864K
  class space    used 1469K, capacity 1501K, committed 1536K, reserved 1048576K
}
{Heap before GC invocations=574 (full 0):
 PSYoungGen      total 518656K, used 517280K [0x00000000e0400000, 0x0000000100000000, 0x0000000100000000)
  eden space 517120K, 100% used [0x00000000e0400000,0x00000000ffd00000,0x00000000ffd00000)
  from space 1536K, 10% used [0x00000000ffd00000,0x00000000ffd28000,0x00000000ffe80000)
  to   space 1536K, 0% used [0x00000000ffe80000,0x00000000ffe80000,0x0000000100000000)
 ParOldGen       total 1040384K, used 63614K [0x00000000a0c00000, 0x00000000e0400000, 0x00000000e0400000)
  object space 1040384K, 6% used [0x00000000a0c00000,0x00000000a4a1f9b0,0x00000000e0400000)
 Metaspace       used 13041K, capacity 13234K, committed 13312K, reserved 1060864K
  class space    used 1469K, capacity 1501K, committed 1536K, reserved 1048576K
3998.820: [GC (Allocation Failure) [PSYoungGen: 517280K->96K(518656K)] 580894K->63726K(1559040K), 0.0018496 secs] [Times: user=0.00 sys=0.00, real=0.00 secs] 
Heap after GC invocations=574 (full 0):
 PSYoungGen      total 518656K, used 96K [0x00000000e0400000, 0x0000000100000000, 0x0000000100000000)
  eden space 517120K, 0% used [0x00000000e0400000,0x00000000e0400000,0x00000000ffd00000)
  from space 1536K, 6% used [0x00000000ffe80000,0x00000000ffe98000,0x0000000100000000)
  to   space 1536K, 0% used [0x00000000ffd00000,0x00000000ffd00000,0x00000000ffe80000)
 ParOldGen       total 1040384K, used 63630K [0x00000000a0c00000, 0x00000000e0400000, 0x00000000e0400000)
  object space 1040384K, 6% used [0x00000000a0c00000,0x00000000a4a239b0,0x00000000e0400000)
 Metaspace       used 13041K, capacity 13234K, committed 13312K, reserved 1060864K
  class space    used 1469K, capacity 1501K, committed 1536K, reserved 1048576K
}
{Heap before GC invocations=575 (full 0):
 PSYoungGen      total 518656K, used 517216K [0x00000000e0400000, 0x0000000100000000, 0x0000000100000000)
  eden space 517120K, 100% used [0x00000000e0400000,0x00000000ffd00000,0x00000000ffd00000)
  from space 1536K, 6% used [0x00000000ffe80000,0x00000000ffe98000,0x0000000100000000)
  to   space 1536K, 0% used [0x00000000ffd00000,0x00000000ffd00000,0x00000000ffe80000)
 ParOldGen       total 1040384K, used 63630K [0x00000000a0c00000, 0x00000000e0400000, 0x00000000e0400000)
  object space 1040384K, 6% used [0x00000000a0c00000,0x00000000a4a239b0,0x00000000e0400000)
 Metaspace       used 13041K, capacity 13234K, committed 13312K, reserved 1060864K
  class space    used 1469K, capacity 1501K, committed 1536K, reserved 1048576K
4005.737: [GC (Allocation Failure) [PSYoungGen: 517216K->192K(518656K)] 580846K->63838K(1559040K), 0.0018869 secs] [Times: user=0.00 sys=0.00, real=0.00 secs] 
Heap after GC invocations=575 (full 0):
 PSYoungGen      total 518656K, used 192K [0x00000000e0400000, 0x0000000100000000, 0x0000000100000000)
  eden space 517120K, 0% used [0x00000000e0400000,0x00000000e0400000,0x00000000ffd00000)
  from space 1536K, 12% used [0x00000000ffd00000,0x00000000ffd30000,0x00000000ffe80000)
  to   space 1536K, 0% used [0x00000000ffe80000,0x00000000ffe80000,0x0000000100000000)
 ParOldGen       total 1040384K, used 63646K [0x00000000a0c00000, 0x00000000e0400000, 0x00000000e0400000)
  object space 1040384K, 6% used [0x00000000a0c00000,0x00000000a4a279b0,0x00000000e0400000)
 Metaspace       used 13041K, capacity 13234K, committed 13312K, reserved 1060864K
  class space    used 1469K, capacity 1501K, committed 1536K, reserved 1048576K
}
{Heap before GC invocations=576 (full 0):
 PSYoungGen      total 518656K, used 517312K [0x00000000e0400000, 0x0000000100000000, 0x0000000100000000)
  eden space 517120K, 100% used [0x00000000e0400000,0x00000000ffd00000,0x00000000ffd00000)
  from space 1536K, 12% used [0x00000000ffd00000,0x00000000ffd30000,0x00000000ffe80000)
  to   space 1536K, 0% used [0x00000000ffe80000,0x00000000ffe80000,0x0000000100000000)
 ParOldGen       total 1040384K, used 63646K [0x00000000a0c00000, 0x00000000e0400000, 0x00000000e0400000)
  object space 1040384K, 6% used [0x00000000a0c00000,0x00000000a4a279b0,0x00000000e0400000)
 Metaspace       used 13041K, capacity 13234K, committed 13312K, reserved 1060864K
  class space    used 1469K, capacity 1501K, committed 1536K, reserved 1048576K
4012.718: [GC (Allocation Failure) [PSYoungGen: 517312K->160K(518656K)] 580958K->63806K(1559040K), 0.0017081 secs] [Times: user=0.00 sys=0.00, real=0.00 secs] 
Heap after GC invocations=576 (full 0):
 PSYoungGen      total 518656K, used 160K [0x00000000e0400000, 0x0000000100000000, 0x0000000100000000)
  eden space 517120K, 0% used [0x00000000e0400000,0x00000000e0400000,0x00000000ffd00000)
  from space 1536K, 10% used [0x00000000ffe80000,0x00000000ffea8000,0x0000000100000000)
  to   space 1536K, 0% used [0x00000000ffd00000,0x00000000ffd00000,0x00000000ffe80000)
 ParOldGen       total 1040384K, used 63646K [0x00000000a0c00000, 0x00000000e0400000, 0x00000000e0400000)
  object space 1040384K, 6% used [0x00000000a0c00000,0x00000000a4a279b0,0x00000000e0400000)
 Metaspace       used 13041K, capacity 13234K, committed 13312K, reserved 1060864K
  class space    used 1469K, capacity 1501K, committed 1536K, reserved 1048576K
}
{Heap before GC invocations=577 (full 0):
 PSYoungGen      total 518656K, used 517280K [0x00000000e0400000, 0x0000000100000000, 0x0000000100000000)
  eden space 517120K, 100% used [0x00000000e0400000,0x00000000ffd00000,0x00000000ffd00000)
  from space 1536K, 10% used [0x00000000ffe80000,0x00000000ffea8000,0x0000000100000000)
  to   space 1536K, 0% used [0x00000000ffd00000,0x00000000ffd00000,0x00000000ffe80000)
 ParOldGen       total 1040384K, used 63646K [0x00000000a0c00000, 0x00000000e0400000, 0x00000000e0400000)
  object space 1040384K, 6% used [0x00000000a0c00000,0x00000000a4a279d0,0x00000000e0400000)
 Metaspace       used 13041K, capacity 13234K, committed 13312K, reserved 1060864K
  class space    used 1469K, capacity 1501K, committed 1536K, reserved 1048576K
4019.671: [GC (GCLocker Initiated GC) [PSYoungGen: 517280K->1536K(518656K)] 580926K->65254K(1559040K), 0.0021973 secs] [Times: user=0.00 sys=0.00, real=0.00 secs] 
Heap after GC invocations=577 (full 0):
 PSYoungGen      total 518656K, used 1536K [0x00000000e0400000, 0x0000000100000000, 0x0000000100000000)
  eden space 517120K, 0% used [0x00000000e0400000,0x00000000e0400000,0x00000000ffd00000)
  from space 1536K, 100% used [0x00000000ffd00000,0x00000000ffe80000,0x00000000ffe80000)
  to   space 1536K, 0% used [0x00000000ffe80000,0x00000000ffe80000,0x0000000100000000)
 ParOldGen       total 1040384K, used 63718K [0x00000000a0c00000, 0x00000000e0400000, 0x00000000e0400000)
  object space 1040384K, 6% used [0x00000000a0c00000,0x00000000a4a399d0,0x00000000e0400000)
 Metaspace       used 13041K, capacity 13234K, committed 13312K, reserved 1060864K
  class space    used 1469K, capacity 1501K, committed 1536K, reserved 1048576K
}
{Heap before GC invocations=578 (full 0):
 PSYoungGen      total 518656K, used 518656K [0x00000000e0400000, 0x0000000100000000, 0x0000000100000000)
  eden space 517120K, 100% used [0x00000000e0400000,0x00000000ffd00000,0x00000000ffd00000)
  from space 1536K, 100% used [0x00000000ffd00000,0x00000000ffe80000,0x00000000ffe80000)
  to   space 1536K, 0% used [0x00000000ffe80000,0x00000000ffe80000,0x0000000100000000)
 ParOldGen       total 1040384K, used 63721K [0x00000000a0c00000, 0x00000000e0400000, 0x00000000e0400000)
  object space 1040384K, 6% used [0x00000000a0c00000,0x00000000a4a3a4b0,0x00000000e0400000)
 Metaspace       used 13041K, capacity 13234K, committed 13312K, reserved 1060864K
  class space    used 1469K, capacity 1501K, committed 1536K, reserved 1048576K
4026.710: [GC (Allocation Failure) [PSYoungGen: 518656K->128K(517632K)] 582377K->63865K(1558016K), 0.0019625 secs] [Times: user=0.00 sys=0.00, real=0.00 secs] 
Heap after GC invocations=578 (full 0):
 PSYoungGen      total 517632K, used 128K [0x00000000e0400000, 0x0000000100000000, 0x0000000100000000)
  eden space 516096K, 0% used [0x00000000e0400000,0x00000000e0400000,0x00000000ffc00000)
  from space 1536K, 8% used [0x00000000ffe80000,0x00000000ffea0000,0x0000000100000000)
  to   space 2048K, 0% used [0x00000000ffc00000,0x00000000ffc00000,0x00000000ffe00000)
 ParOldGen       total 1040384K, used 63737K [0x00000000a0c00000, 0x00000000e0400000, 0x00000000e0400000)
  object space 1040384K, 6% used [0x00000000a0c00000,0x00000000a4a3e4b0,0x00000000e0400000)
 Metaspace       used 13041K, capacity 13234K, committed 13312K, reserved 1060864K
  class space    used 1469K, capacity 1501K, committed 1536K, reserved 1048576K
}
{Heap before GC invocations=579 (full 0):
 PSYoungGen      total 517632K, used 516224K [0x00000000e0400000, 0x0000000100000000, 0x0000000100000000)
  eden space 516096K, 100% used [0x00000000e0400000,0x00000000ffc00000,0x00000000ffc00000)
  from space 1536K, 8% used [0x00000000ffe80000,0x00000000ffea0000,0x0000000100000000)
  to   space 2048K, 0% used [0x00000000ffc00000,0x00000000ffc00000,0x00000000ffe00000)
 ParOldGen       total 1040384K, used 63737K [0x00000000a0c00000, 0x00000000e0400000, 0x00000000e0400000)
  object space 1040384K, 6% used [0x00000000a0c00000,0x00000000a4a3e4b0,0x00000000e0400000)
 Metaspace       used 13041K, capacity 13234K, committed 13312K, reserved 1060864K
  class space    used 1469K, capacity 1501K, committed 1536K, reserved 1048576K
4033.811: [GC (Allocation Failure) [PSYoungGen: 516224K->192K(518144K)] 579961K->63937K(1558528K), 0.0017457 secs] [Times: user=0.00 sys=0.00, real=0.00 secs] 
Heap after GC invocations=579 (full 0):
 PSYoungGen      total 518144K, used 192K [0x00000000e0400000, 0x0000000100000000, 0x0000000100000000)
  eden space 516096K, 0% used [0x00000000e0400000,0x00000000e0400000,0x00000000ffc00000)
  from space 2048K, 9% used [0x00000000ffc00000,0x00000000ffc30000,0x00000000ffe00000)
  to   space 1536K, 0% used [0x00000000ffe80000,0x00000000ffe80000,0x0000000100000000)
 ParOldGen       total 1040384K, used 63745K [0x00000000a0c00000, 0x00000000e0400000, 0x00000000e0400000)
  object space 1040384K, 6% used [0x00000000a0c00000,0x00000000a4a404b0,0x00000000e0400000)
 Metaspace       used 13041K, capacity 13234K, committed 13312K, reserved 1060864K
  class space    used 1469K, capacity 1501K, committed 1536K, reserved 1048576K
}
{Heap before GC invocations=580 (full 0):
 PSYoungGen      total 518144K, used 516288K [0x00000000e0400000, 0x0000000100000000, 0x0000000100000000)
  eden space 516096K, 100% used [0x00000000e0400000,0x00000000ffc00000,0x00000000ffc00000)
  from space 2048K, 9% used [0x00000000ffc00000,0x00000000ffc30000,0x00000000ffe00000)
  to   space 1536K, 0% used [0x00000000ffe80000,0x00000000ffe80000,0x0000000100000000)
 ParOldGen       total 1040384K, used 63745K [0x00000000a0c00000, 0x00000000e0400000, 0x00000000e0400000)
  object space 1040384K, 6% used [0x00000000a0c00000,0x00000000a4a404b0,0x00000000e0400000)
 Metaspace       used 13041K, capacity 13234K, committed 13312K, reserved 1060864K
  class space    used 1469K, capacity 1501K, committed 1536K, reserved 1048576K
4040.775: [GC (Allocation Failure) [PSYoungGen: 516288K->160K(518656K)] 580033K->63921K(1559040K), 0.0013986 secs] [Times: user=0.00 sys=0.00, real=0.00 secs] 
Heap after GC invocations=580 (full 0):
 PSYoungGen      total 518656K, used 160K [0x00000000e0400000, 0x0000000100000000, 0x0000000100000000)
  eden space 517120K, 0% used [0x00000000e0400000,0x00000000e0400000,0x00000000ffd00000)
  from space 1536K, 10% used [0x00000000ffe80000,0x00000000ffea8000,0x0000000100000000)
  to   space 1536K, 0% used [0x00000000ffd00000,0x00000000ffd00000,0x00000000ffe80000)
 ParOldGen       total 1040384K, used 63761K [0x00000000a0c00000, 0x00000000e0400000, 0x00000000e0400000)
  object space 1040384K, 6% used [0x00000000a0c00000,0x00000000a4a444b0,0x00000000e0400000)
 Metaspace       used 13041K, capacity 13234K, committed 13312K, reserved 1060864K
  class space    used 1469K, capacity 1501K, committed 1536K, reserved 1048576K
}
{Heap before GC invocations=581 (full 0):
 PSYoungGen      total 518656K, used 517280K [0x00000000e0400000, 0x0000000100000000, 0x0000000100000000)
  eden space 517120K, 100% used [0x00000000e0400000,0x00000000ffd00000,0x00000000ffd00000)
  from space 1536K, 10% used [0x00000000ffe80000,0x00000000ffea8000,0x0000000100000000)
  to   space 1536K, 0% used [0x00000000ffd00000,0x00000000ffd00000,0x00000000ffe80000)
 ParOldGen       total 1040384K, used 63761K [0x00000000a0c00000, 0x00000000e0400000, 0x00000000e0400000)
  object space 1040384K, 6% used [0x00000000a0c00000,0x00000000a4a444b0,0x00000000e0400000)
 Metaspace       used 13041K, capacity 13234K, committed 13312K, reserved 1060864K
  class space    used 1469K, capacity 1501K, committed 1536K, reserved 1048576K
4047.809: [GC (Allocation Failure) [PSYoungGen: 517280K->128K(518656K)] 581041K->63889K(1559040K), 0.0015749 secs] [Times: user=0.00 sys=0.00, real=0.00 secs] 
Heap after GC invocations=581 (full 0):
 PSYoungGen      total 518656K, used 128K [0x00000000e0400000, 0x0000000100000000, 0x0000000100000000)
  eden space 517120K, 0% used [0x00000000e0400000,0x00000000e0400000,0x00000000ffd00000)
  from space 1536K, 8% used [0x00000000ffd00000,0x00000000ffd20000,0x00000000ffe80000)
  to   space 1536K, 0% used [0x00000000ffe80000,0x00000000ffe80000,0x0000000100000000)
 ParOldGen       total 1040384K, used 63761K [0x00000000a0c00000, 0x00000000e0400000, 0x00000000e0400000)
  object space 1040384K, 6% used [0x00000000a0c00000,0x00000000a4a444b0,0x00000000e0400000)
 Metaspace       used 13041K, capacity 13234K, committed 13312K, reserved 1060864K
  class space    used 1469K, capacity 1501K, committed 1536K, reserved 1048576K
}
{Heap before GC invocations=582 (full 0):
 PSYoungGen      total 518656K, used 517248K [0x00000000e0400000, 0x0000000100000000, 0x0000000100000000)
  eden space 517120K, 100% used [0x00000000e0400000,0x00000000ffd00000,0x00000000ffd00000)
  from space 1536K, 8% used [0x00000000ffd00000,0x00000000ffd20000,0x00000000ffe80000)
  to   space 1536K, 0% used [0x00000000ffe80000,0x00000000ffe80000,0x0000000100000000)
 ParOldGen       total 1040384K, used 63761K [0x00000000a0c00000, 0x00000000e0400000, 0x00000000e0400000)
  object space 1040384K, 6% used [0x00000000a0c00000,0x00000000a4a444e8,0x00000000e0400000)
 Metaspace       used 13041K, capacity 13234K, committed 13312K, reserved 1060864K
  class space    used 1469K, capacity 1501K, committed 1536K, reserved 1048576K
4055.174: [GC (GCLocker Initiated GC) [PSYoungGen: 517248K->1536K(517632K)] 581009K->65441K(1558016K), 0.0020433 secs] [Times: user=0.00 sys=0.00, real=0.00 secs] 
Heap after GC invocations=582 (full 0):
 PSYoungGen      total 517632K, used 1536K [0x00000000e0400000, 0x0000000100000000, 0x0000000100000000)
  eden space 516096K, 0% used [0x00000000e0400000,0x00000000e0400000,0x00000000ffc00000)
  from space 1536K, 100% used [0x00000000ffe80000,0x0000000100000000,0x0000000100000000)
  to   space 2048K, 0% used [0x00000000ffc00000,0x00000000ffc00000,0x00000000ffe00000)
 ParOldGen       total 1040384K, used 63905K [0x00000000a0c00000, 0x00000000e0400000, 0x00000000e0400000)
  object space 1040384K, 6% used [0x00000000a0c00000,0x00000000a4a684e8,0x00000000e0400000)
 Metaspace       used 13041K, capacity 13234K, committed 13312K, reserved 1060864K
  class space    used 1469K, capacity 1501K, committed 1536K, reserved 1048576K
}
{Heap before GC invocations=583 (full 0):
 PSYoungGen      total 517632K, used 517632K [0x00000000e0400000, 0x0000000100000000, 0x0000000100000000)
  eden space 516096K, 100% used [0x00000000e0400000,0x00000000ffc00000,0x00000000ffc00000)
  from space 1536K, 100% used [0x00000000ffe80000,0x0000000100000000,0x0000000100000000)
  to   space 2048K, 0% used [0x00000000ffc00000,0x00000000ffc00000,0x00000000ffe00000)
 ParOldGen       total 1040384K, used 63908K [0x00000000a0c00000, 0x00000000e0400000, 0x00000000e0400000)
  object space 1040384K, 6% used [0x00000000a0c00000,0x00000000a4a69000,0x00000000e0400000)
 Metaspace       used 13041K, capacity 13234K, committed 13312K, reserved 1060864K
  class space    used 1469K, capacity 1501K, committed 1536K, reserved 1048576K
4062.557: [GC (Allocation Failure) [PSYoungGen: 517632K->192K(518144K)] 581540K->64140K(1558528K), 0.0013044 secs] [Times: user=0.00 sys=0.00, real=0.00 secs] 
Heap after GC invocations=583 (full 0):
 PSYoungGen      total 518144K, used 192K [0x00000000e0400000, 0x0000000100000000, 0x0000000100000000)
  eden space 516096K, 0% used [0x00000000e0400000,0x00000000e0400000,0x00000000ffc00000)
  from space 2048K, 9% used [0x00000000ffc00000,0x00000000ffc30000,0x00000000ffe00000)
  to   space 2048K, 0% used [0x00000000ffe00000,0x00000000ffe00000,0x0000000100000000)
 ParOldGen       total 1040384K, used 63948K [0x00000000a0c00000, 0x00000000e0400000, 0x00000000e0400000)
  object space 1040384K, 6% used [0x00000000a0c00000,0x00000000a4a73000,0x00000000e0400000)
 Metaspace       used 13041K, capacity 13234K, committed 13312K, reserved 1060864K
  class space    used 1469K, capacity 1501K, committed 1536K, reserved 1048576K
}
{Heap before GC invocations=584 (full 0):
 PSYoungGen      total 518144K, used 516288K [0x00000000e0400000, 0x0000000100000000, 0x0000000100000000)
  eden space 516096K, 100% used [0x00000000e0400000,0x00000000ffc00000,0x00000000ffc00000)
  from space 2048K, 9% used [0x00000000ffc00000,0x00000000ffc30000,0x00000000ffe00000)
  to   space 2048K, 0% used [0x00000000ffe00000,0x00000000ffe00000,0x0000000100000000)
 ParOldGen       total 1040384K, used 63948K [0x00000000a0c00000, 0x00000000e0400000, 0x00000000e0400000)
  object space 1040384K, 6% used [0x00000000a0c00000,0x00000000a4a73000,0x00000000e0400000)
 Metaspace       used 13041K, capacity 13234K, committed 13312K, reserved 1060864K
  class space    used 1469K, capacity 1501K, committed 1536K, reserved 1048576K
4069.678: [GC (Allocation Failure) [PSYoungGen: 516288K->192K(518144K)] 580236K->64140K(1558528K), 0.0017003 secs] [Times: user=0.00 sys=0.00, real=0.00 secs] 
Heap after GC invocations=584 (full 0):
 PSYoungGen      total 518144K, used 192K [0x00000000e0400000, 0x0000000100000000, 0x0000000100000000)
  eden space 516096K, 0% used [0x00000000e0400000,0x00000000e0400000,0x00000000ffc00000)
  from space 2048K, 9% used [0x00000000ffe00000,0x00000000ffe30000,0x0000000100000000)
  to   space 2048K, 0% used [0x00000000ffc00000,0x00000000ffc00000,0x00000000ffe00000)
 ParOldGen       total 1040384K, used 63948K [0x00000000a0c00000, 0x00000000e0400000, 0x00000000e0400000)
  object space 1040384K, 6% used [0x00000000a0c00000,0x00000000a4a73000,0x00000000e0400000)
 Metaspace       used 13041K, capacity 13234K, committed 13312K, reserved 1060864K
  class space    used 1469K, capacity 1501K, committed 1536K, reserved 1048576K
}
{Heap before GC invocations=585 (full 0):
 PSYoungGen      total 518144K, used 516288K [0x00000000e0400000, 0x0000000100000000, 0x0000000100000000)
  eden space 516096K, 100% used [0x00000000e0400000,0x00000000ffc00000,0x00000000ffc00000)
  from space 2048K, 9% used [0x00000000ffe00000,0x00000000ffe30000,0x0000000100000000)
  to   space 2048K, 0% used [0x00000000ffc00000,0x00000000ffc00000,0x00000000ffe00000)
 ParOldGen       total 1040384K, used 63948K [0x00000000a0c00000, 0x00000000e0400000, 0x00000000e0400000)
  object space 1040384K, 6% used [0x00000000a0c00000,0x00000000a4a73000,0x00000000e0400000)
 Metaspace       used 13041K, capacity 13234K, committed 13312K, reserved 1060864K
  class space    used 1469K, capacity 1501K, committed 1536K, reserved 1048576K
4076.702: [GC (Allocation Failure) [PSYoungGen: 516288K->256K(518144K)] 580236K->64220K(1558528K), 0.0012630 secs] [Times: user=0.00 sys=0.00, real=0.00 secs] 
Heap after GC invocations=585 (full 0):
 PSYoungGen      total 518144K, used 256K [0x00000000e0400000, 0x0000000100000000, 0x0000000100000000)
  eden space 516096K, 0% used [0x00000000e0400000,0x00000000e0400000,0x00000000ffc00000)
  from space 2048K, 12% used [0x00000000ffc00000,0x00000000ffc40000,0x00000000ffe00000)
  to   space 1536K, 0% used [0x00000000ffe80000,0x00000000ffe80000,0x0000000100000000)
 ParOldGen       total 1040384K, used 63964K [0x00000000a0c00000, 0x00000000e0400000, 0x00000000e0400000)
  object space 1040384K, 6% used [0x00000000a0c00000,0x00000000a4a77000,0x00000000e0400000)
 Metaspace       used 13041K, capacity 13234K, committed 13312K, reserved 1060864K
  class space    used 1469K, capacity 1501K, committed 1536K, reserved 1048576K
}
{Heap before GC invocations=586 (full 0):
 PSYoungGen      total 518144K, used 516352K [0x00000000e0400000, 0x0000000100000000, 0x0000000100000000)
  eden space 516096K, 100% used [0x00000000e0400000,0x00000000ffc00000,0x00000000ffc00000)
  from space 2048K, 12% used [0x00000000ffc00000,0x00000000ffc40000,0x00000000ffe00000)
  to   space 1536K, 0% used [0x00000000ffe80000,0x00000000ffe80000,0x0000000100000000)
 ParOldGen       total 1040384K, used 63964K [0x00000000a0c00000, 0x00000000e0400000, 0x00000000e0400000)
  object space 1040384K, 6% used [0x00000000a0c00000,0x00000000a4a77000,0x00000000e0400000)
 Metaspace       used 13041K, capacity 13234K, committed 13312K, reserved 1060864K
  class space    used 1469K, capacity 1501K, committed 1536K, reserved 1048576K
4083.747: [GC (Allocation Failure) [PSYoungGen: 516352K->96K(518656K)] 580316K->64060K(1559040K), 0.0020016 secs] [Times: user=0.00 sys=0.00, real=0.00 secs] 
Heap after GC invocations=586 (full 0):
 PSYoungGen      total 518656K, used 96K [0x00000000e0400000, 0x0000000100000000, 0x0000000100000000)
  eden space 517120K, 0% used [0x00000000e0400000,0x00000000e0400000,0x00000000ffd00000)
  from space 1536K, 6% used [0x00000000ffe80000,0x00000000ffe98000,0x0000000100000000)
  to   space 1536K, 0% used [0x00000000ffd00000,0x00000000ffd00000,0x00000000ffe80000)
 ParOldGen       total 1040384K, used 63964K [0x00000000a0c00000, 0x00000000e0400000, 0x00000000e0400000)
  object space 1040384K, 6% used [0x00000000a0c00000,0x00000000a4a77000,0x00000000e0400000)
 Metaspace       used 13041K, capacity 13234K, committed 13312K, reserved 1060864K
  class space    used 1469K, capacity 1501K, committed 1536K, reserved 1048576K
}
{Heap before GC invocations=587 (full 0):
 PSYoungGen      total 518656K, used 517216K [0x00000000e0400000, 0x0000000100000000, 0x0000000100000000)
  eden space 517120K, 100% used [0x00000000e0400000,0x00000000ffd00000,0x00000000ffd00000)
  from space 1536K, 6% used [0x00000000ffe80000,0x00000000ffe98000,0x0000000100000000)
  to   space 1536K, 0% used [0x00000000ffd00000,0x00000000ffd00000,0x00000000ffe80000)
 ParOldGen       total 1040384K, used 63964K [0x00000000a0c00000, 0x00000000e0400000, 0x00000000e0400000)
  object space 1040384K, 6% used [0x00000000a0c00000,0x00000000a4a77000,0x00000000e0400000)
 Metaspace       used 13041K, capacity 13234K, committed 13312K, reserved 1060864K
  class space    used 1469K, capacity 1501K, committed 1536K, reserved 1048576K
4090.925: [GC (Allocation Failure) [PSYoungGen: 517216K->1536K(518656K)] 581180K->65572K(1559040K), 0.0020057 secs] [Times: user=0.01 sys=0.00, real=0.00 secs] 
Heap after GC invocations=587 (full 0):
 PSYoungGen      total 518656K, used 1536K [0x00000000e0400000, 0x0000000100000000, 0x0000000100000000)
  eden space 517120K, 0% used [0x00000000e0400000,0x00000000e0400000,0x00000000ffd00000)
  from space 1536K, 100% used [0x00000000ffd00000,0x00000000ffe80000,0x00000000ffe80000)
  to   space 1536K, 0% used [0x00000000ffe80000,0x00000000ffe80000,0x0000000100000000)
 ParOldGen       total 1040384K, used 64036K [0x00000000a0c00000, 0x00000000e0400000, 0x00000000e0400000)
  object space 1040384K, 6% used [0x00000000a0c00000,0x00000000a4a89000,0x00000000e0400000)
 Metaspace       used 13041K, capacity 13234K, committed 13312K, reserved 1060864K
  class space    used 1469K, capacity 1501K, committed 1536K, reserved 1048576K
}
{Heap before GC invocations=588 (full 0):
 PSYoungGen      total 518656K, used 518656K [0x00000000e0400000, 0x0000000100000000, 0x0000000100000000)
  eden space 517120K, 100% used [0x00000000e0400000,0x00000000ffd00000,0x00000000ffd00000)
  from space 1536K, 100% used [0x00000000ffd00000,0x00000000ffe80000,0x00000000ffe80000)
  to   space 1536K, 0% used [0x00000000ffe80000,0x00000000ffe80000,0x0000000100000000)
 ParOldGen       total 1040384K, used 64036K [0x00000000a0c00000, 0x00000000e0400000, 0x00000000e0400000)
  object space 1040384K, 6% used [0x00000000a0c00000,0x00000000a4a89000,0x00000000e0400000)
 Metaspace       used 13041K, capacity 13234K, committed 13312K, reserved 1060864K
  class space    used 1469K, capacity 1501K, committed 1536K, reserved 1048576K
4098.116: [GC (Allocation Failure) [PSYoungGen: 518656K->128K(517632K)] 582692K->64188K(1558016K), 0.0019223 secs] [Times: user=0.00 sys=0.00, real=0.00 secs] 
Heap after GC invocations=588 (full 0):
 PSYoungGen      total 517632K, used 128K [0x00000000e0400000, 0x0000000100000000, 0x0000000100000000)
  eden space 516096K, 0% used [0x00000000e0400000,0x00000000e0400000,0x00000000ffc00000)
  from space 1536K, 8% used [0x00000000ffe80000,0x00000000ffea0000,0x0000000100000000)
  to   space 2048K, 0% used [0x00000000ffc00000,0x00000000ffc00000,0x00000000ffe00000)
 ParOldGen       total 1040384K, used 64060K [0x00000000a0c00000, 0x00000000e0400000, 0x00000000e0400000)
  object space 1040384K, 6% used [0x00000000a0c00000,0x00000000a4a8f000,0x00000000e0400000)
 Metaspace       used 13041K, capacity 13234K, committed 13312K, reserved 1060864K
  class space    used 1469K, capacity 1501K, committed 1536K, reserved 1048576K
}
{Heap before GC invocations=589 (full 0):
 PSYoungGen      total 517632K, used 516224K [0x00000000e0400000, 0x0000000100000000, 0x0000000100000000)
  eden space 516096K, 100% used [0x00000000e0400000,0x00000000ffc00000,0x00000000ffc00000)
  from space 1536K, 8% used [0x00000000ffe80000,0x00000000ffea0000,0x0000000100000000)
  to   space 2048K, 0% used [0x00000000ffc00000,0x00000000ffc00000,0x00000000ffe00000)
 ParOldGen       total 1040384K, used 64060K [0x00000000a0c00000, 0x00000000e0400000, 0x00000000e0400000)
  object space 1040384K, 6% used [0x00000000a0c00000,0x00000000a4a8f000,0x00000000e0400000)
 Metaspace       used 13041K, capacity 13234K, committed 13312K, reserved 1060864K
  class space    used 1469K, capacity 1501K, committed 1536K, reserved 1048576K
4105.087: [GC (Allocation Failure) [PSYoungGen: 516224K->160K(518144K)] 580284K->64220K(1558528K), 0.0016931 secs] [Times: user=0.00 sys=0.00, real=0.00 secs] 
Heap after GC invocations=589 (full 0):
 PSYoungGen      total 518144K, used 160K [0x00000000e0400000, 0x0000000100000000, 0x0000000100000000)
  eden space 516096K, 0% used [0x00000000e0400000,0x00000000e0400000,0x00000000ffc00000)
  from space 2048K, 7% used [0x00000000ffc00000,0x00000000ffc28000,0x00000000ffe00000)
  to   space 2048K, 0% used [0x00000000ffe00000,0x00000000ffe00000,0x0000000100000000)
 ParOldGen       total 1040384K, used 64060K [0x00000000a0c00000, 0x00000000e0400000, 0x00000000e0400000)
  object space 1040384K, 6% used [0x00000000a0c00000,0x00000000a4a8f000,0x00000000e0400000)
 Metaspace       used 13041K, capacity 13234K, committed 13312K, reserved 1060864K
  class space    used 1469K, capacity 1501K, committed 1536K, reserved 1048576K
}
{Heap before GC invocations=590 (full 0):
 PSYoungGen      total 518144K, used 516256K [0x00000000e0400000, 0x0000000100000000, 0x0000000100000000)
  eden space 516096K, 100% used [0x00000000e0400000,0x00000000ffc00000,0x00000000ffc00000)
  from space 2048K, 7% used [0x00000000ffc00000,0x00000000ffc28000,0x00000000ffe00000)
  to   space 2048K, 0% used [0x00000000ffe00000,0x00000000ffe00000,0x0000000100000000)
 ParOldGen       total 1040384K, used 64060K [0x00000000a0c00000, 0x00000000e0400000, 0x00000000e0400000)
  object space 1040384K, 6% used [0x00000000a0c00000,0x00000000a4a8f000,0x00000000e0400000)
 Metaspace       used 13041K, capacity 13234K, committed 13312K, reserved 1060864K
  class space    used 1469K, capacity 1501K, committed 1536K, reserved 1048576K
4112.139: [GC (Allocation Failure) [PSYoungGen: 516256K->192K(518144K)] 580316K->64252K(1558528K), 0.0017317 secs] [Times: user=0.00 sys=0.00, real=0.00 secs] 
Heap after GC invocations=590 (full 0):
 PSYoungGen      total 518144K, used 192K [0x00000000e0400000, 0x0000000100000000, 0x0000000100000000)
  eden space 516096K, 0% used [0x00000000e0400000,0x00000000e0400000,0x00000000ffc00000)
  from space 2048K, 9% used [0x00000000ffe00000,0x00000000ffe30000,0x0000000100000000)
  to   space 2048K, 0% used [0x00000000ffc00000,0x00000000ffc00000,0x00000000ffe00000)
 ParOldGen       total 1040384K, used 64060K [0x00000000a0c00000, 0x00000000e0400000, 0x00000000e0400000)
  object space 1040384K, 6% used [0x00000000a0c00000,0x00000000a4a8f000,0x00000000e0400000)
 Metaspace       used 13041K, capacity 13234K, committed 13312K, reserved 1060864K
  class space    used 1469K, capacity 1501K, committed 1536K, reserved 1048576K
}
{Heap before GC invocations=591 (full 0):
 PSYoungGen      total 518144K, used 516288K [0x00000000e0400000, 0x0000000100000000, 0x0000000100000000)
  eden space 516096K, 100% used [0x00000000e0400000,0x00000000ffc00000,0x00000000ffc00000)
  from space 2048K, 9% used [0x00000000ffe00000,0x00000000ffe30000,0x0000000100000000)
  to   space 2048K, 0% used [0x00000000ffc00000,0x00000000ffc00000,0x00000000ffe00000)
 ParOldGen       total 1040384K, used 64060K [0x00000000a0c00000, 0x00000000e0400000, 0x00000000e0400000)
  object space 1040384K, 6% used [0x00000000a0c00000,0x00000000a4a8f000,0x00000000e0400000)
 Metaspace       used 13041K, capacity 13234K, committed 13312K, reserved 1060864K
  class space    used 1469K, capacity 1501K, committed 1536K, reserved 1048576K
4119.300: [GC (Allocation Failure) [PSYoungGen: 516288K->192K(518144K)] 580348K->64260K(1558528K), 0.0016082 secs] [Times: user=0.00 sys=0.00, real=0.00 secs] 
Heap after GC invocations=591 (full 0):
 PSYoungGen      total 518144K, used 192K [0x00000000e0400000, 0x0000000100000000, 0x0000000100000000)
  eden space 516096K, 0% used [0x00000000e0400000,0x00000000e0400000,0x00000000ffc00000)
  from space 2048K, 9% used [0x00000000ffc00000,0x00000000ffc30000,0x00000000ffe00000)
  to   space 1536K, 0% used [0x00000000ffe80000,0x00000000ffe80000,0x0000000100000000)
 ParOldGen       total 1040384K, used 64068K [0x00000000a0c00000, 0x00000000e0400000, 0x00000000e0400000)
  object space 1040384K, 6% used [0x00000000a0c00000,0x00000000a4a91000,0x00000000e0400000)
 Metaspace       used 13041K, capacity 13234K, committed 13312K, reserved 1060864K
  class space    used 1469K, capacity 1501K, committed 1536K, reserved 1048576K
}
{Heap before GC invocations=592 (full 0):
 PSYoungGen      total 518144K, used 516288K [0x00000000e0400000, 0x0000000100000000, 0x0000000100000000)
  eden space 516096K, 100% used [0x00000000e0400000,0x00000000ffc00000,0x00000000ffc00000)
  from space 2048K, 9% used [0x00000000ffc00000,0x00000000ffc30000,0x00000000ffe00000)
  to   space 1536K, 0% used [0x00000000ffe80000,0x00000000ffe80000,0x0000000100000000)
 ParOldGen       total 1040384K, used 64068K [0x00000000a0c00000, 0x00000000e0400000, 0x00000000e0400000)
  object space 1040384K, 6% used [0x00000000a0c00000,0x00000000a4a91000,0x00000000e0400000)
 Metaspace       used 13041K, capacity 13234K, committed 13312K, reserved 1060864K
  class space    used 1469K, capacity 1501K, committed 1536K, reserved 1048576K
4126.519: [GC (Allocation Failure) [PSYoungGen: 516288K->608K(518656K)] 580356K->64676K(1559040K), 0.0017180 secs] [Times: user=0.00 sys=0.03, real=0.00 secs] 
Heap after GC invocations=592 (full 0):
 PSYoungGen      total 518656K, used 608K [0x00000000e0400000, 0x0000000100000000, 0x0000000100000000)
  eden space 517120K, 0% used [0x00000000e0400000,0x00000000e0400000,0x00000000ffd00000)
  from space 1536K, 39% used [0x00000000ffe80000,0x00000000fff18000,0x0000000100000000)
  to   space 1536K, 0% used [0x00000000ffd00000,0x00000000ffd00000,0x00000000ffe80000)
 ParOldGen       total 1040384K, used 64068K [0x00000000a0c00000, 0x00000000e0400000, 0x00000000e0400000)
  object space 1040384K, 6% used [0x00000000a0c00000,0x00000000a4a91000,0x00000000e0400000)
 Metaspace       used 13041K, capacity 13234K, committed 13312K, reserved 1060864K
  class space    used 1469K, capacity 1501K, committed 1536K, reserved 1048576K
}
{Heap before GC invocations=593 (full 0):
 PSYoungGen      total 518656K, used 517728K [0x00000000e0400000, 0x0000000100000000, 0x0000000100000000)
  eden space 517120K, 100% used [0x00000000e0400000,0x00000000ffd00000,0x00000000ffd00000)
  from space 1536K, 39% used [0x00000000ffe80000,0x00000000fff18000,0x0000000100000000)
  to   space 1536K, 0% used [0x00000000ffd00000,0x00000000ffd00000,0x00000000ffe80000)
 ParOldGen       total 1040384K, used 64068K [0x00000000a0c00000, 0x00000000e0400000, 0x00000000e0400000)
  object space 1040384K, 6% used [0x00000000a0c00000,0x00000000a4a91000,0x00000000e0400000)
 Metaspace       used 13041K, capacity 13234K, committed 13312K, reserved 1060864K
  class space    used 1469K, capacity 1501K, committed 1536K, reserved 1048576K
4133.463: [GC (Allocation Failure) [PSYoungGen: 517728K->160K(518656K)] 581796K->64228K(1559040K), 0.0017553 secs] [Times: user=0.00 sys=0.00, real=0.00 secs] 
Heap after GC invocations=593 (full 0):
 PSYoungGen      total 518656K, used 160K [0x00000000e0400000, 0x0000000100000000, 0x0000000100000000)
  eden space 517120K, 0% used [0x00000000e0400000,0x00000000e0400000,0x00000000ffd00000)
  from space 1536K, 10% used [0x00000000ffd00000,0x00000000ffd28000,0x00000000ffe80000)
  to   space 1536K, 0% used [0x00000000ffe80000,0x00000000ffe80000,0x0000000100000000)
 ParOldGen       total 1040384K, used 64068K [0x00000000a0c00000, 0x00000000e0400000, 0x00000000e0400000)
  object space 1040384K, 6% used [0x00000000a0c00000,0x00000000a4a91000,0x00000000e0400000)
 Metaspace       used 13041K, capacity 13234K, committed 13312K, reserved 1060864K
  class space    used 1469K, capacity 1501K, committed 1536K, reserved 1048576K
}
{Heap before GC invocations=594 (full 0):
 PSYoungGen      total 518656K, used 517280K [0x00000000e0400000, 0x0000000100000000, 0x0000000100000000)
  eden space 517120K, 100% used [0x00000000e0400000,0x00000000ffd00000,0x00000000ffd00000)
  from space 1536K, 10% used [0x00000000ffd00000,0x00000000ffd28000,0x00000000ffe80000)
  to   space 1536K, 0% used [0x00000000ffe80000,0x00000000ffe80000,0x0000000100000000)
 ParOldGen       total 1040384K, used 64068K [0x00000000a0c00000, 0x00000000e0400000, 0x00000000e0400000)
  object space 1040384K, 6% used [0x00000000a0c00000,0x00000000a4a91000,0x00000000e0400000)
 Metaspace       used 13041K, capacity 13234K, committed 13312K, reserved 1060864K
  class space    used 1469K, capacity 1501K, committed 1536K, reserved 1048576K
4140.536: [GC (Allocation Failure) [PSYoungGen: 517280K->160K(518656K)] 581348K->64228K(1559040K), 0.0020495 secs] [Times: user=0.11 sys=0.00, real=0.00 secs] 
Heap after GC invocations=594 (full 0):
 PSYoungGen      total 518656K, used 160K [0x00000000e0400000, 0x0000000100000000, 0x0000000100000000)
  eden space 517120K, 0% used [0x00000000e0400000,0x00000000e0400000,0x00000000ffd00000)
  from space 1536K, 10% used [0x00000000ffe80000,0x00000000ffea8000,0x0000000100000000)
  to   space 1536K, 0% used [0x00000000ffd00000,0x00000000ffd00000,0x00000000ffe80000)
 ParOldGen       total 1040384K, used 64068K [0x00000000a0c00000, 0x00000000e0400000, 0x00000000e0400000)
  object space 1040384K, 6% used [0x00000000a0c00000,0x00000000a4a91000,0x00000000e0400000)
 Metaspace       used 13041K, capacity 13234K, committed 13312K, reserved 1060864K
  class space    used 1469K, capacity 1501K, committed 1536K, reserved 1048576K
}
{Heap before GC invocations=595 (full 0):
 PSYoungGen      total 518656K, used 517280K [0x00000000e0400000, 0x0000000100000000, 0x0000000100000000)
  eden space 517120K, 100% used [0x00000000e0400000,0x00000000ffd00000,0x00000000ffd00000)
  from space 1536K, 10% used [0x00000000ffe80000,0x00000000ffea8000,0x0000000100000000)
  to   space 1536K, 0% used [0x00000000ffd00000,0x00000000ffd00000,0x00000000ffe80000)
 ParOldGen       total 1040384K, used 64068K [0x00000000a0c00000, 0x00000000e0400000, 0x00000000e0400000)
  object space 1040384K, 6% used [0x00000000a0c00000,0x00000000a4a91000,0x00000000e0400000)
 Metaspace       used 13041K, capacity 13234K, committed 13312K, reserved 1060864K
  class space    used 1469K, capacity 1501K, committed 1536K, reserved 1048576K
4147.634: [GC (Allocation Failure) [PSYoungGen: 517280K->288K(518656K)] 581348K->64356K(1559040K), 0.0017096 secs] [Times: user=0.00 sys=0.00, real=0.00 secs] 
Heap after GC invocations=595 (full 0):
 PSYoungGen      total 518656K, used 288K [0x00000000e0400000, 0x0000000100000000, 0x0000000100000000)
  eden space 517120K, 0% used [0x00000000e0400000,0x00000000e0400000,0x00000000ffd00000)
  from space 1536K, 18% used [0x00000000ffd00000,0x00000000ffd48000,0x00000000ffe80000)
  to   space 1536K, 0% used [0x00000000ffe80000,0x00000000ffe80000,0x0000000100000000)
 ParOldGen       total 1040384K, used 64068K [0x00000000a0c00000, 0x00000000e0400000, 0x00000000e0400000)
  object space 1040384K, 6% used [0x00000000a0c00000,0x00000000a4a91000,0x00000000e0400000)
 Metaspace       used 13041K, capacity 13234K, committed 13312K, reserved 1060864K
  class space    used 1469K, capacity 1501K, committed 1536K, reserved 1048576K
}
{Heap before GC invocations=596 (full 0):
 PSYoungGen      total 518656K, used 517408K [0x00000000e0400000, 0x0000000100000000, 0x0000000100000000)
  eden space 517120K, 100% used [0x00000000e0400000,0x00000000ffd00000,0x00000000ffd00000)
  from space 1536K, 18% used [0x00000000ffd00000,0x00000000ffd48000,0x00000000ffe80000)
  to   space 1536K, 0% used [0x00000000ffe80000,0x00000000ffe80000,0x0000000100000000)
 ParOldGen       total 1040384K, used 64068K [0x00000000a0c00000, 0x00000000e0400000, 0x00000000e0400000)
  object space 1040384K, 6% used [0x00000000a0c00000,0x00000000a4a91000,0x00000000e0400000)
 Metaspace       used 13041K, capacity 13234K, committed 13312K, reserved 1060864K
  class space    used 1469K, capacity 1501K, committed 1536K, reserved 1048576K
4154.745: [GC (Allocation Failure) [PSYoungGen: 517408K->1056K(518656K)] 581476K->65132K(1559040K), 0.0024010 secs] [Times: user=0.00 sys=0.00, real=0.00 secs] 
Heap after GC invocations=596 (full 0):
 PSYoungGen      total 518656K, used 1056K [0x00000000e0400000, 0x0000000100000000, 0x0000000100000000)
  eden space 517120K, 0% used [0x00000000e0400000,0x00000000e0400000,0x00000000ffd00000)
  from space 1536K, 68% used [0x00000000ffe80000,0x00000000fff88000,0x0000000100000000)
  to   space 1536K, 0% used [0x00000000ffd00000,0x00000000ffd00000,0x00000000ffe80000)
 ParOldGen       total 1040384K, used 64076K [0x00000000a0c00000, 0x00000000e0400000, 0x00000000e0400000)
  object space 1040384K, 6% used [0x00000000a0c00000,0x00000000a4a93000,0x00000000e0400000)
 Metaspace       used 13041K, capacity 13234K, committed 13312K, reserved 1060864K
  class space    used 1469K, capacity 1501K, committed 1536K, reserved 1048576K
}
{Heap before GC invocations=597 (full 0):
 PSYoungGen      total 518656K, used 518176K [0x00000000e0400000, 0x0000000100000000, 0x0000000100000000)
  eden space 517120K, 100% used [0x00000000e0400000,0x00000000ffd00000,0x00000000ffd00000)
  from space 1536K, 68% used [0x00000000ffe80000,0x00000000fff88000,0x0000000100000000)
  to   space 1536K, 0% used [0x00000000ffd00000,0x00000000ffd00000,0x00000000ffe80000)
 ParOldGen       total 1040384K, used 64076K [0x00000000a0c00000, 0x00000000e0400000, 0x00000000e0400000)
  object space 1040384K, 6% used [0x00000000a0c00000,0x00000000a4a93000,0x00000000e0400000)
 Metaspace       used 13041K, capacity 13234K, committed 13312K, reserved 1060864K
  class space    used 1469K, capacity 1501K, committed 1536K, reserved 1048576K
4161.780: [GC (Allocation Failure) [PSYoungGen: 518176K->128K(518656K)] 582252K->64212K(1559040K), 0.0019040 secs] [Times: user=0.00 sys=0.00, real=0.00 secs] 
Heap after GC invocations=597 (full 0):
 PSYoungGen      total 518656K, used 128K [0x00000000e0400000, 0x0000000100000000, 0x0000000100000000)
  eden space 517120K, 0% used [0x00000000e0400000,0x00000000e0400000,0x00000000ffd00000)
  from space 1536K, 8% used [0x00000000ffd00000,0x00000000ffd20000,0x00000000ffe80000)
  to   space 1536K, 0% used [0x00000000ffe80000,0x00000000ffe80000,0x0000000100000000)
 ParOldGen       total 1040384K, used 64084K [0x00000000a0c00000, 0x00000000e0400000, 0x00000000e0400000)
  object space 1040384K, 6% used [0x00000000a0c00000,0x00000000a4a95000,0x00000000e0400000)
 Metaspace       used 13041K, capacity 13234K, committed 13312K, reserved 1060864K
  class space    used 1469K, capacity 1501K, committed 1536K, reserved 1048576K
}
{Heap before GC invocations=598 (full 0):
 PSYoungGen      total 518656K, used 517248K [0x00000000e0400000, 0x0000000100000000, 0x0000000100000000)
  eden space 517120K, 100% used [0x00000000e0400000,0x00000000ffd00000,0x00000000ffd00000)
  from space 1536K, 8% used [0x00000000ffd00000,0x00000000ffd20000,0x00000000ffe80000)
  to   space 1536K, 0% used [0x00000000ffe80000,0x00000000ffe80000,0x0000000100000000)
 ParOldGen       total 1040384K, used 64084K [0x00000000a0c00000, 0x00000000e0400000, 0x00000000e0400000)
  object space 1040384K, 6% used [0x00000000a0c00000,0x00000000a4a95000,0x00000000e0400000)
 Metaspace       used 13041K, capacity 13234K, committed 13312K, reserved 1060864K
  class space    used 1469K, capacity 1501K, committed 1536K, reserved 1048576K
4168.865: [GC (Allocation Failure) [PSYoungGen: 517248K->128K(518656K)] 581332K->64212K(1559040K), 0.0016073 secs] [Times: user=0.00 sys=0.02, real=0.00 secs] 
Heap after GC invocations=598 (full 0):
 PSYoungGen      total 518656K, used 128K [0x00000000e0400000, 0x0000000100000000, 0x0000000100000000)
  eden space 517120K, 0% used [0x00000000e0400000,0x00000000e0400000,0x00000000ffd00000)
  from space 1536K, 8% used [0x00000000ffe80000,0x00000000ffea0000,0x0000000100000000)
  to   space 1536K, 0% used [0x00000000ffd00000,0x00000000ffd00000,0x00000000ffe80000)
 ParOldGen       total 1040384K, used 64084K [0x00000000a0c00000, 0x00000000e0400000, 0x00000000e0400000)
  object space 1040384K, 6% used [0x00000000a0c00000,0x00000000a4a95000,0x00000000e0400000)
 Metaspace       used 13041K, capacity 13234K, committed 13312K, reserved 1060864K
  class space    used 1469K, capacity 1501K, committed 1536K, reserved 1048576K
}
{Heap before GC invocations=599 (full 0):
 PSYoungGen      total 518656K, used 517248K [0x00000000e0400000, 0x0000000100000000, 0x0000000100000000)
  eden space 517120K, 100% used [0x00000000e0400000,0x00000000ffd00000,0x00000000ffd00000)
  from space 1536K, 8% used [0x00000000ffe80000,0x00000000ffea0000,0x0000000100000000)
  to   space 1536K, 0% used [0x00000000ffd00000,0x00000000ffd00000,0x00000000ffe80000)
 ParOldGen       total 1040384K, used 64084K [0x00000000a0c00000, 0x00000000e0400000, 0x00000000e0400000)
  object space 1040384K, 6% used [0x00000000a0c00000,0x00000000a4a95000,0x00000000e0400000)
 Metaspace       used 13041K, capacity 13234K, committed 13312K, reserved 1060864K
  class space    used 1469K, capacity 1501K, committed 1536K, reserved 1048576K
4175.857: [GC (Allocation Failure) [PSYoungGen: 517248K->192K(518656K)] 581332K->64276K(1559040K), 0.0017289 secs] [Times: user=0.00 sys=0.00, real=0.00 secs] 
Heap after GC invocations=599 (full 0):
 PSYoungGen      total 518656K, used 192K [0x00000000e0400000, 0x0000000100000000, 0x0000000100000000)
  eden space 517120K, 0% used [0x00000000e0400000,0x00000000e0400000,0x00000000ffd00000)
  from space 1536K, 12% used [0x00000000ffd00000,0x00000000ffd30000,0x00000000ffe80000)
  to   space 1536K, 0% used [0x00000000ffe80000,0x00000000ffe80000,0x0000000100000000)
 ParOldGen       total 1040384K, used 64084K [0x00000000a0c00000, 0x00000000e0400000, 0x00000000e0400000)
  object space 1040384K, 6% used [0x00000000a0c00000,0x00000000a4a95000,0x00000000e0400000)
 Metaspace       used 13041K, capacity 13234K, committed 13312K, reserved 1060864K
  class space    used 1469K, capacity 1501K, committed 1536K, reserved 1048576K
}
{Heap before GC invocations=600 (full 0):
 PSYoungGen      total 518656K, used 517312K [0x00000000e0400000, 0x0000000100000000, 0x0000000100000000)
  eden space 517120K, 100% used [0x00000000e0400000,0x00000000ffd00000,0x00000000ffd00000)
  from space 1536K, 12% used [0x00000000ffd00000,0x00000000ffd30000,0x00000000ffe80000)
  to   space 1536K, 0% used [0x00000000ffe80000,0x00000000ffe80000,0x0000000100000000)
 ParOldGen       total 1040384K, used 64084K [0x00000000a0c00000, 0x00000000e0400000, 0x00000000e0400000)
  object space 1040384K, 6% used [0x00000000a0c00000,0x00000000a4a95000,0x00000000e0400000)
 Metaspace       used 13041K, capacity 13234K, committed 13312K, reserved 1060864K
  class space    used 1469K, capacity 1501K, committed 1536K, reserved 1048576K
4183.032: [GC (Allocation Failure) [PSYoungGen: 517312K->192K(518656K)] 581396K->64284K(1559040K), 0.0019649 secs] [Times: user=0.00 sys=0.00, real=0.00 secs] 
Heap after GC invocations=600 (full 0):
 PSYoungGen      total 518656K, used 192K [0x00000000e0400000, 0x0000000100000000, 0x0000000100000000)
  eden space 517120K, 0% used [0x00000000e0400000,0x00000000e0400000,0x00000000ffd00000)
  from space 1536K, 12% used [0x00000000ffe80000,0x00000000ffeb0000,0x0000000100000000)
  to   space 1536K, 0% used [0x00000000ffd00000,0x00000000ffd00000,0x00000000ffe80000)
 ParOldGen       total 1040384K, used 64092K [0x00000000a0c00000, 0x00000000e0400000, 0x00000000e0400000)
  object space 1040384K, 6% used [0x00000000a0c00000,0x00000000a4a97000,0x00000000e0400000)
 Metaspace       used 13041K, capacity 13234K, committed 13312K, reserved 1060864K
  class space    used 1469K, capacity 1501K, committed 1536K, reserved 1048576K
}
{Heap before GC invocations=601 (full 0):
 PSYoungGen      total 518656K, used 517312K [0x00000000e0400000, 0x0000000100000000, 0x0000000100000000)
  eden space 517120K, 100% used [0x00000000e0400000,0x00000000ffd00000,0x00000000ffd00000)
  from space 1536K, 12% used [0x00000000ffe80000,0x00000000ffeb0000,0x0000000100000000)
  to   space 1536K, 0% used [0x00000000ffd00000,0x00000000ffd00000,0x00000000ffe80000)
 ParOldGen       total 1040384K, used 64092K [0x00000000a0c00000, 0x00000000e0400000, 0x00000000e0400000)
  object space 1040384K, 6% used [0x00000000a0c00000,0x00000000a4a970e8,0x00000000e0400000)
 Metaspace       used 13041K, capacity 13234K, committed 13312K, reserved 1060864K
  class space    used 1469K, capacity 1501K, committed 1536K, reserved 1048576K
4190.012: [GC (GCLocker Initiated GC) [PSYoungGen: 517312K->1536K(518656K)] 581404K->65788K(1559040K), 0.0021043 secs] [Times: user=0.00 sys=0.00, real=0.00 secs] 
Heap after GC invocations=601 (full 0):
 PSYoungGen      total 518656K, used 1536K [0x00000000e0400000, 0x0000000100000000, 0x0000000100000000)
  eden space 517120K, 0% used [0x00000000e0400000,0x00000000e0400000,0x00000000ffd00000)
  from space 1536K, 100% used [0x00000000ffd00000,0x00000000ffe80000,0x00000000ffe80000)
  to   space 1536K, 0% used [0x00000000ffe80000,0x00000000ffe80000,0x0000000100000000)
 ParOldGen       total 1040384K, used 64252K [0x00000000a0c00000, 0x00000000e0400000, 0x00000000e0400000)
  object space 1040384K, 6% used [0x00000000a0c00000,0x00000000a4abf0e8,0x00000000e0400000)
 Metaspace       used 13041K, capacity 13234K, committed 13312K, reserved 1060864K
  class space    used 1469K, capacity 1501K, committed 1536K, reserved 1048576K
}
{Heap before GC invocations=602 (full 0):
 PSYoungGen      total 518656K, used 518656K [0x00000000e0400000, 0x0000000100000000, 0x0000000100000000)
  eden space 517120K, 100% used [0x00000000e0400000,0x00000000ffd00000,0x00000000ffd00000)
  from space 1536K, 100% used [0x00000000ffd00000,0x00000000ffe80000,0x00000000ffe80000)
  to   space 1536K, 0% used [0x00000000ffe80000,0x00000000ffe80000,0x0000000100000000)
 ParOldGen       total 1040384K, used 64255K [0x00000000a0c00000, 0x00000000e0400000, 0x00000000e0400000)
  object space 1040384K, 6% used [0x00000000a0c00000,0x00000000a4abfc28,0x00000000e0400000)
 Metaspace       used 13041K, capacity 13234K, committed 13312K, reserved 1060864K
  class space    used 1469K, capacity 1501K, committed 1536K, reserved 1048576K
4197.118: [GC (Allocation Failure) [PSYoungGen: 518656K->160K(517632K)] 582911K->64447K(1558016K), 0.0015354 secs] [Times: user=0.00 sys=0.00, real=0.00 secs] 
Heap after GC invocations=602 (full 0):
 PSYoungGen      total 517632K, used 160K [0x00000000e0400000, 0x0000000100000000, 0x0000000100000000)
  eden space 516096K, 0% used [0x00000000e0400000,0x00000000e0400000,0x00000000ffc00000)
  from space 1536K, 10% used [0x00000000ffe80000,0x00000000ffea8000,0x0000000100000000)
  to   space 2048K, 0% used [0x00000000ffc00000,0x00000000ffc00000,0x00000000ffe00000)
 ParOldGen       total 1040384K, used 64287K [0x00000000a0c00000, 0x00000000e0400000, 0x00000000e0400000)
  object space 1040384K, 6% used [0x00000000a0c00000,0x00000000a4ac7c28,0x00000000e0400000)
 Metaspace       used 13041K, capacity 13234K, committed 13312K, reserved 1060864K
  class space    used 1469K, capacity 1501K, committed 1536K, reserved 1048576K
}
{Heap before GC invocations=603 (full 0):
 PSYoungGen      total 517632K, used 516256K [0x00000000e0400000, 0x0000000100000000, 0x0000000100000000)
  eden space 516096K, 100% used [0x00000000e0400000,0x00000000ffc00000,0x00000000ffc00000)
  from space 1536K, 10% used [0x00000000ffe80000,0x00000000ffea8000,0x0000000100000000)
  to   space 2048K, 0% used [0x00000000ffc00000,0x00000000ffc00000,0x00000000ffe00000)
 ParOldGen       total 1040384K, used 64287K [0x00000000a0c00000, 0x00000000e0400000, 0x00000000e0400000)
  object space 1040384K, 6% used [0x00000000a0c00000,0x00000000a4ac7c28,0x00000000e0400000)
 Metaspace       used 13041K, capacity 13234K, committed 13312K, reserved 1060864K
  class space    used 1469K, capacity 1501K, committed 1536K, reserved 1048576K
4204.146: [GC (Allocation Failure) [PSYoungGen: 516256K->160K(518144K)] 580543K->64463K(1558528K), 0.0017130 secs] [Times: user=0.00 sys=0.00, real=0.00 secs] 
Heap after GC invocations=603 (full 0):
 PSYoungGen      total 518144K, used 160K [0x00000000e0400000, 0x0000000100000000, 0x0000000100000000)
  eden space 516096K, 0% used [0x00000000e0400000,0x00000000e0400000,0x00000000ffc00000)
  from space 2048K, 7% used [0x00000000ffc00000,0x00000000ffc28000,0x00000000ffe00000)
  to   space 1536K, 0% used [0x00000000ffe80000,0x00000000ffe80000,0x0000000100000000)
 ParOldGen       total 1040384K, used 64303K [0x00000000a0c00000, 0x00000000e0400000, 0x00000000e0400000)
  object space 1040384K, 6% used [0x00000000a0c00000,0x00000000a4acbc28,0x00000000e0400000)
 Metaspace       used 13041K, capacity 13234K, committed 13312K, reserved 1060864K
  class space    used 1469K, capacity 1501K, committed 1536K, reserved 1048576K
}
{Heap before GC invocations=604 (full 0):
 PSYoungGen      total 518144K, used 516256K [0x00000000e0400000, 0x0000000100000000, 0x0000000100000000)
  eden space 516096K, 100% used [0x00000000e0400000,0x00000000ffc00000,0x00000000ffc00000)
  from space 2048K, 7% used [0x00000000ffc00000,0x00000000ffc28000,0x00000000ffe00000)
  to   space 1536K, 0% used [0x00000000ffe80000,0x00000000ffe80000,0x0000000100000000)
 ParOldGen       total 1040384K, used 64303K [0x00000000a0c00000, 0x00000000e0400000, 0x00000000e0400000)
  object space 1040384K, 6% used [0x00000000a0c00000,0x00000000a4acbc28,0x00000000e0400000)
 Metaspace       used 13041K, capacity 13234K, committed 13312K, reserved 1060864K
  class space    used 1469K, capacity 1501K, committed 1536K, reserved 1048576K
4211.264: [GC (Allocation Failure) [PSYoungGen: 516256K->160K(518656K)] 580559K->64471K(1559040K), 0.0017721 secs] [Times: user=0.00 sys=0.00, real=0.00 secs] 
Heap after GC invocations=604 (full 0):
 PSYoungGen      total 518656K, used 160K [0x00000000e0400000, 0x0000000100000000, 0x0000000100000000)
  eden space 517120K, 0% used [0x00000000e0400000,0x00000000e0400000,0x00000000ffd00000)
  from space 1536K, 10% used [0x00000000ffe80000,0x00000000ffea8000,0x0000000100000000)
  to   space 1536K, 0% used [0x00000000ffd00000,0x00000000ffd00000,0x00000000ffe80000)
 ParOldGen       total 1040384K, used 64311K [0x00000000a0c00000, 0x00000000e0400000, 0x00000000e0400000)
  object space 1040384K, 6% used [0x00000000a0c00000,0x00000000a4acdc28,0x00000000e0400000)
 Metaspace       used 13041K, capacity 13234K, committed 13312K, reserved 1060864K
  class space    used 1469K, capacity 1501K, committed 1536K, reserved 1048576K
}
{Heap before GC invocations=605 (full 0):
 PSYoungGen      total 518656K, used 517280K [0x00000000e0400000, 0x0000000100000000, 0x0000000100000000)
  eden space 517120K, 100% used [0x00000000e0400000,0x00000000ffd00000,0x00000000ffd00000)
  from space 1536K, 10% used [0x00000000ffe80000,0x00000000ffea8000,0x0000000100000000)
  to   space 1536K, 0% used [0x00000000ffd00000,0x00000000ffd00000,0x00000000ffe80000)
 ParOldGen       total 1040384K, used 64311K [0x00000000a0c00000, 0x00000000e0400000, 0x00000000e0400000)
  object space 1040384K, 6% used [0x00000000a0c00000,0x00000000a4acdc28,0x00000000e0400000)
 Metaspace       used 13041K, capacity 13234K, committed 13312K, reserved 1060864K
  class space    used 1469K, capacity 1501K, committed 1536K, reserved 1048576K
4218.298: [GC (Allocation Failure) [PSYoungGen: 517280K->256K(518656K)] 581591K->64567K(1559040K), 0.0018377 secs] [Times: user=0.00 sys=0.00, real=0.00 secs] 
Heap after GC invocations=605 (full 0):
 PSYoungGen      total 518656K, used 256K [0x00000000e0400000, 0x0000000100000000, 0x0000000100000000)
  eden space 517120K, 0% used [0x00000000e0400000,0x00000000e0400000,0x00000000ffd00000)
  from space 1536K, 16% used [0x00000000ffd00000,0x00000000ffd40000,0x00000000ffe80000)
  to   space 1536K, 0% used [0x00000000ffe80000,0x00000000ffe80000,0x0000000100000000)
 ParOldGen       total 1040384K, used 64311K [0x00000000a0c00000, 0x00000000e0400000, 0x00000000e0400000)
  object space 1040384K, 6% used [0x00000000a0c00000,0x00000000a4acdc28,0x00000000e0400000)
 Metaspace       used 13041K, capacity 13234K, committed 13312K, reserved 1060864K
  class space    used 1469K, capacity 1501K, committed 1536K, reserved 1048576K
}
{Heap before GC invocations=606 (full 0):
 PSYoungGen      total 518656K, used 517376K [0x00000000e0400000, 0x0000000100000000, 0x0000000100000000)
  eden space 517120K, 100% used [0x00000000e0400000,0x00000000ffd00000,0x00000000ffd00000)
  from space 1536K, 16% used [0x00000000ffd00000,0x00000000ffd40000,0x00000000ffe80000)
  to   space 1536K, 0% used [0x00000000ffe80000,0x00000000ffe80000,0x0000000100000000)
 ParOldGen       total 1040384K, used 64311K [0x00000000a0c00000, 0x00000000e0400000, 0x00000000e0400000)
  object space 1040384K, 6% used [0x00000000a0c00000,0x00000000a4acdc28,0x00000000e0400000)
 Metaspace       used 13041K, capacity 13234K, committed 13312K, reserved 1060864K
  class space    used 1469K, capacity 1501K, committed 1536K, reserved 1048576K
4225.332: [GC (Allocation Failure) [PSYoungGen: 517376K->640K(518656K)] 581687K->64951K(1559040K), 0.0017040 secs] [Times: user=0.01 sys=0.00, real=0.00 secs] 
Heap after GC invocations=606 (full 0):
 PSYoungGen      total 518656K, used 640K [0x00000000e0400000, 0x0000000100000000, 0x0000000100000000)
  eden space 517120K, 0% used [0x00000000e0400000,0x00000000e0400000,0x00000000ffd00000)
  from space 1536K, 41% used [0x00000000ffe80000,0x00000000fff20000,0x0000000100000000)
  to   space 1536K, 0% used [0x00000000ffd00000,0x00000000ffd00000,0x00000000ffe80000)
 ParOldGen       total 1040384K, used 64311K [0x00000000a0c00000, 0x00000000e0400000, 0x00000000e0400000)
  object space 1040384K, 6% used [0x00000000a0c00000,0x00000000a4acdc28,0x00000000e0400000)
 Metaspace       used 13041K, capacity 13234K, committed 13312K, reserved 1060864K
  class space    used 1469K, capacity 1501K, committed 1536K, reserved 1048576K
}
{Heap before GC invocations=607 (full 0):
 PSYoungGen      total 518656K, used 517760K [0x00000000e0400000, 0x0000000100000000, 0x0000000100000000)
  eden space 517120K, 100% used [0x00000000e0400000,0x00000000ffd00000,0x00000000ffd00000)
  from space 1536K, 41% used [0x00000000ffe80000,0x00000000fff20000,0x0000000100000000)
  to   space 1536K, 0% used [0x00000000ffd00000,0x00000000ffd00000,0x00000000ffe80000)
 ParOldGen       total 1040384K, used 64311K [0x00000000a0c00000, 0x00000000e0400000, 0x00000000e0400000)
  object space 1040384K, 6% used [0x00000000a0c00000,0x00000000a4acdc28,0x00000000e0400000)
 Metaspace       used 13041K, capacity 13234K, committed 13312K, reserved 1060864K
  class space    used 1469K, capacity 1501K, committed 1536K, reserved 1048576K
4232.344: [GC (Allocation Failure) [PSYoungGen: 517760K->96K(518656K)] 582071K->64407K(1559040K), 0.0018726 secs] [Times: user=0.00 sys=0.00, real=0.00 secs] 
Heap after GC invocations=607 (full 0):
 PSYoungGen      total 518656K, used 96K [0x00000000e0400000, 0x0000000100000000, 0x0000000100000000)
  eden space 517120K, 0% used [0x00000000e0400000,0x00000000e0400000,0x00000000ffd00000)
  from space 1536K, 6% used [0x00000000ffd00000,0x00000000ffd18000,0x00000000ffe80000)
  to   space 1536K, 0% used [0x00000000ffe80000,0x00000000ffe80000,0x0000000100000000)
 ParOldGen       total 1040384K, used 64311K [0x00000000a0c00000, 0x00000000e0400000, 0x00000000e0400000)
  object space 1040384K, 6% used [0x00000000a0c00000,0x00000000a4acdc28,0x00000000e0400000)
 Metaspace       used 13041K, capacity 13234K, committed 13312K, reserved 1060864K
  class space    used 1469K, capacity 1501K, committed 1536K, reserved 1048576K
}
{Heap before GC invocations=608 (full 0):
 PSYoungGen      total 518656K, used 517216K [0x00000000e0400000, 0x0000000100000000, 0x0000000100000000)
  eden space 517120K, 100% used [0x00000000e0400000,0x00000000ffd00000,0x00000000ffd00000)
  from space 1536K, 6% used [0x00000000ffd00000,0x00000000ffd18000,0x00000000ffe80000)
  to   space 1536K, 0% used [0x00000000ffe80000,0x00000000ffe80000,0x0000000100000000)
 ParOldGen       total 1040384K, used 64311K [0x00000000a0c00000, 0x00000000e0400000, 0x00000000e0400000)
  object space 1040384K, 6% used [0x00000000a0c00000,0x00000000a4acdc28,0x00000000e0400000)
 Metaspace       used 13041K, capacity 13234K, committed 13312K, reserved 1060864K
  class space    used 1469K, capacity 1501K, committed 1536K, reserved 1048576K
4239.397: [GC (Allocation Failure) [PSYoungGen: 517216K->128K(518656K)] 581527K->64447K(1559040K), 0.0020455 secs] [Times: user=0.00 sys=0.00, real=0.00 secs] 
Heap after GC invocations=608 (full 0):
 PSYoungGen      total 518656K, used 128K [0x00000000e0400000, 0x0000000100000000, 0x0000000100000000)
  eden space 517120K, 0% used [0x00000000e0400000,0x00000000e0400000,0x00000000ffd00000)
  from space 1536K, 8% used [0x00000000ffe80000,0x00000000ffea0000,0x0000000100000000)
  to   space 1536K, 0% used [0x00000000ffd00000,0x00000000ffd00000,0x00000000ffe80000)
 ParOldGen       total 1040384K, used 64319K [0x00000000a0c00000, 0x00000000e0400000, 0x00000000e0400000)
  object space 1040384K, 6% used [0x00000000a0c00000,0x00000000a4acfc28,0x00000000e0400000)
 Metaspace       used 13041K, capacity 13234K, committed 13312K, reserved 1060864K
  class space    used 1469K, capacity 1501K, committed 1536K, reserved 1048576K
}
{Heap before GC invocations=609 (full 0):
 PSYoungGen      total 518656K, used 517248K [0x00000000e0400000, 0x0000000100000000, 0x0000000100000000)
  eden space 517120K, 100% used [0x00000000e0400000,0x00000000ffd00000,0x00000000ffd00000)
  from space 1536K, 8% used [0x00000000ffe80000,0x00000000ffea0000,0x0000000100000000)
  to   space 1536K, 0% used [0x00000000ffd00000,0x00000000ffd00000,0x00000000ffe80000)
 ParOldGen       total 1040384K, used 64319K [0x00000000a0c00000, 0x00000000e0400000, 0x00000000e0400000)
  object space 1040384K, 6% used [0x00000000a0c00000,0x00000000a4acfc28,0x00000000e0400000)
 Metaspace       used 13041K, capacity 13234K, committed 13312K, reserved 1060864K
  class space    used 1469K, capacity 1501K, committed 1536K, reserved 1048576K
4246.486: [GC (Allocation Failure) [PSYoungGen: 517248K->128K(518656K)] 581567K->64447K(1559040K), 0.0018720 secs] [Times: user=0.00 sys=0.00, real=0.00 secs] 
Heap after GC invocations=609 (full 0):
 PSYoungGen      total 518656K, used 128K [0x00000000e0400000, 0x0000000100000000, 0x0000000100000000)
  eden space 517120K, 0% used [0x00000000e0400000,0x00000000e0400000,0x00000000ffd00000)
  from space 1536K, 8% used [0x00000000ffd00000,0x00000000ffd20000,0x00000000ffe80000)
  to   space 1536K, 0% used [0x00000000ffe80000,0x00000000ffe80000,0x0000000100000000)
 ParOldGen       total 1040384K, used 64319K [0x00000000a0c00000, 0x00000000e0400000, 0x00000000e0400000)
  object space 1040384K, 6% used [0x00000000a0c00000,0x00000000a4acfc28,0x00000000e0400000)
 Metaspace       used 13041K, capacity 13234K, committed 13312K, reserved 1060864K
  class space    used 1469K, capacity 1501K, committed 1536K, reserved 1048576K
}
{Heap before GC invocations=610 (full 0):
 PSYoungGen      total 518656K, used 517248K [0x00000000e0400000, 0x0000000100000000, 0x0000000100000000)
  eden space 517120K, 100% used [0x00000000e0400000,0x00000000ffd00000,0x00000000ffd00000)
  from space 1536K, 8% used [0x00000000ffd00000,0x00000000ffd20000,0x00000000ffe80000)
  to   space 1536K, 0% used [0x00000000ffe80000,0x00000000ffe80000,0x0000000100000000)
 ParOldGen       total 1040384K, used 64319K [0x00000000a0c00000, 0x00000000e0400000, 0x00000000e0400000)
  object space 1040384K, 6% used [0x00000000a0c00000,0x00000000a4acfc28,0x00000000e0400000)
 Metaspace       used 13041K, capacity 13234K, committed 13312K, reserved 1060864K
  class space    used 1469K, capacity 1501K, committed 1536K, reserved 1048576K
4253.494: [GC (Allocation Failure) [PSYoungGen: 517248K->896K(518656K)] 581567K->65215K(1559040K), 0.0017721 secs] [Times: user=0.00 sys=0.00, real=0.00 secs] 
Heap after GC invocations=610 (full 0):
 PSYoungGen      total 518656K, used 896K [0x00000000e0400000, 0x0000000100000000, 0x0000000100000000)
  eden space 517120K, 0% used [0x00000000e0400000,0x00000000e0400000,0x00000000ffd00000)
  from space 1536K, 58% used [0x00000000ffe80000,0x00000000fff60000,0x0000000100000000)
  to   space 1536K, 0% used [0x00000000ffd00000,0x00000000ffd00000,0x00000000ffe80000)
 ParOldGen       total 1040384K, used 64319K [0x00000000a0c00000, 0x00000000e0400000, 0x00000000e0400000)
  object space 1040384K, 6% used [0x00000000a0c00000,0x00000000a4acfc28,0x00000000e0400000)
 Metaspace       used 13041K, capacity 13234K, committed 13312K, reserved 1060864K
  class space    used 1469K, capacity 1501K, committed 1536K, reserved 1048576K
}
{Heap before GC invocations=611 (full 0):
 PSYoungGen      total 518656K, used 518016K [0x00000000e0400000, 0x0000000100000000, 0x0000000100000000)
  eden space 517120K, 100% used [0x00000000e0400000,0x00000000ffd00000,0x00000000ffd00000)
  from space 1536K, 58% used [0x00000000ffe80000,0x00000000fff60000,0x0000000100000000)
  to   space 1536K, 0% used [0x00000000ffd00000,0x00000000ffd00000,0x00000000ffe80000)
 ParOldGen       total 1040384K, used 64319K [0x00000000a0c00000, 0x00000000e0400000, 0x00000000e0400000)
  object space 1040384K, 6% used [0x00000000a0c00000,0x00000000a4acfc28,0x00000000e0400000)
 Metaspace       used 13041K, capacity 13234K, committed 13312K, reserved 1060864K
  class space    used 1469K, capacity 1501K, committed 1536K, reserved 1048576K
4260.590: [GC (Allocation Failure) [PSYoungGen: 518016K->256K(518656K)] 582335K->64575K(1559040K), 0.0013258 secs] [Times: user=0.00 sys=0.00, real=0.00 secs] 
Heap after GC invocations=611 (full 0):
 PSYoungGen      total 518656K, used 256K [0x00000000e0400000, 0x0000000100000000, 0x0000000100000000)
  eden space 517120K, 0% used [0x00000000e0400000,0x00000000e0400000,0x00000000ffd00000)
  from space 1536K, 16% used [0x00000000ffd00000,0x00000000ffd40000,0x00000000ffe80000)
  to   space 1536K, 0% used [0x00000000ffe80000,0x00000000ffe80000,0x0000000100000000)
 ParOldGen       total 1040384K, used 64319K [0x00000000a0c00000, 0x00000000e0400000, 0x00000000e0400000)
  object space 1040384K, 6% used [0x00000000a0c00000,0x00000000a4acfc28,0x00000000e0400000)
 Metaspace       used 13041K, capacity 13234K, committed 13312K, reserved 1060864K
  class space    used 1469K, capacity 1501K, committed 1536K, reserved 1048576K
}
{Heap before GC invocations=612 (full 0):
 PSYoungGen      total 518656K, used 517376K [0x00000000e0400000, 0x0000000100000000, 0x0000000100000000)
  eden space 517120K, 100% used [0x00000000e0400000,0x00000000ffd00000,0x00000000ffd00000)
  from space 1536K, 16% used [0x00000000ffd00000,0x00000000ffd40000,0x00000000ffe80000)
  to   space 1536K, 0% used [0x00000000ffe80000,0x00000000ffe80000,0x0000000100000000)
 ParOldGen       total 1040384K, used 64319K [0x00000000a0c00000, 0x00000000e0400000, 0x00000000e0400000)
  object space 1040384K, 6% used [0x00000000a0c00000,0x00000000a4acfc28,0x00000000e0400000)
 Metaspace       used 13041K, capacity 13234K, committed 13312K, reserved 1060864K
  class space    used 1469K, capacity 1501K, committed 1536K, reserved 1048576K
4267.678: [GC (Allocation Failure) [PSYoungGen: 517376K->192K(518656K)] 581695K->64511K(1559040K), 0.0016008 secs] [Times: user=0.00 sys=0.00, real=0.00 secs] 
Heap after GC invocations=612 (full 0):
 PSYoungGen      total 518656K, used 192K [0x00000000e0400000, 0x0000000100000000, 0x0000000100000000)
  eden space 517120K, 0% used [0x00000000e0400000,0x00000000e0400000,0x00000000ffd00000)
  from space 1536K, 12% used [0x00000000ffe80000,0x00000000ffeb0000,0x0000000100000000)
  to   space 1536K, 0% used [0x00000000ffd00000,0x00000000ffd00000,0x00000000ffe80000)
 ParOldGen       total 1040384K, used 64319K [0x00000000a0c00000, 0x00000000e0400000, 0x00000000e0400000)
  object space 1040384K, 6% used [0x00000000a0c00000,0x00000000a4acfc28,0x00000000e0400000)
 Metaspace       used 13041K, capacity 13234K, committed 13312K, reserved 1060864K
  class space    used 1469K, capacity 1501K, committed 1536K, reserved 1048576K
}
{Heap before GC invocations=613 (full 0):
 PSYoungGen      total 518656K, used 517312K [0x00000000e0400000, 0x0000000100000000, 0x0000000100000000)
  eden space 517120K, 100% used [0x00000000e0400000,0x00000000ffd00000,0x00000000ffd00000)
  from space 1536K, 12% used [0x00000000ffe80000,0x00000000ffeb0000,0x0000000100000000)
  to   space 1536K, 0% used [0x00000000ffd00000,0x00000000ffd00000,0x00000000ffe80000)
 ParOldGen       total 1040384K, used 64319K [0x00000000a0c00000, 0x00000000e0400000, 0x00000000e0400000)
  object space 1040384K, 6% used [0x00000000a0c00000,0x00000000a4acfc28,0x00000000e0400000)
 Metaspace       used 13041K, capacity 13234K, committed 13312K, reserved 1060864K
  class space    used 1469K, capacity 1501K, committed 1536K, reserved 1048576K
4274.787: [GC (Allocation Failure) [PSYoungGen: 517312K->160K(518656K)] 581631K->64487K(1559040K), 0.0015855 secs] [Times: user=0.00 sys=0.00, real=0.00 secs] 
Heap after GC invocations=613 (full 0):
 PSYoungGen      total 518656K, used 160K [0x00000000e0400000, 0x0000000100000000, 0x0000000100000000)
  eden space 517120K, 0% used [0x00000000e0400000,0x00000000e0400000,0x00000000ffd00000)
  from space 1536K, 10% used [0x00000000ffd00000,0x00000000ffd28000,0x00000000ffe80000)
  to   space 1536K, 0% used [0x00000000ffe80000,0x00000000ffe80000,0x0000000100000000)
 ParOldGen       total 1040384K, used 64327K [0x00000000a0c00000, 0x00000000e0400000, 0x00000000e0400000)
  object space 1040384K, 6% used [0x00000000a0c00000,0x00000000a4ad1c28,0x00000000e0400000)
 Metaspace       used 13041K, capacity 13234K, committed 13312K, reserved 1060864K
  class space    used 1469K, capacity 1501K, committed 1536K, reserved 1048576K
}
{Heap before GC invocations=614 (full 0):
 PSYoungGen      total 518656K, used 517280K [0x00000000e0400000, 0x0000000100000000, 0x0000000100000000)
  eden space 517120K, 100% used [0x00000000e0400000,0x00000000ffd00000,0x00000000ffd00000)
  from space 1536K, 10% used [0x00000000ffd00000,0x00000000ffd28000,0x00000000ffe80000)
  to   space 1536K, 0% used [0x00000000ffe80000,0x00000000ffe80000,0x0000000100000000)
 ParOldGen       total 1040384K, used 64327K [0x00000000a0c00000, 0x00000000e0400000, 0x00000000e0400000)
  object space 1040384K, 6% used [0x00000000a0c00000,0x00000000a4ad1c28,0x00000000e0400000)
 Metaspace       used 13041K, capacity 13234K, committed 13312K, reserved 1060864K
  class space    used 1469K, capacity 1501K, committed 1536K, reserved 1048576K
4281.919: [GC (Allocation Failure) [PSYoungGen: 517280K->160K(518656K)] 581607K->64487K(1559040K), 0.0017158 secs] [Times: user=0.00 sys=0.00, real=0.00 secs] 
Heap after GC invocations=614 (full 0):
 PSYoungGen      total 518656K, used 160K [0x00000000e0400000, 0x0000000100000000, 0x0000000100000000)
  eden space 517120K, 0% used [0x00000000e0400000,0x00000000e0400000,0x00000000ffd00000)
  from space 1536K, 10% used [0x00000000ffe80000,0x00000000ffea8000,0x0000000100000000)
  to   space 1536K, 0% used [0x00000000ffd00000,0x00000000ffd00000,0x00000000ffe80000)
 ParOldGen       total 1040384K, used 64327K [0x00000000a0c00000, 0x00000000e0400000, 0x00000000e0400000)
  object space 1040384K, 6% used [0x00000000a0c00000,0x00000000a4ad1c28,0x00000000e0400000)
 Metaspace       used 13041K, capacity 13234K, committed 13312K, reserved 1060864K
  class space    used 1469K, capacity 1501K, committed 1536K, reserved 1048576K
}
{Heap before GC invocations=615 (full 0):
 PSYoungGen      total 518656K, used 517280K [0x00000000e0400000, 0x0000000100000000, 0x0000000100000000)
  eden space 517120K, 100% used [0x00000000e0400000,0x00000000ffd00000,0x00000000ffd00000)
  from space 1536K, 10% used [0x00000000ffe80000,0x00000000ffea8000,0x0000000100000000)
  to   space 1536K, 0% used [0x00000000ffd00000,0x00000000ffd00000,0x00000000ffe80000)
 ParOldGen       total 1040384K, used 64327K [0x00000000a0c00000, 0x00000000e0400000, 0x00000000e0400000)
  object space 1040384K, 6% used [0x00000000a0c00000,0x00000000a4ad1c28,0x00000000e0400000)
 Metaspace       used 13041K, capacity 13234K, committed 13312K, reserved 1060864K
  class space    used 1469K, capacity 1501K, committed 1536K, reserved 1048576K
4288.904: [GC (Allocation Failure) [PSYoungGen: 517280K->1088K(518656K)] 581607K->65415K(1559040K), 0.0018636 secs] [Times: user=0.00 sys=0.00, real=0.00 secs] 
Heap after GC invocations=615 (full 0):
 PSYoungGen      total 518656K, used 1088K [0x00000000e0400000, 0x0000000100000000, 0x0000000100000000)
  eden space 517120K, 0% used [0x00000000e0400000,0x00000000e0400000,0x00000000ffd00000)
  from space 1536K, 70% used [0x00000000ffd00000,0x00000000ffe10000,0x00000000ffe80000)
  to   space 1536K, 0% used [0x00000000ffe80000,0x00000000ffe80000,0x0000000100000000)
 ParOldGen       total 1040384K, used 64327K [0x00000000a0c00000, 0x00000000e0400000, 0x00000000e0400000)
  object space 1040384K, 6% used [0x00000000a0c00000,0x00000000a4ad1c28,0x00000000e0400000)
 Metaspace       used 13041K, capacity 13234K, committed 13312K, reserved 1060864K
  class space    used 1469K, capacity 1501K, committed 1536K, reserved 1048576K
}
{Heap before GC invocations=616 (full 0):
 PSYoungGen      total 518656K, used 518208K [0x00000000e0400000, 0x0000000100000000, 0x0000000100000000)
  eden space 517120K, 100% used [0x00000000e0400000,0x00000000ffd00000,0x00000000ffd00000)
  from space 1536K, 70% used [0x00000000ffd00000,0x00000000ffe10000,0x00000000ffe80000)
  to   space 1536K, 0% used [0x00000000ffe80000,0x00000000ffe80000,0x0000000100000000)
 ParOldGen       total 1040384K, used 64327K [0x00000000a0c00000, 0x00000000e0400000, 0x00000000e0400000)
  object space 1040384K, 6% used [0x00000000a0c00000,0x00000000a4ad1c28,0x00000000e0400000)
 Metaspace       used 13041K, capacity 13234K, committed 13312K, reserved 1060864K
  class space    used 1469K, capacity 1501K, committed 1536K, reserved 1048576K
4296.064: [GC (Allocation Failure) [PSYoungGen: 518208K->192K(518656K)] 582535K->64519K(1559040K), 0.0017752 secs] [Times: user=0.00 sys=0.00, real=0.00 secs] 
Heap after GC invocations=616 (full 0):
 PSYoungGen      total 518656K, used 192K [0x00000000e0400000, 0x0000000100000000, 0x0000000100000000)
  eden space 517120K, 0% used [0x00000000e0400000,0x00000000e0400000,0x00000000ffd00000)
  from space 1536K, 12% used [0x00000000ffe80000,0x00000000ffeb0000,0x0000000100000000)
  to   space 1536K, 0% used [0x00000000ffd00000,0x00000000ffd00000,0x00000000ffe80000)
 ParOldGen       total 1040384K, used 64327K [0x00000000a0c00000, 0x00000000e0400000, 0x00000000e0400000)
  object space 1040384K, 6% used [0x00000000a0c00000,0x00000000a4ad1c28,0x00000000e0400000)
 Metaspace       used 13041K, capacity 13234K, committed 13312K, reserved 1060864K
  class space    used 1469K, capacity 1501K, committed 1536K, reserved 1048576K
}
{Heap before GC invocations=617 (full 0):
 PSYoungGen      total 518656K, used 517312K [0x00000000e0400000, 0x0000000100000000, 0x0000000100000000)
  eden space 517120K, 100% used [0x00000000e0400000,0x00000000ffd00000,0x00000000ffd00000)
  from space 1536K, 12% used [0x00000000ffe80000,0x00000000ffeb0000,0x0000000100000000)
  to   space 1536K, 0% used [0x00000000ffd00000,0x00000000ffd00000,0x00000000ffe80000)
 ParOldGen       total 1040384K, used 64327K [0x00000000a0c00000, 0x00000000e0400000, 0x00000000e0400000)
  object space 1040384K, 6% used [0x00000000a0c00000,0x00000000a4ad1c28,0x00000000e0400000)
 Metaspace       used 13041K, capacity 13234K, committed 13312K, reserved 1060864K
  class space    used 1469K, capacity 1501K, committed 1536K, reserved 1048576K
4303.201: [GC (Allocation Failure) [PSYoungGen: 517312K->160K(518656K)] 581639K->64495K(1559040K), 0.0016465 secs] [Times: user=0.00 sys=0.00, real=0.00 secs] 
Heap after GC invocations=617 (full 0):
 PSYoungGen      total 518656K, used 160K [0x00000000e0400000, 0x0000000100000000, 0x0000000100000000)
  eden space 517120K, 0% used [0x00000000e0400000,0x00000000e0400000,0x00000000ffd00000)
  from space 1536K, 10% used [0x00000000ffd00000,0x00000000ffd28000,0x00000000ffe80000)
  to   space 1536K, 0% used [0x00000000ffe80000,0x00000000ffe80000,0x0000000100000000)
 ParOldGen       total 1040384K, used 64335K [0x00000000a0c00000, 0x00000000e0400000, 0x00000000e0400000)
  object space 1040384K, 6% used [0x00000000a0c00000,0x00000000a4ad3c28,0x00000000e0400000)
 Metaspace       used 13041K, capacity 13234K, committed 13312K, reserved 1060864K
  class space    used 1469K, capacity 1501K, committed 1536K, reserved 1048576K
}
{Heap before GC invocations=618 (full 0):
 PSYoungGen      total 518656K, used 517280K [0x00000000e0400000, 0x0000000100000000, 0x0000000100000000)
  eden space 517120K, 100% used [0x00000000e0400000,0x00000000ffd00000,0x00000000ffd00000)
  from space 1536K, 10% used [0x00000000ffd00000,0x00000000ffd28000,0x00000000ffe80000)
  to   space 1536K, 0% used [0x00000000ffe80000,0x00000000ffe80000,0x0000000100000000)
 ParOldGen       total 1040384K, used 64335K [0x00000000a0c00000, 0x00000000e0400000, 0x00000000e0400000)
  object space 1040384K, 6% used [0x00000000a0c00000,0x00000000a4ad3c28,0x00000000e0400000)
 Metaspace       used 13041K, capacity 13234K, committed 13312K, reserved 1060864K
  class space    used 1469K, capacity 1501K, committed 1536K, reserved 1048576K
4310.244: [GC (Allocation Failure) [PSYoungGen: 517280K->192K(518656K)] 581615K->64527K(1559040K), 0.0012742 secs] [Times: user=0.00 sys=0.00, real=0.00 secs] 
Heap after GC invocations=618 (full 0):
 PSYoungGen      total 518656K, used 192K [0x00000000e0400000, 0x0000000100000000, 0x0000000100000000)
  eden space 517120K, 0% used [0x00000000e0400000,0x00000000e0400000,0x00000000ffd00000)
  from space 1536K, 12% used [0x00000000ffe80000,0x00000000ffeb0000,0x0000000100000000)
  to   space 1536K, 0% used [0x00000000ffd00000,0x00000000ffd00000,0x00000000ffe80000)
 ParOldGen       total 1040384K, used 64335K [0x00000000a0c00000, 0x00000000e0400000, 0x00000000e0400000)
  object space 1040384K, 6% used [0x00000000a0c00000,0x00000000a4ad3c28,0x00000000e0400000)
 Metaspace       used 13041K, capacity 13234K, committed 13312K, reserved 1060864K
  class space    used 1469K, capacity 1501K, committed 1536K, reserved 1048576K
}
{Heap before GC invocations=619 (full 0):
 PSYoungGen      total 518656K, used 517312K [0x00000000e0400000, 0x0000000100000000, 0x0000000100000000)
  eden space 517120K, 100% used [0x00000000e0400000,0x00000000ffd00000,0x00000000ffd00000)
  from space 1536K, 12% used [0x00000000ffe80000,0x00000000ffeb0000,0x0000000100000000)
  to   space 1536K, 0% used [0x00000000ffd00000,0x00000000ffd00000,0x00000000ffe80000)
 ParOldGen       total 1040384K, used 64335K [0x00000000a0c00000, 0x00000000e0400000, 0x00000000e0400000)
  object space 1040384K, 6% used [0x00000000a0c00000,0x00000000a4ad3c28,0x00000000e0400000)
 Metaspace       used 13041K, capacity 13234K, committed 13312K, reserved 1060864K
  class space    used 1469K, capacity 1501K, committed 1536K, reserved 1048576K
4317.285: [GC (Allocation Failure) [PSYoungGen: 517312K->192K(518656K)] 581647K->64527K(1559040K), 0.0012963 secs] [Times: user=0.03 sys=0.00, real=0.00 secs] 
Heap after GC invocations=619 (full 0):
 PSYoungGen      total 518656K, used 192K [0x00000000e0400000, 0x0000000100000000, 0x0000000100000000)
  eden space 517120K, 0% used [0x00000000e0400000,0x00000000e0400000,0x00000000ffd00000)
  from space 1536K, 12% used [0x00000000ffd00000,0x00000000ffd30000,0x00000000ffe80000)
  to   space 1536K, 0% used [0x00000000ffe80000,0x00000000ffe80000,0x0000000100000000)
 ParOldGen       total 1040384K, used 64335K [0x00000000a0c00000, 0x00000000e0400000, 0x00000000e0400000)
  object space 1040384K, 6% used [0x00000000a0c00000,0x00000000a4ad3c28,0x00000000e0400000)
 Metaspace       used 13041K, capacity 13234K, committed 13312K, reserved 1060864K
  class space    used 1469K, capacity 1501K, committed 1536K, reserved 1048576K
}
{Heap before GC invocations=620 (full 0):
 PSYoungGen      total 518656K, used 517312K [0x00000000e0400000, 0x0000000100000000, 0x0000000100000000)
  eden space 517120K, 100% used [0x00000000e0400000,0x00000000ffd00000,0x00000000ffd00000)
  from space 1536K, 12% used [0x00000000ffd00000,0x00000000ffd30000,0x00000000ffe80000)
  to   space 1536K, 0% used [0x00000000ffe80000,0x00000000ffe80000,0x0000000100000000)
 ParOldGen       total 1040384K, used 64335K [0x00000000a0c00000, 0x00000000e0400000, 0x00000000e0400000)
  object space 1040384K, 6% used [0x00000000a0c00000,0x00000000a4ad3c48,0x00000000e0400000)
 Metaspace       used 13041K, capacity 13234K, committed 13312K, reserved 1060864K
  class space    used 1469K, capacity 1501K, committed 1536K, reserved 1048576K
4324.438: [GC (GCLocker Initiated GC) [PSYoungGen: 517312K->1536K(518656K)] 581647K->66063K(1559040K), 0.0023102 secs] [Times: user=0.00 sys=0.00, real=0.00 secs] 
Heap after GC invocations=620 (full 0):
 PSYoungGen      total 518656K, used 1536K [0x00000000e0400000, 0x0000000100000000, 0x0000000100000000)
  eden space 517120K, 0% used [0x00000000e0400000,0x00000000e0400000,0x00000000ffd00000)
  from space 1536K, 100% used [0x00000000ffe80000,0x0000000100000000,0x0000000100000000)
  to   space 1536K, 0% used [0x00000000ffd00000,0x00000000ffd00000,0x00000000ffe80000)
 ParOldGen       total 1040384K, used 64527K [0x00000000a0c00000, 0x00000000e0400000, 0x00000000e0400000)
  object space 1040384K, 6% used [0x00000000a0c00000,0x00000000a4b03c48,0x00000000e0400000)
 Metaspace       used 13041K, capacity 13234K, committed 13312K, reserved 1060864K
  class space    used 1469K, capacity 1501K, committed 1536K, reserved 1048576K
}
{Heap before GC invocations=621 (full 0):
 PSYoungGen      total 518656K, used 518656K [0x00000000e0400000, 0x0000000100000000, 0x0000000100000000)
  eden space 517120K, 100% used [0x00000000e0400000,0x00000000ffd00000,0x00000000ffd00000)
  from space 1536K, 100% used [0x00000000ffe80000,0x0000000100000000,0x0000000100000000)
  to   space 1536K, 0% used [0x00000000ffd00000,0x00000000ffd00000,0x00000000ffe80000)
 ParOldGen       total 1040384K, used 64530K [0x00000000a0c00000, 0x00000000e0400000, 0x00000000e0400000)
  object space 1040384K, 6% used [0x00000000a0c00000,0x00000000a4b04a58,0x00000000e0400000)
 Metaspace       used 13041K, capacity 13234K, committed 13312K, reserved 1060864K
  class space    used 1469K, capacity 1501K, committed 1536K, reserved 1048576K
4331.620: [GC (Allocation Failure) [PSYoungGen: 518656K->192K(518656K)] 583186K->64762K(1559040K), 0.0017448 secs] [Times: user=0.00 sys=0.00, real=0.00 secs] 
Heap after GC invocations=621 (full 0):
 PSYoungGen      total 518656K, used 192K [0x00000000e0400000, 0x0000000100000000, 0x0000000100000000)
  eden space 517120K, 0% used [0x00000000e0400000,0x00000000e0400000,0x00000000ffd00000)
  from space 1536K, 12% used [0x00000000ffd00000,0x00000000ffd30000,0x00000000ffe80000)
  to   space 1536K, 0% used [0x00000000ffe80000,0x00000000ffe80000,0x0000000100000000)
 ParOldGen       total 1040384K, used 64570K [0x00000000a0c00000, 0x00000000e0400000, 0x00000000e0400000)
  object space 1040384K, 6% used [0x00000000a0c00000,0x00000000a4b0ea58,0x00000000e0400000)
 Metaspace       used 13041K, capacity 13234K, committed 13312K, reserved 1060864K
  class space    used 1469K, capacity 1501K, committed 1536K, reserved 1048576K
}
{Heap before GC invocations=622 (full 0):
 PSYoungGen      total 518656K, used 517312K [0x00000000e0400000, 0x0000000100000000, 0x0000000100000000)
  eden space 517120K, 100% used [0x00000000e0400000,0x00000000ffd00000,0x00000000ffd00000)
  from space 1536K, 12% used [0x00000000ffd00000,0x00000000ffd30000,0x00000000ffe80000)
  to   space 1536K, 0% used [0x00000000ffe80000,0x00000000ffe80000,0x0000000100000000)
 ParOldGen       total 1040384K, used 64570K [0x00000000a0c00000, 0x00000000e0400000, 0x00000000e0400000)
  object space 1040384K, 6% used [0x00000000a0c00000,0x00000000a4b0ea58,0x00000000e0400000)
 Metaspace       used 13041K, capacity 13234K, committed 13312K, reserved 1060864K
  class space    used 1469K, capacity 1501K, committed 1536K, reserved 1048576K
4338.773: [GC (Allocation Failure) [PSYoungGen: 517312K->224K(518656K)] 581882K->64794K(1559040K), 0.0018048 secs] [Times: user=0.00 sys=0.00, real=0.00 secs] 
Heap after GC invocations=622 (full 0):
 PSYoungGen      total 518656K, used 224K [0x00000000e0400000, 0x0000000100000000, 0x0000000100000000)
  eden space 517120K, 0% used [0x00000000e0400000,0x00000000e0400000,0x00000000ffd00000)
  from space 1536K, 14% used [0x00000000ffe80000,0x00000000ffeb8000,0x0000000100000000)
  to   space 1536K, 0% used [0x00000000ffd00000,0x00000000ffd00000,0x00000000ffe80000)
 ParOldGen       total 1040384K, used 64570K [0x00000000a0c00000, 0x00000000e0400000, 0x00000000e0400000)
  object space 1040384K, 6% used [0x00000000a0c00000,0x00000000a4b0ea58,0x00000000e0400000)
 Metaspace       used 13041K, capacity 13234K, committed 13312K, reserved 1060864K
  class space    used 1469K, capacity 1501K, committed 1536K, reserved 1048576K
}
{Heap before GC invocations=623 (full 0):
 PSYoungGen      total 518656K, used 517344K [0x00000000e0400000, 0x0000000100000000, 0x0000000100000000)
  eden space 517120K, 100% used [0x00000000e0400000,0x00000000ffd00000,0x00000000ffd00000)
  from space 1536K, 14% used [0x00000000ffe80000,0x00000000ffeb8000,0x0000000100000000)
  to   space 1536K, 0% used [0x00000000ffd00000,0x00000000ffd00000,0x00000000ffe80000)
 ParOldGen       total 1040384K, used 64570K [0x00000000a0c00000, 0x00000000e0400000, 0x00000000e0400000)
  object space 1040384K, 6% used [0x00000000a0c00000,0x00000000a4b0ea58,0x00000000e0400000)
 Metaspace       used 13041K, capacity 13234K, committed 13312K, reserved 1060864K
  class space    used 1469K, capacity 1501K, committed 1536K, reserved 1048576K
4345.887: [GC (Allocation Failure) [PSYoungGen: 517344K->128K(518656K)] 581914K->64714K(1559040K), 0.0017796 secs] [Times: user=0.00 sys=0.00, real=0.00 secs] 
Heap after GC invocations=623 (full 0):
 PSYoungGen      total 518656K, used 128K [0x00000000e0400000, 0x0000000100000000, 0x0000000100000000)
  eden space 517120K, 0% used [0x00000000e0400000,0x00000000e0400000,0x00000000ffd00000)
  from space 1536K, 8% used [0x00000000ffd00000,0x00000000ffd20000,0x00000000ffe80000)
  to   space 1536K, 0% used [0x00000000ffe80000,0x00000000ffe80000,0x0000000100000000)
 ParOldGen       total 1040384K, used 64586K [0x00000000a0c00000, 0x00000000e0400000, 0x00000000e0400000)
  object space 1040384K, 6% used [0x00000000a0c00000,0x00000000a4b12a58,0x00000000e0400000)
 Metaspace       used 13041K, capacity 13234K, committed 13312K, reserved 1060864K
  class space    used 1469K, capacity 1501K, committed 1536K, reserved 1048576K
}
{Heap before GC invocations=624 (full 0):
 PSYoungGen      total 518656K, used 517248K [0x00000000e0400000, 0x0000000100000000, 0x0000000100000000)
  eden space 517120K, 100% used [0x00000000e0400000,0x00000000ffd00000,0x00000000ffd00000)
  from space 1536K, 8% used [0x00000000ffd00000,0x00000000ffd20000,0x00000000ffe80000)
  to   space 1536K, 0% used [0x00000000ffe80000,0x00000000ffe80000,0x0000000100000000)
 ParOldGen       total 1040384K, used 64586K [0x00000000a0c00000, 0x00000000e0400000, 0x00000000e0400000)
  object space 1040384K, 6% used [0x00000000a0c00000,0x00000000a4b12a58,0x00000000e0400000)
 Metaspace       used 13041K, capacity 13234K, committed 13312K, reserved 1060864K
  class space    used 1469K, capacity 1501K, committed 1536K, reserved 1048576K
4352.858: [GC (Allocation Failure) [PSYoungGen: 517248K->160K(518656K)] 581834K->64746K(1559040K), 0.0016564 secs] [Times: user=0.00 sys=0.00, real=0.00 secs] 
Heap after GC invocations=624 (full 0):
 PSYoungGen      total 518656K, used 160K [0x00000000e0400000, 0x0000000100000000, 0x0000000100000000)
  eden space 517120K, 0% used [0x00000000e0400000,0x00000000e0400000,0x00000000ffd00000)
  from space 1536K, 10% used [0x00000000ffe80000,0x00000000ffea8000,0x0000000100000000)
  to   space 1536K, 0% used [0x00000000ffd00000,0x00000000ffd00000,0x00000000ffe80000)
 ParOldGen       total 1040384K, used 64586K [0x00000000a0c00000, 0x00000000e0400000, 0x00000000e0400000)
  object space 1040384K, 6% used [0x00000000a0c00000,0x00000000a4b12a58,0x00000000e0400000)
 Metaspace       used 13041K, capacity 13234K, committed 13312K, reserved 1060864K
  class space    used 1469K, capacity 1501K, committed 1536K, reserved 1048576K
}
{Heap before GC invocations=625 (full 0):
 PSYoungGen      total 518656K, used 517280K [0x00000000e0400000, 0x0000000100000000, 0x0000000100000000)
  eden space 517120K, 100% used [0x00000000e0400000,0x00000000ffd00000,0x00000000ffd00000)
  from space 1536K, 10% used [0x00000000ffe80000,0x00000000ffea8000,0x0000000100000000)
  to   space 1536K, 0% used [0x00000000ffd00000,0x00000000ffd00000,0x00000000ffe80000)
 ParOldGen       total 1040384K, used 64586K [0x00000000a0c00000, 0x00000000e0400000, 0x00000000e0400000)
  object space 1040384K, 6% used [0x00000000a0c00000,0x00000000a4b12a80,0x00000000e0400000)
 Metaspace       used 13041K, capacity 13234K, committed 13312K, reserved 1060864K
  class space    used 1469K, capacity 1501K, committed 1536K, reserved 1048576K
4359.886: [GC (GCLocker Initiated GC) [PSYoungGen: 517280K->1536K(518656K)] 581866K->66146K(1559040K), 0.0022085 secs] [Times: user=0.00 sys=0.00, real=0.00 secs] 
Heap after GC invocations=625 (full 0):
 PSYoungGen      total 518656K, used 1536K [0x00000000e0400000, 0x0000000100000000, 0x0000000100000000)
  eden space 517120K, 0% used [0x00000000e0400000,0x00000000e0400000,0x00000000ffd00000)
  from space 1536K, 100% used [0x00000000ffd00000,0x00000000ffe80000,0x00000000ffe80000)
  to   space 1536K, 0% used [0x00000000ffe80000,0x00000000ffe80000,0x0000000100000000)
 ParOldGen       total 1040384K, used 64610K [0x00000000a0c00000, 0x00000000e0400000, 0x00000000e0400000)
  object space 1040384K, 6% used [0x00000000a0c00000,0x00000000a4b18a80,0x00000000e0400000)
 Metaspace       used 13041K, capacity 13234K, committed 13312K, reserved 1060864K
  class space    used 1469K, capacity 1501K, committed 1536K, reserved 1048576K
}
{Heap before GC invocations=626 (full 0):
 PSYoungGen      total 518656K, used 518656K [0x00000000e0400000, 0x0000000100000000, 0x0000000100000000)
  eden space 517120K, 100% used [0x00000000e0400000,0x00000000ffd00000,0x00000000ffd00000)
  from space 1536K, 100% used [0x00000000ffd00000,0x00000000ffe80000,0x00000000ffe80000)
  to   space 1536K, 0% used [0x00000000ffe80000,0x00000000ffe80000,0x0000000100000000)
 ParOldGen       total 1040384K, used 64614K [0x00000000a0c00000, 0x00000000e0400000, 0x00000000e0400000)
  object space 1040384K, 6% used [0x00000000a0c00000,0x00000000a4b19828,0x00000000e0400000)
 Metaspace       used 13041K, capacity 13234K, committed 13312K, reserved 1060864K
  class space    used 1469K, capacity 1501K, committed 1536K, reserved 1048576K
4367.172: [GC (Allocation Failure) [PSYoungGen: 518656K->128K(517632K)] 583270K->64758K(1558016K), 0.0016598 secs] [Times: user=0.00 sys=0.00, real=0.00 secs] 
Heap after GC invocations=626 (full 0):
 PSYoungGen      total 517632K, used 128K [0x00000000e0400000, 0x0000000100000000, 0x0000000100000000)
  eden space 516096K, 0% used [0x00000000e0400000,0x00000000e0400000,0x00000000ffc00000)
  from space 1536K, 8% used [0x00000000ffe80000,0x00000000ffea0000,0x0000000100000000)
  to   space 2048K, 0% used [0x00000000ffc00000,0x00000000ffc00000,0x00000000ffe00000)
 ParOldGen       total 1040384K, used 64630K [0x00000000a0c00000, 0x00000000e0400000, 0x00000000e0400000)
  object space 1040384K, 6% used [0x00000000a0c00000,0x00000000a4b1d828,0x00000000e0400000)
 Metaspace       used 13041K, capacity 13234K, committed 13312K, reserved 1060864K
  class space    used 1469K, capacity 1501K, committed 1536K, reserved 1048576K
}
{Heap before GC invocations=627 (full 0):
 PSYoungGen      total 517632K, used 516224K [0x00000000e0400000, 0x0000000100000000, 0x0000000100000000)
  eden space 516096K, 100% used [0x00000000e0400000,0x00000000ffc00000,0x00000000ffc00000)
  from space 1536K, 8% used [0x00000000ffe80000,0x00000000ffea0000,0x0000000100000000)
  to   space 2048K, 0% used [0x00000000ffc00000,0x00000000ffc00000,0x00000000ffe00000)
 ParOldGen       total 1040384K, used 64630K [0x00000000a0c00000, 0x00000000e0400000, 0x00000000e0400000)
  object space 1040384K, 6% used [0x00000000a0c00000,0x00000000a4b1d828,0x00000000e0400000)
 Metaspace       used 13041K, capacity 13234K, committed 13312K, reserved 1060864K
  class space    used 1469K, capacity 1501K, committed 1536K, reserved 1048576K
4374.160: [GC (Allocation Failure) [PSYoungGen: 516224K->192K(518144K)] 580854K->64838K(1558528K), 0.0017258 secs] [Times: user=0.00 sys=0.02, real=0.00 secs] 
Heap after GC invocations=627 (full 0):
 PSYoungGen      total 518144K, used 192K [0x00000000e0400000, 0x0000000100000000, 0x0000000100000000)
  eden space 516096K, 0% used [0x00000000e0400000,0x00000000e0400000,0x00000000ffc00000)
  from space 2048K, 9% used [0x00000000ffc00000,0x00000000ffc30000,0x00000000ffe00000)
  to   space 1536K, 0% used [0x00000000ffe80000,0x00000000ffe80000,0x0000000100000000)
 ParOldGen       total 1040384K, used 64646K [0x00000000a0c00000, 0x00000000e0400000, 0x00000000e0400000)
  object space 1040384K, 6% used [0x00000000a0c00000,0x00000000a4b21828,0x00000000e0400000)
 Metaspace       used 13041K, capacity 13234K, committed 13312K, reserved 1060864K
  class space    used 1469K, capacity 1501K, committed 1536K, reserved 1048576K
}
{Heap before GC invocations=628 (full 0):
 PSYoungGen      total 518144K, used 516288K [0x00000000e0400000, 0x0000000100000000, 0x0000000100000000)
  eden space 516096K, 100% used [0x00000000e0400000,0x00000000ffc00000,0x00000000ffc00000)
  from space 2048K, 9% used [0x00000000ffc00000,0x00000000ffc30000,0x00000000ffe00000)
  to   space 1536K, 0% used [0x00000000ffe80000,0x00000000ffe80000,0x0000000100000000)
 ParOldGen       total 1040384K, used 64646K [0x00000000a0c00000, 0x00000000e0400000, 0x00000000e0400000)
  object space 1040384K, 6% used [0x00000000a0c00000,0x00000000a4b21828,0x00000000e0400000)
 Metaspace       used 13041K, capacity 13234K, committed 13312K, reserved 1060864K
  class space    used 1469K, capacity 1501K, committed 1536K, reserved 1048576K
4381.186: [GC (Allocation Failure) [PSYoungGen: 516288K->96K(518656K)] 580934K->64750K(1559040K), 0.0017504 secs] [Times: user=0.00 sys=0.00, real=0.00 secs] 
Heap after GC invocations=628 (full 0):
 PSYoungGen      total 518656K, used 96K [0x00000000e0400000, 0x0000000100000000, 0x0000000100000000)
  eden space 517120K, 0% used [0x00000000e0400000,0x00000000e0400000,0x00000000ffd00000)
  from space 1536K, 6% used [0x00000000ffe80000,0x00000000ffe98000,0x0000000100000000)
  to   space 1536K, 0% used [0x00000000ffd00000,0x00000000ffd00000,0x00000000ffe80000)
 ParOldGen       total 1040384K, used 64654K [0x00000000a0c00000, 0x00000000e0400000, 0x00000000e0400000)
  object space 1040384K, 6% used [0x00000000a0c00000,0x00000000a4b23828,0x00000000e0400000)
 Metaspace       used 13041K, capacity 13234K, committed 13312K, reserved 1060864K
  class space    used 1469K, capacity 1501K, committed 1536K, reserved 1048576K
}
{Heap before GC invocations=629 (full 0):
 PSYoungGen      total 518656K, used 517216K [0x00000000e0400000, 0x0000000100000000, 0x0000000100000000)
  eden space 517120K, 100% used [0x00000000e0400000,0x00000000ffd00000,0x00000000ffd00000)
  from space 1536K, 6% used [0x00000000ffe80000,0x00000000ffe98000,0x0000000100000000)
  to   space 1536K, 0% used [0x00000000ffd00000,0x00000000ffd00000,0x00000000ffe80000)
 ParOldGen       total 1040384K, used 64654K [0x00000000a0c00000, 0x00000000e0400000, 0x00000000e0400000)
  object space 1040384K, 6% used [0x00000000a0c00000,0x00000000a4b23828,0x00000000e0400000)
 Metaspace       used 13041K, capacity 13234K, committed 13312K, reserved 1060864K
  class space    used 1469K, capacity 1501K, committed 1536K, reserved 1048576K
4388.208: [GC (Allocation Failure) [PSYoungGen: 517216K->576K(518656K)] 581870K->65230K(1559040K), 0.0014736 secs] [Times: user=0.02 sys=0.00, real=0.00 secs] 
Heap after GC invocations=629 (full 0):
 PSYoungGen      total 518656K, used 576K [0x00000000e0400000, 0x0000000100000000, 0x0000000100000000)
  eden space 517120K, 0% used [0x00000000e0400000,0x00000000e0400000,0x00000000ffd00000)
  from space 1536K, 37% used [0x00000000ffd00000,0x00000000ffd90000,0x00000000ffe80000)
  to   space 1536K, 0% used [0x00000000ffe80000,0x00000000ffe80000,0x0000000100000000)
 ParOldGen       total 1040384K, used 64654K [0x00000000a0c00000, 0x00000000e0400000, 0x00000000e0400000)
  object space 1040384K, 6% used [0x00000000a0c00000,0x00000000a4b23828,0x00000000e0400000)
 Metaspace       used 13041K, capacity 13234K, committed 13312K, reserved 1060864K
  class space    used 1469K, capacity 1501K, committed 1536K, reserved 1048576K
}
{Heap before GC invocations=630 (full 0):
 PSYoungGen      total 518656K, used 517696K [0x00000000e0400000, 0x0000000100000000, 0x0000000100000000)
  eden space 517120K, 100% used [0x00000000e0400000,0x00000000ffd00000,0x00000000ffd00000)
  from space 1536K, 37% used [0x00000000ffd00000,0x00000000ffd90000,0x00000000ffe80000)
  to   space 1536K, 0% used [0x00000000ffe80000,0x00000000ffe80000,0x0000000100000000)
 ParOldGen       total 1040384K, used 64654K [0x00000000a0c00000, 0x00000000e0400000, 0x00000000e0400000)
  object space 1040384K, 6% used [0x00000000a0c00000,0x00000000a4b23828,0x00000000e0400000)
 Metaspace       used 13041K, capacity 13234K, committed 13312K, reserved 1060864K
  class space    used 1469K, capacity 1501K, committed 1536K, reserved 1048576K
4395.281: [GC (Allocation Failure) [PSYoungGen: 517696K->1536K(517632K)] 582350K->66222K(1558016K), 0.0023997 secs] [Times: user=0.00 sys=0.00, real=0.00 secs] 
Heap after GC invocations=630 (full 0):
 PSYoungGen      total 517632K, used 1536K [0x00000000e0400000, 0x0000000100000000, 0x0000000100000000)
  eden space 516096K, 0% used [0x00000000e0400000,0x00000000e0400000,0x00000000ffc00000)
  from space 1536K, 100% used [0x00000000ffe80000,0x0000000100000000,0x0000000100000000)
  to   space 2048K, 0% used [0x00000000ffc00000,0x00000000ffc00000,0x00000000ffe00000)
 ParOldGen       total 1040384K, used 64686K [0x00000000a0c00000, 0x00000000e0400000, 0x00000000e0400000)
  object space 1040384K, 6% used [0x00000000a0c00000,0x00000000a4b2b828,0x00000000e0400000)
 Metaspace       used 13041K, capacity 13234K, committed 13312K, reserved 1060864K
  class space    used 1469K, capacity 1501K, committed 1536K, reserved 1048576K
}
{Heap before GC invocations=631 (full 0):
 PSYoungGen      total 517632K, used 517632K [0x00000000e0400000, 0x0000000100000000, 0x0000000100000000)
  eden space 516096K, 100% used [0x00000000e0400000,0x00000000ffc00000,0x00000000ffc00000)
  from space 1536K, 100% used [0x00000000ffe80000,0x0000000100000000,0x0000000100000000)
  to   space 2048K, 0% used [0x00000000ffc00000,0x00000000ffc00000,0x00000000ffe00000)
 ParOldGen       total 1040384K, used 64686K [0x00000000a0c00000, 0x00000000e0400000, 0x00000000e0400000)
  object space 1040384K, 6% used [0x00000000a0c00000,0x00000000a4b2b828,0x00000000e0400000)
 Metaspace       used 13041K, capacity 13234K, committed 13312K, reserved 1060864K
  class space    used 1469K, capacity 1501K, committed 1536K, reserved 1048576K
4402.359: [GC (Allocation Failure) [PSYoungGen: 517632K->128K(518144K)] 582318K->64854K(1558528K), 0.0017485 secs] [Times: user=0.00 sys=0.00, real=0.00 secs] 
Heap after GC invocations=631 (full 0):
 PSYoungGen      total 518144K, used 128K [0x00000000e0400000, 0x0000000100000000, 0x0000000100000000)
  eden space 516096K, 0% used [0x00000000e0400000,0x00000000e0400000,0x00000000ffc00000)
  from space 2048K, 6% used [0x00000000ffc00000,0x00000000ffc20000,0x00000000ffe00000)
  to   space 2048K, 0% used [0x00000000ffe00000,0x00000000ffe00000,0x0000000100000000)
 ParOldGen       total 1040384K, used 64726K [0x00000000a0c00000, 0x00000000e0400000, 0x00000000e0400000)
  object space 1040384K, 6% used [0x00000000a0c00000,0x00000000a4b35828,0x00000000e0400000)
 Metaspace       used 13041K, capacity 13234K, committed 13312K, reserved 1060864K
  class space    used 1469K, capacity 1501K, committed 1536K, reserved 1048576K
}
{Heap before GC invocations=632 (full 0):
 PSYoungGen      total 518144K, used 516224K [0x00000000e0400000, 0x0000000100000000, 0x0000000100000000)
  eden space 516096K, 100% used [0x00000000e0400000,0x00000000ffc00000,0x00000000ffc00000)
  from space 2048K, 6% used [0x00000000ffc00000,0x00000000ffc20000,0x00000000ffe00000)
  to   space 2048K, 0% used [0x00000000ffe00000,0x00000000ffe00000,0x0000000100000000)
 ParOldGen       total 1040384K, used 64726K [0x00000000a0c00000, 0x00000000e0400000, 0x00000000e0400000)
  object space 1040384K, 6% used [0x00000000a0c00000,0x00000000a4b35828,0x00000000e0400000)
 Metaspace       used 13041K, capacity 13234K, committed 13312K, reserved 1060864K
  class space    used 1469K, capacity 1501K, committed 1536K, reserved 1048576K
4409.410: [GC (Allocation Failure) [PSYoungGen: 516224K->160K(518144K)] 580950K->64886K(1558528K), 0.0021814 secs] [Times: user=0.06 sys=0.02, real=0.00 secs] 
Heap after GC invocations=632 (full 0):
 PSYoungGen      total 518144K, used 160K [0x00000000e0400000, 0x0000000100000000, 0x0000000100000000)
  eden space 516096K, 0% used [0x00000000e0400000,0x00000000e0400000,0x00000000ffc00000)
  from space 2048K, 7% used [0x00000000ffe00000,0x00000000ffe28000,0x0000000100000000)
  to   space 2048K, 0% used [0x00000000ffc00000,0x00000000ffc00000,0x00000000ffe00000)
 ParOldGen       total 1040384K, used 64726K [0x00000000a0c00000, 0x00000000e0400000, 0x00000000e0400000)
  object space 1040384K, 6% used [0x00000000a0c00000,0x00000000a4b35828,0x00000000e0400000)
 Metaspace       used 13041K, capacity 13234K, committed 13312K, reserved 1060864K
  class space    used 1469K, capacity 1501K, committed 1536K, reserved 1048576K
}
{Heap before GC invocations=633 (full 0):
 PSYoungGen      total 518144K, used 516256K [0x00000000e0400000, 0x0000000100000000, 0x0000000100000000)
  eden space 516096K, 100% used [0x00000000e0400000,0x00000000ffc00000,0x00000000ffc00000)
  from space 2048K, 7% used [0x00000000ffe00000,0x00000000ffe28000,0x0000000100000000)
  to   space 2048K, 0% used [0x00000000ffc00000,0x00000000ffc00000,0x00000000ffe00000)
 ParOldGen       total 1040384K, used 64726K [0x00000000a0c00000, 0x00000000e0400000, 0x00000000e0400000)
  object space 1040384K, 6% used [0x00000000a0c00000,0x00000000a4b35828,0x00000000e0400000)
 Metaspace       used 13041K, capacity 13234K, committed 13312K, reserved 1060864K
  class space    used 1469K, capacity 1501K, committed 1536K, reserved 1048576K
4416.335: [GC (Allocation Failure) [PSYoungGen: 516256K->96K(518144K)] 580982K->64822K(1558528K), 0.0019628 secs] [Times: user=0.00 sys=0.00, real=0.00 secs] 
Heap after GC invocations=633 (full 0):
 PSYoungGen      total 518144K, used 96K [0x00000000e0400000, 0x0000000100000000, 0x0000000100000000)
  eden space 516096K, 0% used [0x00000000e0400000,0x00000000e0400000,0x00000000ffc00000)
  from space 2048K, 4% used [0x00000000ffc00000,0x00000000ffc18000,0x00000000ffe00000)
  to   space 2048K, 0% used [0x00000000ffe00000,0x00000000ffe00000,0x0000000100000000)
 ParOldGen       total 1040384K, used 64726K [0x00000000a0c00000, 0x00000000e0400000, 0x00000000e0400000)
  object space 1040384K, 6% used [0x00000000a0c00000,0x00000000a4b35828,0x00000000e0400000)
 Metaspace       used 13041K, capacity 13234K, committed 13312K, reserved 1060864K
  class space    used 1469K, capacity 1501K, committed 1536K, reserved 1048576K
}
{Heap before GC invocations=634 (full 0):
 PSYoungGen      total 518144K, used 516192K [0x00000000e0400000, 0x0000000100000000, 0x0000000100000000)
  eden space 516096K, 100% used [0x00000000e0400000,0x00000000ffc00000,0x00000000ffc00000)
  from space 2048K, 4% used [0x00000000ffc00000,0x00000000ffc18000,0x00000000ffe00000)
  to   space 2048K, 0% used [0x00000000ffe00000,0x00000000ffe00000,0x0000000100000000)
 ParOldGen       total 1040384K, used 64726K [0x00000000a0c00000, 0x00000000e0400000, 0x00000000e0400000)
  object space 1040384K, 6% used [0x00000000a0c00000,0x00000000a4b35828,0x00000000e0400000)
 Metaspace       used 13041K, capacity 13234K, committed 13312K, reserved 1060864K
  class space    used 1469K, capacity 1501K, committed 1536K, reserved 1048576K
4423.349: [GC (Allocation Failure) [PSYoungGen: 516192K->1472K(518144K)] 580918K->66206K(1558528K), 0.0019699 secs] [Times: user=0.13 sys=0.00, real=0.00 secs] 
Heap after GC invocations=634 (full 0):
 PSYoungGen      total 518144K, used 1472K [0x00000000e0400000, 0x0000000100000000, 0x0000000100000000)
  eden space 516096K, 0% used [0x00000000e0400000,0x00000000e0400000,0x00000000ffc00000)
  from space 2048K, 71% used [0x00000000ffe00000,0x00000000fff70000,0x0000000100000000)
  to   space 2048K, 0% used [0x00000000ffc00000,0x00000000ffc00000,0x00000000ffe00000)
 ParOldGen       total 1040384K, used 64734K [0x00000000a0c00000, 0x00000000e0400000, 0x00000000e0400000)
  object space 1040384K, 6% used [0x00000000a0c00000,0x00000000a4b37828,0x00000000e0400000)
 Metaspace       used 13041K, capacity 13234K, committed 13312K, reserved 1060864K
  class space    used 1469K, capacity 1501K, committed 1536K, reserved 1048576K
}
{Heap before GC invocations=635 (full 0):
 PSYoungGen      total 518144K, used 517568K [0x00000000e0400000, 0x0000000100000000, 0x0000000100000000)
  eden space 516096K, 100% used [0x00000000e0400000,0x00000000ffc00000,0x00000000ffc00000)
  from space 2048K, 71% used [0x00000000ffe00000,0x00000000fff70000,0x0000000100000000)
  to   space 2048K, 0% used [0x00000000ffc00000,0x00000000ffc00000,0x00000000ffe00000)
 ParOldGen       total 1040384K, used 64734K [0x00000000a0c00000, 0x00000000e0400000, 0x00000000e0400000)
  object space 1040384K, 6% used [0x00000000a0c00000,0x00000000a4b37828,0x00000000e0400000)
 Metaspace       used 13041K, capacity 13234K, committed 13312K, reserved 1060864K
  class space    used 1469K, capacity 1501K, committed 1536K, reserved 1048576K
4430.546: [GC (Allocation Failure) [PSYoungGen: 517568K->192K(518144K)] 582302K->64926K(1558528K), 0.0017121 secs] [Times: user=0.00 sys=0.00, real=0.00 secs] 
Heap after GC invocations=635 (full 0):
 PSYoungGen      total 518144K, used 192K [0x00000000e0400000, 0x0000000100000000, 0x0000000100000000)
  eden space 516096K, 0% used [0x00000000e0400000,0x00000000e0400000,0x00000000ffc00000)
  from space 2048K, 9% used [0x00000000ffc00000,0x00000000ffc30000,0x00000000ffe00000)
  to   space 2048K, 0% used [0x00000000ffe00000,0x00000000ffe00000,0x0000000100000000)
 ParOldGen       total 1040384K, used 64734K [0x00000000a0c00000, 0x00000000e0400000, 0x00000000e0400000)
  object space 1040384K, 6% used [0x00000000a0c00000,0x00000000a4b37828,0x00000000e0400000)
 Metaspace       used 13041K, capacity 13234K, committed 13312K, reserved 1060864K
  class space    used 1469K, capacity 1501K, committed 1536K, reserved 1048576K
}
{Heap before GC invocations=636 (full 0):
 PSYoungGen      total 518144K, used 516288K [0x00000000e0400000, 0x0000000100000000, 0x0000000100000000)
  eden space 516096K, 100% used [0x00000000e0400000,0x00000000ffc00000,0x00000000ffc00000)
  from space 2048K, 9% used [0x00000000ffc00000,0x00000000ffc30000,0x00000000ffe00000)
  to   space 2048K, 0% used [0x00000000ffe00000,0x00000000ffe00000,0x0000000100000000)
 ParOldGen       total 1040384K, used 64734K [0x00000000a0c00000, 0x00000000e0400000, 0x00000000e0400000)
  object space 1040384K, 6% used [0x00000000a0c00000,0x00000000a4b37828,0x00000000e0400000)
 Metaspace       used 13041K, capacity 13234K, committed 13312K, reserved 1060864K
  class space    used 1469K, capacity 1501K, committed 1536K, reserved 1048576K
4437.464: [GC (Allocation Failure) [PSYoungGen: 516288K->192K(518144K)] 581022K->64926K(1558528K), 0.0015843 secs] [Times: user=0.00 sys=0.00, real=0.00 secs] 
Heap after GC invocations=636 (full 0):
 PSYoungGen      total 518144K, used 192K [0x00000000e0400000, 0x0000000100000000, 0x0000000100000000)
  eden space 516096K, 0% used [0x00000000e0400000,0x00000000e0400000,0x00000000ffc00000)
  from space 2048K, 9% used [0x00000000ffe00000,0x00000000ffe30000,0x0000000100000000)
  to   space 2048K, 0% used [0x00000000ffc00000,0x00000000ffc00000,0x00000000ffe00000)
 ParOldGen       total 1040384K, used 64734K [0x00000000a0c00000, 0x00000000e0400000, 0x00000000e0400000)
  object space 1040384K, 6% used [0x00000000a0c00000,0x00000000a4b37828,0x00000000e0400000)
 Metaspace       used 13041K, capacity 13234K, committed 13312K, reserved 1060864K
  class space    used 1469K, capacity 1501K, committed 1536K, reserved 1048576K
}
{Heap before GC invocations=637 (full 0):
 PSYoungGen      total 518144K, used 516288K [0x00000000e0400000, 0x0000000100000000, 0x0000000100000000)
  eden space 516096K, 100% used [0x00000000e0400000,0x00000000ffc00000,0x00000000ffc00000)
  from space 2048K, 9% used [0x00000000ffe00000,0x00000000ffe30000,0x0000000100000000)
  to   space 2048K, 0% used [0x00000000ffc00000,0x00000000ffc00000,0x00000000ffe00000)
 ParOldGen       total 1040384K, used 64734K [0x00000000a0c00000, 0x00000000e0400000, 0x00000000e0400000)
  object space 1040384K, 6% used [0x00000000a0c00000,0x00000000a4b37828,0x00000000e0400000)
 Metaspace       used 13041K, capacity 13234K, committed 13312K, reserved 1060864K
  class space    used 1469K, capacity 1501K, committed 1536K, reserved 1048576K
4444.466: [GC (Allocation Failure) [PSYoungGen: 516288K->160K(518144K)] 581022K->64894K(1558528K), 0.0017146 secs] [Times: user=0.00 sys=0.00, real=0.00 secs] 
Heap after GC invocations=637 (full 0):
 PSYoungGen      total 518144K, used 160K [0x00000000e0400000, 0x0000000100000000, 0x0000000100000000)
  eden space 516096K, 0% used [0x00000000e0400000,0x00000000e0400000,0x00000000ffc00000)
  from space 2048K, 7% used [0x00000000ffc00000,0x00000000ffc28000,0x00000000ffe00000)
  to   space 2048K, 0% used [0x00000000ffe00000,0x00000000ffe00000,0x0000000100000000)
 ParOldGen       total 1040384K, used 64734K [0x00000000a0c00000, 0x00000000e0400000, 0x00000000e0400000)
  object space 1040384K, 6% used [0x00000000a0c00000,0x00000000a4b37828,0x00000000e0400000)
 Metaspace       used 13041K, capacity 13234K, committed 13312K, reserved 1060864K
  class space    used 1469K, capacity 1501K, committed 1536K, reserved 1048576K
}
{Heap before GC invocations=638 (full 0):
 PSYoungGen      total 518144K, used 516256K [0x00000000e0400000, 0x0000000100000000, 0x0000000100000000)
  eden space 516096K, 100% used [0x00000000e0400000,0x00000000ffc00000,0x00000000ffc00000)
  from space 2048K, 7% used [0x00000000ffc00000,0x00000000ffc28000,0x00000000ffe00000)
  to   space 2048K, 0% used [0x00000000ffe00000,0x00000000ffe00000,0x0000000100000000)
 ParOldGen       total 1040384K, used 64734K [0x00000000a0c00000, 0x00000000e0400000, 0x00000000e0400000)
  object space 1040384K, 6% used [0x00000000a0c00000,0x00000000a4b37828,0x00000000e0400000)
 Metaspace       used 13041K, capacity 13234K, committed 13312K, reserved 1060864K
  class space    used 1469K, capacity 1501K, committed 1536K, reserved 1048576K
4451.597: [GC (Allocation Failure) [PSYoungGen: 516256K->160K(518144K)] 580990K->64902K(1558528K), 0.0016661 secs] [Times: user=0.00 sys=0.00, real=0.00 secs] 
Heap after GC invocations=638 (full 0):
 PSYoungGen      total 518144K, used 160K [0x00000000e0400000, 0x0000000100000000, 0x0000000100000000)
  eden space 516096K, 0% used [0x00000000e0400000,0x00000000e0400000,0x00000000ffc00000)
  from space 2048K, 7% used [0x00000000ffe00000,0x00000000ffe28000,0x0000000100000000)
  to   space 2048K, 0% used [0x00000000ffc00000,0x00000000ffc00000,0x00000000ffe00000)
 ParOldGen       total 1040384K, used 64742K [0x00000000a0c00000, 0x00000000e0400000, 0x00000000e0400000)
  object space 1040384K, 6% used [0x00000000a0c00000,0x00000000a4b39828,0x00000000e0400000)
 Metaspace       used 13041K, capacity 13234K, committed 13312K, reserved 1060864K
  class space    used 1469K, capacity 1501K, committed 1536K, reserved 1048576K
}
{Heap before GC invocations=639 (full 0):
 PSYoungGen      total 518144K, used 516256K [0x00000000e0400000, 0x0000000100000000, 0x0000000100000000)
  eden space 516096K, 100% used [0x00000000e0400000,0x00000000ffc00000,0x00000000ffc00000)
  from space 2048K, 7% used [0x00000000ffe00000,0x00000000ffe28000,0x0000000100000000)
  to   space 2048K, 0% used [0x00000000ffc00000,0x00000000ffc00000,0x00000000ffe00000)
 ParOldGen       total 1040384K, used 64742K [0x00000000a0c00000, 0x00000000e0400000, 0x00000000e0400000)
  object space 1040384K, 6% used [0x00000000a0c00000,0x00000000a4b39828,0x00000000e0400000)
 Metaspace       used 13041K, capacity 13234K, committed 13312K, reserved 1060864K
  class space    used 1469K, capacity 1501K, committed 1536K, reserved 1048576K
4458.649: [GC (Allocation Failure) [PSYoungGen: 516256K->2048K(518144K)] 580998K->66790K(1558528K), 0.0023298 secs] [Times: user=0.00 sys=0.00, real=0.00 secs] 
Heap after GC invocations=639 (full 0):
 PSYoungGen      total 518144K, used 2048K [0x00000000e0400000, 0x0000000100000000, 0x0000000100000000)
  eden space 516096K, 0% used [0x00000000e0400000,0x00000000e0400000,0x00000000ffc00000)
  from space 2048K, 100% used [0x00000000ffc00000,0x00000000ffe00000,0x00000000ffe00000)
  to   space 2048K, 0% used [0x00000000ffe00000,0x00000000ffe00000,0x0000000100000000)
 ParOldGen       total 1040384K, used 64742K [0x00000000a0c00000, 0x00000000e0400000, 0x00000000e0400000)
  object space 1040384K, 6% used [0x00000000a0c00000,0x00000000a4b39828,0x00000000e0400000)
 Metaspace       used 13041K, capacity 13234K, committed 13312K, reserved 1060864K
  class space    used 1469K, capacity 1501K, committed 1536K, reserved 1048576K
}
{Heap before GC invocations=640 (full 0):
 PSYoungGen      total 518144K, used 518144K [0x00000000e0400000, 0x0000000100000000, 0x0000000100000000)
  eden space 516096K, 100% used [0x00000000e0400000,0x00000000ffc00000,0x00000000ffc00000)
  from space 2048K, 100% used [0x00000000ffc00000,0x00000000ffe00000,0x00000000ffe00000)
  to   space 2048K, 0% used [0x00000000ffe00000,0x00000000ffe00000,0x0000000100000000)
 ParOldGen       total 1040384K, used 64742K [0x00000000a0c00000, 0x00000000e0400000, 0x00000000e0400000)
  object space 1040384K, 6% used [0x00000000a0c00000,0x00000000a4b39828,0x00000000e0400000)
 Metaspace       used 13041K, capacity 13234K, committed 13312K, reserved 1060864K
  class space    used 1469K, capacity 1501K, committed 1536K, reserved 1048576K
4465.669: [GC (Allocation Failure) [PSYoungGen: 518144K->224K(518144K)] 582886K->64974K(1558528K), 0.0015062 secs] [Times: user=0.00 sys=0.00, real=0.00 secs] 
Heap after GC invocations=640 (full 0):
 PSYoungGen      total 518144K, used 224K [0x00000000e0400000, 0x0000000100000000, 0x0000000100000000)
  eden space 516096K, 0% used [0x00000000e0400000,0x00000000e0400000,0x00000000ffc00000)
  from space 2048K, 10% used [0x00000000ffe00000,0x00000000ffe38000,0x0000000100000000)
  to   space 2048K, 0% used [0x00000000ffc00000,0x00000000ffc00000,0x00000000ffe00000)
 ParOldGen       total 1040384K, used 64750K [0x00000000a0c00000, 0x00000000e0400000, 0x00000000e0400000)
  object space 1040384K, 6% used [0x00000000a0c00000,0x00000000a4b3b828,0x00000000e0400000)
 Metaspace       used 13041K, capacity 13234K, committed 13312K, reserved 1060864K
  class space    used 1469K, capacity 1501K, committed 1536K, reserved 1048576K
}
{Heap before GC invocations=641 (full 0):
 PSYoungGen      total 518144K, used 516320K [0x00000000e0400000, 0x0000000100000000, 0x0000000100000000)
  eden space 516096K, 100% used [0x00000000e0400000,0x00000000ffc00000,0x00000000ffc00000)
  from space 2048K, 10% used [0x00000000ffe00000,0x00000000ffe38000,0x0000000100000000)
  to   space 2048K, 0% used [0x00000000ffc00000,0x00000000ffc00000,0x00000000ffe00000)
 ParOldGen       total 1040384K, used 64750K [0x00000000a0c00000, 0x00000000e0400000, 0x00000000e0400000)
  object space 1040384K, 6% used [0x00000000a0c00000,0x00000000a4b3b828,0x00000000e0400000)
 Metaspace       used 13041K, capacity 13234K, committed 13312K, reserved 1060864K
  class space    used 1469K, capacity 1501K, committed 1536K, reserved 1048576K
4472.639: [GC (Allocation Failure) [PSYoungGen: 516320K->224K(518144K)] 581070K->64974K(1558528K), 0.0013666 secs] [Times: user=0.00 sys=0.00, real=0.00 secs] 
Heap after GC invocations=641 (full 0):
 PSYoungGen      total 518144K, used 224K [0x00000000e0400000, 0x0000000100000000, 0x0000000100000000)
  eden space 516096K, 0% used [0x00000000e0400000,0x00000000e0400000,0x00000000ffc00000)
  from space 2048K, 10% used [0x00000000ffc00000,0x00000000ffc38000,0x00000000ffe00000)
  to   space 2048K, 0% used [0x00000000ffe00000,0x00000000ffe00000,0x0000000100000000)
 ParOldGen       total 1040384K, used 64750K [0x00000000a0c00000, 0x00000000e0400000, 0x00000000e0400000)
  object space 1040384K, 6% used [0x00000000a0c00000,0x00000000a4b3b828,0x00000000e0400000)
 Metaspace       used 13041K, capacity 13234K, committed 13312K, reserved 1060864K
  class space    used 1469K, capacity 1501K, committed 1536K, reserved 1048576K
}
{Heap before GC invocations=642 (full 0):
 PSYoungGen      total 518144K, used 516320K [0x00000000e0400000, 0x0000000100000000, 0x0000000100000000)
  eden space 516096K, 100% used [0x00000000e0400000,0x00000000ffc00000,0x00000000ffc00000)
  from space 2048K, 10% used [0x00000000ffc00000,0x00000000ffc38000,0x00000000ffe00000)
  to   space 2048K, 0% used [0x00000000ffe00000,0x00000000ffe00000,0x0000000100000000)
 ParOldGen       total 1040384K, used 64750K [0x00000000a0c00000, 0x00000000e0400000, 0x00000000e0400000)
  object space 1040384K, 6% used [0x00000000a0c00000,0x00000000a4b3b828,0x00000000e0400000)
 Metaspace       used 13041K, capacity 13234K, committed 13312K, reserved 1060864K
  class space    used 1469K, capacity 1501K, committed 1536K, reserved 1048576K
4479.662: [GC (Allocation Failure) [PSYoungGen: 516320K->192K(518144K)] 581070K->64950K(1558528K), 0.0016913 secs] [Times: user=0.00 sys=0.00, real=0.00 secs] 
Heap after GC invocations=642 (full 0):
 PSYoungGen      total 518144K, used 192K [0x00000000e0400000, 0x0000000100000000, 0x0000000100000000)
  eden space 516096K, 0% used [0x00000000e0400000,0x00000000e0400000,0x00000000ffc00000)
  from space 2048K, 9% used [0x00000000ffe00000,0x00000000ffe30000,0x0000000100000000)
  to   space 2048K, 0% used [0x00000000ffc00000,0x00000000ffc00000,0x00000000ffe00000)
 ParOldGen       total 1040384K, used 64758K [0x00000000a0c00000, 0x00000000e0400000, 0x00000000e0400000)
  object space 1040384K, 6% used [0x00000000a0c00000,0x00000000a4b3d828,0x00000000e0400000)
 Metaspace       used 13041K, capacity 13234K, committed 13312K, reserved 1060864K
  class space    used 1469K, capacity 1501K, committed 1536K, reserved 1048576K
}
{Heap before GC invocations=643 (full 0):
 PSYoungGen      total 518144K, used 516288K [0x00000000e0400000, 0x0000000100000000, 0x0000000100000000)
  eden space 516096K, 100% used [0x00000000e0400000,0x00000000ffc00000,0x00000000ffc00000)
  from space 2048K, 9% used [0x00000000ffe00000,0x00000000ffe30000,0x0000000100000000)
  to   space 2048K, 0% used [0x00000000ffc00000,0x00000000ffc00000,0x00000000ffe00000)
 ParOldGen       total 1040384K, used 64758K [0x00000000a0c00000, 0x00000000e0400000, 0x00000000e0400000)
  object space 1040384K, 6% used [0x00000000a0c00000,0x00000000a4b3d828,0x00000000e0400000)
 Metaspace       used 13041K, capacity 13234K, committed 13312K, reserved 1060864K
  class space    used 1469K, capacity 1501K, committed 1536K, reserved 1048576K
4486.631: [GC (Allocation Failure) [PSYoungGen: 516288K->896K(518144K)] 581046K->65654K(1558528K), 0.0019637 secs] [Times: user=0.00 sys=0.00, real=0.00 secs] 
Heap after GC invocations=643 (full 0):
 PSYoungGen      total 518144K, used 896K [0x00000000e0400000, 0x0000000100000000, 0x0000000100000000)
  eden space 516096K, 0% used [0x00000000e0400000,0x00000000e0400000,0x00000000ffc00000)
  from space 2048K, 43% used [0x00000000ffc00000,0x00000000ffce0000,0x00000000ffe00000)
  to   space 2048K, 0% used [0x00000000ffe00000,0x00000000ffe00000,0x0000000100000000)
 ParOldGen       total 1040384K, used 64758K [0x00000000a0c00000, 0x00000000e0400000, 0x00000000e0400000)
  object space 1040384K, 6% used [0x00000000a0c00000,0x00000000a4b3d828,0x00000000e0400000)
 Metaspace       used 13041K, capacity 13234K, committed 13312K, reserved 1060864K
  class space    used 1469K, capacity 1501K, committed 1536K, reserved 1048576K
}
{Heap before GC invocations=644 (full 0):
 PSYoungGen      total 518144K, used 516992K [0x00000000e0400000, 0x0000000100000000, 0x0000000100000000)
  eden space 516096K, 100% used [0x00000000e0400000,0x00000000ffc00000,0x00000000ffc00000)
  from space 2048K, 43% used [0x00000000ffc00000,0x00000000ffce0000,0x00000000ffe00000)
  to   space 2048K, 0% used [0x00000000ffe00000,0x00000000ffe00000,0x0000000100000000)
 ParOldGen       total 1040384K, used 64758K [0x00000000a0c00000, 0x00000000e0400000, 0x00000000e0400000)
  object space 1040384K, 6% used [0x00000000a0c00000,0x00000000a4b3d828,0x00000000e0400000)
 Metaspace       used 13041K, capacity 13234K, committed 13312K, reserved 1060864K
  class space    used 1469K, capacity 1501K, committed 1536K, reserved 1048576K
4493.765: [GC (Allocation Failure) [PSYoungGen: 516992K->96K(518144K)] 581750K->64854K(1558528K), 0.0017849 secs] [Times: user=0.00 sys=0.00, real=0.00 secs] 
Heap after GC invocations=644 (full 0):
 PSYoungGen      total 518144K, used 96K [0x00000000e0400000, 0x0000000100000000, 0x0000000100000000)
  eden space 516096K, 0% used [0x00000000e0400000,0x00000000e0400000,0x00000000ffc00000)
  from space 2048K, 4% used [0x00000000ffe00000,0x00000000ffe18000,0x0000000100000000)
  to   space 2048K, 0% used [0x00000000ffc00000,0x00000000ffc00000,0x00000000ffe00000)
 ParOldGen       total 1040384K, used 64758K [0x00000000a0c00000, 0x00000000e0400000, 0x00000000e0400000)
  object space 1040384K, 6% used [0x00000000a0c00000,0x00000000a4b3d828,0x00000000e0400000)
 Metaspace       used 13041K, capacity 13234K, committed 13312K, reserved 1060864K
  class space    used 1469K, capacity 1501K, committed 1536K, reserved 1048576K
}
{Heap before GC invocations=645 (full 0):
 PSYoungGen      total 518144K, used 516192K [0x00000000e0400000, 0x0000000100000000, 0x0000000100000000)
  eden space 516096K, 100% used [0x00000000e0400000,0x00000000ffc00000,0x00000000ffc00000)
  from space 2048K, 4% used [0x00000000ffe00000,0x00000000ffe18000,0x0000000100000000)
  to   space 2048K, 0% used [0x00000000ffc00000,0x00000000ffc00000,0x00000000ffe00000)
 ParOldGen       total 1040384K, used 64758K [0x00000000a0c00000, 0x00000000e0400000, 0x00000000e0400000)
  object space 1040384K, 6% used [0x00000000a0c00000,0x00000000a4b3d828,0x00000000e0400000)
 Metaspace       used 13041K, capacity 13234K, committed 13312K, reserved 1060864K
  class space    used 1469K, capacity 1501K, committed 1536K, reserved 1048576K
4500.821: [GC (Allocation Failure) [PSYoungGen: 516192K->64K(518144K)] 580950K->64822K(1558528K), 0.0019264 secs] [Times: user=0.00 sys=0.00, real=0.00 secs] 
Heap after GC invocations=645 (full 0):
 PSYoungGen      total 518144K, used 64K [0x00000000e0400000, 0x0000000100000000, 0x0000000100000000)
  eden space 516096K, 0% used [0x00000000e0400000,0x00000000e0400000,0x00000000ffc00000)
  from space 2048K, 3% used [0x00000000ffc00000,0x00000000ffc10000,0x00000000ffe00000)
  to   space 2048K, 0% used [0x00000000ffe00000,0x00000000ffe00000,0x0000000100000000)
 ParOldGen       total 1040384K, used 64758K [0x00000000a0c00000, 0x00000000e0400000, 0x00000000e0400000)
  object space 1040384K, 6% used [0x00000000a0c00000,0x00000000a4b3d828,0x00000000e0400000)
 Metaspace       used 13041K, capacity 13234K, committed 13312K, reserved 1060864K
  class space    used 1469K, capacity 1501K, committed 1536K, reserved 1048576K
}
{Heap before GC invocations=646 (full 0):
 PSYoungGen      total 518144K, used 516160K [0x00000000e0400000, 0x0000000100000000, 0x0000000100000000)
  eden space 516096K, 100% used [0x00000000e0400000,0x00000000ffc00000,0x00000000ffc00000)
  from space 2048K, 3% used [0x00000000ffc00000,0x00000000ffc10000,0x00000000ffe00000)
  to   space 2048K, 0% used [0x00000000ffe00000,0x00000000ffe00000,0x0000000100000000)
 ParOldGen       total 1040384K, used 64758K [0x00000000a0c00000, 0x00000000e0400000, 0x00000000e0400000)
  object space 1040384K, 6% used [0x00000000a0c00000,0x00000000a4b3d828,0x00000000e0400000)
 Metaspace       used 13041K, capacity 13234K, committed 13312K, reserved 1060864K
  class space    used 1469K, capacity 1501K, committed 1536K, reserved 1048576K
4507.892: [GC (Allocation Failure) [PSYoungGen: 516160K->256K(518144K)] 580918K->65014K(1558528K), 0.0017516 secs] [Times: user=0.00 sys=0.00, real=0.00 secs] 
Heap after GC invocations=646 (full 0):
 PSYoungGen      total 518144K, used 256K [0x00000000e0400000, 0x0000000100000000, 0x0000000100000000)
  eden space 516096K, 0% used [0x00000000e0400000,0x00000000e0400000,0x00000000ffc00000)
  from space 2048K, 12% used [0x00000000ffe00000,0x00000000ffe40000,0x0000000100000000)
  to   space 2048K, 0% used [0x00000000ffc00000,0x00000000ffc00000,0x00000000ffe00000)
 ParOldGen       total 1040384K, used 64758K [0x00000000a0c00000, 0x00000000e0400000, 0x00000000e0400000)
  object space 1040384K, 6% used [0x00000000a0c00000,0x00000000a4b3d828,0x00000000e0400000)
 Metaspace       used 13041K, capacity 13234K, committed 13312K, reserved 1060864K
  class space    used 1469K, capacity 1501K, committed 1536K, reserved 1048576K
}
{Heap before GC invocations=647 (full 0):
 PSYoungGen      total 518144K, used 516352K [0x00000000e0400000, 0x0000000100000000, 0x0000000100000000)
  eden space 516096K, 100% used [0x00000000e0400000,0x00000000ffc00000,0x00000000ffc00000)
  from space 2048K, 12% used [0x00000000ffe00000,0x00000000ffe40000,0x0000000100000000)
  to   space 2048K, 0% used [0x00000000ffc00000,0x00000000ffc00000,0x00000000ffe00000)
 ParOldGen       total 1040384K, used 64758K [0x00000000a0c00000, 0x00000000e0400000, 0x00000000e0400000)
  object space 1040384K, 6% used [0x00000000a0c00000,0x00000000a4b3d828,0x00000000e0400000)
 Metaspace       used 13041K, capacity 13234K, committed 13312K, reserved 1060864K
  class space    used 1469K, capacity 1501K, committed 1536K, reserved 1048576K
4514.834: [GC (Allocation Failure) [PSYoungGen: 516352K->288K(518144K)] 581110K->65054K(1558528K), 0.0014061 secs] [Times: user=0.00 sys=0.00, real=0.00 secs] 
Heap after GC invocations=647 (full 0):
 PSYoungGen      total 518144K, used 288K [0x00000000e0400000, 0x0000000100000000, 0x0000000100000000)
  eden space 516096K, 0% used [0x00000000e0400000,0x00000000e0400000,0x00000000ffc00000)
  from space 2048K, 14% used [0x00000000ffc00000,0x00000000ffc48000,0x00000000ffe00000)
  to   space 1536K, 0% used [0x00000000ffe80000,0x00000000ffe80000,0x0000000100000000)
 ParOldGen       total 1040384K, used 64766K [0x00000000a0c00000, 0x00000000e0400000, 0x00000000e0400000)
  object space 1040384K, 6% used [0x00000000a0c00000,0x00000000a4b3f828,0x00000000e0400000)
 Metaspace       used 13041K, capacity 13234K, committed 13312K, reserved 1060864K
  class space    used 1469K, capacity 1501K, committed 1536K, reserved 1048576K
}
{Heap before GC invocations=648 (full 0):
 PSYoungGen      total 518144K, used 516384K [0x00000000e0400000, 0x0000000100000000, 0x0000000100000000)
  eden space 516096K, 100% used [0x00000000e0400000,0x00000000ffc00000,0x00000000ffc00000)
  from space 2048K, 14% used [0x00000000ffc00000,0x00000000ffc48000,0x00000000ffe00000)
  to   space 1536K, 0% used [0x00000000ffe80000,0x00000000ffe80000,0x0000000100000000)
 ParOldGen       total 1040384K, used 64766K [0x00000000a0c00000, 0x00000000e0400000, 0x00000000e0400000)
  object space 1040384K, 6% used [0x00000000a0c00000,0x00000000a4b3f828,0x00000000e0400000)
 Metaspace       used 13041K, capacity 13234K, committed 13312K, reserved 1060864K
  class space    used 1469K, capacity 1501K, committed 1536K, reserved 1048576K
4521.859: [GC (Allocation Failure) [PSYoungGen: 516384K->1536K(517632K)] 581150K->66742K(1558016K), 0.0027394 secs] [Times: user=0.00 sys=0.00, real=0.00 secs] 
Heap after GC invocations=648 (full 0):
 PSYoungGen      total 517632K, used 1536K [0x00000000e0400000, 0x0000000100000000, 0x0000000100000000)
  eden space 516096K, 0% used [0x00000000e0400000,0x00000000e0400000,0x00000000ffc00000)
  from space 1536K, 100% used [0x00000000ffe80000,0x0000000100000000,0x0000000100000000)
  to   space 2048K, 0% used [0x00000000ffc00000,0x00000000ffc00000,0x00000000ffe00000)
 ParOldGen       total 1040384K, used 65206K [0x00000000a0c00000, 0x00000000e0400000, 0x00000000e0400000)
  object space 1040384K, 6% used [0x00000000a0c00000,0x00000000a4bad828,0x00000000e0400000)
 Metaspace       used 13041K, capacity 13234K, committed 13312K, reserved 1060864K
  class space    used 1469K, capacity 1501K, committed 1536K, reserved 1048576K
}
{Heap before GC invocations=649 (full 0):
 PSYoungGen      total 517632K, used 517632K [0x00000000e0400000, 0x0000000100000000, 0x0000000100000000)
  eden space 516096K, 100% used [0x00000000e0400000,0x00000000ffc00000,0x00000000ffc00000)
  from space 1536K, 100% used [0x00000000ffe80000,0x0000000100000000,0x0000000100000000)
  to   space 2048K, 0% used [0x00000000ffc00000,0x00000000ffc00000,0x00000000ffe00000)
 ParOldGen       total 1040384K, used 65206K [0x00000000a0c00000, 0x00000000e0400000, 0x00000000e0400000)
  object space 1040384K, 6% used [0x00000000a0c00000,0x00000000a4bad828,0x00000000e0400000)
 Metaspace       used 13041K, capacity 13234K, committed 13312K, reserved 1060864K
  class space    used 1469K, capacity 1501K, committed 1536K, reserved 1048576K
4528.885: [GC (Allocation Failure) [PSYoungGen: 517632K->128K(518144K)] 582838K->65382K(1558528K), 0.0017155 secs] [Times: user=0.00 sys=0.00, real=0.00 secs] 
Heap after GC invocations=649 (full 0):
 PSYoungGen      total 518144K, used 128K [0x00000000e0400000, 0x0000000100000000, 0x0000000100000000)
  eden space 516096K, 0% used [0x00000000e0400000,0x00000000e0400000,0x00000000ffc00000)
  from space 2048K, 6% used [0x00000000ffc00000,0x00000000ffc20000,0x00000000ffe00000)
  to   space 2048K, 0% used [0x00000000ffe00000,0x00000000ffe00000,0x0000000100000000)
 ParOldGen       total 1040384K, used 65254K [0x00000000a0c00000, 0x00000000e0400000, 0x00000000e0400000)
  object space 1040384K, 6% used [0x00000000a0c00000,0x00000000a4bb9828,0x00000000e0400000)
 Metaspace       used 13041K, capacity 13234K, committed 13312K, reserved 1060864K
  class space    used 1469K, capacity 1501K, committed 1536K, reserved 1048576K
}
{Heap before GC invocations=650 (full 0):
 PSYoungGen      total 518144K, used 516224K [0x00000000e0400000, 0x0000000100000000, 0x0000000100000000)
  eden space 516096K, 100% used [0x00000000e0400000,0x00000000ffc00000,0x00000000ffc00000)
  from space 2048K, 6% used [0x00000000ffc00000,0x00000000ffc20000,0x00000000ffe00000)
  to   space 2048K, 0% used [0x00000000ffe00000,0x00000000ffe00000,0x0000000100000000)
 ParOldGen       total 1040384K, used 65254K [0x00000000a0c00000, 0x00000000e0400000, 0x00000000e0400000)
  object space 1040384K, 6% used [0x00000000a0c00000,0x00000000a4bb9828,0x00000000e0400000)
 Metaspace       used 13041K, capacity 13234K, committed 13312K, reserved 1060864K
  class space    used 1469K, capacity 1501K, committed 1536K, reserved 1048576K
4535.863: [GC (Allocation Failure) [PSYoungGen: 516224K->160K(518144K)] 581478K->65414K(1558528K), 0.0018489 secs] [Times: user=0.08 sys=0.00, real=0.00 secs] 
Heap after GC invocations=650 (full 0):
 PSYoungGen      total 518144K, used 160K [0x00000000e0400000, 0x0000000100000000, 0x0000000100000000)
  eden space 516096K, 0% used [0x00000000e0400000,0x00000000e0400000,0x00000000ffc00000)
  from space 2048K, 7% used [0x00000000ffe00000,0x00000000ffe28000,0x0000000100000000)
  to   space 2048K, 0% used [0x00000000ffc00000,0x00000000ffc00000,0x00000000ffe00000)
 ParOldGen       total 1040384K, used 65254K [0x00000000a0c00000, 0x00000000e0400000, 0x00000000e0400000)
  object space 1040384K, 6% used [0x00000000a0c00000,0x00000000a4bb9828,0x00000000e0400000)
 Metaspace       used 13041K, capacity 13234K, committed 13312K, reserved 1060864K
  class space    used 1469K, capacity 1501K, committed 1536K, reserved 1048576K
}
{Heap before GC invocations=651 (full 0):
 PSYoungGen      total 518144K, used 516256K [0x00000000e0400000, 0x0000000100000000, 0x0000000100000000)
  eden space 516096K, 100% used [0x00000000e0400000,0x00000000ffc00000,0x00000000ffc00000)
  from space 2048K, 7% used [0x00000000ffe00000,0x00000000ffe28000,0x0000000100000000)
  to   space 2048K, 0% used [0x00000000ffc00000,0x00000000ffc00000,0x00000000ffe00000)
 ParOldGen       total 1040384K, used 65254K [0x00000000a0c00000, 0x00000000e0400000, 0x00000000e0400000)
  object space 1040384K, 6% used [0x00000000a0c00000,0x00000000a4bb9828,0x00000000e0400000)
 Metaspace       used 13041K, capacity 13234K, committed 13312K, reserved 1060864K
  class space    used 1469K, capacity 1501K, committed 1536K, reserved 1048576K
4542.978: [GC (Allocation Failure) [PSYoungGen: 516256K->128K(518144K)] 581510K->65390K(1558528K), 0.0018066 secs] [Times: user=0.00 sys=0.00, real=0.00 secs] 
Heap after GC invocations=651 (full 0):
 PSYoungGen      total 518144K, used 128K [0x00000000e0400000, 0x0000000100000000, 0x0000000100000000)
  eden space 516096K, 0% used [0x00000000e0400000,0x00000000e0400000,0x00000000ffc00000)
  from space 2048K, 6% used [0x00000000ffc00000,0x00000000ffc20000,0x00000000ffe00000)
  to   space 2048K, 0% used [0x00000000ffe00000,0x00000000ffe00000,0x0000000100000000)
 ParOldGen       total 1040384K, used 65262K [0x00000000a0c00000, 0x00000000e0400000, 0x00000000e0400000)
  object space 1040384K, 6% used [0x00000000a0c00000,0x00000000a4bbb828,0x00000000e0400000)
 Metaspace       used 13041K, capacity 13234K, committed 13312K, reserved 1060864K
  class space    used 1469K, capacity 1501K, committed 1536K, reserved 1048576K
}
{Heap before GC invocations=652 (full 0):
 PSYoungGen      total 518144K, used 516224K [0x00000000e0400000, 0x0000000100000000, 0x0000000100000000)
  eden space 516096K, 100% used [0x00000000e0400000,0x00000000ffc00000,0x00000000ffc00000)
  from space 2048K, 6% used [0x00000000ffc00000,0x00000000ffc20000,0x00000000ffe00000)
  to   space 2048K, 0% used [0x00000000ffe00000,0x00000000ffe00000,0x0000000100000000)
 ParOldGen       total 1040384K, used 65262K [0x00000000a0c00000, 0x00000000e0400000, 0x00000000e0400000)
  object space 1040384K, 6% used [0x00000000a0c00000,0x00000000a4bbb828,0x00000000e0400000)
 Metaspace       used 13041K, capacity 13234K, committed 13312K, reserved 1060864K
  class space    used 1469K, capacity 1501K, committed 1536K, reserved 1048576K
4550.065: [GC (Allocation Failure) [PSYoungGen: 516224K->768K(518144K)] 581486K->66030K(1558528K), 0.0020119 secs] [Times: user=0.00 sys=0.02, real=0.00 secs] 
Heap after GC invocations=652 (full 0):
 PSYoungGen      total 518144K, used 768K [0x00000000e0400000, 0x0000000100000000, 0x0000000100000000)
  eden space 516096K, 0% used [0x00000000e0400000,0x00000000e0400000,0x00000000ffc00000)
  from space 2048K, 37% used [0x00000000ffe00000,0x00000000ffec0000,0x0000000100000000)
  to   space 2048K, 0% used [0x00000000ffc00000,0x00000000ffc00000,0x00000000ffe00000)
 ParOldGen       total 1040384K, used 65262K [0x00000000a0c00000, 0x00000000e0400000, 0x00000000e0400000)
  object space 1040384K, 6% used [0x00000000a0c00000,0x00000000a4bbb828,0x00000000e0400000)
 Metaspace       used 13041K, capacity 13234K, committed 13312K, reserved 1060864K
  class space    used 1469K, capacity 1501K, committed 1536K, reserved 1048576K
}
{Heap before GC invocations=653 (full 0):
 PSYoungGen      total 518144K, used 516864K [0x00000000e0400000, 0x0000000100000000, 0x0000000100000000)
  eden space 516096K, 100% used [0x00000000e0400000,0x00000000ffc00000,0x00000000ffc00000)
  from space 2048K, 37% used [0x00000000ffe00000,0x00000000ffec0000,0x0000000100000000)
  to   space 2048K, 0% used [0x00000000ffc00000,0x00000000ffc00000,0x00000000ffe00000)
 ParOldGen       total 1040384K, used 65262K [0x00000000a0c00000, 0x00000000e0400000, 0x00000000e0400000)
  object space 1040384K, 6% used [0x00000000a0c00000,0x00000000a4bbb828,0x00000000e0400000)
 Metaspace       used 13041K, capacity 13234K, committed 13312K, reserved 1060864K
  class space    used 1469K, capacity 1501K, committed 1536K, reserved 1048576K
4557.287: [GC (Allocation Failure) [PSYoungGen: 516864K->160K(518144K)] 582126K->65422K(1558528K), 0.0015230 secs] [Times: user=0.00 sys=0.00, real=0.00 secs] 
Heap after GC invocations=653 (full 0):
 PSYoungGen      total 518144K, used 160K [0x00000000e0400000, 0x0000000100000000, 0x0000000100000000)
  eden space 516096K, 0% used [0x00000000e0400000,0x00000000e0400000,0x00000000ffc00000)
  from space 2048K, 7% used [0x00000000ffc00000,0x00000000ffc28000,0x00000000ffe00000)
  to   space 2048K, 0% used [0x00000000ffe00000,0x00000000ffe00000,0x0000000100000000)
 ParOldGen       total 1040384K, used 65262K [0x00000000a0c00000, 0x00000000e0400000, 0x00000000e0400000)
  object space 1040384K, 6% used [0x00000000a0c00000,0x00000000a4bbb828,0x00000000e0400000)
 Metaspace       used 13041K, capacity 13234K, committed 13312K, reserved 1060864K
  class space    used 1469K, capacity 1501K, committed 1536K, reserved 1048576K
}
{Heap before GC invocations=654 (full 0):
 PSYoungGen      total 518144K, used 516256K [0x00000000e0400000, 0x0000000100000000, 0x0000000100000000)
  eden space 516096K, 100% used [0x00000000e0400000,0x00000000ffc00000,0x00000000ffc00000)
  from space 2048K, 7% used [0x00000000ffc00000,0x00000000ffc28000,0x00000000ffe00000)
  to   space 2048K, 0% used [0x00000000ffe00000,0x00000000ffe00000,0x0000000100000000)
 ParOldGen       total 1040384K, used 65262K [0x00000000a0c00000, 0x00000000e0400000, 0x00000000e0400000)
  object space 1040384K, 6% used [0x00000000a0c00000,0x00000000a4bbb828,0x00000000e0400000)
 Metaspace       used 13041K, capacity 13234K, committed 13312K, reserved 1060864K
  class space    used 1469K, capacity 1501K, committed 1536K, reserved 1048576K
4564.250: [GC (Allocation Failure) [PSYoungGen: 516256K->160K(518144K)] 581518K->65422K(1558528K), 0.0015022 secs] [Times: user=0.00 sys=0.00, real=0.00 secs] 
Heap after GC invocations=654 (full 0):
 PSYoungGen      total 518144K, used 160K [0x00000000e0400000, 0x0000000100000000, 0x0000000100000000)
  eden space 516096K, 0% used [0x00000000e0400000,0x00000000e0400000,0x00000000ffc00000)
  from space 2048K, 7% used [0x00000000ffe00000,0x00000000ffe28000,0x0000000100000000)
  to   space 2048K, 0% used [0x00000000ffc00000,0x00000000ffc00000,0x00000000ffe00000)
 ParOldGen       total 1040384K, used 65262K [0x00000000a0c00000, 0x00000000e0400000, 0x00000000e0400000)
  object space 1040384K, 6% used [0x00000000a0c00000,0x00000000a4bbb828,0x00000000e0400000)
 Metaspace       used 13041K, capacity 13234K, committed 13312K, reserved 1060864K
  class space    used 1469K, capacity 1501K, committed 1536K, reserved 1048576K
}
{Heap before GC invocations=655 (full 0):
 PSYoungGen      total 518144K, used 516256K [0x00000000e0400000, 0x0000000100000000, 0x0000000100000000)
  eden space 516096K, 100% used [0x00000000e0400000,0x00000000ffc00000,0x00000000ffc00000)
  from space 2048K, 7% used [0x00000000ffe00000,0x00000000ffe28000,0x0000000100000000)
  to   space 2048K, 0% used [0x00000000ffc00000,0x00000000ffc00000,0x00000000ffe00000)
 ParOldGen       total 1040384K, used 65262K [0x00000000a0c00000, 0x00000000e0400000, 0x00000000e0400000)
  object space 1040384K, 6% used [0x00000000a0c00000,0x00000000a4bbb828,0x00000000e0400000)
 Metaspace       used 13041K, capacity 13234K, committed 13312K, reserved 1060864K
  class space    used 1469K, capacity 1501K, committed 1536K, reserved 1048576K
4571.400: [GC (Allocation Failure) [PSYoungGen: 516256K->192K(518144K)] 581518K->65462K(1558528K), 0.0016804 secs] [Times: user=0.00 sys=0.00, real=0.00 secs] 
Heap after GC invocations=655 (full 0):
 PSYoungGen      total 518144K, used 192K [0x00000000e0400000, 0x0000000100000000, 0x0000000100000000)
  eden space 516096K, 0% used [0x00000000e0400000,0x00000000e0400000,0x00000000ffc00000)
  from space 2048K, 9% used [0x00000000ffc00000,0x00000000ffc30000,0x00000000ffe00000)
  to   space 1536K, 0% used [0x00000000ffe80000,0x00000000ffe80000,0x0000000100000000)
 ParOldGen       total 1040384K, used 65270K [0x00000000a0c00000, 0x00000000e0400000, 0x00000000e0400000)
  object space 1040384K, 6% used [0x00000000a0c00000,0x00000000a4bbd828,0x00000000e0400000)
 Metaspace       used 13041K, capacity 13234K, committed 13312K, reserved 1060864K
  class space    used 1469K, capacity 1501K, committed 1536K, reserved 1048576K
}
{Heap before GC invocations=656 (full 0):
 PSYoungGen      total 518144K, used 516287K [0x00000000e0400000, 0x0000000100000000, 0x0000000100000000)
  eden space 516096K, 99% used [0x00000000e0400000,0x00000000ffbfff78,0x00000000ffc00000)
  from space 2048K, 9% used [0x00000000ffc00000,0x00000000ffc30000,0x00000000ffe00000)
  to   space 1536K, 0% used [0x00000000ffe80000,0x00000000ffe80000,0x0000000100000000)
 ParOldGen       total 1040384K, used 65270K [0x00000000a0c00000, 0x00000000e0400000, 0x00000000e0400000)
  object space 1040384K, 6% used [0x00000000a0c00000,0x00000000a4bbd828,0x00000000e0400000)
 Metaspace       used 13041K, capacity 13234K, committed 13312K, reserved 1060864K
  class space    used 1469K, capacity 1501K, committed 1536K, reserved 1048576K
4578.484: [GC (Allocation Failure) [PSYoungGen: 516287K->96K(518656K)] 581557K->65366K(1559040K), 0.0020486 secs] [Times: user=0.00 sys=0.00, real=0.00 secs] 
Heap after GC invocations=656 (full 0):
 PSYoungGen      total 518656K, used 96K [0x00000000e0400000, 0x0000000100000000, 0x0000000100000000)
  eden space 517120K, 0% used [0x00000000e0400000,0x00000000e0400000,0x00000000ffd00000)
  from space 1536K, 6% used [0x00000000ffe80000,0x00000000ffe98000,0x0000000100000000)
  to   space 1536K, 0% used [0x00000000ffd00000,0x00000000ffd00000,0x00000000ffe80000)
 ParOldGen       total 1040384K, used 65270K [0x00000000a0c00000, 0x00000000e0400000, 0x00000000e0400000)
  object space 1040384K, 6% used [0x00000000a0c00000,0x00000000a4bbd828,0x00000000e0400000)
 Metaspace       used 13041K, capacity 13234K, committed 13312K, reserved 1060864K
  class space    used 1469K, capacity 1501K, committed 1536K, reserved 1048576K
}
{Heap before GC invocations=657 (full 0):
 PSYoungGen      total 518656K, used 517216K [0x00000000e0400000, 0x0000000100000000, 0x0000000100000000)
  eden space 517120K, 100% used [0x00000000e0400000,0x00000000ffd00000,0x00000000ffd00000)
  from space 1536K, 6% used [0x00000000ffe80000,0x00000000ffe98000,0x0000000100000000)
  to   space 1536K, 0% used [0x00000000ffd00000,0x00000000ffd00000,0x00000000ffe80000)
 ParOldGen       total 1040384K, used 65270K [0x00000000a0c00000, 0x00000000e0400000, 0x00000000e0400000)
  object space 1040384K, 6% used [0x00000000a0c00000,0x00000000a4bbd848,0x00000000e0400000)
 Metaspace       used 13041K, capacity 13234K, committed 13312K, reserved 1060864K
  class space    used 1469K, capacity 1501K, committed 1536K, reserved 1048576K
4585.499: [GC (GCLocker Initiated GC) [PSYoungGen: 517216K->1440K(518656K)] 582486K->66710K(1559040K), 0.0019021 secs] [Times: user=0.00 sys=0.00, real=0.00 secs] 
Heap after GC invocations=657 (full 0):
 PSYoungGen      total 518656K, used 1440K [0x00000000e0400000, 0x0000000100000000, 0x0000000100000000)
  eden space 517120K, 0% used [0x00000000e0400000,0x00000000e0400000,0x00000000ffd00000)
  from space 1536K, 93% used [0x00000000ffd00000,0x00000000ffe68000,0x00000000ffe80000)
  to   space 1536K, 0% used [0x00000000ffe80000,0x00000000ffe80000,0x0000000100000000)
 ParOldGen       total 1040384K, used 65270K [0x00000000a0c00000, 0x00000000e0400000, 0x00000000e0400000)
  object space 1040384K, 6% used [0x00000000a0c00000,0x00000000a4bbd848,0x00000000e0400000)
 Metaspace       used 13041K, capacity 13234K, committed 13312K, reserved 1060864K
  class space    used 1469K, capacity 1501K, committed 1536K, reserved 1048576K
}
{Heap before GC invocations=658 (full 0):
 PSYoungGen      total 518656K, used 518560K [0x00000000e0400000, 0x0000000100000000, 0x0000000100000000)
  eden space 517120K, 100% used [0x00000000e0400000,0x00000000ffd00000,0x00000000ffd00000)
  from space 1536K, 93% used [0x00000000ffd00000,0x00000000ffe68000,0x00000000ffe80000)
  to   space 1536K, 0% used [0x00000000ffe80000,0x00000000ffe80000,0x0000000100000000)
 ParOldGen       total 1040384K, used 65273K [0x00000000a0c00000, 0x00000000e0400000, 0x00000000e0400000)
  object space 1040384K, 6% used [0x00000000a0c00000,0x00000000a4bbe4a8,0x00000000e0400000)
 Metaspace       used 13041K, capacity 13234K, committed 13312K, reserved 1060864K
  class space    used 1469K, capacity 1501K, committed 1536K, reserved 1048576K
4592.627: [GC (Allocation Failure) [PSYoungGen: 518560K->192K(517632K)] 583833K->65481K(1558016K), 0.0016850 secs] [Times: user=0.00 sys=0.00, real=0.00 secs] 
Heap after GC invocations=658 (full 0):
 PSYoungGen      total 517632K, used 192K [0x00000000e0400000, 0x0000000100000000, 0x0000000100000000)
  eden space 516096K, 0% used [0x00000000e0400000,0x00000000e0400000,0x00000000ffc00000)
  from space 1536K, 12% used [0x00000000ffe80000,0x00000000ffeb0000,0x0000000100000000)
  to   space 2048K, 0% used [0x00000000ffc00000,0x00000000ffc00000,0x00000000ffe00000)
 ParOldGen       total 1040384K, used 65289K [0x00000000a0c00000, 0x00000000e0400000, 0x00000000e0400000)
  object space 1040384K, 6% used [0x00000000a0c00000,0x00000000a4bc24a8,0x00000000e0400000)
 Metaspace       used 13041K, capacity 13234K, committed 13312K, reserved 1060864K
  class space    used 1469K, capacity 1501K, committed 1536K, reserved 1048576K
}
{Heap before GC invocations=659 (full 0):
 PSYoungGen      total 517632K, used 516288K [0x00000000e0400000, 0x0000000100000000, 0x0000000100000000)
  eden space 516096K, 100% used [0x00000000e0400000,0x00000000ffc00000,0x00000000ffc00000)
  from space 1536K, 12% used [0x00000000ffe80000,0x00000000ffeb0000,0x0000000100000000)
  to   space 2048K, 0% used [0x00000000ffc00000,0x00000000ffc00000,0x00000000ffe00000)
 ParOldGen       total 1040384K, used 65289K [0x00000000a0c00000, 0x00000000e0400000, 0x00000000e0400000)
  object space 1040384K, 6% used [0x00000000a0c00000,0x00000000a4bc24a8,0x00000000e0400000)
 Metaspace       used 13041K, capacity 13234K, committed 13312K, reserved 1060864K
  class space    used 1469K, capacity 1501K, committed 1536K, reserved 1048576K
4599.848: [GC (Allocation Failure) [PSYoungGen: 516288K->224K(518144K)] 581577K->65537K(1558528K), 0.0014418 secs] [Times: user=0.02 sys=0.00, real=0.00 secs] 
Heap after GC invocations=659 (full 0):
 PSYoungGen      total 518144K, used 224K [0x00000000e0400000, 0x0000000100000000, 0x0000000100000000)
  eden space 516096K, 0% used [0x00000000e0400000,0x00000000e0400000,0x00000000ffc00000)
  from space 2048K, 10% used [0x00000000ffc00000,0x00000000ffc38000,0x00000000ffe00000)
  to   space 2048K, 0% used [0x00000000ffe00000,0x00000000ffe00000,0x0000000100000000)
 ParOldGen       total 1040384K, used 65313K [0x00000000a0c00000, 0x00000000e0400000, 0x00000000e0400000)
  object space 1040384K, 6% used [0x00000000a0c00000,0x00000000a4bc84a8,0x00000000e0400000)
 Metaspace       used 13041K, capacity 13234K, committed 13312K, reserved 1060864K
  class space    used 1469K, capacity 1501K, committed 1536K, reserved 1048576K
}
{Heap before GC invocations=660 (full 0):
 PSYoungGen      total 518144K, used 516320K [0x00000000e0400000, 0x0000000100000000, 0x0000000100000000)
  eden space 516096K, 100% used [0x00000000e0400000,0x00000000ffc00000,0x00000000ffc00000)
  from space 2048K, 10% used [0x00000000ffc00000,0x00000000ffc38000,0x00000000ffe00000)
  to   space 2048K, 0% used [0x00000000ffe00000,0x00000000ffe00000,0x0000000100000000)
 ParOldGen       total 1040384K, used 65313K [0x00000000a0c00000, 0x00000000e0400000, 0x00000000e0400000)
  object space 1040384K, 6% used [0x00000000a0c00000,0x00000000a4bc84a8,0x00000000e0400000)
 Metaspace       used 13041K, capacity 13234K, committed 13312K, reserved 1060864K
  class space    used 1469K, capacity 1501K, committed 1536K, reserved 1048576K
4606.825: [GC (Allocation Failure) [PSYoungGen: 516320K->64K(518656K)] 581633K->65393K(1559040K), 0.0018094 secs] [Times: user=0.00 sys=0.00, real=0.00 secs] 
Heap after GC invocations=660 (full 0):
 PSYoungGen      total 518656K, used 64K [0x00000000e0400000, 0x0000000100000000, 0x0000000100000000)
  eden space 516608K, 0% used [0x00000000e0400000,0x00000000e0400000,0x00000000ffc80000)
  from space 2048K, 3% used [0x00000000ffe00000,0x00000000ffe10000,0x0000000100000000)
  to   space 1536K, 0% used [0x00000000ffc80000,0x00000000ffc80000,0x00000000ffe00000)
 ParOldGen       total 1040384K, used 65329K [0x00000000a0c00000, 0x00000000e0400000, 0x00000000e0400000)
  object space 1040384K, 6% used [0x00000000a0c00000,0x00000000a4bcc4a8,0x00000000e0400000)
 Metaspace       used 13041K, capacity 13234K, committed 13312K, reserved 1060864K
  class space    used 1469K, capacity 1501K, committed 1536K, reserved 1048576K
}
{Heap before GC invocations=661 (full 0):
 PSYoungGen      total 518656K, used 516672K [0x00000000e0400000, 0x0000000100000000, 0x0000000100000000)
  eden space 516608K, 100% used [0x00000000e0400000,0x00000000ffc80000,0x00000000ffc80000)
  from space 2048K, 3% used [0x00000000ffe00000,0x00000000ffe10000,0x0000000100000000)
  to   space 1536K, 0% used [0x00000000ffc80000,0x00000000ffc80000,0x00000000ffe00000)
 ParOldGen       total 1040384K, used 65329K [0x00000000a0c00000, 0x00000000e0400000, 0x00000000e0400000)
  object space 1040384K, 6% used [0x00000000a0c00000,0x00000000a4bcc4a8,0x00000000e0400000)
 Metaspace       used 13041K, capacity 13234K, committed 13312K, reserved 1060864K
  class space    used 1469K, capacity 1501K, committed 1536K, reserved 1048576K
4613.873: [GC (Allocation Failure) [PSYoungGen: 516672K->224K(518144K)] 582001K->65553K(1558528K), 0.0016067 secs] [Times: user=0.00 sys=0.00, real=0.00 secs] 
Heap after GC invocations=661 (full 0):
 PSYoungGen      total 518144K, used 224K [0x00000000e0400000, 0x0000000100000000, 0x0000000100000000)
  eden space 516608K, 0% used [0x00000000e0400000,0x00000000e0400000,0x00000000ffc80000)
  from space 1536K, 14% used [0x00000000ffc80000,0x00000000ffcb8000,0x00000000ffe00000)
  to   space 1536K, 0% used [0x00000000ffe80000,0x00000000ffe80000,0x0000000100000000)
 ParOldGen       total 1040384K, used 65329K [0x00000000a0c00000, 0x00000000e0400000, 0x00000000e0400000)
  object space 1040384K, 6% used [0x00000000a0c00000,0x00000000a4bcc4a8,0x00000000e0400000)
 Metaspace       used 13041K, capacity 13234K, committed 13312K, reserved 1060864K
  class space    used 1469K, capacity 1501K, committed 1536K, reserved 1048576K
}
{Heap before GC invocations=662 (full 0):
 PSYoungGen      total 518144K, used 516832K [0x00000000e0400000, 0x0000000100000000, 0x0000000100000000)
  eden space 516608K, 100% used [0x00000000e0400000,0x00000000ffc80000,0x00000000ffc80000)
  from space 1536K, 14% used [0x00000000ffc80000,0x00000000ffcb8000,0x00000000ffe00000)
  to   space 1536K, 0% used [0x00000000ffe80000,0x00000000ffe80000,0x0000000100000000)
 ParOldGen       total 1040384K, used 65329K [0x00000000a0c00000, 0x00000000e0400000, 0x00000000e0400000)
  object space 1040384K, 6% used [0x00000000a0c00000,0x00000000a4bcc4a8,0x00000000e0400000)
 Metaspace       used 13041K, capacity 13234K, committed 13312K, reserved 1060864K
  class space    used 1469K, capacity 1501K, committed 1536K, reserved 1048576K
4620.972: [GC (Allocation Failure) [PSYoungGen: 516832K->1536K(517632K)] 582161K->67097K(1558016K), 0.0026451 secs] [Times: user=0.02 sys=0.00, real=0.00 secs] 
Heap after GC invocations=662 (full 0):
 PSYoungGen      total 517632K, used 1536K [0x00000000e0400000, 0x0000000100000000, 0x0000000100000000)
  eden space 516096K, 0% used [0x00000000e0400000,0x00000000e0400000,0x00000000ffc00000)
  from space 1536K, 100% used [0x00000000ffe80000,0x0000000100000000,0x0000000100000000)
  to   space 2048K, 0% used [0x00000000ffc00000,0x00000000ffc00000,0x00000000ffe00000)
 ParOldGen       total 1040384K, used 65561K [0x00000000a0c00000, 0x00000000e0400000, 0x00000000e0400000)
  object space 1040384K, 6% used [0x00000000a0c00000,0x00000000a4c064a8,0x00000000e0400000)
 Metaspace       used 13041K, capacity 13234K, committed 13312K, reserved 1060864K
  class space    used 1469K, capacity 1501K, committed 1536K, reserved 1048576K
}
{Heap before GC invocations=663 (full 0):
 PSYoungGen      total 517632K, used 517632K [0x00000000e0400000, 0x0000000100000000, 0x0000000100000000)
  eden space 516096K, 100% used [0x00000000e0400000,0x00000000ffc00000,0x00000000ffc00000)
  from space 1536K, 100% used [0x00000000ffe80000,0x0000000100000000,0x0000000100000000)
  to   space 2048K, 0% used [0x00000000ffc00000,0x00000000ffc00000,0x00000000ffe00000)
 ParOldGen       total 1040384K, used 65561K [0x00000000a0c00000, 0x00000000e0400000, 0x00000000e0400000)
  object space 1040384K, 6% used [0x00000000a0c00000,0x00000000a4c064a8,0x00000000e0400000)
 Metaspace       used 13041K, capacity 13234K, committed 13312K, reserved 1060864K
  class space    used 1469K, capacity 1501K, committed 1536K, reserved 1048576K
4627.988: [GC (Allocation Failure) [PSYoungGen: 517632K->192K(518144K)] 583193K->65793K(1558528K), 0.0013451 secs] [Times: user=0.01 sys=0.00, real=0.00 secs] 
Heap after GC invocations=663 (full 0):
 PSYoungGen      total 518144K, used 192K [0x00000000e0400000, 0x0000000100000000, 0x0000000100000000)
  eden space 516096K, 0% used [0x00000000e0400000,0x00000000e0400000,0x00000000ffc00000)
  from space 2048K, 9% used [0x00000000ffc00000,0x00000000ffc30000,0x00000000ffe00000)
  to   space 2048K, 0% used [0x00000000ffe00000,0x00000000ffe00000,0x0000000100000000)
 ParOldGen       total 1040384K, used 65601K [0x00000000a0c00000, 0x00000000e0400000, 0x00000000e0400000)
  object space 1040384K, 6% used [0x00000000a0c00000,0x00000000a4c104a8,0x00000000e0400000)
 Metaspace       used 13041K, capacity 13234K, committed 13312K, reserved 1060864K
  class space    used 1469K, capacity 1501K, committed 1536K, reserved 1048576K
}
{Heap before GC invocations=664 (full 0):
 PSYoungGen      total 518144K, used 516288K [0x00000000e0400000, 0x0000000100000000, 0x0000000100000000)
  eden space 516096K, 100% used [0x00000000e0400000,0x00000000ffc00000,0x00000000ffc00000)
  from space 2048K, 9% used [0x00000000ffc00000,0x00000000ffc30000,0x00000000ffe00000)
  to   space 2048K, 0% used [0x00000000ffe00000,0x00000000ffe00000,0x0000000100000000)
 ParOldGen       total 1040384K, used 65601K [0x00000000a0c00000, 0x00000000e0400000, 0x00000000e0400000)
  object space 1040384K, 6% used [0x00000000a0c00000,0x00000000a4c104a8,0x00000000e0400000)
 Metaspace       used 13041K, capacity 13234K, committed 13312K, reserved 1060864K
  class space    used 1469K, capacity 1501K, committed 1536K, reserved 1048576K
4635.060: [GC (Allocation Failure) [PSYoungGen: 516288K->224K(518144K)] 581889K->65833K(1558528K), 0.0012801 secs] [Times: user=0.00 sys=0.00, real=0.00 secs] 
Heap after GC invocations=664 (full 0):
 PSYoungGen      total 518144K, used 224K [0x00000000e0400000, 0x0000000100000000, 0x0000000100000000)
  eden space 516096K, 0% used [0x00000000e0400000,0x00000000e0400000,0x00000000ffc00000)
  from space 2048K, 10% used [0x00000000ffe00000,0x00000000ffe38000,0x0000000100000000)
  to   space 2048K, 0% used [0x00000000ffc00000,0x00000000ffc00000,0x00000000ffe00000)
 ParOldGen       total 1040384K, used 65609K [0x00000000a0c00000, 0x00000000e0400000, 0x00000000e0400000)
  object space 1040384K, 6% used [0x00000000a0c00000,0x00000000a4c124a8,0x00000000e0400000)
 Metaspace       used 13041K, capacity 13234K, committed 13312K, reserved 1060864K
  class space    used 1469K, capacity 1501K, committed 1536K, reserved 1048576K
}
{Heap before GC invocations=665 (full 0):
 PSYoungGen      total 518144K, used 516320K [0x00000000e0400000, 0x0000000100000000, 0x0000000100000000)
  eden space 516096K, 100% used [0x00000000e0400000,0x00000000ffc00000,0x00000000ffc00000)
  from space 2048K, 10% used [0x00000000ffe00000,0x00000000ffe38000,0x0000000100000000)
  to   space 2048K, 0% used [0x00000000ffc00000,0x00000000ffc00000,0x00000000ffe00000)
 ParOldGen       total 1040384K, used 65609K [0x00000000a0c00000, 0x00000000e0400000, 0x00000000e0400000)
  object space 1040384K, 6% used [0x00000000a0c00000,0x00000000a4c124a8,0x00000000e0400000)
 Metaspace       used 13041K, capacity 13234K, committed 13312K, reserved 1060864K
  class space    used 1469K, capacity 1501K, committed 1536K, reserved 1048576K
4642.099: [GC (Allocation Failure) [PSYoungGen: 516320K->64K(518144K)] 581929K->65673K(1558528K), 0.0016838 secs] [Times: user=0.00 sys=0.00, real=0.00 secs] 
Heap after GC invocations=665 (full 0):
 PSYoungGen      total 518144K, used 64K [0x00000000e0400000, 0x0000000100000000, 0x0000000100000000)
  eden space 516096K, 0% used [0x00000000e0400000,0x00000000e0400000,0x00000000ffc00000)
  from space 2048K, 3% used [0x00000000ffc00000,0x00000000ffc10000,0x00000000ffe00000)
  to   space 2048K, 0% used [0x00000000ffe00000,0x00000000ffe00000,0x0000000100000000)
 ParOldGen       total 1040384K, used 65609K [0x00000000a0c00000, 0x00000000e0400000, 0x00000000e0400000)
  object space 1040384K, 6% used [0x00000000a0c00000,0x00000000a4c124a8,0x00000000e0400000)
 Metaspace       used 13041K, capacity 13234K, committed 13312K, reserved 1060864K
  class space    used 1469K, capacity 1501K, committed 1536K, reserved 1048576K
}
{Heap before GC invocations=666 (full 0):
 PSYoungGen      total 518144K, used 516160K [0x00000000e0400000, 0x0000000100000000, 0x0000000100000000)
  eden space 516096K, 100% used [0x00000000e0400000,0x00000000ffc00000,0x00000000ffc00000)
  from space 2048K, 3% used [0x00000000ffc00000,0x00000000ffc10000,0x00000000ffe00000)
  to   space 2048K, 0% used [0x00000000ffe00000,0x00000000ffe00000,0x0000000100000000)
 ParOldGen       total 1040384K, used 65609K [0x00000000a0c00000, 0x00000000e0400000, 0x00000000e0400000)
  object space 1040384K, 6% used [0x00000000a0c00000,0x00000000a4c124a8,0x00000000e0400000)
 Metaspace       used 13041K, capacity 13234K, committed 13312K, reserved 1060864K
  class space    used 1469K, capacity 1501K, committed 1536K, reserved 1048576K
4649.187: [GC (Allocation Failure) [PSYoungGen: 516160K->864K(518144K)] 581769K->66473K(1558528K), 0.0025895 secs] [Times: user=0.00 sys=0.00, real=0.00 secs] 
Heap after GC invocations=666 (full 0):
 PSYoungGen      total 518144K, used 864K [0x00000000e0400000, 0x0000000100000000, 0x0000000100000000)
  eden space 516096K, 0% used [0x00000000e0400000,0x00000000e0400000,0x00000000ffc00000)
  from space 2048K, 42% used [0x00000000ffe00000,0x00000000ffed8000,0x0000000100000000)
  to   space 2048K, 0% used [0x00000000ffc00000,0x00000000ffc00000,0x00000000ffe00000)
 ParOldGen       total 1040384K, used 65609K [0x00000000a0c00000, 0x00000000e0400000, 0x00000000e0400000)
  object space 1040384K, 6% used [0x00000000a0c00000,0x00000000a4c124a8,0x00000000e0400000)
 Metaspace       used 13041K, capacity 13234K, committed 13312K, reserved 1060864K
  class space    used 1469K, capacity 1501K, committed 1536K, reserved 1048576K
}
{Heap before GC invocations=667 (full 0):
 PSYoungGen      total 518144K, used 516960K [0x00000000e0400000, 0x0000000100000000, 0x0000000100000000)
  eden space 516096K, 100% used [0x00000000e0400000,0x00000000ffc00000,0x00000000ffc00000)
  from space 2048K, 42% used [0x00000000ffe00000,0x00000000ffed8000,0x0000000100000000)
  to   space 2048K, 0% used [0x00000000ffc00000,0x00000000ffc00000,0x00000000ffe00000)
 ParOldGen       total 1040384K, used 65609K [0x00000000a0c00000, 0x00000000e0400000, 0x00000000e0400000)
  object space 1040384K, 6% used [0x00000000a0c00000,0x00000000a4c124a8,0x00000000e0400000)
 Metaspace       used 13041K, capacity 13234K, committed 13312K, reserved 1060864K
  class space    used 1469K, capacity 1501K, committed 1536K, reserved 1048576K
4656.350: [GC (Allocation Failure) [PSYoungGen: 516960K->192K(518144K)] 582569K->65801K(1558528K), 0.0013687 secs] [Times: user=0.00 sys=0.00, real=0.00 secs] 
Heap after GC invocations=667 (full 0):
 PSYoungGen      total 518144K, used 192K [0x00000000e0400000, 0x0000000100000000, 0x0000000100000000)
  eden space 516096K, 0% used [0x00000000e0400000,0x00000000e0400000,0x00000000ffc00000)
  from space 2048K, 9% used [0x00000000ffc00000,0x00000000ffc30000,0x00000000ffe00000)
  to   space 2048K, 0% used [0x00000000ffe00000,0x00000000ffe00000,0x0000000100000000)
 ParOldGen       total 1040384K, used 65609K [0x00000000a0c00000, 0x00000000e0400000, 0x00000000e0400000)
  object space 1040384K, 6% used [0x00000000a0c00000,0x00000000a4c124a8,0x00000000e0400000)
 Metaspace       used 13041K, capacity 13234K, committed 13312K, reserved 1060864K
  class space    used 1469K, capacity 1501K, committed 1536K, reserved 1048576K
}
{Heap before GC invocations=668 (full 0):
 PSYoungGen      total 518144K, used 516288K [0x00000000e0400000, 0x0000000100000000, 0x0000000100000000)
  eden space 516096K, 100% used [0x00000000e0400000,0x00000000ffc00000,0x00000000ffc00000)
  from space 2048K, 9% used [0x00000000ffc00000,0x00000000ffc30000,0x00000000ffe00000)
  to   space 2048K, 0% used [0x00000000ffe00000,0x00000000ffe00000,0x0000000100000000)
 ParOldGen       total 1040384K, used 65609K [0x00000000a0c00000, 0x00000000e0400000, 0x00000000e0400000)
  object space 1040384K, 6% used [0x00000000a0c00000,0x00000000a4c124a8,0x00000000e0400000)
 Metaspace       used 13041K, capacity 13234K, committed 13312K, reserved 1060864K
  class space    used 1469K, capacity 1501K, committed 1536K, reserved 1048576K
4663.477: [GC (Allocation Failure) [PSYoungGen: 516288K->192K(518656K)] 581897K->65809K(1559040K), 0.0018371 secs] [Times: user=0.00 sys=0.00, real=0.00 secs] 
Heap after GC invocations=668 (full 0):
 PSYoungGen      total 518656K, used 192K [0x00000000e0400000, 0x0000000100000000, 0x0000000100000000)
  eden space 516608K, 0% used [0x00000000e0400000,0x00000000e0400000,0x00000000ffc80000)
  from space 2048K, 9% used [0x00000000ffe00000,0x00000000ffe30000,0x0000000100000000)
  to   space 1536K, 0% used [0x00000000ffc80000,0x00000000ffc80000,0x00000000ffe00000)
 ParOldGen       total 1040384K, used 65617K [0x00000000a0c00000, 0x00000000e0400000, 0x00000000e0400000)
  object space 1040384K, 6% used [0x00000000a0c00000,0x00000000a4c144a8,0x00000000e0400000)
 Metaspace       used 13041K, capacity 13234K, committed 13312K, reserved 1060864K
  class space    used 1469K, capacity 1501K, committed 1536K, reserved 1048576K
}
{Heap before GC invocations=669 (full 0):
 PSYoungGen      total 518656K, used 516800K [0x00000000e0400000, 0x0000000100000000, 0x0000000100000000)
  eden space 516608K, 100% used [0x00000000e0400000,0x00000000ffc80000,0x00000000ffc80000)
  from space 2048K, 9% used [0x00000000ffe00000,0x00000000ffe30000,0x0000000100000000)
  to   space 1536K, 0% used [0x00000000ffc80000,0x00000000ffc80000,0x00000000ffe00000)
 ParOldGen       total 1040384K, used 65617K [0x00000000a0c00000, 0x00000000e0400000, 0x00000000e0400000)
  object space 1040384K, 6% used [0x00000000a0c00000,0x00000000a4c144a8,0x00000000e0400000)
 Metaspace       used 13041K, capacity 13234K, committed 13312K, reserved 1060864K
  class space    used 1469K, capacity 1501K, committed 1536K, reserved 1048576K
4670.564: [GC (Allocation Failure) [PSYoungGen: 516800K->128K(518144K)] 582417K->65745K(1558528K), 0.0021382 secs] [Times: user=0.00 sys=0.00, real=0.00 secs] 
Heap after GC invocations=669 (full 0):
 PSYoungGen      total 518144K, used 128K [0x00000000e0400000, 0x0000000100000000, 0x0000000100000000)
  eden space 516608K, 0% used [0x00000000e0400000,0x00000000e0400000,0x00000000ffc80000)
  from space 1536K, 8% used [0x00000000ffc80000,0x00000000ffca0000,0x00000000ffe00000)
  to   space 1536K, 0% used [0x00000000ffe80000,0x00000000ffe80000,0x0000000100000000)
 ParOldGen       total 1040384K, used 65617K [0x00000000a0c00000, 0x00000000e0400000, 0x00000000e0400000)
  object space 1040384K, 6% used [0x00000000a0c00000,0x00000000a4c144a8,0x00000000e0400000)
 Metaspace       used 13041K, capacity 13234K, committed 13312K, reserved 1060864K
  class space    used 1469K, capacity 1501K, committed 1536K, reserved 1048576K
}
{Heap before GC invocations=670 (full 0):
 PSYoungGen      total 518144K, used 516736K [0x00000000e0400000, 0x0000000100000000, 0x0000000100000000)
  eden space 516608K, 100% used [0x00000000e0400000,0x00000000ffc80000,0x00000000ffc80000)
  from space 1536K, 8% used [0x00000000ffc80000,0x00000000ffca0000,0x00000000ffe00000)
  to   space 1536K, 0% used [0x00000000ffe80000,0x00000000ffe80000,0x0000000100000000)
 ParOldGen       total 1040384K, used 65617K [0x00000000a0c00000, 0x00000000e0400000, 0x00000000e0400000)
  object space 1040384K, 6% used [0x00000000a0c00000,0x00000000a4c144a8,0x00000000e0400000)
 Metaspace       used 13041K, capacity 13234K, committed 13312K, reserved 1060864K
  class space    used 1469K, capacity 1501K, committed 1536K, reserved 1048576K
4677.517: [GC (Allocation Failure) [PSYoungGen: 516736K->224K(518656K)] 582353K->65841K(1559040K), 0.0017006 secs] [Times: user=0.00 sys=0.00, real=0.00 secs] 
Heap after GC invocations=670 (full 0):
 PSYoungGen      total 518656K, used 224K [0x00000000e0400000, 0x0000000100000000, 0x0000000100000000)
  eden space 517120K, 0% used [0x00000000e0400000,0x00000000e0400000,0x00000000ffd00000)
  from space 1536K, 14% used [0x00000000ffe80000,0x00000000ffeb8000,0x0000000100000000)
  to   space 1536K, 0% used [0x00000000ffd00000,0x00000000ffd00000,0x00000000ffe80000)
 ParOldGen       total 1040384K, used 65617K [0x00000000a0c00000, 0x00000000e0400000, 0x00000000e0400000)
  object space 1040384K, 6% used [0x00000000a0c00000,0x00000000a4c144a8,0x00000000e0400000)
 Metaspace       used 13041K, capacity 13234K, committed 13312K, reserved 1060864K
  class space    used 1469K, capacity 1501K, committed 1536K, reserved 1048576K
}
{Heap before GC invocations=671 (full 0):
 PSYoungGen      total 518656K, used 517344K [0x00000000e0400000, 0x0000000100000000, 0x0000000100000000)
  eden space 517120K, 100% used [0x00000000e0400000,0x00000000ffd00000,0x00000000ffd00000)
  from space 1536K, 14% used [0x00000000ffe80000,0x00000000ffeb8000,0x0000000100000000)
  to   space 1536K, 0% used [0x00000000ffd00000,0x00000000ffd00000,0x00000000ffe80000)
 ParOldGen       total 1040384K, used 65618K [0x00000000a0c00000, 0x00000000e0400000, 0x00000000e0400000)
  object space 1040384K, 6% used [0x00000000a0c00000,0x00000000a4c14858,0x00000000e0400000)
 Metaspace       used 13041K, capacity 13234K, committed 13312K, reserved 1060864K
  class space    used 1469K, capacity 1501K, committed 1536K, reserved 1048576K
4684.563: [GC (GCLocker Initiated GC) [PSYoungGen: 517344K->1536K(518656K)] 582962K->67186K(1559040K), 0.0021861 secs] [Times: user=0.00 sys=0.00, real=0.00 secs] 
Heap after GC invocations=671 (full 0):
 PSYoungGen      total 518656K, used 1536K [0x00000000e0400000, 0x0000000100000000, 0x0000000100000000)
  eden space 517120K, 0% used [0x00000000e0400000,0x00000000e0400000,0x00000000ffd00000)
  from space 1536K, 100% used [0x00000000ffd00000,0x00000000ffe80000,0x00000000ffe80000)
  to   space 1536K, 0% used [0x00000000ffe80000,0x00000000ffe80000,0x0000000100000000)
 ParOldGen       total 1040384K, used 65650K [0x00000000a0c00000, 0x00000000e0400000, 0x00000000e0400000)
  object space 1040384K, 6% used [0x00000000a0c00000,0x00000000a4c1c858,0x00000000e0400000)
 Metaspace       used 13041K, capacity 13234K, committed 13312K, reserved 1060864K
  class space    used 1469K, capacity 1501K, committed 1536K, reserved 1048576K
}
{Heap before GC invocations=672 (full 0):
 PSYoungGen      total 518656K, used 518656K [0x00000000e0400000, 0x0000000100000000, 0x0000000100000000)
  eden space 517120K, 100% used [0x00000000e0400000,0x00000000ffd00000,0x00000000ffd00000)
  from space 1536K, 100% used [0x00000000ffd00000,0x00000000ffe80000,0x00000000ffe80000)
  to   space 1536K, 0% used [0x00000000ffe80000,0x00000000ffe80000,0x0000000100000000)
 ParOldGen       total 1040384K, used 65653K [0x00000000a0c00000, 0x00000000e0400000, 0x00000000e0400000)
  object space 1040384K, 6% used [0x00000000a0c00000,0x00000000a4c1d548,0x00000000e0400000)
 Metaspace       used 13041K, capacity 13234K, committed 13312K, reserved 1060864K
  class space    used 1469K, capacity 1501K, committed 1536K, reserved 1048576K
4691.751: [GC (Allocation Failure) [PSYoungGen: 518656K->192K(517632K)] 584309K->65869K(1558016K), 0.0014658 secs] [Times: user=0.00 sys=0.00, real=0.00 secs] 
Heap after GC invocations=672 (full 0):
 PSYoungGen      total 517632K, used 192K [0x00000000e0400000, 0x0000000100000000, 0x0000000100000000)
  eden space 516096K, 0% used [0x00000000e0400000,0x00000000e0400000,0x00000000ffc00000)
  from space 1536K, 12% used [0x00000000ffe80000,0x00000000ffeb0000,0x0000000100000000)
  to   space 2048K, 0% used [0x00000000ffc00000,0x00000000ffc00000,0x00000000ffe00000)
 ParOldGen       total 1040384K, used 65677K [0x00000000a0c00000, 0x00000000e0400000, 0x00000000e0400000)
  object space 1040384K, 6% used [0x00000000a0c00000,0x00000000a4c23548,0x00000000e0400000)
 Metaspace       used 13041K, capacity 13234K, committed 13312K, reserved 1060864K
  class space    used 1469K, capacity 1501K, committed 1536K, reserved 1048576K
}
{Heap before GC invocations=673 (full 0):
 PSYoungGen      total 517632K, used 516288K [0x00000000e0400000, 0x0000000100000000, 0x0000000100000000)
  eden space 516096K, 100% used [0x00000000e0400000,0x00000000ffc00000,0x00000000ffc00000)
  from space 1536K, 12% used [0x00000000ffe80000,0x00000000ffeb0000,0x0000000100000000)
  to   space 2048K, 0% used [0x00000000ffc00000,0x00000000ffc00000,0x00000000ffe00000)
 ParOldGen       total 1040384K, used 65677K [0x00000000a0c00000, 0x00000000e0400000, 0x00000000e0400000)
  object space 1040384K, 6% used [0x00000000a0c00000,0x00000000a4c23548,0x00000000e0400000)
 Metaspace       used 13041K, capacity 13234K, committed 13312K, reserved 1060864K
  class space    used 1469K, capacity 1501K, committed 1536K, reserved 1048576K
4698.968: [GC (Allocation Failure) [PSYoungGen: 516288K->128K(518144K)] 581965K->65821K(1558528K), 0.0018262 secs] [Times: user=0.00 sys=0.00, real=0.00 secs] 
Heap after GC invocations=673 (full 0):
 PSYoungGen      total 518144K, used 128K [0x00000000e0400000, 0x0000000100000000, 0x0000000100000000)
  eden space 516096K, 0% used [0x00000000e0400000,0x00000000e0400000,0x00000000ffc00000)
  from space 2048K, 6% used [0x00000000ffc00000,0x00000000ffc20000,0x00000000ffe00000)
  to   space 2048K, 0% used [0x00000000ffe00000,0x00000000ffe00000,0x0000000100000000)
 ParOldGen       total 1040384K, used 65693K [0x00000000a0c00000, 0x00000000e0400000, 0x00000000e0400000)
  object space 1040384K, 6% used [0x00000000a0c00000,0x00000000a4c27548,0x00000000e0400000)
 Metaspace       used 13041K, capacity 13234K, committed 13312K, reserved 1060864K
  class space    used 1469K, capacity 1501K, committed 1536K, reserved 1048576K
}
{Heap before GC invocations=674 (full 0):
 PSYoungGen      total 518144K, used 516224K [0x00000000e0400000, 0x0000000100000000, 0x0000000100000000)
  eden space 516096K, 100% used [0x00000000e0400000,0x00000000ffc00000,0x00000000ffc00000)
  from space 2048K, 6% used [0x00000000ffc00000,0x00000000ffc20000,0x00000000ffe00000)
  to   space 2048K, 0% used [0x00000000ffe00000,0x00000000ffe00000,0x0000000100000000)
 ParOldGen       total 1040384K, used 65693K [0x00000000a0c00000, 0x00000000e0400000, 0x00000000e0400000)
  object space 1040384K, 6% used [0x00000000a0c00000,0x00000000a4c27548,0x00000000e0400000)
 Metaspace       used 13041K, capacity 13234K, committed 13312K, reserved 1060864K
  class space    used 1469K, capacity 1501K, committed 1536K, reserved 1048576K
4706.026: [GC (Allocation Failure) [PSYoungGen: 516224K->224K(518656K)] 581917K->65925K(1559040K), 0.0019432 secs] [Times: user=0.00 sys=0.00, real=0.00 secs] 
Heap after GC invocations=674 (full 0):
 PSYoungGen      total 518656K, used 224K [0x00000000e0400000, 0x0000000100000000, 0x0000000100000000)
  eden space 516608K, 0% used [0x00000000e0400000,0x00000000e0400000,0x00000000ffc80000)
  from space 2048K, 10% used [0x00000000ffe00000,0x00000000ffe38000,0x0000000100000000)
  to   space 1536K, 0% used [0x00000000ffc80000,0x00000000ffc80000,0x00000000ffe00000)
 ParOldGen       total 1040384K, used 65701K [0x00000000a0c00000, 0x00000000e0400000, 0x00000000e0400000)
  object space 1040384K, 6% used [0x00000000a0c00000,0x00000000a4c29548,0x00000000e0400000)
 Metaspace       used 13041K, capacity 13234K, committed 13312K, reserved 1060864K
  class space    used 1469K, capacity 1501K, committed 1536K, reserved 1048576K
}
{Heap before GC invocations=675 (full 0):
 PSYoungGen      total 518656K, used 516832K [0x00000000e0400000, 0x0000000100000000, 0x0000000100000000)
  eden space 516608K, 100% used [0x00000000e0400000,0x00000000ffc80000,0x00000000ffc80000)
  from space 2048K, 10% used [0x00000000ffe00000,0x00000000ffe38000,0x0000000100000000)
  to   space 1536K, 0% used [0x00000000ffc80000,0x00000000ffc80000,0x00000000ffe00000)
 ParOldGen       total 1040384K, used 65701K [0x00000000a0c00000, 0x00000000e0400000, 0x00000000e0400000)
  object space 1040384K, 6% used [0x00000000a0c00000,0x00000000a4c29548,0x00000000e0400000)
 Metaspace       used 13041K, capacity 13234K, committed 13312K, reserved 1060864K
  class space    used 1469K, capacity 1501K, committed 1536K, reserved 1048576K
4713.022: [GC (Allocation Failure) [PSYoungGen: 516832K->256K(518144K)] 582533K->65957K(1558528K), 0.0013149 secs] [Times: user=0.00 sys=0.00, real=0.00 secs] 
Heap after GC invocations=675 (full 0):
 PSYoungGen      total 518144K, used 256K [0x00000000e0400000, 0x0000000100000000, 0x0000000100000000)
  eden space 516608K, 0% used [0x00000000e0400000,0x00000000e0400000,0x00000000ffc80000)
  from space 1536K, 16% used [0x00000000ffc80000,0x00000000ffcc0000,0x00000000ffe00000)
  to   space 1536K, 0% used [0x00000000ffe80000,0x00000000ffe80000,0x0000000100000000)
 ParOldGen       total 1040384K, used 65701K [0x00000000a0c00000, 0x00000000e0400000, 0x00000000e0400000)
  object space 1040384K, 6% used [0x00000000a0c00000,0x00000000a4c29548,0x00000000e0400000)
 Metaspace       used 13041K, capacity 13234K, committed 13312K, reserved 1060864K
  class space    used 1469K, capacity 1501K, committed 1536K, reserved 1048576K
}
{Heap before GC invocations=676 (full 0):
 PSYoungGen      total 518144K, used 516864K [0x00000000e0400000, 0x0000000100000000, 0x0000000100000000)
  eden space 516608K, 100% used [0x00000000e0400000,0x00000000ffc80000,0x00000000ffc80000)
  from space 1536K, 16% used [0x00000000ffc80000,0x00000000ffcc0000,0x00000000ffe00000)
  to   space 1536K, 0% used [0x00000000ffe80000,0x00000000ffe80000,0x0000000100000000)
 ParOldGen       total 1040384K, used 65701K [0x00000000a0c00000, 0x00000000e0400000, 0x00000000e0400000)
  object space 1040384K, 6% used [0x00000000a0c00000,0x00000000a4c29548,0x00000000e0400000)
 Metaspace       used 13041K, capacity 13234K, committed 13312K, reserved 1060864K
  class space    used 1469K, capacity 1501K, committed 1536K, reserved 1048576K
4720.008: [GC (Allocation Failure) [PSYoungGen: 516864K->1536K(517632K)] 582565K->67397K(1558016K), 0.0025251 secs] [Times: user=0.00 sys=0.00, real=0.00 secs] 
Heap after GC invocations=676 (full 0):
 PSYoungGen      total 517632K, used 1536K [0x00000000e0400000, 0x0000000100000000, 0x0000000100000000)
  eden space 516096K, 0% used [0x00000000e0400000,0x00000000e0400000,0x00000000ffc00000)
  from space 1536K, 100% used [0x00000000ffe80000,0x0000000100000000,0x0000000100000000)
  to   space 2048K, 0% used [0x00000000ffc00000,0x00000000ffc00000,0x00000000ffe00000)
 ParOldGen       total 1040384K, used 65861K [0x00000000a0c00000, 0x00000000e0400000, 0x00000000e0400000)
  object space 1040384K, 6% used [0x00000000a0c00000,0x00000000a4c51548,0x00000000e0400000)
 Metaspace       used 13041K, capacity 13234K, committed 13312K, reserved 1060864K
  class space    used 1469K, capacity 1501K, committed 1536K, reserved 1048576K
}
{Heap before GC invocations=677 (full 0):
 PSYoungGen      total 517632K, used 517632K [0x00000000e0400000, 0x0000000100000000, 0x0000000100000000)
  eden space 516096K, 100% used [0x00000000e0400000,0x00000000ffc00000,0x00000000ffc00000)
  from space 1536K, 100% used [0x00000000ffe80000,0x0000000100000000,0x0000000100000000)
  to   space 2048K, 0% used [0x00000000ffc00000,0x00000000ffc00000,0x00000000ffe00000)
 ParOldGen       total 1040384K, used 65861K [0x00000000a0c00000, 0x00000000e0400000, 0x00000000e0400000)
  object space 1040384K, 6% used [0x00000000a0c00000,0x00000000a4c51548,0x00000000e0400000)
 Metaspace       used 13041K, capacity 13234K, committed 13312K, reserved 1060864K
  class space    used 1469K, capacity 1501K, committed 1536K, reserved 1048576K
4727.178: [GC (Allocation Failure) [PSYoungGen: 517632K->256K(518144K)] 583493K->66157K(1558528K), 0.0018424 secs] [Times: user=0.00 sys=0.00, real=0.00 secs] 
Heap after GC invocations=677 (full 0):
 PSYoungGen      total 518144K, used 256K [0x00000000e0400000, 0x0000000100000000, 0x0000000100000000)
  eden space 516096K, 0% used [0x00000000e0400000,0x00000000e0400000,0x00000000ffc00000)
  from space 2048K, 12% used [0x00000000ffc00000,0x00000000ffc40000,0x00000000ffe00000)
  to   space 2048K, 0% used [0x00000000ffe00000,0x00000000ffe00000,0x0000000100000000)
 ParOldGen       total 1040384K, used 65901K [0x00000000a0c00000, 0x00000000e0400000, 0x00000000e0400000)
  object space 1040384K, 6% used [0x00000000a0c00000,0x00000000a4c5b548,0x00000000e0400000)
 Metaspace       used 13041K, capacity 13234K, committed 13312K, reserved 1060864K
  class space    used 1469K, capacity 1501K, committed 1536K, reserved 1048576K
}
{Heap before GC invocations=678 (full 0):
 PSYoungGen      total 518144K, used 516352K [0x00000000e0400000, 0x0000000100000000, 0x0000000100000000)
  eden space 516096K, 100% used [0x00000000e0400000,0x00000000ffc00000,0x00000000ffc00000)
  from space 2048K, 12% used [0x00000000ffc00000,0x00000000ffc40000,0x00000000ffe00000)
  to   space 2048K, 0% used [0x00000000ffe00000,0x00000000ffe00000,0x0000000100000000)
 ParOldGen       total 1040384K, used 65901K [0x00000000a0c00000, 0x00000000e0400000, 0x00000000e0400000)
  object space 1040384K, 6% used [0x00000000a0c00000,0x00000000a4c5b548,0x00000000e0400000)
 Metaspace       used 13041K, capacity 13234K, committed 13312K, reserved 1060864K
  class space    used 1469K, capacity 1501K, committed 1536K, reserved 1048576K
4734.154: [GC (Allocation Failure) [PSYoungGen: 516352K->128K(518144K)] 582253K->66029K(1558528K), 0.0018978 secs] [Times: user=0.00 sys=0.00, real=0.00 secs] 
Heap after GC invocations=678 (full 0):
 PSYoungGen      total 518144K, used 128K [0x00000000e0400000, 0x0000000100000000, 0x0000000100000000)
  eden space 516096K, 0% used [0x00000000e0400000,0x00000000e0400000,0x00000000ffc00000)
  from space 2048K, 6% used [0x00000000ffe00000,0x00000000ffe20000,0x0000000100000000)
  to   space 2048K, 0% used [0x00000000ffc00000,0x00000000ffc00000,0x00000000ffe00000)
 ParOldGen       total 1040384K, used 65901K [0x00000000a0c00000, 0x00000000e0400000, 0x00000000e0400000)
  object space 1040384K, 6% used [0x00000000a0c00000,0x00000000a4c5b548,0x00000000e0400000)
 Metaspace       used 13041K, capacity 13234K, committed 13312K, reserved 1060864K
  class space    used 1469K, capacity 1501K, committed 1536K, reserved 1048576K
}
{Heap before GC invocations=679 (full 0):
 PSYoungGen      total 518144K, used 516224K [0x00000000e0400000, 0x0000000100000000, 0x0000000100000000)
  eden space 516096K, 100% used [0x00000000e0400000,0x00000000ffc00000,0x00000000ffc00000)
  from space 2048K, 6% used [0x00000000ffe00000,0x00000000ffe20000,0x0000000100000000)
  to   space 2048K, 0% used [0x00000000ffc00000,0x00000000ffc00000,0x00000000ffe00000)
 ParOldGen       total 1040384K, used 65901K [0x00000000a0c00000, 0x00000000e0400000, 0x00000000e0400000)
  object space 1040384K, 6% used [0x00000000a0c00000,0x00000000a4c5b548,0x00000000e0400000)
 Metaspace       used 13041K, capacity 13234K, committed 13312K, reserved 1060864K
  class space    used 1469K, capacity 1501K, committed 1536K, reserved 1048576K
4741.201: [GC (Allocation Failure) [PSYoungGen: 516224K->64K(518144K)] 582125K->65965K(1558528K), 0.0017454 secs] [Times: user=0.00 sys=0.00, real=0.00 secs] 
Heap after GC invocations=679 (full 0):
 PSYoungGen      total 518144K, used 64K [0x00000000e0400000, 0x0000000100000000, 0x0000000100000000)
  eden space 516096K, 0% used [0x00000000e0400000,0x00000000e0400000,0x00000000ffc00000)
  from space 2048K, 3% used [0x00000000ffc00000,0x00000000ffc10000,0x00000000ffe00000)
  to   space 2048K, 0% used [0x00000000ffe00000,0x00000000ffe00000,0x0000000100000000)
 ParOldGen       total 1040384K, used 65901K [0x00000000a0c00000, 0x00000000e0400000, 0x00000000e0400000)
  object space 1040384K, 6% used [0x00000000a0c00000,0x00000000a4c5b548,0x00000000e0400000)
 Metaspace       used 13041K, capacity 13234K, committed 13312K, reserved 1060864K
  class space    used 1469K, capacity 1501K, committed 1536K, reserved 1048576K
}
{Heap before GC invocations=680 (full 0):
 PSYoungGen      total 518144K, used 516160K [0x00000000e0400000, 0x0000000100000000, 0x0000000100000000)
  eden space 516096K, 100% used [0x00000000e0400000,0x00000000ffc00000,0x00000000ffc00000)
  from space 2048K, 3% used [0x00000000ffc00000,0x00000000ffc10000,0x00000000ffe00000)
  to   space 2048K, 0% used [0x00000000ffe00000,0x00000000ffe00000,0x0000000100000000)
 ParOldGen       total 1040384K, used 65901K [0x00000000a0c00000, 0x00000000e0400000, 0x00000000e0400000)
  object space 1040384K, 6% used [0x00000000a0c00000,0x00000000a4c5b548,0x00000000e0400000)
 Metaspace       used 13041K, capacity 13234K, committed 13312K, reserved 1060864K
  class space    used 1469K, capacity 1501K, committed 1536K, reserved 1048576K
4748.323: [GC (Allocation Failure) [PSYoungGen: 516160K->1088K(518144K)] 582061K->66989K(1558528K), 0.0023991 secs] [Times: user=0.00 sys=0.00, real=0.00 secs] 
Heap after GC invocations=680 (full 0):
 PSYoungGen      total 518144K, used 1088K [0x00000000e0400000, 0x0000000100000000, 0x0000000100000000)
  eden space 516096K, 0% used [0x00000000e0400000,0x00000000e0400000,0x00000000ffc00000)
  from space 2048K, 53% used [0x00000000ffe00000,0x00000000fff10000,0x0000000100000000)
  to   space 2048K, 0% used [0x00000000ffc00000,0x00000000ffc00000,0x00000000ffe00000)
 ParOldGen       total 1040384K, used 65901K [0x00000000a0c00000, 0x00000000e0400000, 0x00000000e0400000)
  object space 1040384K, 6% used [0x00000000a0c00000,0x00000000a4c5b548,0x00000000e0400000)
 Metaspace       used 13041K, capacity 13234K, committed 13312K, reserved 1060864K
  class space    used 1469K, capacity 1501K, committed 1536K, reserved 1048576K
}
{Heap before GC invocations=681 (full 0):
 PSYoungGen      total 518144K, used 517184K [0x00000000e0400000, 0x0000000100000000, 0x0000000100000000)
  eden space 516096K, 100% used [0x00000000e0400000,0x00000000ffc00000,0x00000000ffc00000)
  from space 2048K, 53% used [0x00000000ffe00000,0x00000000fff10000,0x0000000100000000)
  to   space 2048K, 0% used [0x00000000ffc00000,0x00000000ffc00000,0x00000000ffe00000)
 ParOldGen       total 1040384K, used 65901K [0x00000000a0c00000, 0x00000000e0400000, 0x00000000e0400000)
  object space 1040384K, 6% used [0x00000000a0c00000,0x00000000a4c5b548,0x00000000e0400000)
 Metaspace       used 13041K, capacity 13234K, committed 13312K, reserved 1060864K
  class space    used 1469K, capacity 1501K, committed 1536K, reserved 1048576K
4755.414: [GC (Allocation Failure) [PSYoungGen: 517184K->160K(518144K)] 583085K->66069K(1558528K), 0.0018365 secs] [Times: user=0.00 sys=0.00, real=0.00 secs] 
Heap after GC invocations=681 (full 0):
 PSYoungGen      total 518144K, used 160K [0x00000000e0400000, 0x0000000100000000, 0x0000000100000000)
  eden space 516096K, 0% used [0x00000000e0400000,0x00000000e0400000,0x00000000ffc00000)
  from space 2048K, 7% used [0x00000000ffc00000,0x00000000ffc28000,0x00000000ffe00000)
  to   space 2048K, 0% used [0x00000000ffe00000,0x00000000ffe00000,0x0000000100000000)
 ParOldGen       total 1040384K, used 65909K [0x00000000a0c00000, 0x00000000e0400000, 0x00000000e0400000)
  object space 1040384K, 6% used [0x00000000a0c00000,0x00000000a4c5d548,0x00000000e0400000)
 Metaspace       used 13041K, capacity 13234K, committed 13312K, reserved 1060864K
  class space    used 1469K, capacity 1501K, committed 1536K, reserved 1048576K
}
{Heap before GC invocations=682 (full 0):
 PSYoungGen      total 518144K, used 516256K [0x00000000e0400000, 0x0000000100000000, 0x0000000100000000)
  eden space 516096K, 100% used [0x00000000e0400000,0x00000000ffc00000,0x00000000ffc00000)
  from space 2048K, 7% used [0x00000000ffc00000,0x00000000ffc28000,0x00000000ffe00000)
  to   space 2048K, 0% used [0x00000000ffe00000,0x00000000ffe00000,0x0000000100000000)
 ParOldGen       total 1040384K, used 65909K [0x00000000a0c00000, 0x00000000e0400000, 0x00000000e0400000)
  object space 1040384K, 6% used [0x00000000a0c00000,0x00000000a4c5d548,0x00000000e0400000)
 Metaspace       used 13041K, capacity 13234K, committed 13312K, reserved 1060864K
  class space    used 1469K, capacity 1501K, committed 1536K, reserved 1048576K
4762.454: [GC (Allocation Failure) [PSYoungGen: 516256K->128K(518144K)] 582165K->66037K(1558528K), 0.0018247 secs] [Times: user=0.00 sys=0.00, real=0.00 secs] 
Heap after GC invocations=682 (full 0):
 PSYoungGen      total 518144K, used 128K [0x00000000e0400000, 0x0000000100000000, 0x0000000100000000)
  eden space 516096K, 0% used [0x00000000e0400000,0x00000000e0400000,0x00000000ffc00000)
  from space 2048K, 6% used [0x00000000ffe00000,0x00000000ffe20000,0x0000000100000000)
  to   space 2048K, 0% used [0x00000000ffc00000,0x00000000ffc00000,0x00000000ffe00000)
 ParOldGen       total 1040384K, used 65909K [0x00000000a0c00000, 0x00000000e0400000, 0x00000000e0400000)
  object space 1040384K, 6% used [0x00000000a0c00000,0x00000000a4c5d548,0x00000000e0400000)
 Metaspace       used 13041K, capacity 13234K, committed 13312K, reserved 1060864K
  class space    used 1469K, capacity 1501K, committed 1536K, reserved 1048576K
}
{Heap before GC invocations=683 (full 0):
 PSYoungGen      total 518144K, used 516224K [0x00000000e0400000, 0x0000000100000000, 0x0000000100000000)
  eden space 516096K, 100% used [0x00000000e0400000,0x00000000ffc00000,0x00000000ffc00000)
  from space 2048K, 6% used [0x00000000ffe00000,0x00000000ffe20000,0x0000000100000000)
  to   space 2048K, 0% used [0x00000000ffc00000,0x00000000ffc00000,0x00000000ffe00000)
 ParOldGen       total 1040384K, used 65909K [0x00000000a0c00000, 0x00000000e0400000, 0x00000000e0400000)
  object space 1040384K, 6% used [0x00000000a0c00000,0x00000000a4c5d548,0x00000000e0400000)
 Metaspace       used 13041K, capacity 13234K, committed 13312K, reserved 1060864K
  class space    used 1469K, capacity 1501K, committed 1536K, reserved 1048576K
4769.394: [GC (Allocation Failure) [PSYoungGen: 516224K->96K(518144K)] 582133K->66005K(1558528K), 0.0017895 secs] [Times: user=0.02 sys=0.00, real=0.00 secs] 
Heap after GC invocations=683 (full 0):
 PSYoungGen      total 518144K, used 96K [0x00000000e0400000, 0x0000000100000000, 0x0000000100000000)
  eden space 516096K, 0% used [0x00000000e0400000,0x00000000e0400000,0x00000000ffc00000)
  from space 2048K, 4% used [0x00000000ffc00000,0x00000000ffc18000,0x00000000ffe00000)
  to   space 1536K, 0% used [0x00000000ffe80000,0x00000000ffe80000,0x0000000100000000)
 ParOldGen       total 1040384K, used 65909K [0x00000000a0c00000, 0x00000000e0400000, 0x00000000e0400000)
  object space 1040384K, 6% used [0x00000000a0c00000,0x00000000a4c5d548,0x00000000e0400000)
 Metaspace       used 13041K, capacity 13234K, committed 13312K, reserved 1060864K
  class space    used 1469K, capacity 1501K, committed 1536K, reserved 1048576K
}
{Heap before GC invocations=684 (full 0):
 PSYoungGen      total 518144K, used 516192K [0x00000000e0400000, 0x0000000100000000, 0x0000000100000000)
  eden space 516096K, 100% used [0x00000000e0400000,0x00000000ffc00000,0x00000000ffc00000)
  from space 2048K, 4% used [0x00000000ffc00000,0x00000000ffc18000,0x00000000ffe00000)
  to   space 1536K, 0% used [0x00000000ffe80000,0x00000000ffe80000,0x0000000100000000)
 ParOldGen       total 1040384K, used 65909K [0x00000000a0c00000, 0x00000000e0400000, 0x00000000e0400000)
  object space 1040384K, 6% used [0x00000000a0c00000,0x00000000a4c5d548,0x00000000e0400000)
 Metaspace       used 13041K, capacity 13234K, committed 13312K, reserved 1060864K
  class space    used 1469K, capacity 1501K, committed 1536K, reserved 1048576K
4776.445: [GC (Allocation Failure) [PSYoungGen: 516192K->160K(518656K)] 582101K->66069K(1559040K), 0.0016850 secs] [Times: user=0.00 sys=0.00, real=0.00 secs] 
Heap after GC invocations=684 (full 0):
 PSYoungGen      total 518656K, used 160K [0x00000000e0400000, 0x0000000100000000, 0x0000000100000000)
  eden space 517120K, 0% used [0x00000000e0400000,0x00000000e0400000,0x00000000ffd00000)
  from space 1536K, 10% used [0x00000000ffe80000,0x00000000ffea8000,0x0000000100000000)
  to   space 1536K, 0% used [0x00000000ffd00000,0x00000000ffd00000,0x00000000ffe80000)
 ParOldGen       total 1040384K, used 65909K [0x00000000a0c00000, 0x00000000e0400000, 0x00000000e0400000)
  object space 1040384K, 6% used [0x00000000a0c00000,0x00000000a4c5d548,0x00000000e0400000)
 Metaspace       used 13041K, capacity 13234K, committed 13312K, reserved 1060864K
  class space    used 1469K, capacity 1501K, committed 1536K, reserved 1048576K
}
{Heap before GC invocations=685 (full 0):
 PSYoungGen      total 518656K, used 517280K [0x00000000e0400000, 0x0000000100000000, 0x0000000100000000)
  eden space 517120K, 100% used [0x00000000e0400000,0x00000000ffd00000,0x00000000ffd00000)
  from space 1536K, 10% used [0x00000000ffe80000,0x00000000ffea8000,0x0000000100000000)
  to   space 1536K, 0% used [0x00000000ffd00000,0x00000000ffd00000,0x00000000ffe80000)
 ParOldGen       total 1040384K, used 65909K [0x00000000a0c00000, 0x00000000e0400000, 0x00000000e0400000)
  object space 1040384K, 6% used [0x00000000a0c00000,0x00000000a4c5d5b8,0x00000000e0400000)
 Metaspace       used 13041K, capacity 13234K, committed 13312K, reserved 1060864K
  class space    used 1469K, capacity 1501K, committed 1536K, reserved 1048576K
4783.480: [GC (GCLocker Initiated GC) [PSYoungGen: 517280K->1536K(518656K)] 583189K->67477K(1559040K), 0.0019942 secs] [Times: user=0.00 sys=0.00, real=0.00 secs] 
Heap after GC invocations=685 (full 0):
 PSYoungGen      total 518656K, used 1536K [0x00000000e0400000, 0x0000000100000000, 0x0000000100000000)
  eden space 517120K, 0% used [0x00000000e0400000,0x00000000e0400000,0x00000000ffd00000)
  from space 1536K, 100% used [0x00000000ffd00000,0x00000000ffe80000,0x00000000ffe80000)
  to   space 1536K, 0% used [0x00000000ffe80000,0x00000000ffe80000,0x0000000100000000)
 ParOldGen       total 1040384K, used 65941K [0x00000000a0c00000, 0x00000000e0400000, 0x00000000e0400000)
  object space 1040384K, 6% used [0x00000000a0c00000,0x00000000a4c655b8,0x00000000e0400000)
 Metaspace       used 13041K, capacity 13234K, committed 13312K, reserved 1060864K
  class space    used 1469K, capacity 1501K, committed 1536K, reserved 1048576K
}
{Heap before GC invocations=686 (full 0):
 PSYoungGen      total 518656K, used 518656K [0x00000000e0400000, 0x0000000100000000, 0x0000000100000000)
  eden space 517120K, 100% used [0x00000000e0400000,0x00000000ffd00000,0x00000000ffd00000)
  from space 1536K, 100% used [0x00000000ffd00000,0x00000000ffe80000,0x00000000ffe80000)
  to   space 1536K, 0% used [0x00000000ffe80000,0x00000000ffe80000,0x0000000100000000)
 ParOldGen       total 1040384K, used 65944K [0x00000000a0c00000, 0x00000000e0400000, 0x00000000e0400000)
  object space 1040384K, 6% used [0x00000000a0c00000,0x00000000a4c66208,0x00000000e0400000)
 Metaspace       used 13041K, capacity 13234K, committed 13312K, reserved 1060864K
  class space    used 1469K, capacity 1501K, committed 1536K, reserved 1048576K
4790.520: [GC (Allocation Failure) [PSYoungGen: 518656K->192K(517632K)] 584600K->66168K(1558016K), 0.0016191 secs] [Times: user=0.09 sys=0.00, real=0.00 secs] 
Heap after GC invocations=686 (full 0):
 PSYoungGen      total 517632K, used 192K [0x00000000e0400000, 0x0000000100000000, 0x0000000100000000)
  eden space 516096K, 0% used [0x00000000e0400000,0x00000000e0400000,0x00000000ffc00000)
  from space 1536K, 12% used [0x00000000ffe80000,0x00000000ffeb0000,0x0000000100000000)
  to   space 2048K, 0% used [0x00000000ffc00000,0x00000000ffc00000,0x00000000ffe00000)
 ParOldGen       total 1040384K, used 65976K [0x00000000a0c00000, 0x00000000e0400000, 0x00000000e0400000)
  object space 1040384K, 6% used [0x00000000a0c00000,0x00000000a4c6e208,0x00000000e0400000)
 Metaspace       used 13041K, capacity 13234K, committed 13312K, reserved 1060864K
  class space    used 1469K, capacity 1501K, committed 1536K, reserved 1048576K
}
{Heap before GC invocations=687 (full 0):
 PSYoungGen      total 517632K, used 516288K [0x00000000e0400000, 0x0000000100000000, 0x0000000100000000)
  eden space 516096K, 100% used [0x00000000e0400000,0x00000000ffc00000,0x00000000ffc00000)
  from space 1536K, 12% used [0x00000000ffe80000,0x00000000ffeb0000,0x0000000100000000)
  to   space 2048K, 0% used [0x00000000ffc00000,0x00000000ffc00000,0x00000000ffe00000)
 ParOldGen       total 1040384K, used 65976K [0x00000000a0c00000, 0x00000000e0400000, 0x00000000e0400000)
  object space 1040384K, 6% used [0x00000000a0c00000,0x00000000a4c6e208,0x00000000e0400000)
 Metaspace       used 13041K, capacity 13234K, committed 13312K, reserved 1060864K
  class space    used 1469K, capacity 1501K, committed 1536K, reserved 1048576K
4797.559: [GC (Allocation Failure) [PSYoungGen: 516288K->224K(518144K)] 582264K->66240K(1558528K), 0.0012801 secs] [Times: user=0.00 sys=0.00, real=0.00 secs] 
Heap after GC invocations=687 (full 0):
 PSYoungGen      total 518144K, used 224K [0x00000000e0400000, 0x0000000100000000, 0x0000000100000000)
  eden space 516096K, 0% used [0x00000000e0400000,0x00000000e0400000,0x00000000ffc00000)
  from space 2048K, 10% used [0x00000000ffc00000,0x00000000ffc38000,0x00000000ffe00000)
  to   space 2048K, 0% used [0x00000000ffe00000,0x00000000ffe00000,0x0000000100000000)
 ParOldGen       total 1040384K, used 66016K [0x00000000a0c00000, 0x00000000e0400000, 0x00000000e0400000)
  object space 1040384K, 6% used [0x00000000a0c00000,0x00000000a4c78208,0x00000000e0400000)
 Metaspace       used 13041K, capacity 13234K, committed 13312K, reserved 1060864K
  class space    used 1469K, capacity 1501K, committed 1536K, reserved 1048576K
}
{Heap before GC invocations=688 (full 0):
 PSYoungGen      total 518144K, used 516320K [0x00000000e0400000, 0x0000000100000000, 0x0000000100000000)
  eden space 516096K, 100% used [0x00000000e0400000,0x00000000ffc00000,0x00000000ffc00000)
  from space 2048K, 10% used [0x00000000ffc00000,0x00000000ffc38000,0x00000000ffe00000)
  to   space 2048K, 0% used [0x00000000ffe00000,0x00000000ffe00000,0x0000000100000000)
 ParOldGen       total 1040384K, used 66016K [0x00000000a0c00000, 0x00000000e0400000, 0x00000000e0400000)
  object space 1040384K, 6% used [0x00000000a0c00000,0x00000000a4c78208,0x00000000e0400000)
 Metaspace       used 13041K, capacity 13234K, committed 13312K, reserved 1060864K
  class space    used 1469K, capacity 1501K, committed 1536K, reserved 1048576K
4804.555: [GC (Allocation Failure) [PSYoungGen: 516320K->128K(518144K)] 582336K->66160K(1558528K), 0.0016505 secs] [Times: user=0.00 sys=0.00, real=0.00 secs] 
Heap after GC invocations=688 (full 0):
 PSYoungGen      total 518144K, used 128K [0x00000000e0400000, 0x0000000100000000, 0x0000000100000000)
  eden space 516096K, 0% used [0x00000000e0400000,0x00000000e0400000,0x00000000ffc00000)
  from space 2048K, 6% used [0x00000000ffe00000,0x00000000ffe20000,0x0000000100000000)
  to   space 2048K, 0% used [0x00000000ffc00000,0x00000000ffc00000,0x00000000ffe00000)
 ParOldGen       total 1040384K, used 66032K [0x00000000a0c00000, 0x00000000e0400000, 0x00000000e0400000)
  object space 1040384K, 6% used [0x00000000a0c00000,0x00000000a4c7c208,0x00000000e0400000)
 Metaspace       used 13041K, capacity 13234K, committed 13312K, reserved 1060864K
  class space    used 1469K, capacity 1501K, committed 1536K, reserved 1048576K
}
{Heap before GC invocations=689 (full 0):
 PSYoungGen      total 518144K, used 516224K [0x00000000e0400000, 0x0000000100000000, 0x0000000100000000)
  eden space 516096K, 100% used [0x00000000e0400000,0x00000000ffc00000,0x00000000ffc00000)
  from space 2048K, 6% used [0x00000000ffe00000,0x00000000ffe20000,0x0000000100000000)
  to   space 2048K, 0% used [0x00000000ffc00000,0x00000000ffc00000,0x00000000ffe00000)
 ParOldGen       total 1040384K, used 66032K [0x00000000a0c00000, 0x00000000e0400000, 0x00000000e0400000)
  object space 1040384K, 6% used [0x00000000a0c00000,0x00000000a4c7c208,0x00000000e0400000)
 Metaspace       used 13041K, capacity 13234K, committed 13312K, reserved 1060864K
  class space    used 1469K, capacity 1501K, committed 1536K, reserved 1048576K
4811.662: [GC (Allocation Failure) [PSYoungGen: 516224K->160K(518144K)] 582256K->66200K(1558528K), 0.0017121 secs] [Times: user=0.00 sys=0.00, real=0.00 secs] 
Heap after GC invocations=689 (full 0):
 PSYoungGen      total 518144K, used 160K [0x00000000e0400000, 0x0000000100000000, 0x0000000100000000)
  eden space 516096K, 0% used [0x00000000e0400000,0x00000000e0400000,0x00000000ffc00000)
  from space 2048K, 7% used [0x00000000ffc00000,0x00000000ffc28000,0x00000000ffe00000)
  to   space 1536K, 0% used [0x00000000ffe80000,0x00000000ffe80000,0x0000000100000000)
 ParOldGen       total 1040384K, used 66040K [0x00000000a0c00000, 0x00000000e0400000, 0x00000000e0400000)
  object space 1040384K, 6% used [0x00000000a0c00000,0x00000000a4c7e208,0x00000000e0400000)
 Metaspace       used 13041K, capacity 13234K, committed 13312K, reserved 1060864K
  class space    used 1469K, capacity 1501K, committed 1536K, reserved 1048576K
}
{Heap before GC invocations=690 (full 0):
 PSYoungGen      total 518144K, used 516256K [0x00000000e0400000, 0x0000000100000000, 0x0000000100000000)
  eden space 516096K, 100% used [0x00000000e0400000,0x00000000ffc00000,0x00000000ffc00000)
  from space 2048K, 7% used [0x00000000ffc00000,0x00000000ffc28000,0x00000000ffe00000)
  to   space 1536K, 0% used [0x00000000ffe80000,0x00000000ffe80000,0x0000000100000000)
 ParOldGen       total 1040384K, used 66040K [0x00000000a0c00000, 0x00000000e0400000, 0x00000000e0400000)
  object space 1040384K, 6% used [0x00000000a0c00000,0x00000000a4c7e208,0x00000000e0400000)
 Metaspace       used 13041K, capacity 13234K, committed 13312K, reserved 1060864K
  class space    used 1469K, capacity 1501K, committed 1536K, reserved 1048576K
4818.704: [GC (Allocation Failure) [PSYoungGen: 516256K->1536K(517632K)] 582296K->67856K(1558016K), 0.0028134 secs] [Times: user=0.00 sys=0.00, real=0.00 secs] 
Heap after GC invocations=690 (full 0):
 PSYoungGen      total 517632K, used 1536K [0x00000000e0400000, 0x0000000100000000, 0x0000000100000000)
  eden space 516096K, 0% used [0x00000000e0400000,0x00000000e0400000,0x00000000ffc00000)
  from space 1536K, 100% used [0x00000000ffe80000,0x0000000100000000,0x0000000100000000)
  to   space 2048K, 0% used [0x00000000ffc00000,0x00000000ffc00000,0x00000000ffe00000)
 ParOldGen       total 1040384K, used 66320K [0x00000000a0c00000, 0x00000000e0400000, 0x00000000e0400000)
  object space 1040384K, 6% used [0x00000000a0c00000,0x00000000a4cc4208,0x00000000e0400000)
 Metaspace       used 13041K, capacity 13234K, committed 13312K, reserved 1060864K
  class space    used 1469K, capacity 1501K, committed 1536K, reserved 1048576K
}
{Heap before GC invocations=691 (full 0):
 PSYoungGen      total 517632K, used 517632K [0x00000000e0400000, 0x0000000100000000, 0x0000000100000000)
  eden space 516096K, 100% used [0x00000000e0400000,0x00000000ffc00000,0x00000000ffc00000)
  from space 1536K, 100% used [0x00000000ffe80000,0x0000000100000000,0x0000000100000000)
  to   space 2048K, 0% used [0x00000000ffc00000,0x00000000ffc00000,0x00000000ffe00000)
 ParOldGen       total 1040384K, used 66320K [0x00000000a0c00000, 0x00000000e0400000, 0x00000000e0400000)
  object space 1040384K, 6% used [0x00000000a0c00000,0x00000000a4cc4208,0x00000000e0400000)
 Metaspace       used 13041K, capacity 13234K, committed 13312K, reserved 1060864K
  class space    used 1469K, capacity 1501K, committed 1536K, reserved 1048576K
4825.760: [GC (Allocation Failure) [PSYoungGen: 517632K->128K(518144K)] 583952K->66456K(1558528K), 0.0019814 secs] [Times: user=0.00 sys=0.00, real=0.00 secs] 
Heap after GC invocations=691 (full 0):
 PSYoungGen      total 518144K, used 128K [0x00000000e0400000, 0x0000000100000000, 0x0000000100000000)
  eden space 516096K, 0% used [0x00000000e0400000,0x00000000e0400000,0x00000000ffc00000)
  from space 2048K, 6% used [0x00000000ffc00000,0x00000000ffc20000,0x00000000ffe00000)
  to   space 2048K, 0% used [0x00000000ffe00000,0x00000000ffe00000,0x0000000100000000)
 ParOldGen       total 1040384K, used 66328K [0x00000000a0c00000, 0x00000000e0400000, 0x00000000e0400000)
  object space 1040384K, 6% used [0x00000000a0c00000,0x00000000a4cc6208,0x00000000e0400000)
 Metaspace       used 13041K, capacity 13234K, committed 13312K, reserved 1060864K
  class space    used 1469K, capacity 1501K, committed 1536K, reserved 1048576K
}
{Heap before GC invocations=692 (full 0):
 PSYoungGen      total 518144K, used 516224K [0x00000000e0400000, 0x0000000100000000, 0x0000000100000000)
  eden space 516096K, 100% used [0x00000000e0400000,0x00000000ffc00000,0x00000000ffc00000)
  from space 2048K, 6% used [0x00000000ffc00000,0x00000000ffc20000,0x00000000ffe00000)
  to   space 2048K, 0% used [0x00000000ffe00000,0x00000000ffe00000,0x0000000100000000)
 ParOldGen       total 1040384K, used 66328K [0x00000000a0c00000, 0x00000000e0400000, 0x00000000e0400000)
  object space 1040384K, 6% used [0x00000000a0c00000,0x00000000a4cc6208,0x00000000e0400000)
 Metaspace       used 13041K, capacity 13234K, committed 13312K, reserved 1060864K
  class space    used 1469K, capacity 1501K, committed 1536K, reserved 1048576K
4832.799: [GC (Allocation Failure) [PSYoungGen: 516224K->224K(518144K)] 582552K->66552K(1558528K), 0.0017295 secs] [Times: user=0.00 sys=0.00, real=0.00 secs] 
Heap after GC invocations=692 (full 0):
 PSYoungGen      total 518144K, used 224K [0x00000000e0400000, 0x0000000100000000, 0x0000000100000000)
  eden space 516096K, 0% used [0x00000000e0400000,0x00000000e0400000,0x00000000ffc00000)
  from space 2048K, 10% used [0x00000000ffe00000,0x00000000ffe38000,0x0000000100000000)
  to   space 2048K, 0% used [0x00000000ffc00000,0x00000000ffc00000,0x00000000ffe00000)
 ParOldGen       total 1040384K, used 66328K [0x00000000a0c00000, 0x00000000e0400000, 0x00000000e0400000)
  object space 1040384K, 6% used [0x00000000a0c00000,0x00000000a4cc6208,0x00000000e0400000)
 Metaspace       used 13041K, capacity 13234K, committed 13312K, reserved 1060864K
  class space    used 1469K, capacity 1501K, committed 1536K, reserved 1048576K
}
{Heap before GC invocations=693 (full 0):
 PSYoungGen      total 518144K, used 516320K [0x00000000e0400000, 0x0000000100000000, 0x0000000100000000)
  eden space 516096K, 100% used [0x00000000e0400000,0x00000000ffc00000,0x00000000ffc00000)
  from space 2048K, 10% used [0x00000000ffe00000,0x00000000ffe38000,0x0000000100000000)
  to   space 2048K, 0% used [0x00000000ffc00000,0x00000000ffc00000,0x00000000ffe00000)
 ParOldGen       total 1040384K, used 66328K [0x00000000a0c00000, 0x00000000e0400000, 0x00000000e0400000)
  object space 1040384K, 6% used [0x00000000a0c00000,0x00000000a4cc6208,0x00000000e0400000)
 Metaspace       used 13041K, capacity 13234K, committed 13312K, reserved 1060864K
  class space    used 1469K, capacity 1501K, committed 1536K, reserved 1048576K
4839.801: [GC (Allocation Failure) [PSYoungGen: 516320K->160K(518144K)] 582648K->66496K(1558528K), 0.0018315 secs] [Times: user=0.11 sys=0.00, real=0.00 secs] 
Heap after GC invocations=693 (full 0):
 PSYoungGen      total 518144K, used 160K [0x00000000e0400000, 0x0000000100000000, 0x0000000100000000)
  eden space 516096K, 0% used [0x00000000e0400000,0x00000000e0400000,0x00000000ffc00000)
  from space 2048K, 7% used [0x00000000ffc00000,0x00000000ffc28000,0x00000000ffe00000)
  to   space 2048K, 0% used [0x00000000ffe00000,0x00000000ffe00000,0x0000000100000000)
 ParOldGen       total 1040384K, used 66336K [0x00000000a0c00000, 0x00000000e0400000, 0x00000000e0400000)
  object space 1040384K, 6% used [0x00000000a0c00000,0x00000000a4cc8208,0x00000000e0400000)
 Metaspace       used 13041K, capacity 13234K, committed 13312K, reserved 1060864K
  class space    used 1469K, capacity 1501K, committed 1536K, reserved 1048576K
}
{Heap before GC invocations=694 (full 0):
 PSYoungGen      total 518144K, used 516256K [0x00000000e0400000, 0x0000000100000000, 0x0000000100000000)
  eden space 516096K, 100% used [0x00000000e0400000,0x00000000ffc00000,0x00000000ffc00000)
  from space 2048K, 7% used [0x00000000ffc00000,0x00000000ffc28000,0x00000000ffe00000)
  to   space 2048K, 0% used [0x00000000ffe00000,0x00000000ffe00000,0x0000000100000000)
 ParOldGen       total 1040384K, used 66336K [0x00000000a0c00000, 0x00000000e0400000, 0x00000000e0400000)
  object space 1040384K, 6% used [0x00000000a0c00000,0x00000000a4cc8208,0x00000000e0400000)
 Metaspace       used 13041K, capacity 13234K, committed 13312K, reserved 1060864K
  class space    used 1469K, capacity 1501K, committed 1536K, reserved 1048576K
4846.748: [GC (Allocation Failure) [PSYoungGen: 516256K->2048K(502784K)] 582592K->88248K(1543168K), 0.0112716 secs] [Times: user=0.06 sys=0.05, real=0.01 secs] 
Heap after GC invocations=694 (full 0):
 PSYoungGen      total 502784K, used 2048K [0x00000000e0400000, 0x0000000100000000, 0x0000000100000000)
  eden space 500736K, 0% used [0x00000000e0400000,0x00000000e0400000,0x00000000fed00000)
  from space 2048K, 100% used [0x00000000ffe00000,0x0000000100000000,0x0000000100000000)
  to   space 9728K, 0% used [0x00000000fed00000,0x00000000fed00000,0x00000000ff680000)
 ParOldGen       total 1040384K, used 86200K [0x00000000a0c00000, 0x00000000e0400000, 0x00000000e0400000)
  object space 1040384K, 8% used [0x00000000a0c00000,0x00000000a602e208,0x00000000e0400000)
 Metaspace       used 13041K, capacity 13234K, committed 13312K, reserved 1060864K
  class space    used 1469K, capacity 1501K, committed 1536K, reserved 1048576K
}
{Heap before GC invocations=695 (full 0):
 PSYoungGen      total 502784K, used 502784K [0x00000000e0400000, 0x0000000100000000, 0x0000000100000000)
  eden space 500736K, 100% used [0x00000000e0400000,0x00000000fed00000,0x00000000fed00000)
  from space 2048K, 100% used [0x00000000ffe00000,0x0000000100000000,0x0000000100000000)
  to   space 9728K, 0% used [0x00000000fed00000,0x00000000fed00000,0x00000000ff680000)
 ParOldGen       total 1040384K, used 86200K [0x00000000a0c00000, 0x00000000e0400000, 0x00000000e0400000)
  object space 1040384K, 8% used [0x00000000a0c00000,0x00000000a602e208,0x00000000e0400000)
 Metaspace       used 13041K, capacity 13234K, committed 13312K, reserved 1060864K
  class space    used 1469K, capacity 1501K, committed 1536K, reserved 1048576K
4853.355: [GC (Allocation Failure) [PSYoungGen: 502784K->1792K(510464K)] 588984K->87992K(1550848K), 0.0022175 secs] [Times: user=0.00 sys=0.00, real=0.00 secs] 
Heap after GC invocations=695 (full 0):
 PSYoungGen      total 510464K, used 1792K [0x00000000e0400000, 0x0000000100000000, 0x0000000100000000)
  eden space 500736K, 0% used [0x00000000e0400000,0x00000000e0400000,0x00000000fed00000)
  from space 9728K, 18% used [0x00000000fed00000,0x00000000feec0000,0x00000000ff680000)
  to   space 9216K, 0% used [0x00000000ff700000,0x00000000ff700000,0x0000000100000000)
 ParOldGen       total 1040384K, used 86200K [0x00000000a0c00000, 0x00000000e0400000, 0x00000000e0400000)
  object space 1040384K, 8% used [0x00000000a0c00000,0x00000000a602e208,0x00000000e0400000)
 Metaspace       used 13041K, capacity 13234K, committed 13312K, reserved 1060864K
  class space    used 1469K, capacity 1501K, committed 1536K, reserved 1048576K
}
{Heap before GC invocations=696 (full 0):
 PSYoungGen      total 510464K, used 502528K [0x00000000e0400000, 0x0000000100000000, 0x0000000100000000)
  eden space 500736K, 100% used [0x00000000e0400000,0x00000000fed00000,0x00000000fed00000)
  from space 9728K, 18% used [0x00000000fed00000,0x00000000feec0000,0x00000000ff680000)
  to   space 9216K, 0% used [0x00000000ff700000,0x00000000ff700000,0x0000000100000000)
 ParOldGen       total 1040384K, used 86200K [0x00000000a0c00000, 0x00000000e0400000, 0x00000000e0400000)
  object space 1040384K, 8% used [0x00000000a0c00000,0x00000000a602e208,0x00000000e0400000)
 Metaspace       used 13041K, capacity 13234K, committed 13312K, reserved 1060864K
  class space    used 1469K, capacity 1501K, committed 1536K, reserved 1048576K
4860.068: [GC (Allocation Failure) [PSYoungGen: 502528K->160K(511488K)] 588728K->86392K(1551872K), 0.0015392 secs] [Times: user=0.00 sys=0.00, real=0.00 secs] 
Heap after GC invocations=696 (full 0):
 PSYoungGen      total 511488K, used 160K [0x00000000e0400000, 0x0000000100000000, 0x0000000100000000)
  eden space 502272K, 0% used [0x00000000e0400000,0x00000000e0400000,0x00000000fee80000)
  from space 9216K, 1% used [0x00000000ff700000,0x00000000ff728000,0x0000000100000000)
  to   space 8704K, 0% used [0x00000000fee80000,0x00000000fee80000,0x00000000ff700000)
 ParOldGen       total 1040384K, used 86232K [0x00000000a0c00000, 0x00000000e0400000, 0x00000000e0400000)
  object space 1040384K, 8% used [0x00000000a0c00000,0x00000000a6036208,0x00000000e0400000)
 Metaspace       used 13041K, capacity 13234K, committed 13312K, reserved 1060864K
  class space    used 1469K, capacity 1501K, committed 1536K, reserved 1048576K
}
{Heap before GC invocations=697 (full 0):
 PSYoungGen      total 511488K, used 502432K [0x00000000e0400000, 0x0000000100000000, 0x0000000100000000)
  eden space 502272K, 100% used [0x00000000e0400000,0x00000000fee80000,0x00000000fee80000)
  from space 9216K, 1% used [0x00000000ff700000,0x00000000ff728000,0x0000000100000000)
  to   space 8704K, 0% used [0x00000000fee80000,0x00000000fee80000,0x00000000ff700000)
 ParOldGen       total 1040384K, used 86232K [0x00000000a0c00000, 0x00000000e0400000, 0x00000000e0400000)
  object space 1040384K, 8% used [0x00000000a0c00000,0x00000000a6036208,0x00000000e0400000)
 Metaspace       used 13041K, capacity 13234K, committed 13312K, reserved 1060864K
  class space    used 1469K, capacity 1501K, committed 1536K, reserved 1048576K
4867.030: [GC (Allocation Failure) [PSYoungGen: 502432K->224K(510976K)] 588664K->86456K(1551360K), 0.0013299 secs] [Times: user=0.00 sys=0.00, real=0.00 secs] 
Heap after GC invocations=697 (full 0):
 PSYoungGen      total 510976K, used 224K [0x00000000e0400000, 0x0000000100000000, 0x0000000100000000)
  eden space 502272K, 0% used [0x00000000e0400000,0x00000000e0400000,0x00000000fee80000)
  from space 8704K, 2% used [0x00000000fee80000,0x00000000feeb8000,0x00000000ff700000)
  to   space 8704K, 0% used [0x00000000ff780000,0x00000000ff780000,0x0000000100000000)
 ParOldGen       total 1040384K, used 86232K [0x00000000a0c00000, 0x00000000e0400000, 0x00000000e0400000)
  object space 1040384K, 8% used [0x00000000a0c00000,0x00000000a6036208,0x00000000e0400000)
 Metaspace       used 13041K, capacity 13234K, committed 13312K, reserved 1060864K
  class space    used 1469K, capacity 1501K, committed 1536K, reserved 1048576K
}
{Heap before GC invocations=698 (full 0):
 PSYoungGen      total 510976K, used 502496K [0x00000000e0400000, 0x0000000100000000, 0x0000000100000000)
  eden space 502272K, 100% used [0x00000000e0400000,0x00000000fee80000,0x00000000fee80000)
  from space 8704K, 2% used [0x00000000fee80000,0x00000000feeb8000,0x00000000ff700000)
  to   space 8704K, 0% used [0x00000000ff780000,0x00000000ff780000,0x0000000100000000)
 ParOldGen       total 1040384K, used 86232K [0x00000000a0c00000, 0x00000000e0400000, 0x00000000e0400000)
  object space 1040384K, 8% used [0x00000000a0c00000,0x00000000a6036208,0x00000000e0400000)
 Metaspace       used 13041K, capacity 13234K, committed 13312K, reserved 1060864K
  class space    used 1469K, capacity 1501K, committed 1536K, reserved 1048576K
4873.931: [GC (Allocation Failure) [PSYoungGen: 502496K->128K(512000K)] 588728K->86368K(1552384K), 0.0017385 secs] [Times: user=0.00 sys=0.00, real=0.00 secs] 
Heap after GC invocations=698 (full 0):
 PSYoungGen      total 512000K, used 128K [0x00000000e0400000, 0x0000000100000000, 0x0000000100000000)
  eden space 503296K, 0% used [0x00000000e0400000,0x00000000e0400000,0x00000000fef80000)
  from space 8704K, 1% used [0x00000000ff780000,0x00000000ff7a0000,0x0000000100000000)
  to   space 8192K, 0% used [0x00000000fef80000,0x00000000fef80000,0x00000000ff780000)
 ParOldGen       total 1040384K, used 86240K [0x00000000a0c00000, 0x00000000e0400000, 0x00000000e0400000)
  object space 1040384K, 8% used [0x00000000a0c00000,0x00000000a6038208,0x00000000e0400000)
 Metaspace       used 13041K, capacity 13234K, committed 13312K, reserved 1060864K
  class space    used 1469K, capacity 1501K, committed 1536K, reserved 1048576K
}
{Heap before GC invocations=699 (full 0):
 PSYoungGen      total 512000K, used 503424K [0x00000000e0400000, 0x0000000100000000, 0x0000000100000000)
  eden space 503296K, 100% used [0x00000000e0400000,0x00000000fef80000,0x00000000fef80000)
  from space 8704K, 1% used [0x00000000ff780000,0x00000000ff7a0000,0x0000000100000000)
  to   space 8192K, 0% used [0x00000000fef80000,0x00000000fef80000,0x00000000ff780000)
 ParOldGen       total 1040384K, used 86240K [0x00000000a0c00000, 0x00000000e0400000, 0x00000000e0400000)
  object space 1040384K, 8% used [0x00000000a0c00000,0x00000000a6038208,0x00000000e0400000)
 Metaspace       used 13041K, capacity 13234K, committed 13312K, reserved 1060864K
  class space    used 1469K, capacity 1501K, committed 1536K, reserved 1048576K
4880.729: [GC (Allocation Failure) [PSYoungGen: 503424K->128K(511488K)] 589664K->86368K(1551872K), 0.0013190 secs] [Times: user=0.00 sys=0.00, real=0.00 secs] 
Heap after GC invocations=699 (full 0):
 PSYoungGen      total 511488K, used 128K [0x00000000e0400000, 0x0000000100000000, 0x0000000100000000)
  eden space 503296K, 0% used [0x00000000e0400000,0x00000000e0400000,0x00000000fef80000)
  from space 8192K, 1% used [0x00000000fef80000,0x00000000fefa0000,0x00000000ff780000)
  to   space 8192K, 0% used [0x00000000ff800000,0x00000000ff800000,0x0000000100000000)
 ParOldGen       total 1040384K, used 86240K [0x00000000a0c00000, 0x00000000e0400000, 0x00000000e0400000)
  object space 1040384K, 8% used [0x00000000a0c00000,0x00000000a6038208,0x00000000e0400000)
 Metaspace       used 13041K, capacity 13234K, committed 13312K, reserved 1060864K
  class space    used 1469K, capacity 1501K, committed 1536K, reserved 1048576K
}
{Heap before GC invocations=700 (full 0):
 PSYoungGen      total 511488K, used 503424K [0x00000000e0400000, 0x0000000100000000, 0x0000000100000000)
  eden space 503296K, 100% used [0x00000000e0400000,0x00000000fef80000,0x00000000fef80000)
  from space 8192K, 1% used [0x00000000fef80000,0x00000000fefa0000,0x00000000ff780000)
  to   space 8192K, 0% used [0x00000000ff800000,0x00000000ff800000,0x0000000100000000)
 ParOldGen       total 1040384K, used 86240K [0x00000000a0c00000, 0x00000000e0400000, 0x00000000e0400000)
  object space 1040384K, 8% used [0x00000000a0c00000,0x00000000a6038208,0x00000000e0400000)
 Metaspace       used 13041K, capacity 13234K, committed 13312K, reserved 1060864K
  class space    used 1469K, capacity 1501K, committed 1536K, reserved 1048576K
4887.478: [GC (Allocation Failure) [PSYoungGen: 503424K->160K(512512K)] 589664K->86400K(1552896K), 0.0018427 secs] [Times: user=0.00 sys=0.00, real=0.00 secs] 
Heap after GC invocations=700 (full 0):
 PSYoungGen      total 512512K, used 160K [0x00000000e0400000, 0x0000000100000000, 0x0000000100000000)
  eden space 504320K, 0% used [0x00000000e0400000,0x00000000e0400000,0x00000000ff080000)
  from space 8192K, 1% used [0x00000000ff800000,0x00000000ff828000,0x0000000100000000)
  to   space 7680K, 0% used [0x00000000ff080000,0x00000000ff080000,0x00000000ff800000)
 ParOldGen       total 1040384K, used 86240K [0x00000000a0c00000, 0x00000000e0400000, 0x00000000e0400000)
  object space 1040384K, 8% used [0x00000000a0c00000,0x00000000a6038208,0x00000000e0400000)
 Metaspace       used 13041K, capacity 13234K, committed 13312K, reserved 1060864K
  class space    used 1469K, capacity 1501K, committed 1536K, reserved 1048576K
}
{Heap before GC invocations=701 (full 0):
 PSYoungGen      total 512512K, used 504480K [0x00000000e0400000, 0x0000000100000000, 0x0000000100000000)
  eden space 504320K, 100% used [0x00000000e0400000,0x00000000ff080000,0x00000000ff080000)
  from space 8192K, 1% used [0x00000000ff800000,0x00000000ff828000,0x0000000100000000)
  to   space 7680K, 0% used [0x00000000ff080000,0x00000000ff080000,0x00000000ff800000)
 ParOldGen       total 1040384K, used 86240K [0x00000000a0c00000, 0x00000000e0400000, 0x00000000e0400000)
  object space 1040384K, 8% used [0x00000000a0c00000,0x00000000a6038278,0x00000000e0400000)
 Metaspace       used 13041K, capacity 13234K, committed 13312K, reserved 1060864K
  class space    used 1469K, capacity 1501K, committed 1536K, reserved 1048576K
4894.417: [GC (GCLocker Initiated GC) [PSYoungGen: 504480K->1568K(512000K)] 590720K->87808K(1552384K), 0.0023295 secs] [Times: user=0.00 sys=0.00, real=0.00 secs] 
Heap after GC invocations=701 (full 0):
 PSYoungGen      total 512000K, used 1568K [0x00000000e0400000, 0x0000000100000000, 0x0000000100000000)
  eden space 504320K, 0% used [0x00000000e0400000,0x00000000e0400000,0x00000000ff080000)
  from space 7680K, 20% used [0x00000000ff080000,0x00000000ff208000,0x00000000ff800000)
  to   space 7168K, 0% used [0x00000000ff900000,0x00000000ff900000,0x0000000100000000)
 ParOldGen       total 1040384K, used 86240K [0x00000000a0c00000, 0x00000000e0400000, 0x00000000e0400000)
  object space 1040384K, 8% used [0x00000000a0c00000,0x00000000a6038278,0x00000000e0400000)
 Metaspace       used 13041K, capacity 13234K, committed 13312K, reserved 1060864K
  class space    used 1469K, capacity 1501K, committed 1536K, reserved 1048576K
}
{Heap before GC invocations=702 (full 0):
 PSYoungGen      total 512000K, used 505888K [0x00000000e0400000, 0x0000000100000000, 0x0000000100000000)
  eden space 504320K, 100% used [0x00000000e0400000,0x00000000ff080000,0x00000000ff080000)
  from space 7680K, 20% used [0x00000000ff080000,0x00000000ff208000,0x00000000ff800000)
  to   space 7168K, 0% used [0x00000000ff900000,0x00000000ff900000,0x0000000100000000)
 ParOldGen       total 1040384K, used 86243K [0x00000000a0c00000, 0x00000000e0400000, 0x00000000e0400000)
  object space 1040384K, 8% used [0x00000000a0c00000,0x00000000a6038f28,0x00000000e0400000)
 Metaspace       used 13041K, capacity 13234K, committed 13312K, reserved 1060864K
  class space    used 1469K, capacity 1501K, committed 1536K, reserved 1048576K
4901.363: [GC (Allocation Failure) [PSYoungGen: 505888K->224K(513536K)] 592131K->86499K(1553920K), 0.0012991 secs] [Times: user=0.00 sys=0.00, real=0.00 secs] 
Heap after GC invocations=702 (full 0):
 PSYoungGen      total 513536K, used 224K [0x00000000e0400000, 0x0000000100000000, 0x0000000100000000)
  eden space 506368K, 0% used [0x00000000e0400000,0x00000000e0400000,0x00000000ff280000)
  from space 7168K, 3% used [0x00000000ff900000,0x00000000ff938000,0x0000000100000000)
  to   space 6656K, 0% used [0x00000000ff280000,0x00000000ff280000,0x00000000ff900000)
 ParOldGen       total 1040384K, used 86275K [0x00000000a0c00000, 0x00000000e0400000, 0x00000000e0400000)
  object space 1040384K, 8% used [0x00000000a0c00000,0x00000000a6040f28,0x00000000e0400000)
 Metaspace       used 13041K, capacity 13234K, committed 13312K, reserved 1060864K
  class space    used 1469K, capacity 1501K, committed 1536K, reserved 1048576K
}
{Heap before GC invocations=703 (full 0):
 PSYoungGen      total 513536K, used 506592K [0x00000000e0400000, 0x0000000100000000, 0x0000000100000000)
  eden space 506368K, 100% used [0x00000000e0400000,0x00000000ff280000,0x00000000ff280000)
  from space 7168K, 3% used [0x00000000ff900000,0x00000000ff938000,0x0000000100000000)
  to   space 6656K, 0% used [0x00000000ff280000,0x00000000ff280000,0x00000000ff900000)
 ParOldGen       total 1040384K, used 86275K [0x00000000a0c00000, 0x00000000e0400000, 0x00000000e0400000)
  object space 1040384K, 8% used [0x00000000a0c00000,0x00000000a6040f28,0x00000000e0400000)
 Metaspace       used 13041K, capacity 13234K, committed 13312K, reserved 1060864K
  class space    used 1469K, capacity 1501K, committed 1536K, reserved 1048576K
4908.306: [GC (Allocation Failure) [PSYoungGen: 506592K->224K(513024K)] 592867K->86531K(1553408K), 0.0017625 secs] [Times: user=0.00 sys=0.00, real=0.00 secs] 
Heap after GC invocations=703 (full 0):
 PSYoungGen      total 513024K, used 224K [0x00000000e0400000, 0x0000000100000000, 0x0000000100000000)
  eden space 506368K, 0% used [0x00000000e0400000,0x00000000e0400000,0x00000000ff280000)
  from space 6656K, 3% used [0x00000000ff280000,0x00000000ff2b8000,0x00000000ff900000)
  to   space 6656K, 0% used [0x00000000ff980000,0x00000000ff980000,0x0000000100000000)
 ParOldGen       total 1040384K, used 86307K [0x00000000a0c00000, 0x00000000e0400000, 0x00000000e0400000)
  object space 1040384K, 8% used [0x00000000a0c00000,0x00000000a6048f28,0x00000000e0400000)
 Metaspace       used 13041K, capacity 13234K, committed 13312K, reserved 1060864K
  class space    used 1469K, capacity 1501K, committed 1536K, reserved 1048576K
}
{Heap before GC invocations=704 (full 0):
 PSYoungGen      total 513024K, used 506592K [0x00000000e0400000, 0x0000000100000000, 0x0000000100000000)
  eden space 506368K, 100% used [0x00000000e0400000,0x00000000ff280000,0x00000000ff280000)
  from space 6656K, 3% used [0x00000000ff280000,0x00000000ff2b8000,0x00000000ff900000)
  to   space 6656K, 0% used [0x00000000ff980000,0x00000000ff980000,0x0000000100000000)
 ParOldGen       total 1040384K, used 86307K [0x00000000a0c00000, 0x00000000e0400000, 0x00000000e0400000)
  object space 1040384K, 8% used [0x00000000a0c00000,0x00000000a6048f28,0x00000000e0400000)
 Metaspace       used 13041K, capacity 13234K, committed 13312K, reserved 1060864K
  class space    used 1469K, capacity 1501K, committed 1536K, reserved 1048576K
4915.152: [GC (Allocation Failure) [PSYoungGen: 506592K->128K(514048K)] 592899K->86443K(1554432K), 0.0019749 secs] [Times: user=0.00 sys=0.00, real=0.00 secs] 
Heap after GC invocations=704 (full 0):
 PSYoungGen      total 514048K, used 128K [0x00000000e0400000, 0x0000000100000000, 0x0000000100000000)
  eden space 507392K, 0% used [0x00000000e0400000,0x00000000e0400000,0x00000000ff380000)
  from space 6656K, 1% used [0x00000000ff980000,0x00000000ff9a0000,0x0000000100000000)
  to   space 6144K, 0% used [0x00000000ff380000,0x00000000ff380000,0x00000000ff980000)
 ParOldGen       total 1040384K, used 86315K [0x00000000a0c00000, 0x00000000e0400000, 0x00000000e0400000)
  object space 1040384K, 8% used [0x00000000a0c00000,0x00000000a604af28,0x00000000e0400000)
 Metaspace       used 13041K, capacity 13234K, committed 13312K, reserved 1060864K
  class space    used 1469K, capacity 1501K, committed 1536K, reserved 1048576K
}
{Heap before GC invocations=705 (full 0):
 PSYoungGen      total 514048K, used 507520K [0x00000000e0400000, 0x0000000100000000, 0x0000000100000000)
  eden space 507392K, 100% used [0x00000000e0400000,0x00000000ff380000,0x00000000ff380000)
  from space 6656K, 1% used [0x00000000ff980000,0x00000000ff9a0000,0x0000000100000000)
  to   space 6144K, 0% used [0x00000000ff380000,0x00000000ff380000,0x00000000ff980000)
 ParOldGen       total 1040384K, used 86315K [0x00000000a0c00000, 0x00000000e0400000, 0x00000000e0400000)
  object space 1040384K, 8% used [0x00000000a0c00000,0x00000000a604af80,0x00000000e0400000)
 Metaspace       used 13041K, capacity 13234K, committed 13312K, reserved 1060864K
  class space    used 1469K, capacity 1501K, committed 1536K, reserved 1048576K
4922.044: [GC (GCLocker Initiated GC) [PSYoungGen: 507520K->1600K(513536K)] 593835K->87915K(1553920K), 0.0022290 secs] [Times: user=0.00 sys=0.00, real=0.00 secs] 
Heap after GC invocations=705 (full 0):
 PSYoungGen      total 513536K, used 1600K [0x00000000e0400000, 0x0000000100000000, 0x0000000100000000)
  eden space 507392K, 0% used [0x00000000e0400000,0x00000000e0400000,0x00000000ff380000)
  from space 6144K, 26% used [0x00000000ff380000,0x00000000ff510000,0x00000000ff980000)
  to   space 5632K, 0% used [0x00000000ffa80000,0x00000000ffa80000,0x0000000100000000)
 ParOldGen       total 1040384K, used 86315K [0x00000000a0c00000, 0x00000000e0400000, 0x00000000e0400000)
  object space 1040384K, 8% used [0x00000000a0c00000,0x00000000a604af80,0x00000000e0400000)
 Metaspace       used 13041K, capacity 13234K, committed 13312K, reserved 1060864K
  class space    used 1469K, capacity 1501K, committed 1536K, reserved 1048576K
}
{Heap before GC invocations=706 (full 0):
 PSYoungGen      total 513536K, used 508992K [0x00000000e0400000, 0x0000000100000000, 0x0000000100000000)
  eden space 507392K, 100% used [0x00000000e0400000,0x00000000ff380000,0x00000000ff380000)
  from space 6144K, 26% used [0x00000000ff380000,0x00000000ff510000,0x00000000ff980000)
  to   space 5632K, 0% used [0x00000000ffa80000,0x00000000ffa80000,0x0000000100000000)
 ParOldGen       total 1040384K, used 86318K [0x00000000a0c00000, 0x00000000e0400000, 0x00000000e0400000)
  object space 1040384K, 8% used [0x00000000a0c00000,0x00000000a604bad8,0x00000000e0400000)
 Metaspace       used 13041K, capacity 13234K, committed 13312K, reserved 1060864K
  class space    used 1469K, capacity 1501K, committed 1536K, reserved 1048576K
4928.901: [GC (Allocation Failure) [PSYoungGen: 508992K->224K(514560K)] 595310K->86558K(1554944K), 0.0016614 secs] [Times: user=0.00 sys=0.00, real=0.00 secs] 
Heap after GC invocations=706 (full 0):
 PSYoungGen      total 514560K, used 224K [0x00000000e0400000, 0x0000000100000000, 0x0000000100000000)
  eden space 508928K, 0% used [0x00000000e0400000,0x00000000e0400000,0x00000000ff500000)
  from space 5632K, 3% used [0x00000000ffa80000,0x00000000ffab8000,0x0000000100000000)
  to   space 5632K, 0% used [0x00000000ff500000,0x00000000ff500000,0x00000000ffa80000)
 ParOldGen       total 1040384K, used 86334K [0x00000000a0c00000, 0x00000000e0400000, 0x00000000e0400000)
  object space 1040384K, 8% used [0x00000000a0c00000,0x00000000a604fad8,0x00000000e0400000)
 Metaspace       used 13041K, capacity 13234K, committed 13312K, reserved 1060864K
  class space    used 1469K, capacity 1501K, committed 1536K, reserved 1048576K
}
{Heap before GC invocations=707 (full 0):
 PSYoungGen      total 514560K, used 509152K [0x00000000e0400000, 0x0000000100000000, 0x0000000100000000)
  eden space 508928K, 100% used [0x00000000e0400000,0x00000000ff500000,0x00000000ff500000)
  from space 5632K, 3% used [0x00000000ffa80000,0x00000000ffab8000,0x0000000100000000)
  to   space 5632K, 0% used [0x00000000ff500000,0x00000000ff500000,0x00000000ffa80000)
 ParOldGen       total 1040384K, used 86334K [0x00000000a0c00000, 0x00000000e0400000, 0x00000000e0400000)
  object space 1040384K, 8% used [0x00000000a0c00000,0x00000000a604fad8,0x00000000e0400000)
 Metaspace       used 13041K, capacity 13234K, committed 13312K, reserved 1060864K
  class space    used 1469K, capacity 1501K, committed 1536K, reserved 1048576K
4935.884: [GC (Allocation Failure) [PSYoungGen: 509152K->192K(514560K)] 595486K->86550K(1554944K), 0.0017793 secs] [Times: user=0.00 sys=0.00, real=0.00 secs] 
Heap after GC invocations=707 (full 0):
 PSYoungGen      total 514560K, used 192K [0x00000000e0400000, 0x0000000100000000, 0x0000000100000000)
  eden space 508928K, 0% used [0x00000000e0400000,0x00000000e0400000,0x00000000ff500000)
  from space 5632K, 3% used [0x00000000ff500000,0x00000000ff530000,0x00000000ffa80000)
  to   space 5120K, 0% used [0x00000000ffb00000,0x00000000ffb00000,0x0000000100000000)
 ParOldGen       total 1040384K, used 86358K [0x00000000a0c00000, 0x00000000e0400000, 0x00000000e0400000)
  object space 1040384K, 8% used [0x00000000a0c00000,0x00000000a6055ad8,0x00000000e0400000)
 Metaspace       used 13041K, capacity 13234K, committed 13312K, reserved 1060864K
  class space    used 1469K, capacity 1501K, committed 1536K, reserved 1048576K
}
{Heap before GC invocations=708 (full 0):
 PSYoungGen      total 514560K, used 509120K [0x00000000e0400000, 0x0000000100000000, 0x0000000100000000)
  eden space 508928K, 100% used [0x00000000e0400000,0x00000000ff500000,0x00000000ff500000)
  from space 5632K, 3% used [0x00000000ff500000,0x00000000ff530000,0x00000000ffa80000)
  to   space 5120K, 0% used [0x00000000ffb00000,0x00000000ffb00000,0x0000000100000000)
 ParOldGen       total 1040384K, used 86358K [0x00000000a0c00000, 0x00000000e0400000, 0x00000000e0400000)
  object space 1040384K, 8% used [0x00000000a0c00000,0x00000000a6055ad8,0x00000000e0400000)
 Metaspace       used 13041K, capacity 13234K, committed 13312K, reserved 1060864K
  class space    used 1469K, capacity 1501K, committed 1536K, reserved 1048576K
4942.723: [GC (Allocation Failure) [PSYoungGen: 509120K->160K(515072K)] 595478K->86534K(1555456K), 0.0018943 secs] [Times: user=0.11 sys=0.00, real=0.00 secs] 
Heap after GC invocations=708 (full 0):
 PSYoungGen      total 515072K, used 160K [0x00000000e0400000, 0x0000000100000000, 0x0000000100000000)
  eden space 509952K, 0% used [0x00000000e0400000,0x00000000e0400000,0x00000000ff600000)
  from space 5120K, 3% used [0x00000000ffb00000,0x00000000ffb28000,0x0000000100000000)
  to   space 5120K, 0% used [0x00000000ff600000,0x00000000ff600000,0x00000000ffb00000)
 ParOldGen       total 1040384K, used 86374K [0x00000000a0c00000, 0x00000000e0400000, 0x00000000e0400000)
  object space 1040384K, 8% used [0x00000000a0c00000,0x00000000a6059ad8,0x00000000e0400000)
 Metaspace       used 13041K, capacity 13234K, committed 13312K, reserved 1060864K
  class space    used 1469K, capacity 1501K, committed 1536K, reserved 1048576K
}
{Heap before GC invocations=709 (full 0):
 PSYoungGen      total 515072K, used 510112K [0x00000000e0400000, 0x0000000100000000, 0x0000000100000000)
  eden space 509952K, 100% used [0x00000000e0400000,0x00000000ff600000,0x00000000ff600000)
  from space 5120K, 3% used [0x00000000ffb00000,0x00000000ffb28000,0x0000000100000000)
  to   space 5120K, 0% used [0x00000000ff600000,0x00000000ff600000,0x00000000ffb00000)
 ParOldGen       total 1040384K, used 86374K [0x00000000a0c00000, 0x00000000e0400000, 0x00000000e0400000)
  object space 1040384K, 8% used [0x00000000a0c00000,0x00000000a6059b20,0x00000000e0400000)
 Metaspace       used 13041K, capacity 13234K, committed 13312K, reserved 1060864K
  class space    used 1469K, capacity 1501K, committed 1536K, reserved 1048576K
4949.695: [GC (GCLocker Initiated GC) [PSYoungGen: 510112K->1952K(515072K)] 596486K->88326K(1555456K), 0.0022231 secs] [Times: user=0.00 sys=0.00, real=0.00 secs] 
Heap after GC invocations=709 (full 0):
 PSYoungGen      total 515072K, used 1952K [0x00000000e0400000, 0x0000000100000000, 0x0000000100000000)
  eden space 509952K, 0% used [0x00000000e0400000,0x00000000e0400000,0x00000000ff600000)
  from space 5120K, 38% used [0x00000000ff600000,0x00000000ff7e8000,0x00000000ffb00000)
  to   space 5120K, 0% used [0x00000000ffb00000,0x00000000ffb00000,0x0000000100000000)
 ParOldGen       total 1040384K, used 86374K [0x00000000a0c00000, 0x00000000e0400000, 0x00000000e0400000)
  object space 1040384K, 8% used [0x00000000a0c00000,0x00000000a6059b20,0x00000000e0400000)
 Metaspace       used 13041K, capacity 13234K, committed 13312K, reserved 1060864K
  class space    used 1469K, capacity 1501K, committed 1536K, reserved 1048576K
}
{Heap before GC invocations=710 (full 0):
 PSYoungGen      total 515072K, used 511904K [0x00000000e0400000, 0x0000000100000000, 0x0000000100000000)
  eden space 509952K, 100% used [0x00000000e0400000,0x00000000ff600000,0x00000000ff600000)
  from space 5120K, 38% used [0x00000000ff600000,0x00000000ff7e8000,0x00000000ffb00000)
  to   space 5120K, 0% used [0x00000000ffb00000,0x00000000ffb00000,0x0000000100000000)
 ParOldGen       total 1040384K, used 86377K [0x00000000a0c00000, 0x00000000e0400000, 0x00000000e0400000)
  object space 1040384K, 8% used [0x00000000a0c00000,0x00000000a605a780,0x00000000e0400000)
 Metaspace       used 13041K, capacity 13234K, committed 13312K, reserved 1060864K
  class space    used 1469K, capacity 1501K, committed 1536K, reserved 1048576K
4956.638: [GC (Allocation Failure) [PSYoungGen: 511904K->224K(515584K)] 598281K->86633K(1555968K), 0.0013174 secs] [Times: user=0.00 sys=0.00, real=0.00 secs] 
Heap after GC invocations=710 (full 0):
 PSYoungGen      total 515584K, used 224K [0x00000000e0400000, 0x0000000100000000, 0x0000000100000000)
  eden space 510464K, 0% used [0x00000000e0400000,0x00000000e0400000,0x00000000ff680000)
  from space 5120K, 4% used [0x00000000ffb00000,0x00000000ffb38000,0x0000000100000000)
  to   space 4608K, 0% used [0x00000000ff680000,0x00000000ff680000,0x00000000ffb00000)
 ParOldGen       total 1040384K, used 86409K [0x00000000a0c00000, 0x00000000e0400000, 0x00000000e0400000)
  object space 1040384K, 8% used [0x00000000a0c00000,0x00000000a6062780,0x00000000e0400000)
 Metaspace       used 13041K, capacity 13234K, committed 13312K, reserved 1060864K
  class space    used 1469K, capacity 1501K, committed 1536K, reserved 1048576K
}
{Heap before GC invocations=711 (full 0):
 PSYoungGen      total 515584K, used 510688K [0x00000000e0400000, 0x0000000100000000, 0x0000000100000000)
  eden space 510464K, 100% used [0x00000000e0400000,0x00000000ff680000,0x00000000ff680000)
  from space 5120K, 4% used [0x00000000ffb00000,0x00000000ffb38000,0x0000000100000000)
  to   space 4608K, 0% used [0x00000000ff680000,0x00000000ff680000,0x00000000ffb00000)
 ParOldGen       total 1040384K, used 86409K [0x00000000a0c00000, 0x00000000e0400000, 0x00000000e0400000)
  object space 1040384K, 8% used [0x00000000a0c00000,0x00000000a6062780,0x00000000e0400000)
 Metaspace       used 13041K, capacity 13234K, committed 13312K, reserved 1060864K
  class space    used 1469K, capacity 1501K, committed 1536K, reserved 1048576K
4963.633: [GC (Allocation Failure) [PSYoungGen: 510688K->128K(515072K)] 597097K->86561K(1555456K), 0.0017460 secs] [Times: user=0.00 sys=0.00, real=0.00 secs] 
Heap after GC invocations=711 (full 0):
 PSYoungGen      total 515072K, used 128K [0x00000000e0400000, 0x0000000100000000, 0x0000000100000000)
  eden space 510464K, 0% used [0x00000000e0400000,0x00000000e0400000,0x00000000ff680000)
  from space 4608K, 2% used [0x00000000ff680000,0x00000000ff6a0000,0x00000000ffb00000)
  to   space 4608K, 0% used [0x00000000ffb80000,0x00000000ffb80000,0x0000000100000000)
 ParOldGen       total 1040384K, used 86433K [0x00000000a0c00000, 0x00000000e0400000, 0x00000000e0400000)
  object space 1040384K, 8% used [0x00000000a0c00000,0x00000000a6068780,0x00000000e0400000)
 Metaspace       used 13041K, capacity 13234K, committed 13312K, reserved 1060864K
  class space    used 1469K, capacity 1501K, committed 1536K, reserved 1048576K
}
{Heap before GC invocations=712 (full 0):
 PSYoungGen      total 515072K, used 510592K [0x00000000e0400000, 0x0000000100000000, 0x0000000100000000)
  eden space 510464K, 100% used [0x00000000e0400000,0x00000000ff680000,0x00000000ff680000)
  from space 4608K, 2% used [0x00000000ff680000,0x00000000ff6a0000,0x00000000ffb00000)
  to   space 4608K, 0% used [0x00000000ffb80000,0x00000000ffb80000,0x0000000100000000)
 ParOldGen       total 1040384K, used 86433K [0x00000000a0c00000, 0x00000000e0400000, 0x00000000e0400000)
  object space 1040384K, 8% used [0x00000000a0c00000,0x00000000a6068780,0x00000000e0400000)
 Metaspace       used 13041K, capacity 13234K, committed 13312K, reserved 1060864K
  class space    used 1469K, capacity 1501K, committed 1536K, reserved 1048576K
4970.506: [GC (Allocation Failure) [PSYoungGen: 510592K->192K(515584K)] 597025K->86649K(1555968K), 0.0019136 secs] [Times: user=0.00 sys=0.00, real=0.00 secs] 
Heap after GC invocations=712 (full 0):
 PSYoungGen      total 515584K, used 192K [0x00000000e0400000, 0x0000000100000000, 0x0000000100000000)
  eden space 510976K, 0% used [0x00000000e0400000,0x00000000e0400000,0x00000000ff700000)
  from space 4608K, 4% used [0x00000000ffb80000,0x00000000ffbb0000,0x0000000100000000)
  to   space 4608K, 0% used [0x00000000ff700000,0x00000000ff700000,0x00000000ffb80000)
 ParOldGen       total 1040384K, used 86457K [0x00000000a0c00000, 0x00000000e0400000, 0x00000000e0400000)
  object space 1040384K, 8% used [0x00000000a0c00000,0x00000000a606e780,0x00000000e0400000)
 Metaspace       used 13041K, capacity 13234K, committed 13312K, reserved 1060864K
  class space    used 1469K, capacity 1501K, committed 1536K, reserved 1048576K
}
{Heap before GC invocations=713 (full 0):
 PSYoungGen      total 515584K, used 511168K [0x00000000e0400000, 0x0000000100000000, 0x0000000100000000)
  eden space 510976K, 100% used [0x00000000e0400000,0x00000000ff700000,0x00000000ff700000)
  from space 4608K, 4% used [0x00000000ffb80000,0x00000000ffbb0000,0x0000000100000000)
  to   space 4608K, 0% used [0x00000000ff700000,0x00000000ff700000,0x00000000ffb80000)
 ParOldGen       total 1040384K, used 86457K [0x00000000a0c00000, 0x00000000e0400000, 0x00000000e0400000)
  object space 1040384K, 8% used [0x00000000a0c00000,0x00000000a606e7e8,0x00000000e0400000)
 Metaspace       used 13041K, capacity 13234K, committed 13312K, reserved 1060864K
  class space    used 1469K, capacity 1501K, committed 1536K, reserved 1048576K
4977.533: [GC (GCLocker Initiated GC) [PSYoungGen: 511168K->1440K(515584K)] 597625K->87897K(1555968K), 0.0022604 secs] [Times: user=0.00 sys=0.00, real=0.00 secs] 
Heap after GC invocations=713 (full 0):
 PSYoungGen      total 515584K, used 1440K [0x00000000e0400000, 0x0000000100000000, 0x0000000100000000)
  eden space 510976K, 0% used [0x00000000e0400000,0x00000000e0400000,0x00000000ff700000)
  from space 4608K, 31% used [0x00000000ff700000,0x00000000ff868000,0x00000000ffb80000)
  to   space 4096K, 0% used [0x00000000ffc00000,0x00000000ffc00000,0x0000000100000000)
 ParOldGen       total 1040384K, used 86457K [0x00000000a0c00000, 0x00000000e0400000, 0x00000000e0400000)
  object space 1040384K, 8% used [0x00000000a0c00000,0x00000000a606e7e8,0x00000000e0400000)
 Metaspace       used 13041K, capacity 13234K, committed 13312K, reserved 1060864K
  class space    used 1469K, capacity 1501K, committed 1536K, reserved 1048576K
}
{Heap before GC invocations=714 (full 0):
 PSYoungGen      total 515584K, used 512416K [0x00000000e0400000, 0x0000000100000000, 0x0000000100000000)
  eden space 510976K, 100% used [0x00000000e0400000,0x00000000ff700000,0x00000000ff700000)
  from space 4608K, 31% used [0x00000000ff700000,0x00000000ff868000,0x00000000ffb80000)
  to   space 4096K, 0% used [0x00000000ffc00000,0x00000000ffc00000,0x0000000100000000)
 ParOldGen       total 1040384K, used 86461K [0x00000000a0c00000, 0x00000000e0400000, 0x00000000e0400000)
  object space 1040384K, 8% used [0x00000000a0c00000,0x00000000a606f438,0x00000000e0400000)
 Metaspace       used 13041K, capacity 13234K, committed 13312K, reserved 1060864K
  class space    used 1469K, capacity 1501K, committed 1536K, reserved 1048576K
4984.501: [GC (Allocation Failure) [PSYoungGen: 512416K->192K(516096K)] 598877K->86685K(1556480K), 0.0013311 secs] [Times: user=0.00 sys=0.00, real=0.00 secs] 
Heap after GC invocations=714 (full 0):
 PSYoungGen      total 516096K, used 192K [0x00000000e0400000, 0x0000000100000000, 0x0000000100000000)
  eden space 512000K, 0% used [0x00000000e0400000,0x00000000e0400000,0x00000000ff800000)
  from space 4096K, 4% used [0x00000000ffc00000,0x00000000ffc30000,0x0000000100000000)
  to   space 4096K, 0% used [0x00000000ff800000,0x00000000ff800000,0x00000000ffc00000)
 ParOldGen       total 1040384K, used 86493K [0x00000000a0c00000, 0x00000000e0400000, 0x00000000e0400000)
  object space 1040384K, 8% used [0x00000000a0c00000,0x00000000a6077438,0x00000000e0400000)
 Metaspace       used 13041K, capacity 13234K, committed 13312K, reserved 1060864K
  class space    used 1469K, capacity 1501K, committed 1536K, reserved 1048576K
}
{Heap before GC invocations=715 (full 0):
 PSYoungGen      total 516096K, used 512192K [0x00000000e0400000, 0x0000000100000000, 0x0000000100000000)
  eden space 512000K, 100% used [0x00000000e0400000,0x00000000ff800000,0x00000000ff800000)
  from space 4096K, 4% used [0x00000000ffc00000,0x00000000ffc30000,0x0000000100000000)
  to   space 4096K, 0% used [0x00000000ff800000,0x00000000ff800000,0x00000000ffc00000)
 ParOldGen       total 1040384K, used 86493K [0x00000000a0c00000, 0x00000000e0400000, 0x00000000e0400000)
  object space 1040384K, 8% used [0x00000000a0c00000,0x00000000a6077438,0x00000000e0400000)
 Metaspace       used 13041K, capacity 13234K, committed 13312K, reserved 1060864K
  class space    used 1469K, capacity 1501K, committed 1536K, reserved 1048576K
4991.479: [GC (Allocation Failure) [PSYoungGen: 512192K->160K(516096K)] 598685K->86669K(1556480K), 0.0017945 secs] [Times: user=0.00 sys=0.00, real=0.00 secs] 
Heap after GC invocations=715 (full 0):
 PSYoungGen      total 516096K, used 160K [0x00000000e0400000, 0x0000000100000000, 0x0000000100000000)
  eden space 512000K, 0% used [0x00000000e0400000,0x00000000e0400000,0x00000000ff800000)
  from space 4096K, 3% used [0x00000000ff800000,0x00000000ff828000,0x00000000ffc00000)
  to   space 4096K, 0% used [0x00000000ffc00000,0x00000000ffc00000,0x0000000100000000)
 ParOldGen       total 1040384K, used 86509K [0x00000000a0c00000, 0x00000000e0400000, 0x00000000e0400000)
  object space 1040384K, 8% used [0x00000000a0c00000,0x00000000a607b438,0x00000000e0400000)
 Metaspace       used 13041K, capacity 13234K, committed 13312K, reserved 1060864K
  class space    used 1469K, capacity 1501K, committed 1536K, reserved 1048576K
}
{Heap before GC invocations=716 (full 0):
 PSYoungGen      total 516096K, used 512160K [0x00000000e0400000, 0x0000000100000000, 0x0000000100000000)
  eden space 512000K, 100% used [0x00000000e0400000,0x00000000ff800000,0x00000000ff800000)
  from space 4096K, 3% used [0x00000000ff800000,0x00000000ff828000,0x00000000ffc00000)
  to   space 4096K, 0% used [0x00000000ffc00000,0x00000000ffc00000,0x0000000100000000)
 ParOldGen       total 1040384K, used 86509K [0x00000000a0c00000, 0x00000000e0400000, 0x00000000e0400000)
  object space 1040384K, 8% used [0x00000000a0c00000,0x00000000a607b438,0x00000000e0400000)
 Metaspace       used 13041K, capacity 13234K, committed 13312K, reserved 1060864K
  class space    used 1469K, capacity 1501K, committed 1536K, reserved 1048576K
4998.516: [GC (Allocation Failure) [PSYoungGen: 512160K->160K(516608K)] 598669K->86701K(1556992K), 0.0017979 secs] [Times: user=0.00 sys=0.00, real=0.00 secs] 
Heap after GC invocations=716 (full 0):
 PSYoungGen      total 516608K, used 160K [0x00000000e0400000, 0x0000000100000000, 0x0000000100000000)
  eden space 512512K, 0% used [0x00000000e0400000,0x00000000e0400000,0x00000000ff880000)
  from space 4096K, 3% used [0x00000000ffc00000,0x00000000ffc28000,0x0000000100000000)
  to   space 3584K, 0% used [0x00000000ff880000,0x00000000ff880000,0x00000000ffc00000)
 ParOldGen       total 1040384K, used 86541K [0x00000000a0c00000, 0x00000000e0400000, 0x00000000e0400000)
  object space 1040384K, 8% used [0x00000000a0c00000,0x00000000a6083438,0x00000000e0400000)
 Metaspace       used 13041K, capacity 13234K, committed 13312K, reserved 1060864K
  class space    used 1469K, capacity 1501K, committed 1536K, reserved 1048576K
}
{Heap before GC invocations=717 (full 0):
 PSYoungGen      total 516608K, used 512672K [0x00000000e0400000, 0x0000000100000000, 0x0000000100000000)
  eden space 512512K, 100% used [0x00000000e0400000,0x00000000ff880000,0x00000000ff880000)
  from space 4096K, 3% used [0x00000000ffc00000,0x00000000ffc28000,0x0000000100000000)
  to   space 3584K, 0% used [0x00000000ff880000,0x00000000ff880000,0x00000000ffc00000)
 ParOldGen       total 1040384K, used 86541K [0x00000000a0c00000, 0x00000000e0400000, 0x00000000e0400000)
  object space 1040384K, 8% used [0x00000000a0c00000,0x00000000a6083438,0x00000000e0400000)
 Metaspace       used 13041K, capacity 13234K, committed 13312K, reserved 1060864K
  class space    used 1469K, capacity 1501K, committed 1536K, reserved 1048576K
5005.531: [GC (Allocation Failure) [PSYoungGen: 512672K->512K(516096K)] 599213K->87053K(1556480K), 0.0018692 secs] [Times: user=0.00 sys=0.00, real=0.00 secs] 
Heap after GC invocations=717 (full 0):
 PSYoungGen      total 516096K, used 512K [0x00000000e0400000, 0x0000000100000000, 0x0000000100000000)
  eden space 512512K, 0% used [0x00000000e0400000,0x00000000e0400000,0x00000000ff880000)
  from space 3584K, 14% used [0x00000000ff880000,0x00000000ff900000,0x00000000ffc00000)
  to   space 3584K, 0% used [0x00000000ffc80000,0x00000000ffc80000,0x0000000100000000)
 ParOldGen       total 1040384K, used 86541K [0x00000000a0c00000, 0x00000000e0400000, 0x00000000e0400000)
  object space 1040384K, 8% used [0x00000000a0c00000,0x00000000a6083438,0x00000000e0400000)
 Metaspace       used 13041K, capacity 13234K, committed 13312K, reserved 1060864K
  class space    used 1469K, capacity 1501K, committed 1536K, reserved 1048576K
}
{Heap before GC invocations=718 (full 0):
 PSYoungGen      total 516096K, used 513024K [0x00000000e0400000, 0x0000000100000000, 0x0000000100000000)
  eden space 512512K, 100% used [0x00000000e0400000,0x00000000ff880000,0x00000000ff880000)
  from space 3584K, 14% used [0x00000000ff880000,0x00000000ff900000,0x00000000ffc00000)
  to   space 3584K, 0% used [0x00000000ffc80000,0x00000000ffc80000,0x0000000100000000)
 ParOldGen       total 1040384K, used 86541K [0x00000000a0c00000, 0x00000000e0400000, 0x00000000e0400000)
  object space 1040384K, 8% used [0x00000000a0c00000,0x00000000a6083438,0x00000000e0400000)
 Metaspace       used 13041K, capacity 13234K, committed 13312K, reserved 1060864K
  class space    used 1469K, capacity 1501K, committed 1536K, reserved 1048576K
5012.613: [GC (Allocation Failure) [PSYoungGen: 513024K->192K(517120K)] 599565K->86733K(1557504K), 0.0015936 secs] [Times: user=0.00 sys=0.00, real=0.00 secs] 
Heap after GC invocations=718 (full 0):
 PSYoungGen      total 517120K, used 192K [0x00000000e0400000, 0x0000000100000000, 0x0000000100000000)
  eden space 513536K, 0% used [0x00000000e0400000,0x00000000e0400000,0x00000000ff980000)
  from space 3584K, 5% used [0x00000000ffc80000,0x00000000ffcb0000,0x0000000100000000)
  to   space 3072K, 0% used [0x00000000ff980000,0x00000000ff980000,0x00000000ffc80000)
 ParOldGen       total 1040384K, used 86541K [0x00000000a0c00000, 0x00000000e0400000, 0x00000000e0400000)
  object space 1040384K, 8% used [0x00000000a0c00000,0x00000000a6083438,0x00000000e0400000)
 Metaspace       used 13041K, capacity 13234K, committed 13312K, reserved 1060864K
  class space    used 1469K, capacity 1501K, committed 1536K, reserved 1048576K
}
{Heap before GC invocations=719 (full 0):
 PSYoungGen      total 517120K, used 513728K [0x00000000e0400000, 0x0000000100000000, 0x0000000100000000)
  eden space 513536K, 100% used [0x00000000e0400000,0x00000000ff980000,0x00000000ff980000)
  from space 3584K, 5% used [0x00000000ffc80000,0x00000000ffcb0000,0x0000000100000000)
  to   space 3072K, 0% used [0x00000000ff980000,0x00000000ff980000,0x00000000ffc80000)
 ParOldGen       total 1040384K, used 86541K [0x00000000a0c00000, 0x00000000e0400000, 0x00000000e0400000)
  object space 1040384K, 8% used [0x00000000a0c00000,0x00000000a6083438,0x00000000e0400000)
 Metaspace       used 13041K, capacity 13234K, committed 13312K, reserved 1060864K
  class space    used 1469K, capacity 1501K, committed 1536K, reserved 1048576K
5019.634: [GC (Allocation Failure) [PSYoungGen: 513728K->192K(516608K)] 600269K->86741K(1556992K), 0.0018203 secs] [Times: user=0.00 sys=0.00, real=0.00 secs] 
Heap after GC invocations=719 (full 0):
 PSYoungGen      total 516608K, used 192K [0x00000000e0400000, 0x0000000100000000, 0x0000000100000000)
  eden space 513536K, 0% used [0x00000000e0400000,0x00000000e0400000,0x00000000ff980000)
  from space 3072K, 6% used [0x00000000ff980000,0x00000000ff9b0000,0x00000000ffc80000)
  to   space 3072K, 0% used [0x00000000ffd00000,0x00000000ffd00000,0x0000000100000000)
 ParOldGen       total 1040384K, used 86549K [0x00000000a0c00000, 0x00000000e0400000, 0x00000000e0400000)
  object space 1040384K, 8% used [0x00000000a0c00000,0x00000000a6085438,0x00000000e0400000)
 Metaspace       used 13041K, capacity 13234K, committed 13312K, reserved 1060864K
  class space    used 1469K, capacity 1501K, committed 1536K, reserved 1048576K
}
{Heap before GC invocations=720 (full 0):
 PSYoungGen      total 516608K, used 513728K [0x00000000e0400000, 0x0000000100000000, 0x0000000100000000)
  eden space 513536K, 100% used [0x00000000e0400000,0x00000000ff980000,0x00000000ff980000)
  from space 3072K, 6% used [0x00000000ff980000,0x00000000ff9b0000,0x00000000ffc80000)
  to   space 3072K, 0% used [0x00000000ffd00000,0x00000000ffd00000,0x0000000100000000)
 ParOldGen       total 1040384K, used 86549K [0x00000000a0c00000, 0x00000000e0400000, 0x00000000e0400000)
  object space 1040384K, 8% used [0x00000000a0c00000,0x00000000a6085438,0x00000000e0400000)
 Metaspace       used 13041K, capacity 13234K, committed 13312K, reserved 1060864K
  class space    used 1469K, capacity 1501K, committed 1536K, reserved 1048576K
5026.576: [GC (Allocation Failure) [PSYoungGen: 513728K->160K(517120K)] 600277K->86709K(1557504K), 0.0018244 secs] [Times: user=0.00 sys=0.00, real=0.00 secs] 
Heap after GC invocations=720 (full 0):
 PSYoungGen      total 517120K, used 160K [0x00000000e0400000, 0x0000000100000000, 0x0000000100000000)
  eden space 514048K, 0% used [0x00000000e0400000,0x00000000e0400000,0x00000000ffa00000)
  from space 3072K, 5% used [0x00000000ffd00000,0x00000000ffd28000,0x0000000100000000)
  to   space 3072K, 0% used [0x00000000ffa00000,0x00000000ffa00000,0x00000000ffd00000)
 ParOldGen       total 1040384K, used 86549K [0x00000000a0c00000, 0x00000000e0400000, 0x00000000e0400000)
  object space 1040384K, 8% used [0x00000000a0c00000,0x00000000a6085438,0x00000000e0400000)
 Metaspace       used 13041K, capacity 13234K, committed 13312K, reserved 1060864K
  class space    used 1469K, capacity 1501K, committed 1536K, reserved 1048576K
}
{Heap before GC invocations=721 (full 0):
 PSYoungGen      total 517120K, used 514208K [0x00000000e0400000, 0x0000000100000000, 0x0000000100000000)
  eden space 514048K, 100% used [0x00000000e0400000,0x00000000ffa00000,0x00000000ffa00000)
  from space 3072K, 5% used [0x00000000ffd00000,0x00000000ffd28000,0x0000000100000000)
  to   space 3072K, 0% used [0x00000000ffa00000,0x00000000ffa00000,0x00000000ffd00000)
 ParOldGen       total 1040384K, used 86549K [0x00000000a0c00000, 0x00000000e0400000, 0x00000000e0400000)
  object space 1040384K, 8% used [0x00000000a0c00000,0x00000000a6085438,0x00000000e0400000)
 Metaspace       used 13041K, capacity 13234K, committed 13312K, reserved 1060864K
  class space    used 1469K, capacity 1501K, committed 1536K, reserved 1048576K
5033.577: [GC (Allocation Failure) [PSYoungGen: 514208K->192K(517120K)] 600757K->86741K(1557504K), 0.0018860 secs] [Times: user=0.00 sys=0.00, real=0.00 secs] 
Heap after GC invocations=721 (full 0):
 PSYoungGen      total 517120K, used 192K [0x00000000e0400000, 0x0000000100000000, 0x0000000100000000)
  eden space 514048K, 0% used [0x00000000e0400000,0x00000000e0400000,0x00000000ffa00000)
  from space 3072K, 6% used [0x00000000ffa00000,0x00000000ffa30000,0x00000000ffd00000)
  to   space 2560K, 0% used [0x00000000ffd80000,0x00000000ffd80000,0x0000000100000000)
 ParOldGen       total 1040384K, used 86549K [0x00000000a0c00000, 0x00000000e0400000, 0x00000000e0400000)
  object space 1040384K, 8% used [0x00000000a0c00000,0x00000000a6085438,0x00000000e0400000)
 Metaspace       used 13041K, capacity 13234K, committed 13312K, reserved 1060864K
  class space    used 1469K, capacity 1501K, committed 1536K, reserved 1048576K
}
{Heap before GC invocations=722 (full 0):
 PSYoungGen      total 517120K, used 514240K [0x00000000e0400000, 0x0000000100000000, 0x0000000100000000)
  eden space 514048K, 100% used [0x00000000e0400000,0x00000000ffa00000,0x00000000ffa00000)
  from space 3072K, 6% used [0x00000000ffa00000,0x00000000ffa30000,0x00000000ffd00000)
  to   space 2560K, 0% used [0x00000000ffd80000,0x00000000ffd80000,0x0000000100000000)
 ParOldGen       total 1040384K, used 86549K [0x00000000a0c00000, 0x00000000e0400000, 0x00000000e0400000)
  object space 1040384K, 8% used [0x00000000a0c00000,0x00000000a6085438,0x00000000e0400000)
 Metaspace       used 13041K, capacity 13234K, committed 13312K, reserved 1060864K
  class space    used 1469K, capacity 1501K, committed 1536K, reserved 1048576K
5040.550: [GC (Allocation Failure) [PSYoungGen: 514240K->1792K(516608K)] 600789K->88341K(1556992K), 0.0024604 secs] [Times: user=0.08 sys=0.00, real=0.00 secs] 
Heap after GC invocations=722 (full 0):
 PSYoungGen      total 516608K, used 1792K [0x00000000e0400000, 0x0000000100000000, 0x0000000100000000)
  eden space 514048K, 0% used [0x00000000e0400000,0x00000000e0400000,0x00000000ffa00000)
  from space 2560K, 70% used [0x00000000ffd80000,0x00000000fff40000,0x0000000100000000)
  to   space 3072K, 0% used [0x00000000ffa00000,0x00000000ffa00000,0x00000000ffd00000)
 ParOldGen       total 1040384K, used 86549K [0x00000000a0c00000, 0x00000000e0400000, 0x00000000e0400000)
  object space 1040384K, 8% used [0x00000000a0c00000,0x00000000a6085438,0x00000000e0400000)
 Metaspace       used 13041K, capacity 13234K, committed 13312K, reserved 1060864K
  class space    used 1469K, capacity 1501K, committed 1536K, reserved 1048576K
}
{Heap before GC invocations=723 (full 0):
 PSYoungGen      total 516608K, used 515840K [0x00000000e0400000, 0x0000000100000000, 0x0000000100000000)
  eden space 514048K, 100% used [0x00000000e0400000,0x00000000ffa00000,0x00000000ffa00000)
  from space 2560K, 70% used [0x00000000ffd80000,0x00000000fff40000,0x0000000100000000)
  to   space 3072K, 0% used [0x00000000ffa00000,0x00000000ffa00000,0x00000000ffd00000)
 ParOldGen       total 1040384K, used 86549K [0x00000000a0c00000, 0x00000000e0400000, 0x00000000e0400000)
  object space 1040384K, 8% used [0x00000000a0c00000,0x00000000a6085438,0x00000000e0400000)
 Metaspace       used 13041K, capacity 13234K, committed 13312K, reserved 1060864K
  class space    used 1469K, capacity 1501K, committed 1536K, reserved 1048576K
5047.582: [GC (Allocation Failure) [PSYoungGen: 515840K->192K(517120K)] 602389K->86765K(1557504K), 0.0019077 secs] [Times: user=0.06 sys=0.00, real=0.00 secs] 
Heap after GC invocations=723 (full 0):
 PSYoungGen      total 517120K, used 192K [0x00000000e0400000, 0x0000000100000000, 0x0000000100000000)
  eden space 514048K, 0% used [0x00000000e0400000,0x00000000e0400000,0x00000000ffa00000)
  from space 3072K, 6% used [0x00000000ffa00000,0x00000000ffa30000,0x00000000ffd00000)
  to   space 3072K, 0% used [0x00000000ffd00000,0x00000000ffd00000,0x0000000100000000)
 ParOldGen       total 1040384K, used 86573K [0x00000000a0c00000, 0x00000000e0400000, 0x00000000e0400000)
  object space 1040384K, 8% used [0x00000000a0c00000,0x00000000a608b438,0x00000000e0400000)
 Metaspace       used 13041K, capacity 13234K, committed 13312K, reserved 1060864K
  class space    used 1469K, capacity 1501K, committed 1536K, reserved 1048576K
}
{Heap before GC invocations=724 (full 0):
 PSYoungGen      total 517120K, used 514240K [0x00000000e0400000, 0x0000000100000000, 0x0000000100000000)
  eden space 514048K, 100% used [0x00000000e0400000,0x00000000ffa00000,0x00000000ffa00000)
  from space 3072K, 6% used [0x00000000ffa00000,0x00000000ffa30000,0x00000000ffd00000)
  to   space 3072K, 0% used [0x00000000ffd00000,0x00000000ffd00000,0x0000000100000000)
 ParOldGen       total 1040384K, used 86573K [0x00000000a0c00000, 0x00000000e0400000, 0x00000000e0400000)
  object space 1040384K, 8% used [0x00000000a0c00000,0x00000000a608b438,0x00000000e0400000)
 Metaspace       used 13041K, capacity 13234K, committed 13312K, reserved 1060864K
  class space    used 1469K, capacity 1501K, committed 1536K, reserved 1048576K
5054.593: [GC (Allocation Failure) [PSYoungGen: 514240K->192K(517632K)] 600813K->86773K(1558016K), 0.0013109 secs] [Times: user=0.00 sys=0.00, real=0.00 secs] 
Heap after GC invocations=724 (full 0):
 PSYoungGen      total 517632K, used 192K [0x00000000e0400000, 0x0000000100000000, 0x0000000100000000)
  eden space 514560K, 0% used [0x00000000e0400000,0x00000000e0400000,0x00000000ffa80000)
  from space 3072K, 6% used [0x00000000ffd00000,0x00000000ffd30000,0x0000000100000000)
  to   space 2560K, 0% used [0x00000000ffa80000,0x00000000ffa80000,0x00000000ffd00000)
 ParOldGen       total 1040384K, used 86581K [0x00000000a0c00000, 0x00000000e0400000, 0x00000000e0400000)
  object space 1040384K, 8% used [0x00000000a0c00000,0x00000000a608d438,0x00000000e0400000)
 Metaspace       used 13041K, capacity 13234K, committed 13312K, reserved 1060864K
  class space    used 1469K, capacity 1501K, committed 1536K, reserved 1048576K
}
{Heap before GC invocations=725 (full 0):
 PSYoungGen      total 517632K, used 514752K [0x00000000e0400000, 0x0000000100000000, 0x0000000100000000)
  eden space 514560K, 100% used [0x00000000e0400000,0x00000000ffa80000,0x00000000ffa80000)
  from space 3072K, 6% used [0x00000000ffd00000,0x00000000ffd30000,0x0000000100000000)
  to   space 2560K, 0% used [0x00000000ffa80000,0x00000000ffa80000,0x00000000ffd00000)
 ParOldGen       total 1040384K, used 86581K [0x00000000a0c00000, 0x00000000e0400000, 0x00000000e0400000)
  object space 1040384K, 8% used [0x00000000a0c00000,0x00000000a608d438,0x00000000e0400000)
 Metaspace       used 13041K, capacity 13234K, committed 13312K, reserved 1060864K
  class space    used 1469K, capacity 1501K, committed 1536K, reserved 1048576K
5061.555: [GC (Allocation Failure) [PSYoungGen: 514752K->192K(517120K)] 601333K->86773K(1557504K), 0.0014232 secs] [Times: user=0.00 sys=0.00, real=0.00 secs] 
Heap after GC invocations=725 (full 0):
 PSYoungGen      total 517120K, used 192K [0x00000000e0400000, 0x0000000100000000, 0x0000000100000000)
  eden space 514560K, 0% used [0x00000000e0400000,0x00000000e0400000,0x00000000ffa80000)
  from space 2560K, 7% used [0x00000000ffa80000,0x00000000ffab0000,0x00000000ffd00000)
  to   space 2560K, 0% used [0x00000000ffd80000,0x00000000ffd80000,0x0000000100000000)
 ParOldGen       total 1040384K, used 86581K [0x00000000a0c00000, 0x00000000e0400000, 0x00000000e0400000)
  object space 1040384K, 8% used [0x00000000a0c00000,0x00000000a608d438,0x00000000e0400000)
 Metaspace       used 13041K, capacity 13234K, committed 13312K, reserved 1060864K
  class space    used 1469K, capacity 1501K, committed 1536K, reserved 1048576K
}
{Heap before GC invocations=726 (full 0):
 PSYoungGen      total 517120K, used 514752K [0x00000000e0400000, 0x0000000100000000, 0x0000000100000000)
  eden space 514560K, 100% used [0x00000000e0400000,0x00000000ffa80000,0x00000000ffa80000)
  from space 2560K, 7% used [0x00000000ffa80000,0x00000000ffab0000,0x00000000ffd00000)
  to   space 2560K, 0% used [0x00000000ffd80000,0x00000000ffd80000,0x0000000100000000)
 ParOldGen       total 1040384K, used 86581K [0x00000000a0c00000, 0x00000000e0400000, 0x00000000e0400000)
  object space 1040384K, 8% used [0x00000000a0c00000,0x00000000a608d438,0x00000000e0400000)
 Metaspace       used 13041K, capacity 13234K, committed 13312K, reserved 1060864K
  class space    used 1469K, capacity 1501K, committed 1536K, reserved 1048576K
5068.473: [GC (Allocation Failure) [PSYoungGen: 514752K->672K(517632K)] 601333K->87253K(1558016K), 0.0018060 secs] [Times: user=0.09 sys=0.00, real=0.00 secs] 
Heap after GC invocations=726 (full 0):
 PSYoungGen      total 517632K, used 672K [0x00000000e0400000, 0x0000000100000000, 0x0000000100000000)
  eden space 515072K, 0% used [0x00000000e0400000,0x00000000e0400000,0x00000000ffb00000)
  from space 2560K, 26% used [0x00000000ffd80000,0x00000000ffe28000,0x0000000100000000)
  to   space 2560K, 0% used [0x00000000ffb00000,0x00000000ffb00000,0x00000000ffd80000)
 ParOldGen       total 1040384K, used 86581K [0x00000000a0c00000, 0x00000000e0400000, 0x00000000e0400000)
  object space 1040384K, 8% used [0x00000000a0c00000,0x00000000a608d438,0x00000000e0400000)
 Metaspace       used 13041K, capacity 13234K, committed 13312K, reserved 1060864K
  class space    used 1469K, capacity 1501K, committed 1536K, reserved 1048576K
}
{Heap before GC invocations=727 (full 0):
 PSYoungGen      total 517632K, used 515744K [0x00000000e0400000, 0x0000000100000000, 0x0000000100000000)
  eden space 515072K, 100% used [0x00000000e0400000,0x00000000ffb00000,0x00000000ffb00000)
  from space 2560K, 26% used [0x00000000ffd80000,0x00000000ffe28000,0x0000000100000000)
  to   space 2560K, 0% used [0x00000000ffb00000,0x00000000ffb00000,0x00000000ffd80000)
 ParOldGen       total 1040384K, used 86581K [0x00000000a0c00000, 0x00000000e0400000, 0x00000000e0400000)
  object space 1040384K, 8% used [0x00000000a0c00000,0x00000000a608d438,0x00000000e0400000)
 Metaspace       used 13041K, capacity 13234K, committed 13312K, reserved 1060864K
  class space    used 1469K, capacity 1501K, committed 1536K, reserved 1048576K
5075.467: [GC (Allocation Failure) [PSYoungGen: 515744K->192K(517632K)] 602325K->86773K(1558016K), 0.0016903 secs] [Times: user=0.00 sys=0.00, real=0.00 secs] 
Heap after GC invocations=727 (full 0):
 PSYoungGen      total 517632K, used 192K [0x00000000e0400000, 0x0000000100000000, 0x0000000100000000)
  eden space 515072K, 0% used [0x00000000e0400000,0x00000000e0400000,0x00000000ffb00000)
  from space 2560K, 7% used [0x00000000ffb00000,0x00000000ffb30000,0x00000000ffd80000)
  to   space 2560K, 0% used [0x00000000ffd80000,0x00000000ffd80000,0x0000000100000000)
 ParOldGen       total 1040384K, used 86581K [0x00000000a0c00000, 0x00000000e0400000, 0x00000000e0400000)
  object space 1040384K, 8% used [0x00000000a0c00000,0x00000000a608d438,0x00000000e0400000)
 Metaspace       used 13041K, capacity 13234K, committed 13312K, reserved 1060864K
  class space    used 1469K, capacity 1501K, committed 1536K, reserved 1048576K
}
{Heap before GC invocations=728 (full 0):
 PSYoungGen      total 517632K, used 515264K [0x00000000e0400000, 0x0000000100000000, 0x0000000100000000)
  eden space 515072K, 100% used [0x00000000e0400000,0x00000000ffb00000,0x00000000ffb00000)
  from space 2560K, 7% used [0x00000000ffb00000,0x00000000ffb30000,0x00000000ffd80000)
  to   space 2560K, 0% used [0x00000000ffd80000,0x00000000ffd80000,0x0000000100000000)
 ParOldGen       total 1040384K, used 86581K [0x00000000a0c00000, 0x00000000e0400000, 0x00000000e0400000)
  object space 1040384K, 8% used [0x00000000a0c00000,0x00000000a608d438,0x00000000e0400000)
 Metaspace       used 13041K, capacity 13234K, committed 13312K, reserved 1060864K
  class space    used 1469K, capacity 1501K, committed 1536K, reserved 1048576K
5082.583: [GC (Allocation Failure) [PSYoungGen: 515264K->160K(518144K)] 601845K->86749K(1558528K), 0.0016455 secs] [Times: user=0.00 sys=0.00, real=0.00 secs] 
Heap after GC invocations=728 (full 0):
 PSYoungGen      total 518144K, used 160K [0x00000000e0400000, 0x0000000100000000, 0x0000000100000000)
  eden space 515584K, 0% used [0x00000000e0400000,0x00000000e0400000,0x00000000ffb80000)
  from space 2560K, 6% used [0x00000000ffd80000,0x00000000ffda8000,0x0000000100000000)
  to   space 2048K, 0% used [0x00000000ffb80000,0x00000000ffb80000,0x00000000ffd80000)
 ParOldGen       total 1040384K, used 86589K [0x00000000a0c00000, 0x00000000e0400000, 0x00000000e0400000)
  object space 1040384K, 8% used [0x00000000a0c00000,0x00000000a608f438,0x00000000e0400000)
 Metaspace       used 13041K, capacity 13234K, committed 13312K, reserved 1060864K
  class space    used 1469K, capacity 1501K, committed 1536K, reserved 1048576K
}
{Heap before GC invocations=729 (full 0):
 PSYoungGen      total 518144K, used 515744K [0x00000000e0400000, 0x0000000100000000, 0x0000000100000000)
  eden space 515584K, 100% used [0x00000000e0400000,0x00000000ffb80000,0x00000000ffb80000)
  from space 2560K, 6% used [0x00000000ffd80000,0x00000000ffda8000,0x0000000100000000)
  to   space 2048K, 0% used [0x00000000ffb80000,0x00000000ffb80000,0x00000000ffd80000)
 ParOldGen       total 1040384K, used 86589K [0x00000000a0c00000, 0x00000000e0400000, 0x00000000e0400000)
  object space 1040384K, 8% used [0x00000000a0c00000,0x00000000a608f438,0x00000000e0400000)
 Metaspace       used 13041K, capacity 13234K, committed 13312K, reserved 1060864K
  class space    used 1469K, capacity 1501K, committed 1536K, reserved 1048576K
5089.501: [GC (Allocation Failure) [PSYoungGen: 515744K->160K(517632K)] 602333K->86749K(1558016K), 0.0014456 secs] [Times: user=0.00 sys=0.00, real=0.00 secs] 
Heap after GC invocations=729 (full 0):
 PSYoungGen      total 517632K, used 160K [0x00000000e0400000, 0x0000000100000000, 0x0000000100000000)
  eden space 515584K, 0% used [0x00000000e0400000,0x00000000e0400000,0x00000000ffb80000)
  from space 2048K, 7% used [0x00000000ffb80000,0x00000000ffba8000,0x00000000ffd80000)
  to   space 2048K, 0% used [0x00000000ffe00000,0x00000000ffe00000,0x0000000100000000)
 ParOldGen       total 1040384K, used 86589K [0x00000000a0c00000, 0x00000000e0400000, 0x00000000e0400000)
  object space 1040384K, 8% used [0x00000000a0c00000,0x00000000a608f438,0x00000000e0400000)
 Metaspace       used 13041K, capacity 13234K, committed 13312K, reserved 1060864K
  class space    used 1469K, capacity 1501K, committed 1536K, reserved 1048576K
}
{Heap before GC invocations=730 (full 0):
 PSYoungGen      total 517632K, used 515744K [0x00000000e0400000, 0x0000000100000000, 0x0000000100000000)
  eden space 515584K, 100% used [0x00000000e0400000,0x00000000ffb80000,0x00000000ffb80000)
  from space 2048K, 7% used [0x00000000ffb80000,0x00000000ffba8000,0x00000000ffd80000)
  to   space 2048K, 0% used [0x00000000ffe00000,0x00000000ffe00000,0x0000000100000000)
 ParOldGen       total 1040384K, used 86589K [0x00000000a0c00000, 0x00000000e0400000, 0x00000000e0400000)
  object space 1040384K, 8% used [0x00000000a0c00000,0x00000000a608f438,0x00000000e0400000)
 Metaspace       used 13041K, capacity 13234K, committed 13312K, reserved 1060864K
  class space    used 1469K, capacity 1501K, committed 1536K, reserved 1048576K
5096.585: [GC (Allocation Failure) [PSYoungGen: 515744K->96K(518144K)] 602333K->86685K(1558528K), 0.0019469 secs] [Times: user=0.00 sys=0.00, real=0.00 secs] 
Heap after GC invocations=730 (full 0):
 PSYoungGen      total 518144K, used 96K [0x00000000e0400000, 0x0000000100000000, 0x0000000100000000)
  eden space 516096K, 0% used [0x00000000e0400000,0x00000000e0400000,0x00000000ffc00000)
  from space 2048K, 4% used [0x00000000ffe00000,0x00000000ffe18000,0x0000000100000000)
  to   space 2048K, 0% used [0x00000000ffc00000,0x00000000ffc00000,0x00000000ffe00000)
 ParOldGen       total 1040384K, used 86589K [0x00000000a0c00000, 0x00000000e0400000, 0x00000000e0400000)
  object space 1040384K, 8% used [0x00000000a0c00000,0x00000000a608f438,0x00000000e0400000)
 Metaspace       used 13041K, capacity 13234K, committed 13312K, reserved 1060864K
  class space    used 1469K, capacity 1501K, committed 1536K, reserved 1048576K
}
{Heap before GC invocations=731 (full 0):
 PSYoungGen      total 518144K, used 516192K [0x00000000e0400000, 0x0000000100000000, 0x0000000100000000)
  eden space 516096K, 100% used [0x00000000e0400000,0x00000000ffc00000,0x00000000ffc00000)
  from space 2048K, 4% used [0x00000000ffe00000,0x00000000ffe18000,0x0000000100000000)
  to   space 2048K, 0% used [0x00000000ffc00000,0x00000000ffc00000,0x00000000ffe00000)
 ParOldGen       total 1040384K, used 86589K [0x00000000a0c00000, 0x00000000e0400000, 0x00000000e0400000)
  object space 1040384K, 8% used [0x00000000a0c00000,0x00000000a608f4a8,0x00000000e0400000)
 Metaspace       used 13041K, capacity 13234K, committed 13312K, reserved 1060864K
  class space    used 1469K, capacity 1501K, committed 1536K, reserved 1048576K
5103.573: [GC (GCLocker Initiated GC) [PSYoungGen: 516192K->1888K(518144K)] 602781K->88477K(1558528K), 0.0023997 secs] [Times: user=0.00 sys=0.00, real=0.00 secs] 
Heap after GC invocations=731 (full 0):
 PSYoungGen      total 518144K, used 1888K [0x00000000e0400000, 0x0000000100000000, 0x0000000100000000)
  eden space 516096K, 0% used [0x00000000e0400000,0x00000000e0400000,0x00000000ffc00000)
  from space 2048K, 92% used [0x00000000ffc00000,0x00000000ffdd8000,0x00000000ffe00000)
  to   space 2048K, 0% used [0x00000000ffe00000,0x00000000ffe00000,0x0000000100000000)
 ParOldGen       total 1040384K, used 86589K [0x00000000a0c00000, 0x00000000e0400000, 0x00000000e0400000)
  object space 1040384K, 8% used [0x00000000a0c00000,0x00000000a608f4a8,0x00000000e0400000)
 Metaspace       used 13041K, capacity 13234K, committed 13312K, reserved 1060864K
  class space    used 1469K, capacity 1501K, committed 1536K, reserved 1048576K
}
{Heap before GC invocations=732 (full 0):
 PSYoungGen      total 518144K, used 517984K [0x00000000e0400000, 0x0000000100000000, 0x0000000100000000)
  eden space 516096K, 100% used [0x00000000e0400000,0x00000000ffc00000,0x00000000ffc00000)
  from space 2048K, 92% used [0x00000000ffc00000,0x00000000ffdd8000,0x00000000ffe00000)
  to   space 2048K, 0% used [0x00000000ffe00000,0x00000000ffe00000,0x0000000100000000)
 ParOldGen       total 1040384K, used 86592K [0x00000000a0c00000, 0x00000000e0400000, 0x00000000e0400000)
  object space 1040384K, 8% used [0x00000000a0c00000,0x00000000a60900a8,0x00000000e0400000)
 Metaspace       used 13041K, capacity 13234K, committed 13312K, reserved 1060864K
  class space    used 1469K, capacity 1501K, committed 1536K, reserved 1048576K
5110.724: [GC (Allocation Failure) [PSYoungGen: 517984K->128K(517120K)] 604576K->86736K(1557504K), 0.0020862 secs] [Times: user=0.09 sys=0.00, real=0.00 secs] 
Heap after GC invocations=732 (full 0):
 PSYoungGen      total 517120K, used 128K [0x00000000e0400000, 0x0000000100000000, 0x0000000100000000)
  eden space 515072K, 0% used [0x00000000e0400000,0x00000000e0400000,0x00000000ffb00000)
  from space 2048K, 6% used [0x00000000ffe00000,0x00000000ffe20000,0x0000000100000000)
  to   space 2560K, 0% used [0x00000000ffb00000,0x00000000ffb00000,0x00000000ffd80000)
 ParOldGen       total 1040384K, used 86608K [0x00000000a0c00000, 0x00000000e0400000, 0x00000000e0400000)
  object space 1040384K, 8% used [0x00000000a0c00000,0x00000000a60940a8,0x00000000e0400000)
 Metaspace       used 13041K, capacity 13234K, committed 13312K, reserved 1060864K
  class space    used 1469K, capacity 1501K, committed 1536K, reserved 1048576K
}
{Heap before GC invocations=733 (full 0):
 PSYoungGen      total 517120K, used 515200K [0x00000000e0400000, 0x0000000100000000, 0x0000000100000000)
  eden space 515072K, 100% used [0x00000000e0400000,0x00000000ffb00000,0x00000000ffb00000)
  from space 2048K, 6% used [0x00000000ffe00000,0x00000000ffe20000,0x0000000100000000)
  to   space 2560K, 0% used [0x00000000ffb00000,0x00000000ffb00000,0x00000000ffd80000)
 ParOldGen       total 1040384K, used 86608K [0x00000000a0c00000, 0x00000000e0400000, 0x00000000e0400000)
  object space 1040384K, 8% used [0x00000000a0c00000,0x00000000a60940a8,0x00000000e0400000)
 Metaspace       used 13041K, capacity 13234K, committed 13312K, reserved 1060864K
  class space    used 1469K, capacity 1501K, committed 1536K, reserved 1048576K
5117.671: [GC (Allocation Failure) [PSYoungGen: 515200K->128K(517632K)] 601808K->86752K(1558016K), 0.0019338 secs] [Times: user=0.00 sys=0.00, real=0.00 secs] 
Heap after GC invocations=733 (full 0):
 PSYoungGen      total 517632K, used 128K [0x00000000e0400000, 0x0000000100000000, 0x0000000100000000)
  eden space 515072K, 0% used [0x00000000e0400000,0x00000000e0400000,0x00000000ffb00000)
  from space 2560K, 5% used [0x00000000ffb00000,0x00000000ffb20000,0x00000000ffd80000)
  to   space 2048K, 0% used [0x00000000ffe00000,0x00000000ffe00000,0x0000000100000000)
 ParOldGen       total 1040384K, used 86624K [0x00000000a0c00000, 0x00000000e0400000, 0x00000000e0400000)
  object space 1040384K, 8% used [0x00000000a0c00000,0x00000000a60980a8,0x00000000e0400000)
 Metaspace       used 13041K, capacity 13234K, committed 13312K, reserved 1060864K
  class space    used 1469K, capacity 1501K, committed 1536K, reserved 1048576K
}
{Heap before GC invocations=734 (full 0):
 PSYoungGen      total 517632K, used 515200K [0x00000000e0400000, 0x0000000100000000, 0x0000000100000000)
  eden space 515072K, 100% used [0x00000000e0400000,0x00000000ffb00000,0x00000000ffb00000)
  from space 2560K, 5% used [0x00000000ffb00000,0x00000000ffb20000,0x00000000ffd80000)
  to   space 2048K, 0% used [0x00000000ffe00000,0x00000000ffe00000,0x0000000100000000)
 ParOldGen       total 1040384K, used 86624K [0x00000000a0c00000, 0x00000000e0400000, 0x00000000e0400000)
  object space 1040384K, 8% used [0x00000000a0c00000,0x00000000a60980a8,0x00000000e0400000)
 Metaspace       used 13041K, capacity 13234K, committed 13312K, reserved 1060864K
  class space    used 1469K, capacity 1501K, committed 1536K, reserved 1048576K
5124.749: [GC (Allocation Failure) [PSYoungGen: 515200K->192K(518144K)] 601824K->86824K(1558528K), 0.0016060 secs] [Times: user=0.00 sys=0.00, real=0.00 secs] 
Heap after GC invocations=734 (full 0):
 PSYoungGen      total 518144K, used 192K [0x00000000e0400000, 0x0000000100000000, 0x0000000100000000)
  eden space 516096K, 0% used [0x00000000e0400000,0x00000000e0400000,0x00000000ffc00000)
  from space 2048K, 9% used [0x00000000ffe00000,0x00000000ffe30000,0x0000000100000000)
  to   space 2048K, 0% used [0x00000000ffc00000,0x00000000ffc00000,0x00000000ffe00000)
 ParOldGen       total 1040384K, used 86632K [0x00000000a0c00000, 0x00000000e0400000, 0x00000000e0400000)
  object space 1040384K, 8% used [0x00000000a0c00000,0x00000000a609a0a8,0x00000000e0400000)
 Metaspace       used 13041K, capacity 13234K, committed 13312K, reserved 1060864K
  class space    used 1469K, capacity 1501K, committed 1536K, reserved 1048576K
}
{Heap before GC invocations=735 (full 0):
 PSYoungGen      total 518144K, used 516288K [0x00000000e0400000, 0x0000000100000000, 0x0000000100000000)
  eden space 516096K, 100% used [0x00000000e0400000,0x00000000ffc00000,0x00000000ffc00000)
  from space 2048K, 9% used [0x00000000ffe00000,0x00000000ffe30000,0x0000000100000000)
  to   space 2048K, 0% used [0x00000000ffc00000,0x00000000ffc00000,0x00000000ffe00000)
 ParOldGen       total 1040384K, used 86632K [0x00000000a0c00000, 0x00000000e0400000, 0x00000000e0400000)
  object space 1040384K, 8% used [0x00000000a0c00000,0x00000000a609a0a8,0x00000000e0400000)
 Metaspace       used 13041K, capacity 13234K, committed 13312K, reserved 1060864K
  class space    used 1469K, capacity 1501K, committed 1536K, reserved 1048576K
5131.572: [GC (Allocation Failure) [PSYoungGen: 516288K->640K(518144K)] 602920K->87272K(1558528K), 0.0021441 secs] [Times: user=0.00 sys=0.00, real=0.00 secs] 
Heap after GC invocations=735 (full 0):
 PSYoungGen      total 518144K, used 640K [0x00000000e0400000, 0x0000000100000000, 0x0000000100000000)
  eden space 516096K, 0% used [0x00000000e0400000,0x00000000e0400000,0x00000000ffc00000)
  from space 2048K, 31% used [0x00000000ffc00000,0x00000000ffca0000,0x00000000ffe00000)
  to   space 2048K, 0% used [0x00000000ffe00000,0x00000000ffe00000,0x0000000100000000)
 ParOldGen       total 1040384K, used 86632K [0x00000000a0c00000, 0x00000000e0400000, 0x00000000e0400000)
  object space 1040384K, 8% used [0x00000000a0c00000,0x00000000a609a0a8,0x00000000e0400000)
 Metaspace       used 13041K, capacity 13234K, committed 13312K, reserved 1060864K
  class space    used 1469K, capacity 1501K, committed 1536K, reserved 1048576K
}
{Heap before GC invocations=736 (full 0):
 PSYoungGen      total 518144K, used 516736K [0x00000000e0400000, 0x0000000100000000, 0x0000000100000000)
  eden space 516096K, 100% used [0x00000000e0400000,0x00000000ffc00000,0x00000000ffc00000)
  from space 2048K, 31% used [0x00000000ffc00000,0x00000000ffca0000,0x00000000ffe00000)
  to   space 2048K, 0% used [0x00000000ffe00000,0x00000000ffe00000,0x0000000100000000)
 ParOldGen       total 1040384K, used 86632K [0x00000000a0c00000, 0x00000000e0400000, 0x00000000e0400000)
  object space 1040384K, 8% used [0x00000000a0c00000,0x00000000a609a0a8,0x00000000e0400000)
 Metaspace       used 13041K, capacity 13234K, committed 13312K, reserved 1060864K
  class space    used 1469K, capacity 1501K, committed 1536K, reserved 1048576K
5138.584: [GC (Allocation Failure) [PSYoungGen: 516736K->160K(518144K)] 603368K->86800K(1558528K), 0.0019335 secs] [Times: user=0.00 sys=0.00, real=0.00 secs] 
Heap after GC invocations=736 (full 0):
 PSYoungGen      total 518144K, used 160K [0x00000000e0400000, 0x0000000100000000, 0x0000000100000000)
  eden space 516096K, 0% used [0x00000000e0400000,0x00000000e0400000,0x00000000ffc00000)
  from space 2048K, 7% used [0x00000000ffe00000,0x00000000ffe28000,0x0000000100000000)
  to   space 2048K, 0% used [0x00000000ffc00000,0x00000000ffc00000,0x00000000ffe00000)
 ParOldGen       total 1040384K, used 86640K [0x00000000a0c00000, 0x00000000e0400000, 0x00000000e0400000)
  object space 1040384K, 8% used [0x00000000a0c00000,0x00000000a609c0a8,0x00000000e0400000)
 Metaspace       used 13041K, capacity 13234K, committed 13312K, reserved 1060864K
  class space    used 1469K, capacity 1501K, committed 1536K, reserved 1048576K
}
{Heap before GC invocations=737 (full 0):
 PSYoungGen      total 518144K, used 516256K [0x00000000e0400000, 0x0000000100000000, 0x0000000100000000)
  eden space 516096K, 100% used [0x00000000e0400000,0x00000000ffc00000,0x00000000ffc00000)
  from space 2048K, 7% used [0x00000000ffe00000,0x00000000ffe28000,0x0000000100000000)
  to   space 2048K, 0% used [0x00000000ffc00000,0x00000000ffc00000,0x00000000ffe00000)
 ParOldGen       total 1040384K, used 86640K [0x00000000a0c00000, 0x00000000e0400000, 0x00000000e0400000)
  object space 1040384K, 8% used [0x00000000a0c00000,0x00000000a609c0a8,0x00000000e0400000)
 Metaspace       used 13041K, capacity 13234K, committed 13312K, reserved 1060864K
  class space    used 1469K, capacity 1501K, committed 1536K, reserved 1048576K
5145.576: [GC (Allocation Failure) [PSYoungGen: 516256K->128K(518144K)] 602896K->86768K(1558528K), 0.0019796 secs] [Times: user=0.00 sys=0.00, real=0.00 secs] 
Heap after GC invocations=737 (full 0):
 PSYoungGen      total 518144K, used 128K [0x00000000e0400000, 0x0000000100000000, 0x0000000100000000)
  eden space 516096K, 0% used [0x00000000e0400000,0x00000000e0400000,0x00000000ffc00000)
  from space 2048K, 6% used [0x00000000ffc00000,0x00000000ffc20000,0x00000000ffe00000)
  to   space 2048K, 0% used [0x00000000ffe00000,0x00000000ffe00000,0x0000000100000000)
 ParOldGen       total 1040384K, used 86640K [0x00000000a0c00000, 0x00000000e0400000, 0x00000000e0400000)
  object space 1040384K, 8% used [0x00000000a0c00000,0x00000000a609c0a8,0x00000000e0400000)
 Metaspace       used 13041K, capacity 13234K, committed 13312K, reserved 1060864K
  class space    used 1469K, capacity 1501K, committed 1536K, reserved 1048576K
}
{Heap before GC invocations=738 (full 0):
 PSYoungGen      total 518144K, used 516224K [0x00000000e0400000, 0x0000000100000000, 0x0000000100000000)
  eden space 516096K, 100% used [0x00000000e0400000,0x00000000ffc00000,0x00000000ffc00000)
  from space 2048K, 6% used [0x00000000ffc00000,0x00000000ffc20000,0x00000000ffe00000)
  to   space 2048K, 0% used [0x00000000ffe00000,0x00000000ffe00000,0x0000000100000000)
 ParOldGen       total 1040384K, used 86640K [0x00000000a0c00000, 0x00000000e0400000, 0x00000000e0400000)
  object space 1040384K, 8% used [0x00000000a0c00000,0x00000000a609c0a8,0x00000000e0400000)
 Metaspace       used 13041K, capacity 13234K, committed 13312K, reserved 1060864K
  class space    used 1469K, capacity 1501K, committed 1536K, reserved 1048576K
5152.586: [GC (Allocation Failure) [PSYoungGen: 516224K->224K(518144K)] 602864K->86864K(1558528K), 0.0013404 secs] [Times: user=0.00 sys=0.00, real=0.00 secs] 
Heap after GC invocations=738 (full 0):
 PSYoungGen      total 518144K, used 224K [0x00000000e0400000, 0x0000000100000000, 0x0000000100000000)
  eden space 516096K, 0% used [0x00000000e0400000,0x00000000e0400000,0x00000000ffc00000)
  from space 2048K, 10% used [0x00000000ffe00000,0x00000000ffe38000,0x0000000100000000)
  to   space 2048K, 0% used [0x00000000ffc00000,0x00000000ffc00000,0x00000000ffe00000)
 ParOldGen       total 1040384K, used 86640K [0x00000000a0c00000, 0x00000000e0400000, 0x00000000e0400000)
  object space 1040384K, 8% used [0x00000000a0c00000,0x00000000a609c0a8,0x00000000e0400000)
 Metaspace       used 13041K, capacity 13234K, committed 13312K, reserved 1060864K
  class space    used 1469K, capacity 1501K, committed 1536K, reserved 1048576K
}
{Heap before GC invocations=739 (full 0):
 PSYoungGen      total 518144K, used 516320K [0x00000000e0400000, 0x0000000100000000, 0x0000000100000000)
  eden space 516096K, 100% used [0x00000000e0400000,0x00000000ffc00000,0x00000000ffc00000)
  from space 2048K, 10% used [0x00000000ffe00000,0x00000000ffe38000,0x0000000100000000)
  to   space 2048K, 0% used [0x00000000ffc00000,0x00000000ffc00000,0x00000000ffe00000)
 ParOldGen       total 1040384K, used 86640K [0x00000000a0c00000, 0x00000000e0400000, 0x00000000e0400000)
  object space 1040384K, 8% used [0x00000000a0c00000,0x00000000a609c0a8,0x00000000e0400000)
 Metaspace       used 13041K, capacity 13234K, committed 13312K, reserved 1060864K
  class space    used 1469K, capacity 1501K, committed 1536K, reserved 1048576K
5159.557: [GC (Allocation Failure) [PSYoungGen: 516320K->192K(518144K)] 602960K->86832K(1558528K), 0.0013551 secs] [Times: user=0.00 sys=0.00, real=0.00 secs] 
Heap after GC invocations=739 (full 0):
 PSYoungGen      total 518144K, used 192K [0x00000000e0400000, 0x0000000100000000, 0x0000000100000000)
  eden space 516096K, 0% used [0x00000000e0400000,0x00000000e0400000,0x00000000ffc00000)
  from space 2048K, 9% used [0x00000000ffc00000,0x00000000ffc30000,0x00000000ffe00000)
  to   space 1536K, 0% used [0x00000000ffe80000,0x00000000ffe80000,0x0000000100000000)
 ParOldGen       total 1040384K, used 86640K [0x00000000a0c00000, 0x00000000e0400000, 0x00000000e0400000)
  object space 1040384K, 8% used [0x00000000a0c00000,0x00000000a609c0a8,0x00000000e0400000)
 Metaspace       used 13041K, capacity 13234K, committed 13312K, reserved 1060864K
  class space    used 1469K, capacity 1501K, committed 1536K, reserved 1048576K
}
{Heap before GC invocations=740 (full 0):
 PSYoungGen      total 518144K, used 516288K [0x00000000e0400000, 0x0000000100000000, 0x0000000100000000)
  eden space 516096K, 100% used [0x00000000e0400000,0x00000000ffc00000,0x00000000ffc00000)
  from space 2048K, 9% used [0x00000000ffc00000,0x00000000ffc30000,0x00000000ffe00000)
  to   space 1536K, 0% used [0x00000000ffe80000,0x00000000ffe80000,0x0000000100000000)
 ParOldGen       total 1040384K, used 86640K [0x00000000a0c00000, 0x00000000e0400000, 0x00000000e0400000)
  object space 1040384K, 8% used [0x00000000a0c00000,0x00000000a609c0c8,0x00000000e0400000)
 Metaspace       used 13041K, capacity 13234K, committed 13312K, reserved 1060864K
  class space    used 1469K, capacity 1501K, committed 1536K, reserved 1048576K
5166.612: [GC (GCLocker Initiated GC) [PSYoungGen: 516288K->1312K(517632K)] 602928K->87952K(1558016K), 0.0025049 secs] [Times: user=0.00 sys=0.00, real=0.00 secs] 
Heap after GC invocations=740 (full 0):
 PSYoungGen      total 517632K, used 1312K [0x00000000e0400000, 0x0000000100000000, 0x0000000100000000)
  eden space 516096K, 0% used [0x00000000e0400000,0x00000000e0400000,0x00000000ffc00000)
  from space 1536K, 85% used [0x00000000ffe80000,0x00000000fffc8000,0x0000000100000000)
  to   space 2048K, 0% used [0x00000000ffc00000,0x00000000ffc00000,0x00000000ffe00000)
 ParOldGen       total 1040384K, used 86640K [0x00000000a0c00000, 0x00000000e0400000, 0x00000000e0400000)
  object space 1040384K, 8% used [0x00000000a0c00000,0x00000000a609c0c8,0x00000000e0400000)
 Metaspace       used 13041K, capacity 13234K, committed 13312K, reserved 1060864K
  class space    used 1469K, capacity 1501K, committed 1536K, reserved 1048576K
}
{Heap before GC invocations=741 (full 0):
 PSYoungGen      total 517632K, used 517408K [0x00000000e0400000, 0x0000000100000000, 0x0000000100000000)
  eden space 516096K, 100% used [0x00000000e0400000,0x00000000ffc00000,0x00000000ffc00000)
  from space 1536K, 85% used [0x00000000ffe80000,0x00000000fffc8000,0x0000000100000000)
  to   space 2048K, 0% used [0x00000000ffc00000,0x00000000ffc00000,0x00000000ffe00000)
 ParOldGen       total 1040384K, used 86643K [0x00000000a0c00000, 0x00000000e0400000, 0x00000000e0400000)
  object space 1040384K, 8% used [0x00000000a0c00000,0x00000000a609ce88,0x00000000e0400000)
 Metaspace       used 13041K, capacity 13234K, committed 13312K, reserved 1060864K
  class space    used 1469K, capacity 1501K, committed 1536K, reserved 1048576K
5173.548: [GC (Allocation Failure) [PSYoungGen: 517408K->128K(518144K)] 604051K->86795K(1558528K), 0.0016782 secs] [Times: user=0.00 sys=0.00, real=0.00 secs] 
Heap after GC invocations=741 (full 0):
 PSYoungGen      total 518144K, used 128K [0x00000000e0400000, 0x0000000100000000, 0x0000000100000000)
  eden space 516096K, 0% used [0x00000000e0400000,0x00000000e0400000,0x00000000ffc00000)
  from space 2048K, 6% used [0x00000000ffc00000,0x00000000ffc20000,0x00000000ffe00000)
  to   space 2048K, 0% used [0x00000000ffe00000,0x00000000ffe00000,0x0000000100000000)
 ParOldGen       total 1040384K, used 86667K [0x00000000a0c00000, 0x00000000e0400000, 0x00000000e0400000)
  object space 1040384K, 8% used [0x00000000a0c00000,0x00000000a60a2e88,0x00000000e0400000)
 Metaspace       used 13041K, capacity 13234K, committed 13312K, reserved 1060864K
  class space    used 1469K, capacity 1501K, committed 1536K, reserved 1048576K
}
{Heap before GC invocations=742 (full 0):
 PSYoungGen      total 518144K, used 516224K [0x00000000e0400000, 0x0000000100000000, 0x0000000100000000)
  eden space 516096K, 100% used [0x00000000e0400000,0x00000000ffc00000,0x00000000ffc00000)
  from space 2048K, 6% used [0x00000000ffc00000,0x00000000ffc20000,0x00000000ffe00000)
  to   space 2048K, 0% used [0x00000000ffe00000,0x00000000ffe00000,0x0000000100000000)
 ParOldGen       total 1040384K, used 86667K [0x00000000a0c00000, 0x00000000e0400000, 0x00000000e0400000)
  object space 1040384K, 8% used [0x00000000a0c00000,0x00000000a60a2e88,0x00000000e0400000)
 Metaspace       used 13041K, capacity 13234K, committed 13312K, reserved 1060864K
  class space    used 1469K, capacity 1501K, committed 1536K, reserved 1048576K
5180.576: [GC (Allocation Failure) [PSYoungGen: 516224K->96K(518144K)] 602891K->86763K(1558528K), 0.0017706 secs] [Times: user=0.00 sys=0.00, real=0.00 secs] 
Heap after GC invocations=742 (full 0):
 PSYoungGen      total 518144K, used 96K [0x00000000e0400000, 0x0000000100000000, 0x0000000100000000)
  eden space 516096K, 0% used [0x00000000e0400000,0x00000000e0400000,0x00000000ffc00000)
  from space 2048K, 4% used [0x00000000ffe00000,0x00000000ffe18000,0x0000000100000000)
  to   space 2048K, 0% used [0x00000000ffc00000,0x00000000ffc00000,0x00000000ffe00000)
 ParOldGen       total 1040384K, used 86667K [0x00000000a0c00000, 0x00000000e0400000, 0x00000000e0400000)
  object space 1040384K, 8% used [0x00000000a0c00000,0x00000000a60a2e88,0x00000000e0400000)
 Metaspace       used 13041K, capacity 13234K, committed 13312K, reserved 1060864K
  class space    used 1469K, capacity 1501K, committed 1536K, reserved 1048576K
}
{Heap before GC invocations=743 (full 0):
 PSYoungGen      total 518144K, used 516192K [0x00000000e0400000, 0x0000000100000000, 0x0000000100000000)
  eden space 516096K, 100% used [0x00000000e0400000,0x00000000ffc00000,0x00000000ffc00000)
  from space 2048K, 4% used [0x00000000ffe00000,0x00000000ffe18000,0x0000000100000000)
  to   space 2048K, 0% used [0x00000000ffc00000,0x00000000ffc00000,0x00000000ffe00000)
 ParOldGen       total 1040384K, used 86667K [0x00000000a0c00000, 0x00000000e0400000, 0x00000000e0400000)
  object space 1040384K, 8% used [0x00000000a0c00000,0x00000000a60a2e88,0x00000000e0400000)
 Metaspace       used 13041K, capacity 13234K, committed 13312K, reserved 1060864K
  class space    used 1469K, capacity 1501K, committed 1536K, reserved 1048576K
5187.572: [GC (Allocation Failure) [PSYoungGen: 516192K->96K(518144K)] 602859K->86763K(1558528K), 0.0018894 secs] [Times: user=0.00 sys=0.00, real=0.00 secs] 
Heap after GC invocations=743 (full 0):
 PSYoungGen      total 518144K, used 96K [0x00000000e0400000, 0x0000000100000000, 0x0000000100000000)
  eden space 516096K, 0% used [0x00000000e0400000,0x00000000e0400000,0x00000000ffc00000)
  from space 2048K, 4% used [0x00000000ffc00000,0x00000000ffc18000,0x00000000ffe00000)
  to   space 1536K, 0% used [0x00000000ffe80000,0x00000000ffe80000,0x0000000100000000)
 ParOldGen       total 1040384K, used 86667K [0x00000000a0c00000, 0x00000000e0400000, 0x00000000e0400000)
  object space 1040384K, 8% used [0x00000000a0c00000,0x00000000a60a2e88,0x00000000e0400000)
 Metaspace       used 13041K, capacity 13234K, committed 13312K, reserved 1060864K
  class space    used 1469K, capacity 1501K, committed 1536K, reserved 1048576K
}
{Heap before GC invocations=744 (full 0):
 PSYoungGen      total 518144K, used 516192K [0x00000000e0400000, 0x0000000100000000, 0x0000000100000000)
  eden space 516096K, 100% used [0x00000000e0400000,0x00000000ffc00000,0x00000000ffc00000)
  from space 2048K, 4% used [0x00000000ffc00000,0x00000000ffc18000,0x00000000ffe00000)
  to   space 1536K, 0% used [0x00000000ffe80000,0x00000000ffe80000,0x0000000100000000)
 ParOldGen       total 1040384K, used 86667K [0x00000000a0c00000, 0x00000000e0400000, 0x00000000e0400000)
  object space 1040384K, 8% used [0x00000000a0c00000,0x00000000a60a2e88,0x00000000e0400000)
 Metaspace       used 13041K, capacity 13234K, committed 13312K, reserved 1060864K
  class space    used 1469K, capacity 1501K, committed 1536K, reserved 1048576K
5194.503: [GC (Allocation Failure) [PSYoungGen: 516192K->480K(518656K)] 602859K->87147K(1559040K), 0.0018328 secs] [Times: user=0.02 sys=0.00, real=0.00 secs] 
Heap after GC invocations=744 (full 0):
 PSYoungGen      total 518656K, used 480K [0x00000000e0400000, 0x0000000100000000, 0x0000000100000000)
  eden space 517120K, 0% used [0x00000000e0400000,0x00000000e0400000,0x00000000ffd00000)
  from space 1536K, 31% used [0x00000000ffe80000,0x00000000ffef8000,0x0000000100000000)
  to   space 1536K, 0% used [0x00000000ffd00000,0x00000000ffd00000,0x00000000ffe80000)
 ParOldGen       total 1040384K, used 86667K [0x00000000a0c00000, 0x00000000e0400000, 0x00000000e0400000)
  object space 1040384K, 8% used [0x00000000a0c00000,0x00000000a60a2e88,0x00000000e0400000)
 Metaspace       used 13041K, capacity 13234K, committed 13312K, reserved 1060864K
  class space    used 1469K, capacity 1501K, committed 1536K, reserved 1048576K
}
{Heap before GC invocations=745 (full 0):
 PSYoungGen      total 518656K, used 517600K [0x00000000e0400000, 0x0000000100000000, 0x0000000100000000)
  eden space 517120K, 100% used [0x00000000e0400000,0x00000000ffd00000,0x00000000ffd00000)
  from space 1536K, 31% used [0x00000000ffe80000,0x00000000ffef8000,0x0000000100000000)
  to   space 1536K, 0% used [0x00000000ffd00000,0x00000000ffd00000,0x00000000ffe80000)
 ParOldGen       total 1040384K, used 86667K [0x00000000a0c00000, 0x00000000e0400000, 0x00000000e0400000)
  object space 1040384K, 8% used [0x00000000a0c00000,0x00000000a60a2e88,0x00000000e0400000)
 Metaspace       used 13041K, capacity 13234K, committed 13312K, reserved 1060864K
  class space    used 1469K, capacity 1501K, committed 1536K, reserved 1048576K
5201.383: [GC (Allocation Failure) [PSYoungGen: 517600K->1280K(518656K)] 604267K->87955K(1559040K), 0.0018701 secs] [Times: user=0.00 sys=0.00, real=0.00 secs] 
Heap after GC invocations=745 (full 0):
 PSYoungGen      total 518656K, used 1280K [0x00000000e0400000, 0x0000000100000000, 0x0000000100000000)
  eden space 517120K, 0% used [0x00000000e0400000,0x00000000e0400000,0x00000000ffd00000)
  from space 1536K, 83% used [0x00000000ffd00000,0x00000000ffe40000,0x00000000ffe80000)
  to   space 1536K, 0% used [0x00000000ffe80000,0x00000000ffe80000,0x0000000100000000)
 ParOldGen       total 1040384K, used 86675K [0x00000000a0c00000, 0x00000000e0400000, 0x00000000e0400000)
  object space 1040384K, 8% used [0x00000000a0c00000,0x00000000a60a4e88,0x00000000e0400000)
 Metaspace       used 13041K, capacity 13234K, committed 13312K, reserved 1060864K
  class space    used 1469K, capacity 1501K, committed 1536K, reserved 1048576K
}
{Heap before GC invocations=746 (full 0):
 PSYoungGen      total 518656K, used 518400K [0x00000000e0400000, 0x0000000100000000, 0x0000000100000000)
  eden space 517120K, 100% used [0x00000000e0400000,0x00000000ffd00000,0x00000000ffd00000)
  from space 1536K, 83% used [0x00000000ffd00000,0x00000000ffe40000,0x00000000ffe80000)
  to   space 1536K, 0% used [0x00000000ffe80000,0x00000000ffe80000,0x0000000100000000)
 ParOldGen       total 1040384K, used 86675K [0x00000000a0c00000, 0x00000000e0400000, 0x00000000e0400000)
  object space 1040384K, 8% used [0x00000000a0c00000,0x00000000a60a4e88,0x00000000e0400000)
 Metaspace       used 13041K, capacity 13234K, committed 13312K, reserved 1060864K
  class space    used 1469K, capacity 1501K, committed 1536K, reserved 1048576K
5208.317: [GC (Allocation Failure) [PSYoungGen: 518400K->192K(517632K)] 605075K->86867K(1558016K), 0.0017721 secs] [Times: user=0.08 sys=0.00, real=0.00 secs] 
Heap after GC invocations=746 (full 0):
 PSYoungGen      total 517632K, used 192K [0x00000000e0400000, 0x0000000100000000, 0x0000000100000000)
  eden space 516096K, 0% used [0x00000000e0400000,0x00000000e0400000,0x00000000ffc00000)
  from space 1536K, 12% used [0x00000000ffe80000,0x00000000ffeb0000,0x0000000100000000)
  to   space 2048K, 0% used [0x00000000ffc00000,0x00000000ffc00000,0x00000000ffe00000)
 ParOldGen       total 1040384K, used 86675K [0x00000000a0c00000, 0x00000000e0400000, 0x00000000e0400000)
  object space 1040384K, 8% used [0x00000000a0c00000,0x00000000a60a4e88,0x00000000e0400000)
 Metaspace       used 13041K, capacity 13234K, committed 13312K, reserved 1060864K
  class space    used 1469K, capacity 1501K, committed 1536K, reserved 1048576K
}
{Heap before GC invocations=747 (full 0):
 PSYoungGen      total 517632K, used 516288K [0x00000000e0400000, 0x0000000100000000, 0x0000000100000000)
  eden space 516096K, 100% used [0x00000000e0400000,0x00000000ffc00000,0x00000000ffc00000)
  from space 1536K, 12% used [0x00000000ffe80000,0x00000000ffeb0000,0x0000000100000000)
  to   space 2048K, 0% used [0x00000000ffc00000,0x00000000ffc00000,0x00000000ffe00000)
 ParOldGen       total 1040384K, used 86675K [0x00000000a0c00000, 0x00000000e0400000, 0x00000000e0400000)
  object space 1040384K, 8% used [0x00000000a0c00000,0x00000000a60a4e88,0x00000000e0400000)
 Metaspace       used 13041K, capacity 13234K, committed 13312K, reserved 1060864K
  class space    used 1469K, capacity 1501K, committed 1536K, reserved 1048576K
5215.280: [GC (Allocation Failure) [PSYoungGen: 516288K->192K(518144K)] 602963K->86867K(1558528K), 0.0013831 secs] [Times: user=0.00 sys=0.00, real=0.00 secs] 
Heap after GC invocations=747 (full 0):
 PSYoungGen      total 518144K, used 192K [0x00000000e0400000, 0x0000000100000000, 0x0000000100000000)
  eden space 516096K, 0% used [0x00000000e0400000,0x00000000e0400000,0x00000000ffc00000)
  from space 2048K, 9% used [0x00000000ffc00000,0x00000000ffc30000,0x00000000ffe00000)
  to   space 1536K, 0% used [0x00000000ffe80000,0x00000000ffe80000,0x0000000100000000)
 ParOldGen       total 1040384K, used 86675K [0x00000000a0c00000, 0x00000000e0400000, 0x00000000e0400000)
  object space 1040384K, 8% used [0x00000000a0c00000,0x00000000a60a4e88,0x00000000e0400000)
 Metaspace       used 13041K, capacity 13234K, committed 13312K, reserved 1060864K
  class space    used 1469K, capacity 1501K, committed 1536K, reserved 1048576K
}
{Heap before GC invocations=748 (full 0):
 PSYoungGen      total 518144K, used 516288K [0x00000000e0400000, 0x0000000100000000, 0x0000000100000000)
  eden space 516096K, 100% used [0x00000000e0400000,0x00000000ffc00000,0x00000000ffc00000)
  from space 2048K, 9% used [0x00000000ffc00000,0x00000000ffc30000,0x00000000ffe00000)
  to   space 1536K, 0% used [0x00000000ffe80000,0x00000000ffe80000,0x0000000100000000)
 ParOldGen       total 1040384K, used 86675K [0x00000000a0c00000, 0x00000000e0400000, 0x00000000e0400000)
  object space 1040384K, 8% used [0x00000000a0c00000,0x00000000a60a4e88,0x00000000e0400000)
 Metaspace       used 13041K, capacity 13234K, committed 13312K, reserved 1060864K
  class space    used 1469K, capacity 1501K, committed 1536K, reserved 1048576K
5222.282: [GC (Allocation Failure) [PSYoungGen: 516288K->96K(518656K)] 602963K->86771K(1559040K), 0.0021083 secs] [Times: user=0.00 sys=0.00, real=0.00 secs] 
Heap after GC invocations=748 (full 0):
 PSYoungGen      total 518656K, used 96K [0x00000000e0400000, 0x0000000100000000, 0x0000000100000000)
  eden space 517120K, 0% used [0x00000000e0400000,0x00000000e0400000,0x00000000ffd00000)
  from space 1536K, 6% used [0x00000000ffe80000,0x00000000ffe98000,0x0000000100000000)
  to   space 1536K, 0% used [0x00000000ffd00000,0x00000000ffd00000,0x00000000ffe80000)
 ParOldGen       total 1040384K, used 86675K [0x00000000a0c00000, 0x00000000e0400000, 0x00000000e0400000)
  object space 1040384K, 8% used [0x00000000a0c00000,0x00000000a60a4e88,0x00000000e0400000)
 Metaspace       used 13041K, capacity 13234K, committed 13312K, reserved 1060864K
  class space    used 1469K, capacity 1501K, committed 1536K, reserved 1048576K
}
{Heap before GC invocations=749 (full 0):
 PSYoungGen      total 518656K, used 517216K [0x00000000e0400000, 0x0000000100000000, 0x0000000100000000)
  eden space 517120K, 100% used [0x00000000e0400000,0x00000000ffd00000,0x00000000ffd00000)
  from space 1536K, 6% used [0x00000000ffe80000,0x00000000ffe98000,0x0000000100000000)
  to   space 1536K, 0% used [0x00000000ffd00000,0x00000000ffd00000,0x00000000ffe80000)
 ParOldGen       total 1040384K, used 86675K [0x00000000a0c00000, 0x00000000e0400000, 0x00000000e0400000)
  object space 1040384K, 8% used [0x00000000a0c00000,0x00000000a60a4e88,0x00000000e0400000)
 Metaspace       used 13041K, capacity 13234K, committed 13312K, reserved 1060864K
  class space    used 1469K, capacity 1501K, committed 1536K, reserved 1048576K
5229.317: [GC (Allocation Failure) [PSYoungGen: 517216K->1024K(518144K)] 603891K->87707K(1558528K), 0.0018866 secs] [Times: user=0.09 sys=0.00, real=0.00 secs] 
Heap after GC invocations=749 (full 0):
 PSYoungGen      total 518144K, used 1024K [0x00000000e0400000, 0x0000000100000000, 0x0000000100000000)
  eden space 517120K, 0% used [0x00000000e0400000,0x00000000e0400000,0x00000000ffd00000)
  from space 1024K, 100% used [0x00000000ffd00000,0x00000000ffe00000,0x00000000ffe00000)
  to   space 2048K, 0% used [0x00000000ffe00000,0x00000000ffe00000,0x0000000100000000)
 ParOldGen       total 1040384K, used 86683K [0x00000000a0c00000, 0x00000000e0400000, 0x00000000e0400000)
  object space 1040384K, 8% used [0x00000000a0c00000,0x00000000a60a6e88,0x00000000e0400000)
 Metaspace       used 13041K, capacity 13234K, committed 13312K, reserved 1060864K
  class space    used 1469K, capacity 1501K, committed 1536K, reserved 1048576K
}
{Heap before GC invocations=750 (full 0):
 PSYoungGen      total 518144K, used 518144K [0x00000000e0400000, 0x0000000100000000, 0x0000000100000000)
  eden space 517120K, 100% used [0x00000000e0400000,0x00000000ffd00000,0x00000000ffd00000)
  from space 1024K, 100% used [0x00000000ffd00000,0x00000000ffe00000,0x00000000ffe00000)
  to   space 2048K, 0% used [0x00000000ffe00000,0x00000000ffe00000,0x0000000100000000)
 ParOldGen       total 1040384K, used 86683K [0x00000000a0c00000, 0x00000000e0400000, 0x00000000e0400000)
  object space 1040384K, 8% used [0x00000000a0c00000,0x00000000a60a6e88,0x00000000e0400000)
 Metaspace       used 13041K, capacity 13234K, committed 13312K, reserved 1060864K
  class space    used 1469K, capacity 1501K, committed 1536K, reserved 1048576K
5236.430: [GC (Allocation Failure) [PSYoungGen: 518144K->160K(518656K)] 604827K->86843K(1559040K), 0.0017622 secs] [Times: user=0.00 sys=0.00, real=0.00 secs] 
Heap after GC invocations=750 (full 0):
 PSYoungGen      total 518656K, used 160K [0x00000000e0400000, 0x0000000100000000, 0x0000000100000000)
  eden space 516608K, 0% used [0x00000000e0400000,0x00000000e0400000,0x00000000ffc80000)
  from space 2048K, 7% used [0x00000000ffe00000,0x00000000ffe28000,0x0000000100000000)
  to   space 1536K, 0% used [0x00000000ffc80000,0x00000000ffc80000,0x00000000ffe00000)
 ParOldGen       total 1040384K, used 86683K [0x00000000a0c00000, 0x00000000e0400000, 0x00000000e0400000)
  object space 1040384K, 8% used [0x00000000a0c00000,0x00000000a60a6e88,0x00000000e0400000)
 Metaspace       used 13041K, capacity 13234K, committed 13312K, reserved 1060864K
  class space    used 1469K, capacity 1501K, committed 1536K, reserved 1048576K
}
{Heap before GC invocations=751 (full 0):
 PSYoungGen      total 518656K, used 516768K [0x00000000e0400000, 0x0000000100000000, 0x0000000100000000)
  eden space 516608K, 100% used [0x00000000e0400000,0x00000000ffc80000,0x00000000ffc80000)
  from space 2048K, 7% used [0x00000000ffe00000,0x00000000ffe28000,0x0000000100000000)
  to   space 1536K, 0% used [0x00000000ffc80000,0x00000000ffc80000,0x00000000ffe00000)
 ParOldGen       total 1040384K, used 86683K [0x00000000a0c00000, 0x00000000e0400000, 0x00000000e0400000)
  object space 1040384K, 8% used [0x00000000a0c00000,0x00000000a60a6e88,0x00000000e0400000)
 Metaspace       used 13041K, capacity 13234K, committed 13312K, reserved 1060864K
  class space    used 1469K, capacity 1501K, committed 1536K, reserved 1048576K
5243.429: [GC (Allocation Failure) [PSYoungGen: 516768K->256K(518144K)] 603451K->86939K(1558528K), 0.0012941 secs] [Times: user=0.00 sys=0.00, real=0.00 secs] 
Heap after GC invocations=751 (full 0):
 PSYoungGen      total 518144K, used 256K [0x00000000e0400000, 0x0000000100000000, 0x0000000100000000)
  eden space 516608K, 0% used [0x00000000e0400000,0x00000000e0400000,0x00000000ffc80000)
  from space 1536K, 16% used [0x00000000ffc80000,0x00000000ffcc0000,0x00000000ffe00000)
  to   space 1536K, 0% used [0x00000000ffe80000,0x00000000ffe80000,0x0000000100000000)
 ParOldGen       total 1040384K, used 86683K [0x00000000a0c00000, 0x00000000e0400000, 0x00000000e0400000)
  object space 1040384K, 8% used [0x00000000a0c00000,0x00000000a60a6e88,0x00000000e0400000)
 Metaspace       used 13041K, capacity 13234K, committed 13312K, reserved 1060864K
  class space    used 1469K, capacity 1501K, committed 1536K, reserved 1048576K
}
{Heap before GC invocations=752 (full 0):
 PSYoungGen      total 518144K, used 516864K [0x00000000e0400000, 0x0000000100000000, 0x0000000100000000)
  eden space 516608K, 100% used [0x00000000e0400000,0x00000000ffc80000,0x00000000ffc80000)
  from space 1536K, 16% used [0x00000000ffc80000,0x00000000ffcc0000,0x00000000ffe00000)
  to   space 1536K, 0% used [0x00000000ffe80000,0x00000000ffe80000,0x0000000100000000)
 ParOldGen       total 1040384K, used 86683K [0x00000000a0c00000, 0x00000000e0400000, 0x00000000e0400000)
  object space 1040384K, 8% used [0x00000000a0c00000,0x00000000a60a6e88,0x00000000e0400000)
 Metaspace       used 13041K, capacity 13234K, committed 13312K, reserved 1060864K
  class space    used 1469K, capacity 1501K, committed 1536K, reserved 1048576K
5250.408: [GC (Allocation Failure) [PSYoungGen: 516864K->224K(518656K)] 603547K->86907K(1559040K), 0.0015146 secs] [Times: user=0.00 sys=0.00, real=0.00 secs] 
Heap after GC invocations=752 (full 0):
 PSYoungGen      total 518656K, used 224K [0x00000000e0400000, 0x0000000100000000, 0x0000000100000000)
  eden space 517120K, 0% used [0x00000000e0400000,0x00000000e0400000,0x00000000ffd00000)
  from space 1536K, 14% used [0x00000000ffe80000,0x00000000ffeb8000,0x0000000100000000)
  to   space 1536K, 0% used [0x00000000ffd00000,0x00000000ffd00000,0x00000000ffe80000)
 ParOldGen       total 1040384K, used 86683K [0x00000000a0c00000, 0x00000000e0400000, 0x00000000e0400000)
  object space 1040384K, 8% used [0x00000000a0c00000,0x00000000a60a6e88,0x00000000e0400000)
 Metaspace       used 13041K, capacity 13234K, committed 13312K, reserved 1060864K
  class space    used 1469K, capacity 1501K, committed 1536K, reserved 1048576K
}
{Heap before GC invocations=753 (full 0):
 PSYoungGen      total 518656K, used 517344K [0x00000000e0400000, 0x0000000100000000, 0x0000000100000000)
  eden space 517120K, 100% used [0x00000000e0400000,0x00000000ffd00000,0x00000000ffd00000)
  from space 1536K, 14% used [0x00000000ffe80000,0x00000000ffeb8000,0x0000000100000000)
  to   space 1536K, 0% used [0x00000000ffd00000,0x00000000ffd00000,0x00000000ffe80000)
 ParOldGen       total 1040384K, used 86683K [0x00000000a0c00000, 0x00000000e0400000, 0x00000000e0400000)
  object space 1040384K, 8% used [0x00000000a0c00000,0x00000000a60a6e88,0x00000000e0400000)
 Metaspace       used 13041K, capacity 13234K, committed 13312K, reserved 1060864K
  class space    used 1469K, capacity 1501K, committed 1536K, reserved 1048576K
5257.485: [GC (Allocation Failure) [PSYoungGen: 517344K->96K(518656K)] 604027K->86779K(1559040K), 0.0017261 secs] [Times: user=0.00 sys=0.00, real=0.00 secs] 
Heap after GC invocations=753 (full 0):
 PSYoungGen      total 518656K, used 96K [0x00000000e0400000, 0x0000000100000000, 0x0000000100000000)
  eden space 517120K, 0% used [0x00000000e0400000,0x00000000e0400000,0x00000000ffd00000)
  from space 1536K, 6% used [0x00000000ffd00000,0x00000000ffd18000,0x00000000ffe80000)
  to   space 1536K, 0% used [0x00000000ffe80000,0x00000000ffe80000,0x0000000100000000)
 ParOldGen       total 1040384K, used 86683K [0x00000000a0c00000, 0x00000000e0400000, 0x00000000e0400000)
  object space 1040384K, 8% used [0x00000000a0c00000,0x00000000a60a6e88,0x00000000e0400000)
 Metaspace       used 13041K, capacity 13234K, committed 13312K, reserved 1060864K
  class space    used 1469K, capacity 1501K, committed 1536K, reserved 1048576K
}
{Heap before GC invocations=754 (full 0):
 PSYoungGen      total 518656K, used 517216K [0x00000000e0400000, 0x0000000100000000, 0x0000000100000000)
  eden space 517120K, 100% used [0x00000000e0400000,0x00000000ffd00000,0x00000000ffd00000)
  from space 1536K, 6% used [0x00000000ffd00000,0x00000000ffd18000,0x00000000ffe80000)
  to   space 1536K, 0% used [0x00000000ffe80000,0x00000000ffe80000,0x0000000100000000)
 ParOldGen       total 1040384K, used 86683K [0x00000000a0c00000, 0x00000000e0400000, 0x00000000e0400000)
  object space 1040384K, 8% used [0x00000000a0c00000,0x00000000a60a6e88,0x00000000e0400000)
 Metaspace       used 13041K, capacity 13234K, committed 13312K, reserved 1060864K
  class space    used 1469K, capacity 1501K, committed 1536K, reserved 1048576K
5264.510: [GC (Allocation Failure) [PSYoungGen: 517216K->1280K(517632K)] 603899K->87971K(1558016K), 0.0026725 secs] [Times: user=0.00 sys=0.00, real=0.00 secs] 
Heap after GC invocations=754 (full 0):
 PSYoungGen      total 517632K, used 1280K [0x00000000e0400000, 0x0000000100000000, 0x0000000100000000)
  eden space 516096K, 0% used [0x00000000e0400000,0x00000000e0400000,0x00000000ffc00000)
  from space 1536K, 83% used [0x00000000ffe80000,0x00000000fffc0000,0x0000000100000000)
  to   space 2048K, 0% used [0x00000000ffc00000,0x00000000ffc00000,0x00000000ffe00000)
 ParOldGen       total 1040384K, used 86691K [0x00000000a0c00000, 0x00000000e0400000, 0x00000000e0400000)
  object space 1040384K, 8% used [0x00000000a0c00000,0x00000000a60a8e88,0x00000000e0400000)
 Metaspace       used 13041K, capacity 13234K, committed 13312K, reserved 1060864K
  class space    used 1469K, capacity 1501K, committed 1536K, reserved 1048576K
}
{Heap before GC invocations=755 (full 0):
 PSYoungGen      total 517632K, used 517376K [0x00000000e0400000, 0x0000000100000000, 0x0000000100000000)
  eden space 516096K, 100% used [0x00000000e0400000,0x00000000ffc00000,0x00000000ffc00000)
  from space 1536K, 83% used [0x00000000ffe80000,0x00000000fffc0000,0x0000000100000000)
  to   space 2048K, 0% used [0x00000000ffc00000,0x00000000ffc00000,0x00000000ffe00000)
 ParOldGen       total 1040384K, used 86691K [0x00000000a0c00000, 0x00000000e0400000, 0x00000000e0400000)
  object space 1040384K, 8% used [0x00000000a0c00000,0x00000000a60a8e88,0x00000000e0400000)
 Metaspace       used 13041K, capacity 13234K, committed 13312K, reserved 1060864K
  class space    used 1469K, capacity 1501K, committed 1536K, reserved 1048576K
5271.520: [GC (Allocation Failure) [PSYoungGen: 517376K->192K(518144K)] 604067K->86915K(1558528K), 0.0018884 secs] [Times: user=0.11 sys=0.00, real=0.00 secs] 
Heap after GC invocations=755 (full 0):
 PSYoungGen      total 518144K, used 192K [0x00000000e0400000, 0x0000000100000000, 0x0000000100000000)
  eden space 516096K, 0% used [0x00000000e0400000,0x00000000e0400000,0x00000000ffc00000)
  from space 2048K, 9% used [0x00000000ffc00000,0x00000000ffc30000,0x00000000ffe00000)
  to   space 1536K, 0% used [0x00000000ffe80000,0x00000000ffe80000,0x0000000100000000)
 ParOldGen       total 1040384K, used 86723K [0x00000000a0c00000, 0x00000000e0400000, 0x00000000e0400000)
  object space 1040384K, 8% used [0x00000000a0c00000,0x00000000a60b0e88,0x00000000e0400000)
 Metaspace       used 13041K, capacity 13234K, committed 13312K, reserved 1060864K
  class space    used 1469K, capacity 1501K, committed 1536K, reserved 1048576K
}
{Heap before GC invocations=756 (full 0):
 PSYoungGen      total 518144K, used 516288K [0x00000000e0400000, 0x0000000100000000, 0x0000000100000000)
  eden space 516096K, 100% used [0x00000000e0400000,0x00000000ffc00000,0x00000000ffc00000)
  from space 2048K, 9% used [0x00000000ffc00000,0x00000000ffc30000,0x00000000ffe00000)
  to   space 1536K, 0% used [0x00000000ffe80000,0x00000000ffe80000,0x0000000100000000)
 ParOldGen       total 1040384K, used 86723K [0x00000000a0c00000, 0x00000000e0400000, 0x00000000e0400000)
  object space 1040384K, 8% used [0x00000000a0c00000,0x00000000a60b0e88,0x00000000e0400000)
 Metaspace       used 13041K, capacity 13234K, committed 13312K, reserved 1060864K
  class space    used 1469K, capacity 1501K, committed 1536K, reserved 1048576K
5278.583: [GC (Allocation Failure) [PSYoungGen: 516288K->192K(518656K)] 603011K->86915K(1559040K), 0.0018738 secs] [Times: user=0.11 sys=0.00, real=0.00 secs] 
Heap after GC invocations=756 (full 0):
 PSYoungGen      total 518656K, used 192K [0x00000000e0400000, 0x0000000100000000, 0x0000000100000000)
  eden space 517120K, 0% used [0x00000000e0400000,0x00000000e0400000,0x00000000ffd00000)
  from space 1536K, 12% used [0x00000000ffe80000,0x00000000ffeb0000,0x0000000100000000)
  to   space 1536K, 0% used [0x00000000ffd00000,0x00000000ffd00000,0x00000000ffe80000)
 ParOldGen       total 1040384K, used 86723K [0x00000000a0c00000, 0x00000000e0400000, 0x00000000e0400000)
  object space 1040384K, 8% used [0x00000000a0c00000,0x00000000a60b0e88,0x00000000e0400000)
 Metaspace       used 13041K, capacity 13234K, committed 13312K, reserved 1060864K
  class space    used 1469K, capacity 1501K, committed 1536K, reserved 1048576K
}
{Heap before GC invocations=757 (full 0):
 PSYoungGen      total 518656K, used 517312K [0x00000000e0400000, 0x0000000100000000, 0x0000000100000000)
  eden space 517120K, 100% used [0x00000000e0400000,0x00000000ffd00000,0x00000000ffd00000)
  from space 1536K, 12% used [0x00000000ffe80000,0x00000000ffeb0000,0x0000000100000000)
  to   space 1536K, 0% used [0x00000000ffd00000,0x00000000ffd00000,0x00000000ffe80000)
 ParOldGen       total 1040384K, used 86723K [0x00000000a0c00000, 0x00000000e0400000, 0x00000000e0400000)
  object space 1040384K, 8% used [0x00000000a0c00000,0x00000000a60b0e88,0x00000000e0400000)
 Metaspace       used 13041K, capacity 13234K, committed 13312K, reserved 1060864K
  class space    used 1469K, capacity 1501K, committed 1536K, reserved 1048576K
5285.646: [GC (Allocation Failure) [PSYoungGen: 517312K->128K(518656K)] 604035K->86851K(1559040K), 0.0017224 secs] [Times: user=0.00 sys=0.00, real=0.00 secs] 
Heap after GC invocations=757 (full 0):
 PSYoungGen      total 518656K, used 128K [0x00000000e0400000, 0x0000000100000000, 0x0000000100000000)
  eden space 517120K, 0% used [0x00000000e0400000,0x00000000e0400000,0x00000000ffd00000)
  from space 1536K, 8% used [0x00000000ffd00000,0x00000000ffd20000,0x00000000ffe80000)
  to   space 1536K, 0% used [0x00000000ffe80000,0x00000000ffe80000,0x0000000100000000)
 ParOldGen       total 1040384K, used 86723K [0x00000000a0c00000, 0x00000000e0400000, 0x00000000e0400000)
  object space 1040384K, 8% used [0x00000000a0c00000,0x00000000a60b0e88,0x00000000e0400000)
 Metaspace       used 13041K, capacity 13234K, committed 13312K, reserved 1060864K
  class space    used 1469K, capacity 1501K, committed 1536K, reserved 1048576K
}
{Heap before GC invocations=758 (full 0):
 PSYoungGen      total 518656K, used 517248K [0x00000000e0400000, 0x0000000100000000, 0x0000000100000000)
  eden space 517120K, 100% used [0x00000000e0400000,0x00000000ffd00000,0x00000000ffd00000)
  from space 1536K, 8% used [0x00000000ffd00000,0x00000000ffd20000,0x00000000ffe80000)
  to   space 1536K, 0% used [0x00000000ffe80000,0x00000000ffe80000,0x0000000100000000)
 ParOldGen       total 1040384K, used 86723K [0x00000000a0c00000, 0x00000000e0400000, 0x00000000e0400000)
  object space 1040384K, 8% used [0x00000000a0c00000,0x00000000a60b0e88,0x00000000e0400000)
 Metaspace       used 13041K, capacity 13234K, committed 13312K, reserved 1060864K
  class space    used 1469K, capacity 1501K, committed 1536K, reserved 1048576K
5292.656: [GC (Allocation Failure) [PSYoungGen: 517248K->160K(518656K)] 603971K->86891K(1559040K), 0.0017566 secs] [Times: user=0.00 sys=0.00, real=0.00 secs] 
Heap after GC invocations=758 (full 0):
 PSYoungGen      total 518656K, used 160K [0x00000000e0400000, 0x0000000100000000, 0x0000000100000000)
  eden space 517120K, 0% used [0x00000000e0400000,0x00000000e0400000,0x00000000ffd00000)
  from space 1536K, 10% used [0x00000000ffe80000,0x00000000ffea8000,0x0000000100000000)
  to   space 1536K, 0% used [0x00000000ffd00000,0x00000000ffd00000,0x00000000ffe80000)
 ParOldGen       total 1040384K, used 86731K [0x00000000a0c00000, 0x00000000e0400000, 0x00000000e0400000)
  object space 1040384K, 8% used [0x00000000a0c00000,0x00000000a60b2e88,0x00000000e0400000)
 Metaspace       used 13041K, capacity 13234K, committed 13312K, reserved 1060864K
  class space    used 1469K, capacity 1501K, committed 1536K, reserved 1048576K
}
{Heap before GC invocations=759 (full 0):
 PSYoungGen      total 518656K, used 517280K [0x00000000e0400000, 0x0000000100000000, 0x0000000100000000)
  eden space 517120K, 100% used [0x00000000e0400000,0x00000000ffd00000,0x00000000ffd00000)
  from space 1536K, 10% used [0x00000000ffe80000,0x00000000ffea8000,0x0000000100000000)
  to   space 1536K, 0% used [0x00000000ffd00000,0x00000000ffd00000,0x00000000ffe80000)
 ParOldGen       total 1040384K, used 86731K [0x00000000a0c00000, 0x00000000e0400000, 0x00000000e0400000)
  object space 1040384K, 8% used [0x00000000a0c00000,0x00000000a60b2eb8,0x00000000e0400000)
 Metaspace       used 13041K, capacity 13234K, committed 13312K, reserved 1060864K
  class space    used 1469K, capacity 1501K, committed 1536K, reserved 1048576K
5299.600: [GC (GCLocker Initiated GC) [PSYoungGen: 517280K->1536K(518656K)] 604011K->88371K(1559040K), 0.0027350 secs] [Times: user=0.00 sys=0.00, real=0.00 secs] 
Heap after GC invocations=759 (full 0):
 PSYoungGen      total 518656K, used 1536K [0x00000000e0400000, 0x0000000100000000, 0x0000000100000000)
  eden space 517120K, 0% used [0x00000000e0400000,0x00000000e0400000,0x00000000ffd00000)
  from space 1536K, 100% used [0x00000000ffd00000,0x00000000ffe80000,0x00000000ffe80000)
  to   space 1536K, 0% used [0x00000000ffe80000,0x00000000ffe80000,0x0000000100000000)
 ParOldGen       total 1040384K, used 86835K [0x00000000a0c00000, 0x00000000e0400000, 0x00000000e0400000)
  object space 1040384K, 8% used [0x00000000a0c00000,0x00000000a60cceb8,0x00000000e0400000)
 Metaspace       used 13041K, capacity 13234K, committed 13312K, reserved 1060864K
  class space    used 1469K, capacity 1501K, committed 1536K, reserved 1048576K
}
{Heap before GC invocations=760 (full 0):
 PSYoungGen      total 518656K, used 518656K [0x00000000e0400000, 0x0000000100000000, 0x0000000100000000)
  eden space 517120K, 100% used [0x00000000e0400000,0x00000000ffd00000,0x00000000ffd00000)
  from space 1536K, 100% used [0x00000000ffd00000,0x00000000ffe80000,0x00000000ffe80000)
  to   space 1536K, 0% used [0x00000000ffe80000,0x00000000ffe80000,0x0000000100000000)
 ParOldGen       total 1040384K, used 86839K [0x00000000a0c00000, 0x00000000e0400000, 0x00000000e0400000)
  object space 1040384K, 8% used [0x00000000a0c00000,0x00000000a60cdcc8,0x00000000e0400000)
 Metaspace       used 13041K, capacity 13234K, committed 13312K, reserved 1060864K
  class space    used 1469K, capacity 1501K, committed 1536K, reserved 1048576K
5306.679: [GC (Allocation Failure) [PSYoungGen: 518656K->160K(517632K)] 605495K->87039K(1558016K), 0.0017339 secs] [Times: user=0.00 sys=0.00, real=0.00 secs] 
Heap after GC invocations=760 (full 0):
 PSYoungGen      total 517632K, used 160K [0x00000000e0400000, 0x0000000100000000, 0x0000000100000000)
  eden space 516096K, 0% used [0x00000000e0400000,0x00000000e0400000,0x00000000ffc00000)
  from space 1536K, 10% used [0x00000000ffe80000,0x00000000ffea8000,0x0000000100000000)
  to   space 2048K, 0% used [0x00000000ffc00000,0x00000000ffc00000,0x00000000ffe00000)
 ParOldGen       total 1040384K, used 86879K [0x00000000a0c00000, 0x00000000e0400000, 0x00000000e0400000)
  object space 1040384K, 8% used [0x00000000a0c00000,0x00000000a60d7cc8,0x00000000e0400000)
 Metaspace       used 13041K, capacity 13234K, committed 13312K, reserved 1060864K
  class space    used 1469K, capacity 1501K, committed 1536K, reserved 1048576K
}
{Heap before GC invocations=761 (full 0):
 PSYoungGen      total 517632K, used 516256K [0x00000000e0400000, 0x0000000100000000, 0x0000000100000000)
  eden space 516096K, 100% used [0x00000000e0400000,0x00000000ffc00000,0x00000000ffc00000)
  from space 1536K, 10% used [0x00000000ffe80000,0x00000000ffea8000,0x0000000100000000)
  to   space 2048K, 0% used [0x00000000ffc00000,0x00000000ffc00000,0x00000000ffe00000)
 ParOldGen       total 1040384K, used 86879K [0x00000000a0c00000, 0x00000000e0400000, 0x00000000e0400000)
  object space 1040384K, 8% used [0x00000000a0c00000,0x00000000a60d7cc8,0x00000000e0400000)
 Metaspace       used 13041K, capacity 13234K, committed 13312K, reserved 1060864K
  class space    used 1469K, capacity 1501K, committed 1536K, reserved 1048576K
5313.758: [GC (Allocation Failure) [PSYoungGen: 516256K->192K(518144K)] 603135K->87079K(1558528K), 0.0017217 secs] [Times: user=0.00 sys=0.00, real=0.00 secs] 
Heap after GC invocations=761 (full 0):
 PSYoungGen      total 518144K, used 192K [0x00000000e0400000, 0x0000000100000000, 0x0000000100000000)
  eden space 516096K, 0% used [0x00000000e0400000,0x00000000e0400000,0x00000000ffc00000)
  from space 2048K, 9% used [0x00000000ffc00000,0x00000000ffc30000,0x00000000ffe00000)
  to   space 2048K, 0% used [0x00000000ffe00000,0x00000000ffe00000,0x0000000100000000)
 ParOldGen       total 1040384K, used 86887K [0x00000000a0c00000, 0x00000000e0400000, 0x00000000e0400000)
  object space 1040384K, 8% used [0x00000000a0c00000,0x00000000a60d9cc8,0x00000000e0400000)
 Metaspace       used 13041K, capacity 13234K, committed 13312K, reserved 1060864K
  class space    used 1469K, capacity 1501K, committed 1536K, reserved 1048576K
}
{Heap before GC invocations=762 (full 0):
 PSYoungGen      total 518144K, used 516288K [0x00000000e0400000, 0x0000000100000000, 0x0000000100000000)
  eden space 516096K, 100% used [0x00000000e0400000,0x00000000ffc00000,0x00000000ffc00000)
  from space 2048K, 9% used [0x00000000ffc00000,0x00000000ffc30000,0x00000000ffe00000)
  to   space 2048K, 0% used [0x00000000ffe00000,0x00000000ffe00000,0x0000000100000000)
 ParOldGen       total 1040384K, used 86887K [0x00000000a0c00000, 0x00000000e0400000, 0x00000000e0400000)
  object space 1040384K, 8% used [0x00000000a0c00000,0x00000000a60d9cc8,0x00000000e0400000)
 Metaspace       used 13041K, capacity 13234K, committed 13312K, reserved 1060864K
  class space    used 1469K, capacity 1501K, committed 1536K, reserved 1048576K
5320.746: [GC (Allocation Failure) [PSYoungGen: 516288K->128K(518656K)] 603175K->87039K(1559040K), 0.0017109 secs] [Times: user=0.00 sys=0.00, real=0.00 secs] 
Heap after GC invocations=762 (full 0):
 PSYoungGen      total 518656K, used 128K [0x00000000e0400000, 0x0000000100000000, 0x0000000100000000)
  eden space 516608K, 0% used [0x00000000e0400000,0x00000000e0400000,0x00000000ffc80000)
  from space 2048K, 6% used [0x00000000ffe00000,0x00000000ffe20000,0x0000000100000000)
  to   space 1536K, 0% used [0x00000000ffc80000,0x00000000ffc80000,0x00000000ffe00000)
 ParOldGen       total 1040384K, used 86911K [0x00000000a0c00000, 0x00000000e0400000, 0x00000000e0400000)
  object space 1040384K, 8% used [0x00000000a0c00000,0x00000000a60dfcc8,0x00000000e0400000)
 Metaspace       used 13041K, capacity 13234K, committed 13312K, reserved 1060864K
  class space    used 1469K, capacity 1501K, committed 1536K, reserved 1048576K
}
{Heap before GC invocations=763 (full 0):
 PSYoungGen      total 518656K, used 516736K [0x00000000e0400000, 0x0000000100000000, 0x0000000100000000)
  eden space 516608K, 100% used [0x00000000e0400000,0x00000000ffc80000,0x00000000ffc80000)
  from space 2048K, 6% used [0x00000000ffe00000,0x00000000ffe20000,0x0000000100000000)
  to   space 1536K, 0% used [0x00000000ffc80000,0x00000000ffc80000,0x00000000ffe00000)
 ParOldGen       total 1040384K, used 86911K [0x00000000a0c00000, 0x00000000e0400000, 0x00000000e0400000)
  object space 1040384K, 8% used [0x00000000a0c00000,0x00000000a60dfcc8,0x00000000e0400000)
 Metaspace       used 13041K, capacity 13234K, committed 13312K, reserved 1060864K
  class space    used 1469K, capacity 1501K, committed 1536K, reserved 1048576K
5327.739: [GC (Allocation Failure) [PSYoungGen: 516736K->128K(518144K)] 603647K->87039K(1558528K), 0.0020607 secs] [Times: user=0.11 sys=0.00, real=0.00 secs] 
Heap after GC invocations=763 (full 0):
 PSYoungGen      total 518144K, used 128K [0x00000000e0400000, 0x0000000100000000, 0x0000000100000000)
  eden space 516608K, 0% used [0x00000000e0400000,0x00000000e0400000,0x00000000ffc80000)
  from space 1536K, 8% used [0x00000000ffc80000,0x00000000ffca0000,0x00000000ffe00000)
  to   space 1536K, 0% used [0x00000000ffe80000,0x00000000ffe80000,0x0000000100000000)
 ParOldGen       total 1040384K, used 86911K [0x00000000a0c00000, 0x00000000e0400000, 0x00000000e0400000)
  object space 1040384K, 8% used [0x00000000a0c00000,0x00000000a60dfcc8,0x00000000e0400000)
 Metaspace       used 13041K, capacity 13234K, committed 13312K, reserved 1060864K
  class space    used 1469K, capacity 1501K, committed 1536K, reserved 1048576K
}
{Heap before GC invocations=764 (full 0):
 PSYoungGen      total 518144K, used 516736K [0x00000000e0400000, 0x0000000100000000, 0x0000000100000000)
  eden space 516608K, 100% used [0x00000000e0400000,0x00000000ffc80000,0x00000000ffc80000)
  from space 1536K, 8% used [0x00000000ffc80000,0x00000000ffca0000,0x00000000ffe00000)
  to   space 1536K, 0% used [0x00000000ffe80000,0x00000000ffe80000,0x0000000100000000)
 ParOldGen       total 1040384K, used 86911K [0x00000000a0c00000, 0x00000000e0400000, 0x00000000e0400000)
  object space 1040384K, 8% used [0x00000000a0c00000,0x00000000a60dfcc8,0x00000000e0400000)
 Metaspace       used 13041K, capacity 13234K, committed 13312K, reserved 1060864K
  class space    used 1469K, capacity 1501K, committed 1536K, reserved 1048576K
5334.802: [GC (Allocation Failure) [PSYoungGen: 516736K->160K(518656K)] 603647K->87071K(1559040K), 0.0017429 secs] [Times: user=0.09 sys=0.00, real=0.00 secs] 
Heap after GC invocations=764 (full 0):
 PSYoungGen      total 518656K, used 160K [0x00000000e0400000, 0x0000000100000000, 0x0000000100000000)
  eden space 517120K, 0% used [0x00000000e0400000,0x00000000e0400000,0x00000000ffd00000)
  from space 1536K, 10% used [0x00000000ffe80000,0x00000000ffea8000,0x0000000100000000)
  to   space 1536K, 0% used [0x00000000ffd00000,0x00000000ffd00000,0x00000000ffe80000)
 ParOldGen       total 1040384K, used 86911K [0x00000000a0c00000, 0x00000000e0400000, 0x00000000e0400000)
  object space 1040384K, 8% used [0x00000000a0c00000,0x00000000a60dfcc8,0x00000000e0400000)
 Metaspace       used 13041K, capacity 13234K, committed 13312K, reserved 1060864K
  class space    used 1469K, capacity 1501K, committed 1536K, reserved 1048576K
}
{Heap before GC invocations=765 (full 0):
 PSYoungGen      total 518656K, used 517280K [0x00000000e0400000, 0x0000000100000000, 0x0000000100000000)
  eden space 517120K, 100% used [0x00000000e0400000,0x00000000ffd00000,0x00000000ffd00000)
  from space 1536K, 10% used [0x00000000ffe80000,0x00000000ffea8000,0x0000000100000000)
  to   space 1536K, 0% used [0x00000000ffd00000,0x00000000ffd00000,0x00000000ffe80000)
 ParOldGen       total 1040384K, used 86911K [0x00000000a0c00000, 0x00000000e0400000, 0x00000000e0400000)
  object space 1040384K, 8% used [0x00000000a0c00000,0x00000000a60dfcc8,0x00000000e0400000)
 Metaspace       used 13041K, capacity 13234K, committed 13312K, reserved 1060864K
  class space    used 1469K, capacity 1501K, committed 1536K, reserved 1048576K
5341.787: [GC (Allocation Failure) [PSYoungGen: 517280K->160K(518656K)] 604191K->87071K(1559040K), 0.0016396 secs] [Times: user=0.00 sys=0.01, real=0.00 secs] 
Heap after GC invocations=765 (full 0):
 PSYoungGen      total 518656K, used 160K [0x00000000e0400000, 0x0000000100000000, 0x0000000100000000)
  eden space 517120K, 0% used [0x00000000e0400000,0x00000000e0400000,0x00000000ffd00000)
  from space 1536K, 10% used [0x00000000ffd00000,0x00000000ffd28000,0x00000000ffe80000)
  to   space 1536K, 0% used [0x00000000ffe80000,0x00000000ffe80000,0x0000000100000000)
 ParOldGen       total 1040384K, used 86911K [0x00000000a0c00000, 0x00000000e0400000, 0x00000000e0400000)
  object space 1040384K, 8% used [0x00000000a0c00000,0x00000000a60dfcc8,0x00000000e0400000)
 Metaspace       used 13041K, capacity 13234K, committed 13312K, reserved 1060864K
  class space    used 1469K, capacity 1501K, committed 1536K, reserved 1048576K
}
{Heap before GC invocations=766 (full 0):
 PSYoungGen      total 518656K, used 517280K [0x00000000e0400000, 0x0000000100000000, 0x0000000100000000)
  eden space 517120K, 100% used [0x00000000e0400000,0x00000000ffd00000,0x00000000ffd00000)
  from space 1536K, 10% used [0x00000000ffd00000,0x00000000ffd28000,0x00000000ffe80000)
  to   space 1536K, 0% used [0x00000000ffe80000,0x00000000ffe80000,0x0000000100000000)
 ParOldGen       total 1040384K, used 86911K [0x00000000a0c00000, 0x00000000e0400000, 0x00000000e0400000)
  object space 1040384K, 8% used [0x00000000a0c00000,0x00000000a60dfcc8,0x00000000e0400000)
 Metaspace       used 13041K, capacity 13234K, committed 13312K, reserved 1060864K
  class space    used 1469K, capacity 1501K, committed 1536K, reserved 1048576K
5348.746: [GC (Allocation Failure) [PSYoungGen: 517280K->160K(518656K)] 604191K->87079K(1559040K), 0.0017740 secs] [Times: user=0.00 sys=0.00, real=0.00 secs] 
Heap after GC invocations=766 (full 0):
 PSYoungGen      total 518656K, used 160K [0x00000000e0400000, 0x0000000100000000, 0x0000000100000000)
  eden space 517120K, 0% used [0x00000000e0400000,0x00000000e0400000,0x00000000ffd00000)
  from space 1536K, 10% used [0x00000000ffe80000,0x00000000ffea8000,0x0000000100000000)
  to   space 1536K, 0% used [0x00000000ffd00000,0x00000000ffd00000,0x00000000ffe80000)
 ParOldGen       total 1040384K, used 86919K [0x00000000a0c00000, 0x00000000e0400000, 0x00000000e0400000)
  object space 1040384K, 8% used [0x00000000a0c00000,0x00000000a60e1cc8,0x00000000e0400000)
 Metaspace       used 13041K, capacity 13234K, committed 13312K, reserved 1060864K
  class space    used 1469K, capacity 1501K, committed 1536K, reserved 1048576K
}
{Heap before GC invocations=767 (full 0):
 PSYoungGen      total 518656K, used 517280K [0x00000000e0400000, 0x0000000100000000, 0x0000000100000000)
  eden space 517120K, 100% used [0x00000000e0400000,0x00000000ffd00000,0x00000000ffd00000)
  from space 1536K, 10% used [0x00000000ffe80000,0x00000000ffea8000,0x0000000100000000)
  to   space 1536K, 0% used [0x00000000ffd00000,0x00000000ffd00000,0x00000000ffe80000)
 ParOldGen       total 1040384K, used 86919K [0x00000000a0c00000, 0x00000000e0400000, 0x00000000e0400000)
  object space 1040384K, 8% used [0x00000000a0c00000,0x00000000a60e1cc8,0x00000000e0400000)
 Metaspace       used 13041K, capacity 13234K, committed 13312K, reserved 1060864K
  class space    used 1469K, capacity 1501K, committed 1536K, reserved 1048576K
5355.609: [GC (Allocation Failure) [PSYoungGen: 517280K->224K(518656K)] 604199K->87143K(1559040K), 0.0013756 secs] [Times: user=0.00 sys=0.00, real=0.00 secs] 
Heap after GC invocations=767 (full 0):
 PSYoungGen      total 518656K, used 224K [0x00000000e0400000, 0x0000000100000000, 0x0000000100000000)
  eden space 517120K, 0% used [0x00000000e0400000,0x00000000e0400000,0x00000000ffd00000)
  from space 1536K, 14% used [0x00000000ffd00000,0x00000000ffd38000,0x00000000ffe80000)
  to   space 1536K, 0% used [0x00000000ffe80000,0x00000000ffe80000,0x0000000100000000)
 ParOldGen       total 1040384K, used 86919K [0x00000000a0c00000, 0x00000000e0400000, 0x00000000e0400000)
  object space 1040384K, 8% used [0x00000000a0c00000,0x00000000a60e1cc8,0x00000000e0400000)
 Metaspace       used 13041K, capacity 13234K, committed 13312K, reserved 1060864K
  class space    used 1469K, capacity 1501K, committed 1536K, reserved 1048576K
}
{Heap before GC invocations=768 (full 0):
 PSYoungGen      total 518656K, used 517344K [0x00000000e0400000, 0x0000000100000000, 0x0000000100000000)
  eden space 517120K, 100% used [0x00000000e0400000,0x00000000ffd00000,0x00000000ffd00000)
  from space 1536K, 14% used [0x00000000ffd00000,0x00000000ffd38000,0x00000000ffe80000)
  to   space 1536K, 0% used [0x00000000ffe80000,0x00000000ffe80000,0x0000000100000000)
 ParOldGen       total 1040384K, used 86919K [0x00000000a0c00000, 0x00000000e0400000, 0x00000000e0400000)
  object space 1040384K, 8% used [0x00000000a0c00000,0x00000000a60e1ce8,0x00000000e0400000)
 Metaspace       used 13041K, capacity 13234K, committed 13312K, reserved 1060864K
  class space    used 1469K, capacity 1501K, committed 1536K, reserved 1048576K
5362.584: [GC (GCLocker Initiated GC) [PSYoungGen: 517344K->1536K(517632K)] 604263K->88551K(1558016K), 0.0030728 secs] [Times: user=0.00 sys=0.00, real=0.00 secs] 
Heap after GC invocations=768 (full 0):
 PSYoungGen      total 517632K, used 1536K [0x00000000e0400000, 0x0000000100000000, 0x0000000100000000)
  eden space 516096K, 0% used [0x00000000e0400000,0x00000000e0400000,0x00000000ffc00000)
  from space 1536K, 100% used [0x00000000ffe80000,0x0000000100000000,0x0000000100000000)
  to   space 2048K, 0% used [0x00000000ffc00000,0x00000000ffc00000,0x00000000ffe00000)
 ParOldGen       total 1040384K, used 87015K [0x00000000a0c00000, 0x00000000e0400000, 0x00000000e0400000)
  object space 1040384K, 8% used [0x00000000a0c00000,0x00000000a60f9ce8,0x00000000e0400000)
 Metaspace       used 13041K, capacity 13234K, committed 13312K, reserved 1060864K
  class space    used 1469K, capacity 1501K, committed 1536K, reserved 1048576K
}
{Heap before GC invocations=769 (full 0):
 PSYoungGen      total 517632K, used 517632K [0x00000000e0400000, 0x0000000100000000, 0x0000000100000000)
  eden space 516096K, 100% used [0x00000000e0400000,0x00000000ffc00000,0x00000000ffc00000)
  from space 1536K, 100% used [0x00000000ffe80000,0x0000000100000000,0x0000000100000000)
  to   space 2048K, 0% used [0x00000000ffc00000,0x00000000ffc00000,0x00000000ffe00000)
 ParOldGen       total 1040384K, used 87018K [0x00000000a0c00000, 0x00000000e0400000, 0x00000000e0400000)
  object space 1040384K, 8% used [0x00000000a0c00000,0x00000000a60fa918,0x00000000e0400000)
 Metaspace       used 13041K, capacity 13234K, committed 13312K, reserved 1060864K
  class space    used 1469K, capacity 1501K, committed 1536K, reserved 1048576K
5369.564: [GC (Allocation Failure) [PSYoungGen: 517632K->224K(518144K)] 604650K->87274K(1558528K), 0.0012957 secs] [Times: user=0.00 sys=0.00, real=0.00 secs] 
Heap after GC invocations=769 (full 0):
 PSYoungGen      total 518144K, used 224K [0x00000000e0400000, 0x0000000100000000, 0x0000000100000000)
  eden space 516096K, 0% used [0x00000000e0400000,0x00000000e0400000,0x00000000ffc00000)
  from space 2048K, 10% used [0x00000000ffc00000,0x00000000ffc38000,0x00000000ffe00000)
  to   space 1536K, 0% used [0x00000000ffe80000,0x00000000ffe80000,0x0000000100000000)
 ParOldGen       total 1040384K, used 87050K [0x00000000a0c00000, 0x00000000e0400000, 0x00000000e0400000)
  object space 1040384K, 8% used [0x00000000a0c00000,0x00000000a6102918,0x00000000e0400000)
 Metaspace       used 13041K, capacity 13234K, committed 13312K, reserved 1060864K
  class space    used 1469K, capacity 1501K, committed 1536K, reserved 1048576K
}
{Heap before GC invocations=770 (full 0):
 PSYoungGen      total 518144K, used 516320K [0x00000000e0400000, 0x0000000100000000, 0x0000000100000000)
  eden space 516096K, 100% used [0x00000000e0400000,0x00000000ffc00000,0x00000000ffc00000)
  from space 2048K, 10% used [0x00000000ffc00000,0x00000000ffc38000,0x00000000ffe00000)
  to   space 1536K, 0% used [0x00000000ffe80000,0x00000000ffe80000,0x0000000100000000)
 ParOldGen       total 1040384K, used 87050K [0x00000000a0c00000, 0x00000000e0400000, 0x00000000e0400000)
  object space 1040384K, 8% used [0x00000000a0c00000,0x00000000a6102918,0x00000000e0400000)
 Metaspace       used 13041K, capacity 13234K, committed 13312K, reserved 1060864K
  class space    used 1469K, capacity 1501K, committed 1536K, reserved 1048576K
5376.495: [GC (Allocation Failure) [PSYoungGen: 516320K->256K(518656K)] 603370K->87306K(1559040K), 0.0016819 secs] [Times: user=0.00 sys=0.00, real=0.00 secs] 
Heap after GC invocations=770 (full 0):
 PSYoungGen      total 518656K, used 256K [0x00000000e0400000, 0x0000000100000000, 0x0000000100000000)
  eden space 517120K, 0% used [0x00000000e0400000,0x00000000e0400000,0x00000000ffd00000)
  from space 1536K, 16% used [0x00000000ffe80000,0x00000000ffec0000,0x0000000100000000)
  to   space 1536K, 0% used [0x00000000ffd00000,0x00000000ffd00000,0x00000000ffe80000)
 ParOldGen       total 1040384K, used 87050K [0x00000000a0c00000, 0x00000000e0400000, 0x00000000e0400000)
  object space 1040384K, 8% used [0x00000000a0c00000,0x00000000a6102918,0x00000000e0400000)
 Metaspace       used 13041K, capacity 13234K, committed 13312K, reserved 1060864K
  class space    used 1469K, capacity 1501K, committed 1536K, reserved 1048576K
}
{Heap before GC invocations=771 (full 0):
 PSYoungGen      total 518656K, used 517376K [0x00000000e0400000, 0x0000000100000000, 0x0000000100000000)
  eden space 517120K, 100% used [0x00000000e0400000,0x00000000ffd00000,0x00000000ffd00000)
  from space 1536K, 16% used [0x00000000ffe80000,0x00000000ffec0000,0x0000000100000000)
  to   space 1536K, 0% used [0x00000000ffd00000,0x00000000ffd00000,0x00000000ffe80000)
 ParOldGen       total 1040384K, used 87050K [0x00000000a0c00000, 0x00000000e0400000, 0x00000000e0400000)
  object space 1040384K, 8% used [0x00000000a0c00000,0x00000000a6102918,0x00000000e0400000)
 Metaspace       used 13041K, capacity 13234K, committed 13312K, reserved 1060864K
  class space    used 1469K, capacity 1501K, committed 1536K, reserved 1048576K
5383.551: [GC (Allocation Failure) [PSYoungGen: 517376K->128K(518656K)] 604426K->87210K(1559040K), 0.0021842 secs] [Times: user=0.06 sys=0.00, real=0.00 secs] 
Heap after GC invocations=771 (full 0):
 PSYoungGen      total 518656K, used 128K [0x00000000e0400000, 0x0000000100000000, 0x0000000100000000)
  eden space 517120K, 0% used [0x00000000e0400000,0x00000000e0400000,0x00000000ffd00000)
  from space 1536K, 8% used [0x00000000ffd00000,0x00000000ffd20000,0x00000000ffe80000)
  to   space 1536K, 0% used [0x00000000ffe80000,0x00000000ffe80000,0x0000000100000000)
 ParOldGen       total 1040384K, used 87082K [0x00000000a0c00000, 0x00000000e0400000, 0x00000000e0400000)
  object space 1040384K, 8% used [0x00000000a0c00000,0x00000000a610a918,0x00000000e0400000)
 Metaspace       used 13041K, capacity 13234K, committed 13312K, reserved 1060864K
  class space    used 1469K, capacity 1501K, committed 1536K, reserved 1048576K
}
{Heap before GC invocations=772 (full 0):
 PSYoungGen      total 518656K, used 517248K [0x00000000e0400000, 0x0000000100000000, 0x0000000100000000)
  eden space 517120K, 100% used [0x00000000e0400000,0x00000000ffd00000,0x00000000ffd00000)
  from space 1536K, 8% used [0x00000000ffd00000,0x00000000ffd20000,0x00000000ffe80000)
  to   space 1536K, 0% used [0x00000000ffe80000,0x00000000ffe80000,0x0000000100000000)
 ParOldGen       total 1040384K, used 87082K [0x00000000a0c00000, 0x00000000e0400000, 0x00000000e0400000)
  object space 1040384K, 8% used [0x00000000a0c00000,0x00000000a610a918,0x00000000e0400000)
 Metaspace       used 13041K, capacity 13234K, committed 13312K, reserved 1060864K
  class space    used 1469K, capacity 1501K, committed 1536K, reserved 1048576K
5390.545: [GC (Allocation Failure) [PSYoungGen: 517248K->256K(518656K)] 604330K->87338K(1559040K), 0.0014129 secs] [Times: user=0.00 sys=0.00, real=0.00 secs] 
Heap after GC invocations=772 (full 0):
 PSYoungGen      total 518656K, used 256K [0x00000000e0400000, 0x0000000100000000, 0x0000000100000000)
  eden space 517120K, 0% used [0x00000000e0400000,0x00000000e0400000,0x00000000ffd00000)
  from space 1536K, 16% used [0x00000000ffe80000,0x00000000ffec0000,0x0000000100000000)
  to   space 1536K, 0% used [0x00000000ffd00000,0x00000000ffd00000,0x00000000ffe80000)
 ParOldGen       total 1040384K, used 87082K [0x00000000a0c00000, 0x00000000e0400000, 0x00000000e0400000)
  object space 1040384K, 8% used [0x00000000a0c00000,0x00000000a610a918,0x00000000e0400000)
 Metaspace       used 13041K, capacity 13234K, committed 13312K, reserved 1060864K
  class space    used 1469K, capacity 1501K, committed 1536K, reserved 1048576K
}
{Heap before GC invocations=773 (full 0):
 PSYoungGen      total 518656K, used 517376K [0x00000000e0400000, 0x0000000100000000, 0x0000000100000000)
  eden space 517120K, 100% used [0x00000000e0400000,0x00000000ffd00000,0x00000000ffd00000)
  from space 1536K, 16% used [0x00000000ffe80000,0x00000000ffec0000,0x0000000100000000)
  to   space 1536K, 0% used [0x00000000ffd00000,0x00000000ffd00000,0x00000000ffe80000)
 ParOldGen       total 1040384K, used 87082K [0x00000000a0c00000, 0x00000000e0400000, 0x00000000e0400000)
  object space 1040384K, 8% used [0x00000000a0c00000,0x00000000a610a918,0x00000000e0400000)
 Metaspace       used 13041K, capacity 13234K, committed 13312K, reserved 1060864K
  class space    used 1469K, capacity 1501K, committed 1536K, reserved 1048576K
5397.650: [GC (Allocation Failure) [PSYoungGen: 517376K->1536K(518656K)] 604458K->88658K(1559040K), 0.0019709 secs] [Times: user=0.00 sys=0.00, real=0.00 secs] 
Heap after GC invocations=773 (full 0):
 PSYoungGen      total 518656K, used 1536K [0x00000000e0400000, 0x0000000100000000, 0x0000000100000000)
  eden space 517120K, 0% used [0x00000000e0400000,0x00000000e0400000,0x00000000ffd00000)
  from space 1536K, 100% used [0x00000000ffd00000,0x00000000ffe80000,0x00000000ffe80000)
  to   space 1536K, 0% used [0x00000000ffe80000,0x00000000ffe80000,0x0000000100000000)
 ParOldGen       total 1040384K, used 87122K [0x00000000a0c00000, 0x00000000e0400000, 0x00000000e0400000)
  object space 1040384K, 8% used [0x00000000a0c00000,0x00000000a6114918,0x00000000e0400000)
 Metaspace       used 13041K, capacity 13234K, committed 13312K, reserved 1060864K
  class space    used 1469K, capacity 1501K, committed 1536K, reserved 1048576K
}
{Heap before GC invocations=774 (full 0):
 PSYoungGen      total 518656K, used 518656K [0x00000000e0400000, 0x0000000100000000, 0x0000000100000000)
  eden space 517120K, 100% used [0x00000000e0400000,0x00000000ffd00000,0x00000000ffd00000)
  from space 1536K, 100% used [0x00000000ffd00000,0x00000000ffe80000,0x00000000ffe80000)
  to   space 1536K, 0% used [0x00000000ffe80000,0x00000000ffe80000,0x0000000100000000)
 ParOldGen       total 1040384K, used 87122K [0x00000000a0c00000, 0x00000000e0400000, 0x00000000e0400000)
  object space 1040384K, 8% used [0x00000000a0c00000,0x00000000a6114918,0x00000000e0400000)
 Metaspace       used 13041K, capacity 13234K, committed 13312K, reserved 1060864K
  class space    used 1469K, capacity 1501K, committed 1536K, reserved 1048576K
5404.639: [GC (Allocation Failure) [PSYoungGen: 518656K->224K(517632K)] 605778K->87386K(1558016K), 0.0013591 secs] [Times: user=0.00 sys=0.00, real=0.00 secs] 
Heap after GC invocations=774 (full 0):
 PSYoungGen      total 517632K, used 224K [0x00000000e0400000, 0x0000000100000000, 0x0000000100000000)
  eden space 516096K, 0% used [0x00000000e0400000,0x00000000e0400000,0x00000000ffc00000)
  from space 1536K, 14% used [0x00000000ffe80000,0x00000000ffeb8000,0x0000000100000000)
  to   space 2048K, 0% used [0x00000000ffc00000,0x00000000ffc00000,0x00000000ffe00000)
 ParOldGen       total 1040384K, used 87162K [0x00000000a0c00000, 0x00000000e0400000, 0x00000000e0400000)
  object space 1040384K, 8% used [0x00000000a0c00000,0x00000000a611e918,0x00000000e0400000)
 Metaspace       used 13041K, capacity 13234K, committed 13312K, reserved 1060864K
  class space    used 1469K, capacity 1501K, committed 1536K, reserved 1048576K
}
{Heap before GC invocations=775 (full 0):
 PSYoungGen      total 517632K, used 516320K [0x00000000e0400000, 0x0000000100000000, 0x0000000100000000)
  eden space 516096K, 100% used [0x00000000e0400000,0x00000000ffc00000,0x00000000ffc00000)
  from space 1536K, 14% used [0x00000000ffe80000,0x00000000ffeb8000,0x0000000100000000)
  to   space 2048K, 0% used [0x00000000ffc00000,0x00000000ffc00000,0x00000000ffe00000)
 ParOldGen       total 1040384K, used 87162K [0x00000000a0c00000, 0x00000000e0400000, 0x00000000e0400000)
  object space 1040384K, 8% used [0x00000000a0c00000,0x00000000a611e918,0x00000000e0400000)
 Metaspace       used 13041K, capacity 13234K, committed 13312K, reserved 1060864K
  class space    used 1469K, capacity 1501K, committed 1536K, reserved 1048576K
5411.654: [GC (Allocation Failure) [PSYoungGen: 516320K->224K(518144K)] 603482K->87402K(1558528K), 0.0017606 secs] [Times: user=0.00 sys=0.00, real=0.00 secs] 
Heap after GC invocations=775 (full 0):
 PSYoungGen      total 518144K, used 224K [0x00000000e0400000, 0x0000000100000000, 0x0000000100000000)
  eden space 516096K, 0% used [0x00000000e0400000,0x00000000e0400000,0x00000000ffc00000)
  from space 2048K, 10% used [0x00000000ffc00000,0x00000000ffc38000,0x00000000ffe00000)
  to   space 1536K, 0% used [0x00000000ffe80000,0x00000000ffe80000,0x0000000100000000)
 ParOldGen       total 1040384K, used 87178K [0x00000000a0c00000, 0x00000000e0400000, 0x00000000e0400000)
  object space 1040384K, 8% used [0x00000000a0c00000,0x00000000a6122918,0x00000000e0400000)
 Metaspace       used 13041K, capacity 13234K, committed 13312K, reserved 1060864K
  class space    used 1469K, capacity 1501K, committed 1536K, reserved 1048576K
}
{Heap before GC invocations=776 (full 0):
 PSYoungGen      total 518144K, used 516320K [0x00000000e0400000, 0x0000000100000000, 0x0000000100000000)
  eden space 516096K, 100% used [0x00000000e0400000,0x00000000ffc00000,0x00000000ffc00000)
  from space 2048K, 10% used [0x00000000ffc00000,0x00000000ffc38000,0x00000000ffe00000)
  to   space 1536K, 0% used [0x00000000ffe80000,0x00000000ffe80000,0x0000000100000000)
 ParOldGen       total 1040384K, used 87178K [0x00000000a0c00000, 0x00000000e0400000, 0x00000000e0400000)
  object space 1040384K, 8% used [0x00000000a0c00000,0x00000000a6122918,0x00000000e0400000)
 Metaspace       used 13041K, capacity 13234K, committed 13312K, reserved 1060864K
  class space    used 1469K, capacity 1501K, committed 1536K, reserved 1048576K
5418.524: [GC (Allocation Failure) [PSYoungGen: 516320K->160K(518656K)] 603498K->87338K(1559040K), 0.0017018 secs] [Times: user=0.00 sys=0.00, real=0.00 secs] 
Heap after GC invocations=776 (full 0):
 PSYoungGen      total 518656K, used 160K [0x00000000e0400000, 0x0000000100000000, 0x0000000100000000)
  eden space 517120K, 0% used [0x00000000e0400000,0x00000000e0400000,0x00000000ffd00000)
  from space 1536K, 10% used [0x00000000ffe80000,0x00000000ffea8000,0x0000000100000000)
  to   space 1536K, 0% used [0x00000000ffd00000,0x00000000ffd00000,0x00000000ffe80000)
 ParOldGen       total 1040384K, used 87178K [0x00000000a0c00000, 0x00000000e0400000, 0x00000000e0400000)
  object space 1040384K, 8% used [0x00000000a0c00000,0x00000000a6122918,0x00000000e0400000)
 Metaspace       used 13041K, capacity 13234K, committed 13312K, reserved 1060864K
  class space    used 1469K, capacity 1501K, committed 1536K, reserved 1048576K
}
{Heap before GC invocations=777 (full 0):
 PSYoungGen      total 518656K, used 517280K [0x00000000e0400000, 0x0000000100000000, 0x0000000100000000)
  eden space 517120K, 100% used [0x00000000e0400000,0x00000000ffd00000,0x00000000ffd00000)
  from space 1536K, 10% used [0x00000000ffe80000,0x00000000ffea8000,0x0000000100000000)
  to   space 1536K, 0% used [0x00000000ffd00000,0x00000000ffd00000,0x00000000ffe80000)
 ParOldGen       total 1040384K, used 87178K [0x00000000a0c00000, 0x00000000e0400000, 0x00000000e0400000)
  object space 1040384K, 8% used [0x00000000a0c00000,0x00000000a6122918,0x00000000e0400000)
 Metaspace       used 13041K, capacity 13234K, committed 13312K, reserved 1060864K
  class space    used 1469K, capacity 1501K, committed 1536K, reserved 1048576K
5425.634: [GC (Allocation Failure) [PSYoungGen: 517280K->288K(518656K)] 604458K->87466K(1559040K), 0.0018832 secs] [Times: user=0.00 sys=0.00, real=0.00 secs] 
Heap after GC invocations=777 (full 0):
 PSYoungGen      total 518656K, used 288K [0x00000000e0400000, 0x0000000100000000, 0x0000000100000000)
  eden space 517120K, 0% used [0x00000000e0400000,0x00000000e0400000,0x00000000ffd00000)
  from space 1536K, 18% used [0x00000000ffd00000,0x00000000ffd48000,0x00000000ffe80000)
  to   space 1536K, 0% used [0x00000000ffe80000,0x00000000ffe80000,0x0000000100000000)
 ParOldGen       total 1040384K, used 87178K [0x00000000a0c00000, 0x00000000e0400000, 0x00000000e0400000)
  object space 1040384K, 8% used [0x00000000a0c00000,0x00000000a6122918,0x00000000e0400000)
 Metaspace       used 13041K, capacity 13234K, committed 13312K, reserved 1060864K
  class space    used 1469K, capacity 1501K, committed 1536K, reserved 1048576K
}
{Heap before GC invocations=778 (full 0):
 PSYoungGen      total 518656K, used 517408K [0x00000000e0400000, 0x0000000100000000, 0x0000000100000000)
  eden space 517120K, 100% used [0x00000000e0400000,0x00000000ffd00000,0x00000000ffd00000)
  from space 1536K, 18% used [0x00000000ffd00000,0x00000000ffd48000,0x00000000ffe80000)
  to   space 1536K, 0% used [0x00000000ffe80000,0x00000000ffe80000,0x0000000100000000)
 ParOldGen       total 1040384K, used 87178K [0x00000000a0c00000, 0x00000000e0400000, 0x00000000e0400000)
  object space 1040384K, 8% used [0x00000000a0c00000,0x00000000a6122918,0x00000000e0400000)
 Metaspace       used 13041K, capacity 13234K, committed 13312K, reserved 1060864K
  class space    used 1469K, capacity 1501K, committed 1536K, reserved 1048576K
5432.702: [GC (Allocation Failure) [PSYoungGen: 517408K->1184K(517632K)] 604586K->88362K(1558016K), 0.0019811 secs] [Times: user=0.00 sys=0.00, real=0.00 secs] 
Heap after GC invocations=778 (full 0):
 PSYoungGen      total 517632K, used 1184K [0x00000000e0400000, 0x0000000100000000, 0x0000000100000000)
  eden space 516096K, 0% used [0x00000000e0400000,0x00000000e0400000,0x00000000ffc00000)
  from space 1536K, 77% used [0x00000000ffe80000,0x00000000fffa8000,0x0000000100000000)
  to   space 2048K, 0% used [0x00000000ffc00000,0x00000000ffc00000,0x00000000ffe00000)
 ParOldGen       total 1040384K, used 87178K [0x00000000a0c00000, 0x00000000e0400000, 0x00000000e0400000)
  object space 1040384K, 8% used [0x00000000a0c00000,0x00000000a6122918,0x00000000e0400000)
 Metaspace       used 13041K, capacity 13234K, committed 13312K, reserved 1060864K
  class space    used 1469K, capacity 1501K, committed 1536K, reserved 1048576K
}
{Heap before GC invocations=779 (full 0):
 PSYoungGen      total 517632K, used 517280K [0x00000000e0400000, 0x0000000100000000, 0x0000000100000000)
  eden space 516096K, 100% used [0x00000000e0400000,0x00000000ffc00000,0x00000000ffc00000)
  from space 1536K, 77% used [0x00000000ffe80000,0x00000000fffa8000,0x0000000100000000)
  to   space 2048K, 0% used [0x00000000ffc00000,0x00000000ffc00000,0x00000000ffe00000)
 ParOldGen       total 1040384K, used 87178K [0x00000000a0c00000, 0x00000000e0400000, 0x00000000e0400000)
  object space 1040384K, 8% used [0x00000000a0c00000,0x00000000a6122918,0x00000000e0400000)
 Metaspace       used 13041K, capacity 13234K, committed 13312K, reserved 1060864K
  class space    used 1469K, capacity 1501K, committed 1536K, reserved 1048576K
5439.733: [GC (Allocation Failure) [PSYoungGen: 517280K->160K(518144K)] 604458K->87346K(1558528K), 0.0017109 secs] [Times: user=0.00 sys=0.00, real=0.00 secs] 
Heap after GC invocations=779 (full 0):
 PSYoungGen      total 518144K, used 160K [0x00000000e0400000, 0x0000000100000000, 0x0000000100000000)
  eden space 516096K, 0% used [0x00000000e0400000,0x00000000e0400000,0x00000000ffc00000)
  from space 2048K, 7% used [0x00000000ffc00000,0x00000000ffc28000,0x00000000ffe00000)
  to   space 1536K, 0% used [0x00000000ffe80000,0x00000000ffe80000,0x0000000100000000)
 ParOldGen       total 1040384K, used 87186K [0x00000000a0c00000, 0x00000000e0400000, 0x00000000e0400000)
  object space 1040384K, 8% used [0x00000000a0c00000,0x00000000a6124918,0x00000000e0400000)
 Metaspace       used 13041K, capacity 13234K, committed 13312K, reserved 1060864K
  class space    used 1469K, capacity 1501K, committed 1536K, reserved 1048576K
}
{Heap before GC invocations=780 (full 0):
 PSYoungGen      total 518144K, used 516256K [0x00000000e0400000, 0x0000000100000000, 0x0000000100000000)
  eden space 516096K, 100% used [0x00000000e0400000,0x00000000ffc00000,0x00000000ffc00000)
  from space 2048K, 7% used [0x00000000ffc00000,0x00000000ffc28000,0x00000000ffe00000)
  to   space 1536K, 0% used [0x00000000ffe80000,0x00000000ffe80000,0x0000000100000000)
 ParOldGen       total 1040384K, used 87186K [0x00000000a0c00000, 0x00000000e0400000, 0x00000000e0400000)
  object space 1040384K, 8% used [0x00000000a0c00000,0x00000000a6124918,0x00000000e0400000)
 Metaspace       used 13041K, capacity 13234K, committed 13312K, reserved 1060864K
  class space    used 1469K, capacity 1501K, committed 1536K, reserved 1048576K
5446.714: [GC (Allocation Failure) [PSYoungGen: 516256K->192K(518656K)] 603442K->87378K(1559040K), 0.0018415 secs] [Times: user=0.00 sys=0.00, real=0.00 secs] 
Heap after GC invocations=780 (full 0):
 PSYoungGen      total 518656K, used 192K [0x00000000e0400000, 0x0000000100000000, 0x0000000100000000)
  eden space 517120K, 0% used [0x00000000e0400000,0x00000000e0400000,0x00000000ffd00000)
  from space 1536K, 12% used [0x00000000ffe80000,0x00000000ffeb0000,0x0000000100000000)
  to   space 1536K, 0% used [0x00000000ffd00000,0x00000000ffd00000,0x00000000ffe80000)
 ParOldGen       total 1040384K, used 87186K [0x00000000a0c00000, 0x00000000e0400000, 0x00000000e0400000)
  object space 1040384K, 8% used [0x00000000a0c00000,0x00000000a6124918,0x00000000e0400000)
 Metaspace       used 13041K, capacity 13234K, committed 13312K, reserved 1060864K
  class space    used 1469K, capacity 1501K, committed 1536K, reserved 1048576K
}
{Heap before GC invocations=781 (full 0):
 PSYoungGen      total 518656K, used 517312K [0x00000000e0400000, 0x0000000100000000, 0x0000000100000000)
  eden space 517120K, 100% used [0x00000000e0400000,0x00000000ffd00000,0x00000000ffd00000)
  from space 1536K, 12% used [0x00000000ffe80000,0x00000000ffeb0000,0x0000000100000000)
  to   space 1536K, 0% used [0x00000000ffd00000,0x00000000ffd00000,0x00000000ffe80000)
 ParOldGen       total 1040384K, used 87186K [0x00000000a0c00000, 0x00000000e0400000, 0x00000000e0400000)
  object space 1040384K, 8% used [0x00000000a0c00000,0x00000000a6124918,0x00000000e0400000)
 Metaspace       used 13041K, capacity 13234K, committed 13312K, reserved 1060864K
  class space    used 1469K, capacity 1501K, committed 1536K, reserved 1048576K
5453.661: [GC (Allocation Failure) [PSYoungGen: 517312K->160K(518656K)] 604498K->87346K(1559040K), 0.0018194 secs] [Times: user=0.09 sys=0.00, real=0.00 secs] 
Heap after GC invocations=781 (full 0):
 PSYoungGen      total 518656K, used 160K [0x00000000e0400000, 0x0000000100000000, 0x0000000100000000)
  eden space 517120K, 0% used [0x00000000e0400000,0x00000000e0400000,0x00000000ffd00000)
  from space 1536K, 10% used [0x00000000ffd00000,0x00000000ffd28000,0x00000000ffe80000)
  to   space 1536K, 0% used [0x00000000ffe80000,0x00000000ffe80000,0x0000000100000000)
 ParOldGen       total 1040384K, used 87186K [0x00000000a0c00000, 0x00000000e0400000, 0x00000000e0400000)
  object space 1040384K, 8% used [0x00000000a0c00000,0x00000000a6124918,0x00000000e0400000)
 Metaspace       used 13041K, capacity 13234K, committed 13312K, reserved 1060864K
  class space    used 1469K, capacity 1501K, committed 1536K, reserved 1048576K
}
{Heap before GC invocations=782 (full 0):
 PSYoungGen      total 518656K, used 517280K [0x00000000e0400000, 0x0000000100000000, 0x0000000100000000)
  eden space 517120K, 100% used [0x00000000e0400000,0x00000000ffd00000,0x00000000ffd00000)
  from space 1536K, 10% used [0x00000000ffd00000,0x00000000ffd28000,0x00000000ffe80000)
  to   space 1536K, 0% used [0x00000000ffe80000,0x00000000ffe80000,0x0000000100000000)
 ParOldGen       total 1040384K, used 87186K [0x00000000a0c00000, 0x00000000e0400000, 0x00000000e0400000)
  object space 1040384K, 8% used [0x00000000a0c00000,0x00000000a6124918,0x00000000e0400000)
 Metaspace       used 13041K, capacity 13234K, committed 13312K, reserved 1060864K
  class space    used 1469K, capacity 1501K, committed 1536K, reserved 1048576K
5460.630: [GC (Allocation Failure) [PSYoungGen: 517280K->1376K(517632K)] 604466K->88562K(1558016K), 0.0023248 secs] [Times: user=0.11 sys=0.00, real=0.00 secs] 
Heap after GC invocations=782 (full 0):
 PSYoungGen      total 517632K, used 1376K [0x00000000e0400000, 0x0000000100000000, 0x0000000100000000)
  eden space 516096K, 0% used [0x00000000e0400000,0x00000000e0400000,0x00000000ffc00000)
  from space 1536K, 89% used [0x00000000ffe80000,0x00000000fffd8000,0x0000000100000000)
  to   space 2048K, 0% used [0x00000000ffc00000,0x00000000ffc00000,0x00000000ffe00000)
 ParOldGen       total 1040384K, used 87186K [0x00000000a0c00000, 0x00000000e0400000, 0x00000000e0400000)
  object space 1040384K, 8% used [0x00000000a0c00000,0x00000000a6124918,0x00000000e0400000)
 Metaspace       used 13041K, capacity 13234K, committed 13312K, reserved 1060864K
  class space    used 1469K, capacity 1501K, committed 1536K, reserved 1048576K
}
{Heap before GC invocations=783 (full 0):
 PSYoungGen      total 517632K, used 517472K [0x00000000e0400000, 0x0000000100000000, 0x0000000100000000)
  eden space 516096K, 100% used [0x00000000e0400000,0x00000000ffc00000,0x00000000ffc00000)
  from space 1536K, 89% used [0x00000000ffe80000,0x00000000fffd8000,0x0000000100000000)
  to   space 2048K, 0% used [0x00000000ffc00000,0x00000000ffc00000,0x00000000ffe00000)
 ParOldGen       total 1040384K, used 87186K [0x00000000a0c00000, 0x00000000e0400000, 0x00000000e0400000)
  object space 1040384K, 8% used [0x00000000a0c00000,0x00000000a6124918,0x00000000e0400000)
 Metaspace       used 13041K, capacity 13234K, committed 13312K, reserved 1060864K
  class space    used 1469K, capacity 1501K, committed 1536K, reserved 1048576K
5467.593: [GC (Allocation Failure) [PSYoungGen: 517472K->224K(518144K)] 604658K->87410K(1558528K), 0.0013771 secs] [Times: user=0.00 sys=0.00, real=0.00 secs] 
Heap after GC invocations=783 (full 0):
 PSYoungGen      total 518144K, used 224K [0x00000000e0400000, 0x0000000100000000, 0x0000000100000000)
  eden space 516096K, 0% used [0x00000000e0400000,0x00000000e0400000,0x00000000ffc00000)
  from space 2048K, 10% used [0x00000000ffc00000,0x00000000ffc38000,0x00000000ffe00000)
  to   space 2048K, 0% used [0x00000000ffe00000,0x00000000ffe00000,0x0000000100000000)
 ParOldGen       total 1040384K, used 87186K [0x00000000a0c00000, 0x00000000e0400000, 0x00000000e0400000)
  object space 1040384K, 8% used [0x00000000a0c00000,0x00000000a6124918,0x00000000e0400000)
 Metaspace       used 13041K, capacity 13234K, committed 13312K, reserved 1060864K
  class space    used 1469K, capacity 1501K, committed 1536K, reserved 1048576K
}
{Heap before GC invocations=784 (full 0):
 PSYoungGen      total 518144K, used 516320K [0x00000000e0400000, 0x0000000100000000, 0x0000000100000000)
  eden space 516096K, 100% used [0x00000000e0400000,0x00000000ffc00000,0x00000000ffc00000)
  from space 2048K, 10% used [0x00000000ffc00000,0x00000000ffc38000,0x00000000ffe00000)
  to   space 2048K, 0% used [0x00000000ffe00000,0x00000000ffe00000,0x0000000100000000)
 ParOldGen       total 1040384K, used 87186K [0x00000000a0c00000, 0x00000000e0400000, 0x00000000e0400000)
  object space 1040384K, 8% used [0x00000000a0c00000,0x00000000a6124918,0x00000000e0400000)
 Metaspace       used 13041K, capacity 13234K, committed 13312K, reserved 1060864K
  class space    used 1469K, capacity 1501K, committed 1536K, reserved 1048576K
5474.546: [GC (Allocation Failure) [PSYoungGen: 516320K->192K(518656K)] 603506K->87386K(1559040K), 0.0016937 secs] [Times: user=0.00 sys=0.00, real=0.00 secs] 
Heap after GC invocations=784 (full 0):
 PSYoungGen      total 518656K, used 192K [0x00000000e0400000, 0x0000000100000000, 0x0000000100000000)
  eden space 516608K, 0% used [0x00000000e0400000,0x00000000e0400000,0x00000000ffc80000)
  from space 2048K, 9% used [0x00000000ffe00000,0x00000000ffe30000,0x0000000100000000)
  to   space 1536K, 0% used [0x00000000ffc80000,0x00000000ffc80000,0x00000000ffe00000)
 ParOldGen       total 1040384K, used 87194K [0x00000000a0c00000, 0x00000000e0400000, 0x00000000e0400000)
  object space 1040384K, 8% used [0x00000000a0c00000,0x00000000a6126918,0x00000000e0400000)
 Metaspace       used 13041K, capacity 13234K, committed 13312K, reserved 1060864K
  class space    used 1469K, capacity 1501K, committed 1536K, reserved 1048576K
}
{Heap before GC invocations=785 (full 0):
 PSYoungGen      total 518656K, used 516800K [0x00000000e0400000, 0x0000000100000000, 0x0000000100000000)
  eden space 516608K, 100% used [0x00000000e0400000,0x00000000ffc80000,0x00000000ffc80000)
  from space 2048K, 9% used [0x00000000ffe00000,0x00000000ffe30000,0x0000000100000000)
  to   space 1536K, 0% used [0x00000000ffc80000,0x00000000ffc80000,0x00000000ffe00000)
 ParOldGen       total 1040384K, used 87194K [0x00000000a0c00000, 0x00000000e0400000, 0x00000000e0400000)
  object space 1040384K, 8% used [0x00000000a0c00000,0x00000000a6126918,0x00000000e0400000)
 Metaspace       used 13041K, capacity 13234K, committed 13312K, reserved 1060864K
  class space    used 1469K, capacity 1501K, committed 1536K, reserved 1048576K
5481.533: [GC (Allocation Failure) [PSYoungGen: 516800K->160K(518144K)] 603994K->87354K(1558528K), 0.0018645 secs] [Times: user=0.00 sys=0.00, real=0.00 secs] 
Heap after GC invocations=785 (full 0):
 PSYoungGen      total 518144K, used 160K [0x00000000e0400000, 0x0000000100000000, 0x0000000100000000)
  eden space 516608K, 0% used [0x00000000e0400000,0x00000000e0400000,0x00000000ffc80000)
  from space 1536K, 10% used [0x00000000ffc80000,0x00000000ffca8000,0x00000000ffe00000)
  to   space 1536K, 0% used [0x00000000ffe80000,0x00000000ffe80000,0x0000000100000000)
 ParOldGen       total 1040384K, used 87194K [0x00000000a0c00000, 0x00000000e0400000, 0x00000000e0400000)
  object space 1040384K, 8% used [0x00000000a0c00000,0x00000000a6126918,0x00000000e0400000)
 Metaspace       used 13041K, capacity 13234K, committed 13312K, reserved 1060864K
  class space    used 1469K, capacity 1501K, committed 1536K, reserved 1048576K
}
{Heap before GC invocations=786 (full 0):
 PSYoungGen      total 518144K, used 516768K [0x00000000e0400000, 0x0000000100000000, 0x0000000100000000)
  eden space 516608K, 100% used [0x00000000e0400000,0x00000000ffc80000,0x00000000ffc80000)
  from space 1536K, 10% used [0x00000000ffc80000,0x00000000ffca8000,0x00000000ffe00000)
  to   space 1536K, 0% used [0x00000000ffe80000,0x00000000ffe80000,0x0000000100000000)
 ParOldGen       total 1040384K, used 87194K [0x00000000a0c00000, 0x00000000e0400000, 0x00000000e0400000)
  object space 1040384K, 8% used [0x00000000a0c00000,0x00000000a6126918,0x00000000e0400000)
 Metaspace       used 13041K, capacity 13234K, committed 13312K, reserved 1060864K
  class space    used 1469K, capacity 1501K, committed 1536K, reserved 1048576K
5488.569: [GC (Allocation Failure) [PSYoungGen: 516768K->192K(518656K)] 603962K->87386K(1559040K), 0.0017871 secs] [Times: user=0.00 sys=0.00, real=0.00 secs] 
Heap after GC invocations=786 (full 0):
 PSYoungGen      total 518656K, used 192K [0x00000000e0400000, 0x0000000100000000, 0x0000000100000000)
  eden space 517120K, 0% used [0x00000000e0400000,0x00000000e0400000,0x00000000ffd00000)
  from space 1536K, 12% used [0x00000000ffe80000,0x00000000ffeb0000,0x0000000100000000)
  to   space 1536K, 0% used [0x00000000ffd00000,0x00000000ffd00000,0x00000000ffe80000)
 ParOldGen       total 1040384K, used 87194K [0x00000000a0c00000, 0x00000000e0400000, 0x00000000e0400000)
  object space 1040384K, 8% used [0x00000000a0c00000,0x00000000a6126918,0x00000000e0400000)
 Metaspace       used 13041K, capacity 13234K, committed 13312K, reserved 1060864K
  class space    used 1469K, capacity 1501K, committed 1536K, reserved 1048576K
}
{Heap before GC invocations=787 (full 0):
 PSYoungGen      total 518656K, used 517312K [0x00000000e0400000, 0x0000000100000000, 0x0000000100000000)
  eden space 517120K, 100% used [0x00000000e0400000,0x00000000ffd00000,0x00000000ffd00000)
  from space 1536K, 12% used [0x00000000ffe80000,0x00000000ffeb0000,0x0000000100000000)
  to   space 1536K, 0% used [0x00000000ffd00000,0x00000000ffd00000,0x00000000ffe80000)
 ParOldGen       total 1040384K, used 87194K [0x00000000a0c00000, 0x00000000e0400000, 0x00000000e0400000)
  object space 1040384K, 8% used [0x00000000a0c00000,0x00000000a61269a8,0x00000000e0400000)
 Metaspace       used 13041K, capacity 13234K, committed 13312K, reserved 1060864K
  class space    used 1469K, capacity 1501K, committed 1536K, reserved 1048576K
5495.576: [GC (GCLocker Initiated GC) [PSYoungGen: 517312K->1536K(518656K)] 604506K->88994K(1559040K), 0.0024716 secs] [Times: user=0.00 sys=0.00, real=0.00 secs] 
Heap after GC invocations=787 (full 0):
 PSYoungGen      total 518656K, used 1536K [0x00000000e0400000, 0x0000000100000000, 0x0000000100000000)
  eden space 517120K, 0% used [0x00000000e0400000,0x00000000e0400000,0x00000000ffd00000)
  from space 1536K, 100% used [0x00000000ffd00000,0x00000000ffe80000,0x00000000ffe80000)
  to   space 1536K, 0% used [0x00000000ffe80000,0x00000000ffe80000,0x0000000100000000)
 ParOldGen       total 1040384K, used 87458K [0x00000000a0c00000, 0x00000000e0400000, 0x00000000e0400000)
  object space 1040384K, 8% used [0x00000000a0c00000,0x00000000a61689a8,0x00000000e0400000)
 Metaspace       used 13041K, capacity 13234K, committed 13312K, reserved 1060864K
  class space    used 1469K, capacity 1501K, committed 1536K, reserved 1048576K
}
{Heap before GC invocations=788 (full 0):
 PSYoungGen      total 518656K, used 518656K [0x00000000e0400000, 0x0000000100000000, 0x0000000100000000)
  eden space 517120K, 100% used [0x00000000e0400000,0x00000000ffd00000,0x00000000ffd00000)
  from space 1536K, 100% used [0x00000000ffd00000,0x00000000ffe80000,0x00000000ffe80000)
  to   space 1536K, 0% used [0x00000000ffe80000,0x00000000ffe80000,0x0000000100000000)
 ParOldGen       total 1040384K, used 87461K [0x00000000a0c00000, 0x00000000e0400000, 0x00000000e0400000)
  object space 1040384K, 8% used [0x00000000a0c00000,0x00000000a61696a8,0x00000000e0400000)
 Metaspace       used 13041K, capacity 13234K, committed 13312K, reserved 1060864K
  class space    used 1469K, capacity 1501K, committed 1536K, reserved 1048576K
5502.510: [GC (Allocation Failure) [PSYoungGen: 518656K->128K(517632K)] 606117K->87621K(1558016K), 0.0019192 secs] [Times: user=0.00 sys=0.00, real=0.00 secs] 
Heap after GC invocations=788 (full 0):
 PSYoungGen      total 517632K, used 128K [0x00000000e0400000, 0x0000000100000000, 0x0000000100000000)
  eden space 516096K, 0% used [0x00000000e0400000,0x00000000e0400000,0x00000000ffc00000)
  from space 1536K, 8% used [0x00000000ffe80000,0x00000000ffea0000,0x0000000100000000)
  to   space 2048K, 0% used [0x00000000ffc00000,0x00000000ffc00000,0x00000000ffe00000)
 ParOldGen       total 1040384K, used 87493K [0x00000000a0c00000, 0x00000000e0400000, 0x00000000e0400000)
  object space 1040384K, 8% used [0x00000000a0c00000,0x00000000a61716a8,0x00000000e0400000)
 Metaspace       used 13041K, capacity 13234K, committed 13312K, reserved 1060864K
  class space    used 1469K, capacity 1501K, committed 1536K, reserved 1048576K
}
{Heap before GC invocations=789 (full 0):
 PSYoungGen      total 517632K, used 516224K [0x00000000e0400000, 0x0000000100000000, 0x0000000100000000)
  eden space 516096K, 100% used [0x00000000e0400000,0x00000000ffc00000,0x00000000ffc00000)
  from space 1536K, 8% used [0x00000000ffe80000,0x00000000ffea0000,0x0000000100000000)
  to   space 2048K, 0% used [0x00000000ffc00000,0x00000000ffc00000,0x00000000ffe00000)
 ParOldGen       total 1040384K, used 87493K [0x00000000a0c00000, 0x00000000e0400000, 0x00000000e0400000)
  object space 1040384K, 8% used [0x00000000a0c00000,0x00000000a61716a8,0x00000000e0400000)
 Metaspace       used 13041K, capacity 13234K, committed 13312K, reserved 1060864K
  class space    used 1469K, capacity 1501K, committed 1536K, reserved 1048576K
5509.610: [GC (Allocation Failure) [PSYoungGen: 516224K->192K(518144K)] 603717K->87701K(1558528K), 0.0014720 secs] [Times: user=0.00 sys=0.00, real=0.00 secs] 
Heap after GC invocations=789 (full 0):
 PSYoungGen      total 518144K, used 192K [0x00000000e0400000, 0x0000000100000000, 0x0000000100000000)
  eden space 516096K, 0% used [0x00000000e0400000,0x00000000e0400000,0x00000000ffc00000)
  from space 2048K, 9% used [0x00000000ffc00000,0x00000000ffc30000,0x00000000ffe00000)
  to   space 2048K, 0% used [0x00000000ffe00000,0x00000000ffe00000,0x0000000100000000)
 ParOldGen       total 1040384K, used 87509K [0x00000000a0c00000, 0x00000000e0400000, 0x00000000e0400000)
  object space 1040384K, 8% used [0x00000000a0c00000,0x00000000a61756a8,0x00000000e0400000)
 Metaspace       used 13041K, capacity 13234K, committed 13312K, reserved 1060864K
  class space    used 1469K, capacity 1501K, committed 1536K, reserved 1048576K
}
{Heap before GC invocations=790 (full 0):
 PSYoungGen      total 518144K, used 516288K [0x00000000e0400000, 0x0000000100000000, 0x0000000100000000)
  eden space 516096K, 100% used [0x00000000e0400000,0x00000000ffc00000,0x00000000ffc00000)
  from space 2048K, 9% used [0x00000000ffc00000,0x00000000ffc30000,0x00000000ffe00000)
  to   space 2048K, 0% used [0x00000000ffe00000,0x00000000ffe00000,0x0000000100000000)
 ParOldGen       total 1040384K, used 87509K [0x00000000a0c00000, 0x00000000e0400000, 0x00000000e0400000)
  object space 1040384K, 8% used [0x00000000a0c00000,0x00000000a61756a8,0x00000000e0400000)
 Metaspace       used 13041K, capacity 13234K, committed 13312K, reserved 1060864K
  class space    used 1469K, capacity 1501K, committed 1536K, reserved 1048576K
5516.759: [GC (Allocation Failure) [PSYoungGen: 516288K->128K(518144K)] 603797K->87637K(1558528K), 0.0019199 secs] [Times: user=0.00 sys=0.00, real=0.00 secs] 
Heap after GC invocations=790 (full 0):
 PSYoungGen      total 518144K, used 128K [0x00000000e0400000, 0x0000000100000000, 0x0000000100000000)
  eden space 516096K, 0% used [0x00000000e0400000,0x00000000e0400000,0x00000000ffc00000)
  from space 2048K, 6% used [0x00000000ffe00000,0x00000000ffe20000,0x0000000100000000)
  to   space 2048K, 0% used [0x00000000ffc00000,0x00000000ffc00000,0x00000000ffe00000)
 ParOldGen       total 1040384K, used 87509K [0x00000000a0c00000, 0x00000000e0400000, 0x00000000e0400000)
  object space 1040384K, 8% used [0x00000000a0c00000,0x00000000a61756a8,0x00000000e0400000)
 Metaspace       used 13041K, capacity 13234K, committed 13312K, reserved 1060864K
  class space    used 1469K, capacity 1501K, committed 1536K, reserved 1048576K
}
{Heap before GC invocations=791 (full 0):
 PSYoungGen      total 518144K, used 516224K [0x00000000e0400000, 0x0000000100000000, 0x0000000100000000)
  eden space 516096K, 100% used [0x00000000e0400000,0x00000000ffc00000,0x00000000ffc00000)
  from space 2048K, 6% used [0x00000000ffe00000,0x00000000ffe20000,0x0000000100000000)
  to   space 2048K, 0% used [0x00000000ffc00000,0x00000000ffc00000,0x00000000ffe00000)
 ParOldGen       total 1040384K, used 87509K [0x00000000a0c00000, 0x00000000e0400000, 0x00000000e0400000)
  object space 1040384K, 8% used [0x00000000a0c00000,0x00000000a61756a8,0x00000000e0400000)
 Metaspace       used 13041K, capacity 13234K, committed 13312K, reserved 1060864K
  class space    used 1469K, capacity 1501K, committed 1536K, reserved 1048576K
5523.719: [GC (Allocation Failure) [PSYoungGen: 516224K->320K(518144K)] 603733K->87829K(1558528K), 0.0017507 secs] [Times: user=0.00 sys=0.00, real=0.00 secs] 
Heap after GC invocations=791 (full 0):
 PSYoungGen      total 518144K, used 320K [0x00000000e0400000, 0x0000000100000000, 0x0000000100000000)
  eden space 516096K, 0% used [0x00000000e0400000,0x00000000e0400000,0x00000000ffc00000)
  from space 2048K, 15% used [0x00000000ffc00000,0x00000000ffc50000,0x00000000ffe00000)
  to   space 1536K, 0% used [0x00000000ffe80000,0x00000000ffe80000,0x0000000100000000)
 ParOldGen       total 1040384K, used 87509K [0x00000000a0c00000, 0x00000000e0400000, 0x00000000e0400000)
  object space 1040384K, 8% used [0x00000000a0c00000,0x00000000a61756a8,0x00000000e0400000)
 Metaspace       used 13041K, capacity 13234K, committed 13312K, reserved 1060864K
  class space    used 1469K, capacity 1501K, committed 1536K, reserved 1048576K
}
{Heap before GC invocations=792 (full 0):
 PSYoungGen      total 518144K, used 516416K [0x00000000e0400000, 0x0000000100000000, 0x0000000100000000)
  eden space 516096K, 100% used [0x00000000e0400000,0x00000000ffc00000,0x00000000ffc00000)
  from space 2048K, 15% used [0x00000000ffc00000,0x00000000ffc50000,0x00000000ffe00000)
  to   space 1536K, 0% used [0x00000000ffe80000,0x00000000ffe80000,0x0000000100000000)
 ParOldGen       total 1040384K, used 87509K [0x00000000a0c00000, 0x00000000e0400000, 0x00000000e0400000)
  object space 1040384K, 8% used [0x00000000a0c00000,0x00000000a61756a8,0x00000000e0400000)
 Metaspace       used 13041K, capacity 13234K, committed 13312K, reserved 1060864K
  class space    used 1469K, capacity 1501K, committed 1536K, reserved 1048576K
5530.706: [GC (Allocation Failure) [PSYoungGen: 516416K->256K(518656K)] 603925K->87773K(1559040K), 0.0018835 secs] [Times: user=0.00 sys=0.00, real=0.00 secs] 
Heap after GC invocations=792 (full 0):
 PSYoungGen      total 518656K, used 256K [0x00000000e0400000, 0x0000000100000000, 0x0000000100000000)
  eden space 517120K, 0% used [0x00000000e0400000,0x00000000e0400000,0x00000000ffd00000)
  from space 1536K, 16% used [0x00000000ffe80000,0x00000000ffec0000,0x0000000100000000)
  to   space 1536K, 0% used [0x00000000ffd00000,0x00000000ffd00000,0x00000000ffe80000)
 ParOldGen       total 1040384K, used 87517K [0x00000000a0c00000, 0x00000000e0400000, 0x00000000e0400000)
  object space 1040384K, 8% used [0x00000000a0c00000,0x00000000a61776a8,0x00000000e0400000)
 Metaspace       used 13041K, capacity 13234K, committed 13312K, reserved 1060864K
  class space    used 1469K, capacity 1501K, committed 1536K, reserved 1048576K
}
{Heap before GC invocations=793 (full 0):
 PSYoungGen      total 518656K, used 517376K [0x00000000e0400000, 0x0000000100000000, 0x0000000100000000)
  eden space 517120K, 100% used [0x00000000e0400000,0x00000000ffd00000,0x00000000ffd00000)
  from space 1536K, 16% used [0x00000000ffe80000,0x00000000ffec0000,0x0000000100000000)
  to   space 1536K, 0% used [0x00000000ffd00000,0x00000000ffd00000,0x00000000ffe80000)
 ParOldGen       total 1040384K, used 87517K [0x00000000a0c00000, 0x00000000e0400000, 0x00000000e0400000)
  object space 1040384K, 8% used [0x00000000a0c00000,0x00000000a61776a8,0x00000000e0400000)
 Metaspace       used 13041K, capacity 13234K, committed 13312K, reserved 1060864K
  class space    used 1469K, capacity 1501K, committed 1536K, reserved 1048576K
5537.702: [GC (Allocation Failure) [PSYoungGen: 517376K->160K(518656K)] 604893K->87677K(1559040K), 0.0016822 secs] [Times: user=0.00 sys=0.00, real=0.00 secs] 
Heap after GC invocations=793 (full 0):
 PSYoungGen      total 518656K, used 160K [0x00000000e0400000, 0x0000000100000000, 0x0000000100000000)
  eden space 517120K, 0% used [0x00000000e0400000,0x00000000e0400000,0x00000000ffd00000)
  from space 1536K, 10% used [0x00000000ffd00000,0x00000000ffd28000,0x00000000ffe80000)
  to   space 1536K, 0% used [0x00000000ffe80000,0x00000000ffe80000,0x0000000100000000)
 ParOldGen       total 1040384K, used 87517K [0x00000000a0c00000, 0x00000000e0400000, 0x00000000e0400000)
  object space 1040384K, 8% used [0x00000000a0c00000,0x00000000a61776a8,0x00000000e0400000)
 Metaspace       used 13041K, capacity 13234K, committed 13312K, reserved 1060864K
  class space    used 1469K, capacity 1501K, committed 1536K, reserved 1048576K
}
{Heap before GC invocations=794 (full 0):
 PSYoungGen      total 518656K, used 517280K [0x00000000e0400000, 0x0000000100000000, 0x0000000100000000)
  eden space 517120K, 100% used [0x00000000e0400000,0x00000000ffd00000,0x00000000ffd00000)
  from space 1536K, 10% used [0x00000000ffd00000,0x00000000ffd28000,0x00000000ffe80000)
  to   space 1536K, 0% used [0x00000000ffe80000,0x00000000ffe80000,0x0000000100000000)
 ParOldGen       total 1040384K, used 87517K [0x00000000a0c00000, 0x00000000e0400000, 0x00000000e0400000)
  object space 1040384K, 8% used [0x00000000a0c00000,0x00000000a61776a8,0x00000000e0400000)
 Metaspace       used 13041K, capacity 13234K, committed 13312K, reserved 1060864K
  class space    used 1469K, capacity 1501K, committed 1536K, reserved 1048576K
5544.667: [GC (Allocation Failure) [PSYoungGen: 517280K->192K(518656K)] 604797K->87709K(1559040K), 0.0017659 secs] [Times: user=0.00 sys=0.00, real=0.00 secs] 
Heap after GC invocations=794 (full 0):
 PSYoungGen      total 518656K, used 192K [0x00000000e0400000, 0x0000000100000000, 0x0000000100000000)
  eden space 517120K, 0% used [0x00000000e0400000,0x00000000e0400000,0x00000000ffd00000)
  from space 1536K, 12% used [0x00000000ffe80000,0x00000000ffeb0000,0x0000000100000000)
  to   space 1536K, 0% used [0x00000000ffd00000,0x00000000ffd00000,0x00000000ffe80000)
 ParOldGen       total 1040384K, used 87517K [0x00000000a0c00000, 0x00000000e0400000, 0x00000000e0400000)
  object space 1040384K, 8% used [0x00000000a0c00000,0x00000000a61776a8,0x00000000e0400000)
 Metaspace       used 13041K, capacity 13234K, committed 13312K, reserved 1060864K
  class space    used 1469K, capacity 1501K, committed 1536K, reserved 1048576K
}
{Heap before GC invocations=795 (full 0):
 PSYoungGen      total 518656K, used 517312K [0x00000000e0400000, 0x0000000100000000, 0x0000000100000000)
  eden space 517120K, 100% used [0x00000000e0400000,0x00000000ffd00000,0x00000000ffd00000)
  from space 1536K, 12% used [0x00000000ffe80000,0x00000000ffeb0000,0x0000000100000000)
  to   space 1536K, 0% used [0x00000000ffd00000,0x00000000ffd00000,0x00000000ffe80000)
 ParOldGen       total 1040384K, used 87517K [0x00000000a0c00000, 0x00000000e0400000, 0x00000000e0400000)
  object space 1040384K, 8% used [0x00000000a0c00000,0x00000000a61776a8,0x00000000e0400000)
 Metaspace       used 13041K, capacity 13234K, committed 13312K, reserved 1060864K
  class space    used 1469K, capacity 1501K, committed 1536K, reserved 1048576K
5551.650: [GC (Allocation Failure) [PSYoungGen: 517312K->224K(518656K)] 604829K->87741K(1559040K), 0.0014104 secs] [Times: user=0.00 sys=0.00, real=0.00 secs] 
Heap after GC invocations=795 (full 0):
 PSYoungGen      total 518656K, used 224K [0x00000000e0400000, 0x0000000100000000, 0x0000000100000000)
  eden space 517120K, 0% used [0x00000000e0400000,0x00000000e0400000,0x00000000ffd00000)
  from space 1536K, 14% used [0x00000000ffd00000,0x00000000ffd38000,0x00000000ffe80000)
  to   space 1536K, 0% used [0x00000000ffe80000,0x00000000ffe80000,0x0000000100000000)
 ParOldGen       total 1040384K, used 87517K [0x00000000a0c00000, 0x00000000e0400000, 0x00000000e0400000)
  object space 1040384K, 8% used [0x00000000a0c00000,0x00000000a61776a8,0x00000000e0400000)
 Metaspace       used 13041K, capacity 13234K, committed 13312K, reserved 1060864K
  class space    used 1469K, capacity 1501K, committed 1536K, reserved 1048576K
}
{Heap before GC invocations=796 (full 0):
 PSYoungGen      total 518656K, used 517344K [0x00000000e0400000, 0x0000000100000000, 0x0000000100000000)
  eden space 517120K, 100% used [0x00000000e0400000,0x00000000ffd00000,0x00000000ffd00000)
  from space 1536K, 14% used [0x00000000ffd00000,0x00000000ffd38000,0x00000000ffe80000)
  to   space 1536K, 0% used [0x00000000ffe80000,0x00000000ffe80000,0x0000000100000000)
 ParOldGen       total 1040384K, used 87517K [0x00000000a0c00000, 0x00000000e0400000, 0x00000000e0400000)
  object space 1040384K, 8% used [0x00000000a0c00000,0x00000000a61776a8,0x00000000e0400000)
 Metaspace       used 13041K, capacity 13234K, committed 13312K, reserved 1060864K
  class space    used 1469K, capacity 1501K, committed 1536K, reserved 1048576K
5558.787: [GC (Allocation Failure) [PSYoungGen: 517344K->1120K(518656K)] 604861K->88645K(1559040K), 0.0027120 secs] [Times: user=0.00 sys=0.00, real=0.00 secs] 
Heap after GC invocations=796 (full 0):
 PSYoungGen      total 518656K, used 1120K [0x00000000e0400000, 0x0000000100000000, 0x0000000100000000)
  eden space 517120K, 0% used [0x00000000e0400000,0x00000000e0400000,0x00000000ffd00000)
  from space 1536K, 72% used [0x00000000ffe80000,0x00000000fff98000,0x0000000100000000)
  to   space 1536K, 0% used [0x00000000ffd00000,0x00000000ffd00000,0x00000000ffe80000)
 ParOldGen       total 1040384K, used 87525K [0x00000000a0c00000, 0x00000000e0400000, 0x00000000e0400000)
  object space 1040384K, 8% used [0x00000000a0c00000,0x00000000a61796a8,0x00000000e0400000)
 Metaspace       used 13041K, capacity 13234K, committed 13312K, reserved 1060864K
  class space    used 1469K, capacity 1501K, committed 1536K, reserved 1048576K
}
{Heap before GC invocations=797 (full 0):
 PSYoungGen      total 518656K, used 518240K [0x00000000e0400000, 0x0000000100000000, 0x0000000100000000)
  eden space 517120K, 100% used [0x00000000e0400000,0x00000000ffd00000,0x00000000ffd00000)
  from space 1536K, 72% used [0x00000000ffe80000,0x00000000fff98000,0x0000000100000000)
  to   space 1536K, 0% used [0x00000000ffd00000,0x00000000ffd00000,0x00000000ffe80000)
 ParOldGen       total 1040384K, used 87525K [0x00000000a0c00000, 0x00000000e0400000, 0x00000000e0400000)
  object space 1040384K, 8% used [0x00000000a0c00000,0x00000000a61796a8,0x00000000e0400000)
 Metaspace       used 13041K, capacity 13234K, committed 13312K, reserved 1060864K
  class space    used 1469K, capacity 1501K, committed 1536K, reserved 1048576K
5565.720: [GC (Allocation Failure) [PSYoungGen: 518240K->192K(518656K)] 605765K->87717K(1559040K), 0.0017650 secs] [Times: user=0.00 sys=0.00, real=0.00 secs] 
Heap after GC invocations=797 (full 0):
 PSYoungGen      total 518656K, used 192K [0x00000000e0400000, 0x0000000100000000, 0x0000000100000000)
  eden space 517120K, 0% used [0x00000000e0400000,0x00000000e0400000,0x00000000ffd00000)
  from space 1536K, 12% used [0x00000000ffd00000,0x00000000ffd30000,0x00000000ffe80000)
  to   space 1536K, 0% used [0x00000000ffe80000,0x00000000ffe80000,0x0000000100000000)
 ParOldGen       total 1040384K, used 87525K [0x00000000a0c00000, 0x00000000e0400000, 0x00000000e0400000)
  object space 1040384K, 8% used [0x00000000a0c00000,0x00000000a61796a8,0x00000000e0400000)
 Metaspace       used 13041K, capacity 13234K, committed 13312K, reserved 1060864K
  class space    used 1469K, capacity 1501K, committed 1536K, reserved 1048576K
}
{Heap before GC invocations=798 (full 0):
 PSYoungGen      total 518656K, used 517312K [0x00000000e0400000, 0x0000000100000000, 0x0000000100000000)
  eden space 517120K, 100% used [0x00000000e0400000,0x00000000ffd00000,0x00000000ffd00000)
  from space 1536K, 12% used [0x00000000ffd00000,0x00000000ffd30000,0x00000000ffe80000)
  to   space 1536K, 0% used [0x00000000ffe80000,0x00000000ffe80000,0x0000000100000000)
 ParOldGen       total 1040384K, used 87525K [0x00000000a0c00000, 0x00000000e0400000, 0x00000000e0400000)
  object space 1040384K, 8% used [0x00000000a0c00000,0x00000000a61796a8,0x00000000e0400000)
 Metaspace       used 13041K, capacity 13234K, committed 13312K, reserved 1060864K
  class space    used 1469K, capacity 1501K, committed 1536K, reserved 1048576K
5572.629: [GC (Allocation Failure) [PSYoungGen: 517312K->192K(518656K)] 604837K->87717K(1559040K), 0.0013625 secs] [Times: user=0.00 sys=0.00, real=0.00 secs] 
Heap after GC invocations=798 (full 0):
 PSYoungGen      total 518656K, used 192K [0x00000000e0400000, 0x0000000100000000, 0x0000000100000000)
  eden space 517120K, 0% used [0x00000000e0400000,0x00000000e0400000,0x00000000ffd00000)
  from space 1536K, 12% used [0x00000000ffe80000,0x00000000ffeb0000,0x0000000100000000)
  to   space 1536K, 0% used [0x00000000ffd00000,0x00000000ffd00000,0x00000000ffe80000)
 ParOldGen       total 1040384K, used 87525K [0x00000000a0c00000, 0x00000000e0400000, 0x00000000e0400000)
  object space 1040384K, 8% used [0x00000000a0c00000,0x00000000a61796a8,0x00000000e0400000)
 Metaspace       used 13041K, capacity 13234K, committed 13312K, reserved 1060864K
  class space    used 1469K, capacity 1501K, committed 1536K, reserved 1048576K
}
{Heap before GC invocations=799 (full 0):
 PSYoungGen      total 518656K, used 517312K [0x00000000e0400000, 0x0000000100000000, 0x0000000100000000)
  eden space 517120K, 100% used [0x00000000e0400000,0x00000000ffd00000,0x00000000ffd00000)
  from space 1536K, 12% used [0x00000000ffe80000,0x00000000ffeb0000,0x0000000100000000)
  to   space 1536K, 0% used [0x00000000ffd00000,0x00000000ffd00000,0x00000000ffe80000)
 ParOldGen       total 1040384K, used 87525K [0x00000000a0c00000, 0x00000000e0400000, 0x00000000e0400000)
  object space 1040384K, 8% used [0x00000000a0c00000,0x00000000a61796a8,0x00000000e0400000)
 Metaspace       used 13041K, capacity 13234K, committed 13312K, reserved 1060864K
  class space    used 1469K, capacity 1501K, committed 1536K, reserved 1048576K
5579.685: [GC (Allocation Failure) [PSYoungGen: 517312K->160K(518656K)] 604837K->87685K(1559040K), 0.0019127 secs] [Times: user=0.00 sys=0.00, real=0.00 secs] 
Heap after GC invocations=799 (full 0):
 PSYoungGen      total 518656K, used 160K [0x00000000e0400000, 0x0000000100000000, 0x0000000100000000)
  eden space 517120K, 0% used [0x00000000e0400000,0x00000000e0400000,0x00000000ffd00000)
  from space 1536K, 10% used [0x00000000ffd00000,0x00000000ffd28000,0x00000000ffe80000)
  to   space 1536K, 0% used [0x00000000ffe80000,0x00000000ffe80000,0x0000000100000000)
 ParOldGen       total 1040384K, used 87525K [0x00000000a0c00000, 0x00000000e0400000, 0x00000000e0400000)
  object space 1040384K, 8% used [0x00000000a0c00000,0x00000000a61796a8,0x00000000e0400000)
 Metaspace       used 13041K, capacity 13234K, committed 13312K, reserved 1060864K
  class space    used 1469K, capacity 1501K, committed 1536K, reserved 1048576K
}
{Heap before GC invocations=800 (full 0):
 PSYoungGen      total 518656K, used 517280K [0x00000000e0400000, 0x0000000100000000, 0x0000000100000000)
  eden space 517120K, 100% used [0x00000000e0400000,0x00000000ffd00000,0x00000000ffd00000)
  from space 1536K, 10% used [0x00000000ffd00000,0x00000000ffd28000,0x00000000ffe80000)
  to   space 1536K, 0% used [0x00000000ffe80000,0x00000000ffe80000,0x0000000100000000)
 ParOldGen       total 1040384K, used 87525K [0x00000000a0c00000, 0x00000000e0400000, 0x00000000e0400000)
  object space 1040384K, 8% used [0x00000000a0c00000,0x00000000a61796a8,0x00000000e0400000)
 Metaspace       used 13041K, capacity 13234K, committed 13312K, reserved 1060864K
  class space    used 1469K, capacity 1501K, committed 1536K, reserved 1048576K
5586.634: [GC (Allocation Failure) [PSYoungGen: 517280K->128K(518656K)] 604805K->87653K(1559040K), 0.0019040 secs] [Times: user=0.00 sys=0.00, real=0.00 secs] 
Heap after GC invocations=800 (full 0):
 PSYoungGen      total 518656K, used 128K [0x00000000e0400000, 0x0000000100000000, 0x0000000100000000)
  eden space 517120K, 0% used [0x00000000e0400000,0x00000000e0400000,0x00000000ffd00000)
  from space 1536K, 8% used [0x00000000ffe80000,0x00000000ffea0000,0x0000000100000000)
  to   space 1536K, 0% used [0x00000000ffd00000,0x00000000ffd00000,0x00000000ffe80000)
 ParOldGen       total 1040384K, used 87525K [0x00000000a0c00000, 0x00000000e0400000, 0x00000000e0400000)
  object space 1040384K, 8% used [0x00000000a0c00000,0x00000000a61796a8,0x00000000e0400000)
 Metaspace       used 13041K, capacity 13234K, committed 13312K, reserved 1060864K
  class space    used 1469K, capacity 1501K, committed 1536K, reserved 1048576K
}
{Heap before GC invocations=801 (full 0):
 PSYoungGen      total 518656K, used 517248K [0x00000000e0400000, 0x0000000100000000, 0x0000000100000000)
  eden space 517120K, 100% used [0x00000000e0400000,0x00000000ffd00000,0x00000000ffd00000)
  from space 1536K, 8% used [0x00000000ffe80000,0x00000000ffea0000,0x0000000100000000)
  to   space 1536K, 0% used [0x00000000ffd00000,0x00000000ffd00000,0x00000000ffe80000)
 ParOldGen       total 1040384K, used 87525K [0x00000000a0c00000, 0x00000000e0400000, 0x00000000e0400000)
  object space 1040384K, 8% used [0x00000000a0c00000,0x00000000a6179700,0x00000000e0400000)
 Metaspace       used 13041K, capacity 13234K, committed 13312K, reserved 1060864K
  class space    used 1469K, capacity 1501K, committed 1536K, reserved 1048576K
5593.618: [GC (GCLocker Initiated GC) [PSYoungGen: 517248K->1536K(518656K)] 604773K->89077K(1559040K), 0.0022144 secs] [Times: user=0.00 sys=0.00, real=0.00 secs] 
Heap after GC invocations=801 (full 0):
 PSYoungGen      total 518656K, used 1536K [0x00000000e0400000, 0x0000000100000000, 0x0000000100000000)
  eden space 517120K, 0% used [0x00000000e0400000,0x00000000e0400000,0x00000000ffd00000)
  from space 1536K, 100% used [0x00000000ffd00000,0x00000000ffe80000,0x00000000ffe80000)
  to   space 1536K, 0% used [0x00000000ffe80000,0x00000000ffe80000,0x0000000100000000)
 ParOldGen       total 1040384K, used 87541K [0x00000000a0c00000, 0x00000000e0400000, 0x00000000e0400000)
  object space 1040384K, 8% used [0x00000000a0c00000,0x00000000a617d700,0x00000000e0400000)
 Metaspace       used 13041K, capacity 13234K, committed 13312K, reserved 1060864K
  class space    used 1469K, capacity 1501K, committed 1536K, reserved 1048576K
}
{Heap before GC invocations=802 (full 0):
 PSYoungGen      total 518656K, used 518656K [0x00000000e0400000, 0x0000000100000000, 0x0000000100000000)
  eden space 517120K, 100% used [0x00000000e0400000,0x00000000ffd00000,0x00000000ffd00000)
  from space 1536K, 100% used [0x00000000ffd00000,0x00000000ffe80000,0x00000000ffe80000)
  to   space 1536K, 0% used [0x00000000ffe80000,0x00000000ffe80000,0x0000000100000000)
 ParOldGen       total 1040384K, used 87544K [0x00000000a0c00000, 0x00000000e0400000, 0x00000000e0400000)
  object space 1040384K, 8% used [0x00000000a0c00000,0x00000000a617e3c8,0x00000000e0400000)
 Metaspace       used 13041K, capacity 13234K, committed 13312K, reserved 1060864K
  class space    used 1469K, capacity 1501K, committed 1536K, reserved 1048576K
5600.677: [GC (Allocation Failure) [PSYoungGen: 518656K->128K(518656K)] 606200K->87680K(1559040K), 0.0018583 secs] [Times: user=0.00 sys=0.00, real=0.00 secs] 
Heap after GC invocations=802 (full 0):
 PSYoungGen      total 518656K, used 128K [0x00000000e0400000, 0x0000000100000000, 0x0000000100000000)
  eden space 517120K, 0% used [0x00000000e0400000,0x00000000e0400000,0x00000000ffd00000)
  from space 1536K, 8% used [0x00000000ffe80000,0x00000000ffea0000,0x0000000100000000)
  to   space 1536K, 0% used [0x00000000ffd00000,0x00000000ffd00000,0x00000000ffe80000)
 ParOldGen       total 1040384K, used 87552K [0x00000000a0c00000, 0x00000000e0400000, 0x00000000e0400000)
  object space 1040384K, 8% used [0x00000000a0c00000,0x00000000a61803c8,0x00000000e0400000)
 Metaspace       used 13041K, capacity 13234K, committed 13312K, reserved 1060864K
  class space    used 1469K, capacity 1501K, committed 1536K, reserved 1048576K
}
{Heap before GC invocations=803 (full 0):
 PSYoungGen      total 518656K, used 517248K [0x00000000e0400000, 0x0000000100000000, 0x0000000100000000)
  eden space 517120K, 100% used [0x00000000e0400000,0x00000000ffd00000,0x00000000ffd00000)
  from space 1536K, 8% used [0x00000000ffe80000,0x00000000ffea0000,0x0000000100000000)
  to   space 1536K, 0% used [0x00000000ffd00000,0x00000000ffd00000,0x00000000ffe80000)
 ParOldGen       total 1040384K, used 87552K [0x00000000a0c00000, 0x00000000e0400000, 0x00000000e0400000)
  object space 1040384K, 8% used [0x00000000a0c00000,0x00000000a61803c8,0x00000000e0400000)
 Metaspace       used 13041K, capacity 13234K, committed 13312K, reserved 1060864K
  class space    used 1469K, capacity 1501K, committed 1536K, reserved 1048576K
5607.780: [GC (Allocation Failure) [PSYoungGen: 517248K->192K(518656K)] 604800K->87784K(1559040K), 0.0018788 secs] [Times: user=0.00 sys=0.00, real=0.00 secs] 
Heap after GC invocations=803 (full 0):
 PSYoungGen      total 518656K, used 192K [0x00000000e0400000, 0x0000000100000000, 0x0000000100000000)
  eden space 517120K, 0% used [0x00000000e0400000,0x00000000e0400000,0x00000000ffd00000)
  from space 1536K, 12% used [0x00000000ffd00000,0x00000000ffd30000,0x00000000ffe80000)
  to   space 1536K, 0% used [0x00000000ffe80000,0x00000000ffe80000,0x0000000100000000)
 ParOldGen       total 1040384K, used 87592K [0x00000000a0c00000, 0x00000000e0400000, 0x00000000e0400000)
  object space 1040384K, 8% used [0x00000000a0c00000,0x00000000a618a3c8,0x00000000e0400000)
 Metaspace       used 13041K, capacity 13234K, committed 13312K, reserved 1060864K
  class space    used 1469K, capacity 1501K, committed 1536K, reserved 1048576K
}
{Heap before GC invocations=804 (full 0):
 PSYoungGen      total 518656K, used 517312K [0x00000000e0400000, 0x0000000100000000, 0x0000000100000000)
  eden space 517120K, 100% used [0x00000000e0400000,0x00000000ffd00000,0x00000000ffd00000)
  from space 1536K, 12% used [0x00000000ffd00000,0x00000000ffd30000,0x00000000ffe80000)
  to   space 1536K, 0% used [0x00000000ffe80000,0x00000000ffe80000,0x0000000100000000)
 ParOldGen       total 1040384K, used 87592K [0x00000000a0c00000, 0x00000000e0400000, 0x00000000e0400000)
  object space 1040384K, 8% used [0x00000000a0c00000,0x00000000a618a3c8,0x00000000e0400000)
 Metaspace       used 13041K, capacity 13234K, committed 13312K, reserved 1060864K
  class space    used 1469K, capacity 1501K, committed 1536K, reserved 1048576K
5614.874: [GC (Allocation Failure) [PSYoungGen: 517312K->224K(518656K)] 604904K->87824K(1559040K), 0.0013725 secs] [Times: user=0.00 sys=0.00, real=0.00 secs] 
Heap after GC invocations=804 (full 0):
 PSYoungGen      total 518656K, used 224K [0x00000000e0400000, 0x0000000100000000, 0x0000000100000000)
  eden space 517120K, 0% used [0x00000000e0400000,0x00000000e0400000,0x00000000ffd00000)
  from space 1536K, 14% used [0x00000000ffe80000,0x00000000ffeb8000,0x0000000100000000)
  to   space 1536K, 0% used [0x00000000ffd00000,0x00000000ffd00000,0x00000000ffe80000)
 ParOldGen       total 1040384K, used 87600K [0x00000000a0c00000, 0x00000000e0400000, 0x00000000e0400000)
  object space 1040384K, 8% used [0x00000000a0c00000,0x00000000a618c3c8,0x00000000e0400000)
 Metaspace       used 13041K, capacity 13234K, committed 13312K, reserved 1060864K
  class space    used 1469K, capacity 1501K, committed 1536K, reserved 1048576K
}
{Heap before GC invocations=805 (full 0):
 PSYoungGen      total 518656K, used 517344K [0x00000000e0400000, 0x0000000100000000, 0x0000000100000000)
  eden space 517120K, 100% used [0x00000000e0400000,0x00000000ffd00000,0x00000000ffd00000)
  from space 1536K, 14% used [0x00000000ffe80000,0x00000000ffeb8000,0x0000000100000000)
  to   space 1536K, 0% used [0x00000000ffd00000,0x00000000ffd00000,0x00000000ffe80000)
 ParOldGen       total 1040384K, used 87600K [0x00000000a0c00000, 0x00000000e0400000, 0x00000000e0400000)
  object space 1040384K, 8% used [0x00000000a0c00000,0x00000000a618c3c8,0x00000000e0400000)
 Metaspace       used 13041K, capacity 13234K, committed 13312K, reserved 1060864K
  class space    used 1469K, capacity 1501K, committed 1536K, reserved 1048576K
5621.890: [GC (Allocation Failure) [PSYoungGen: 517344K->128K(518656K)] 604944K->87736K(1559040K), 0.0016891 secs] [Times: user=0.00 sys=0.00, real=0.00 secs] 
Heap after GC invocations=805 (full 0):
 PSYoungGen      total 518656K, used 128K [0x00000000e0400000, 0x0000000100000000, 0x0000000100000000)
  eden space 517120K, 0% used [0x00000000e0400000,0x00000000e0400000,0x00000000ffd00000)
  from space 1536K, 8% used [0x00000000ffd00000,0x00000000ffd20000,0x00000000ffe80000)
  to   space 1536K, 0% used [0x00000000ffe80000,0x00000000ffe80000,0x0000000100000000)
 ParOldGen       total 1040384K, used 87608K [0x00000000a0c00000, 0x00000000e0400000, 0x00000000e0400000)
  object space 1040384K, 8% used [0x00000000a0c00000,0x00000000a618e3c8,0x00000000e0400000)
 Metaspace       used 13041K, capacity 13234K, committed 13312K, reserved 1060864K
  class space    used 1469K, capacity 1501K, committed 1536K, reserved 1048576K
}
{Heap before GC invocations=806 (full 0):
 PSYoungGen      total 518656K, used 517248K [0x00000000e0400000, 0x0000000100000000, 0x0000000100000000)
  eden space 517120K, 100% used [0x00000000e0400000,0x00000000ffd00000,0x00000000ffd00000)
  from space 1536K, 8% used [0x00000000ffd00000,0x00000000ffd20000,0x00000000ffe80000)
  to   space 1536K, 0% used [0x00000000ffe80000,0x00000000ffe80000,0x0000000100000000)
 ParOldGen       total 1040384K, used 87608K [0x00000000a0c00000, 0x00000000e0400000, 0x00000000e0400000)
  object space 1040384K, 8% used [0x00000000a0c00000,0x00000000a618e3c8,0x00000000e0400000)
 Metaspace       used 13041K, capacity 13234K, committed 13312K, reserved 1060864K
  class space    used 1469K, capacity 1501K, committed 1536K, reserved 1048576K
5628.988: [GC (Allocation Failure) [PSYoungGen: 517248K->1536K(517632K)] 604856K->89296K(1558016K), 0.0028507 secs] [Times: user=0.08 sys=0.00, real=0.00 secs] 
Heap after GC invocations=806 (full 0):
 PSYoungGen      total 517632K, used 1536K [0x00000000e0400000, 0x0000000100000000, 0x0000000100000000)
  eden space 516096K, 0% used [0x00000000e0400000,0x00000000e0400000,0x00000000ffc00000)
  from space 1536K, 100% used [0x00000000ffe80000,0x0000000100000000,0x0000000100000000)
  to   space 2048K, 0% used [0x00000000ffc00000,0x00000000ffc00000,0x00000000ffe00000)
 ParOldGen       total 1040384K, used 87760K [0x00000000a0c00000, 0x00000000e0400000, 0x00000000e0400000)
  object space 1040384K, 8% used [0x00000000a0c00000,0x00000000a61b43c8,0x00000000e0400000)
 Metaspace       used 13041K, capacity 13234K, committed 13312K, reserved 1060864K
  class space    used 1469K, capacity 1501K, committed 1536K, reserved 1048576K
}
{Heap before GC invocations=807 (full 0):
 PSYoungGen      total 517632K, used 517632K [0x00000000e0400000, 0x0000000100000000, 0x0000000100000000)
  eden space 516096K, 100% used [0x00000000e0400000,0x00000000ffc00000,0x00000000ffc00000)
  from space 1536K, 100% used [0x00000000ffe80000,0x0000000100000000,0x0000000100000000)
  to   space 2048K, 0% used [0x00000000ffc00000,0x00000000ffc00000,0x00000000ffe00000)
 ParOldGen       total 1040384K, used 87760K [0x00000000a0c00000, 0x00000000e0400000, 0x00000000e0400000)
  object space 1040384K, 8% used [0x00000000a0c00000,0x00000000a61b43c8,0x00000000e0400000)
 Metaspace       used 13041K, capacity 13234K, committed 13312K, reserved 1060864K
  class space    used 1469K, capacity 1501K, committed 1536K, reserved 1048576K
5636.022: [GC (Allocation Failure) [PSYoungGen: 517632K->160K(518144K)] 605392K->87944K(1558528K), 0.0018605 secs] [Times: user=0.00 sys=0.00, real=0.00 secs] 
Heap after GC invocations=807 (full 0):
 PSYoungGen      total 518144K, used 160K [0x00000000e0400000, 0x0000000100000000, 0x0000000100000000)
  eden space 516096K, 0% used [0x00000000e0400000,0x00000000e0400000,0x00000000ffc00000)
  from space 2048K, 7% used [0x00000000ffc00000,0x00000000ffc28000,0x00000000ffe00000)
  to   space 2048K, 0% used [0x00000000ffe00000,0x00000000ffe00000,0x0000000100000000)
 ParOldGen       total 1040384K, used 87784K [0x00000000a0c00000, 0x00000000e0400000, 0x00000000e0400000)
  object space 1040384K, 8% used [0x00000000a0c00000,0x00000000a61ba3c8,0x00000000e0400000)
 Metaspace       used 13041K, capacity 13234K, committed 13312K, reserved 1060864K
  class space    used 1469K, capacity 1501K, committed 1536K, reserved 1048576K
}
{Heap before GC invocations=808 (full 0):
 PSYoungGen      total 518144K, used 516256K [0x00000000e0400000, 0x0000000100000000, 0x0000000100000000)
  eden space 516096K, 100% used [0x00000000e0400000,0x00000000ffc00000,0x00000000ffc00000)
  from space 2048K, 7% used [0x00000000ffc00000,0x00000000ffc28000,0x00000000ffe00000)
  to   space 2048K, 0% used [0x00000000ffe00000,0x00000000ffe00000,0x0000000100000000)
 ParOldGen       total 1040384K, used 87784K [0x00000000a0c00000, 0x00000000e0400000, 0x00000000e0400000)
  object space 1040384K, 8% used [0x00000000a0c00000,0x00000000a61ba3c8,0x00000000e0400000)
 Metaspace       used 13041K, capacity 13234K, committed 13312K, reserved 1060864K
  class space    used 1469K, capacity 1501K, committed 1536K, reserved 1048576K
5642.988: [GC (Allocation Failure) [PSYoungGen: 516256K->256K(518144K)] 604040K->88040K(1558528K), 0.0014008 secs] [Times: user=0.00 sys=0.00, real=0.00 secs] 
Heap after GC invocations=808 (full 0):
 PSYoungGen      total 518144K, used 256K [0x00000000e0400000, 0x0000000100000000, 0x0000000100000000)
  eden space 516096K, 0% used [0x00000000e0400000,0x00000000e0400000,0x00000000ffc00000)
  from space 2048K, 12% used [0x00000000ffe00000,0x00000000ffe40000,0x0000000100000000)
  to   space 2048K, 0% used [0x00000000ffc00000,0x00000000ffc00000,0x00000000ffe00000)
 ParOldGen       total 1040384K, used 87784K [0x00000000a0c00000, 0x00000000e0400000, 0x00000000e0400000)
  object space 1040384K, 8% used [0x00000000a0c00000,0x00000000a61ba3c8,0x00000000e0400000)
 Metaspace       used 13041K, capacity 13234K, committed 13312K, reserved 1060864K
  class space    used 1469K, capacity 1501K, committed 1536K, reserved 1048576K
}
{Heap before GC invocations=809 (full 0):
 PSYoungGen      total 518144K, used 516352K [0x00000000e0400000, 0x0000000100000000, 0x0000000100000000)
  eden space 516096K, 100% used [0x00000000e0400000,0x00000000ffc00000,0x00000000ffc00000)
  from space 2048K, 12% used [0x00000000ffe00000,0x00000000ffe40000,0x0000000100000000)
  to   space 2048K, 0% used [0x00000000ffc00000,0x00000000ffc00000,0x00000000ffe00000)
 ParOldGen       total 1040384K, used 87784K [0x00000000a0c00000, 0x00000000e0400000, 0x00000000e0400000)
  object space 1040384K, 8% used [0x00000000a0c00000,0x00000000a61ba3c8,0x00000000e0400000)
 Metaspace       used 13041K, capacity 13234K, committed 13312K, reserved 1060864K
  class space    used 1469K, capacity 1501K, committed 1536K, reserved 1048576K
5650.048: [GC (Allocation Failure) [PSYoungGen: 516352K->128K(518144K)] 604136K->87920K(1558528K), 0.0016941 secs] [Times: user=0.00 sys=0.00, real=0.00 secs] 
Heap after GC invocations=809 (full 0):
 PSYoungGen      total 518144K, used 128K [0x00000000e0400000, 0x0000000100000000, 0x0000000100000000)
  eden space 516096K, 0% used [0x00000000e0400000,0x00000000e0400000,0x00000000ffc00000)
  from space 2048K, 6% used [0x00000000ffc00000,0x00000000ffc20000,0x00000000ffe00000)
  to   space 1536K, 0% used [0x00000000ffe80000,0x00000000ffe80000,0x0000000100000000)
 ParOldGen       total 1040384K, used 87792K [0x00000000a0c00000, 0x00000000e0400000, 0x00000000e0400000)
  object space 1040384K, 8% used [0x00000000a0c00000,0x00000000a61bc3c8,0x00000000e0400000)
 Metaspace       used 13041K, capacity 13234K, committed 13312K, reserved 1060864K
  class space    used 1469K, capacity 1501K, committed 1536K, reserved 1048576K
}
{Heap before GC invocations=810 (full 0):
 PSYoungGen      total 518144K, used 516224K [0x00000000e0400000, 0x0000000100000000, 0x0000000100000000)
  eden space 516096K, 100% used [0x00000000e0400000,0x00000000ffc00000,0x00000000ffc00000)
  from space 2048K, 6% used [0x00000000ffc00000,0x00000000ffc20000,0x00000000ffe00000)
  to   space 1536K, 0% used [0x00000000ffe80000,0x00000000ffe80000,0x0000000100000000)
 ParOldGen       total 1040384K, used 87792K [0x00000000a0c00000, 0x00000000e0400000, 0x00000000e0400000)
  object space 1040384K, 8% used [0x00000000a0c00000,0x00000000a61bc3c8,0x00000000e0400000)
 Metaspace       used 13041K, capacity 13234K, committed 13312K, reserved 1060864K
  class space    used 1469K, capacity 1501K, committed 1536K, reserved 1048576K
5656.888: [GC (Allocation Failure) [PSYoungGen: 516224K->416K(518656K)] 604016K->88208K(1559040K), 0.0014353 secs] [Times: user=0.00 sys=0.00, real=0.00 secs] 
Heap after GC invocations=810 (full 0):
 PSYoungGen      total 518656K, used 416K [0x00000000e0400000, 0x0000000100000000, 0x0000000100000000)
  eden space 517120K, 0% used [0x00000000e0400000,0x00000000e0400000,0x00000000ffd00000)
  from space 1536K, 27% used [0x00000000ffe80000,0x00000000ffee8000,0x0000000100000000)
  to   space 1536K, 0% used [0x00000000ffd00000,0x00000000ffd00000,0x00000000ffe80000)
 ParOldGen       total 1040384K, used 87792K [0x00000000a0c00000, 0x00000000e0400000, 0x00000000e0400000)
  object space 1040384K, 8% used [0x00000000a0c00000,0x00000000a61bc3c8,0x00000000e0400000)
 Metaspace       used 13041K, capacity 13234K, committed 13312K, reserved 1060864K
  class space    used 1469K, capacity 1501K, committed 1536K, reserved 1048576K
}
{Heap before GC invocations=811 (full 0):
 PSYoungGen      total 518656K, used 517536K [0x00000000e0400000, 0x0000000100000000, 0x0000000100000000)
  eden space 517120K, 100% used [0x00000000e0400000,0x00000000ffd00000,0x00000000ffd00000)
  from space 1536K, 27% used [0x00000000ffe80000,0x00000000ffee8000,0x0000000100000000)
  to   space 1536K, 0% used [0x00000000ffd00000,0x00000000ffd00000,0x00000000ffe80000)
 ParOldGen       total 1040384K, used 87792K [0x00000000a0c00000, 0x00000000e0400000, 0x00000000e0400000)
  object space 1040384K, 8% used [0x00000000a0c00000,0x00000000a61bc3c8,0x00000000e0400000)
 Metaspace       used 13041K, capacity 13234K, committed 13312K, reserved 1060864K
  class space    used 1469K, capacity 1501K, committed 1536K, reserved 1048576K
5664.019: [GC (Allocation Failure) [PSYoungGen: 517536K->192K(518656K)] 605328K->87984K(1559040K), 0.0016427 secs] [Times: user=0.00 sys=0.00, real=0.00 secs] 
Heap after GC invocations=811 (full 0):
 PSYoungGen      total 518656K, used 192K [0x00000000e0400000, 0x0000000100000000, 0x0000000100000000)
  eden space 517120K, 0% used [0x00000000e0400000,0x00000000e0400000,0x00000000ffd00000)
  from space 1536K, 12% used [0x00000000ffd00000,0x00000000ffd30000,0x00000000ffe80000)
  to   space 1536K, 0% used [0x00000000ffe80000,0x00000000ffe80000,0x0000000100000000)
 ParOldGen       total 1040384K, used 87792K [0x00000000a0c00000, 0x00000000e0400000, 0x00000000e0400000)
  object space 1040384K, 8% used [0x00000000a0c00000,0x00000000a61bc3c8,0x00000000e0400000)
 Metaspace       used 13041K, capacity 13234K, committed 13312K, reserved 1060864K
  class space    used 1469K, capacity 1501K, committed 1536K, reserved 1048576K
}
{Heap before GC invocations=812 (full 0):
 PSYoungGen      total 518656K, used 517312K [0x00000000e0400000, 0x0000000100000000, 0x0000000100000000)
  eden space 517120K, 100% used [0x00000000e0400000,0x00000000ffd00000,0x00000000ffd00000)
  from space 1536K, 12% used [0x00000000ffd00000,0x00000000ffd30000,0x00000000ffe80000)
  to   space 1536K, 0% used [0x00000000ffe80000,0x00000000ffe80000,0x0000000100000000)
 ParOldGen       total 1040384K, used 87792K [0x00000000a0c00000, 0x00000000e0400000, 0x00000000e0400000)
  object space 1040384K, 8% used [0x00000000a0c00000,0x00000000a61bc3c8,0x00000000e0400000)
 Metaspace       used 13041K, capacity 13234K, committed 13312K, reserved 1060864K
  class space    used 1469K, capacity 1501K, committed 1536K, reserved 1048576K
5670.956: [GC (Allocation Failure) [PSYoungGen: 517312K->224K(518656K)] 605104K->88016K(1559040K), 0.0013258 secs] [Times: user=0.00 sys=0.00, real=0.00 secs] 
Heap after GC invocations=812 (full 0):
 PSYoungGen      total 518656K, used 224K [0x00000000e0400000, 0x0000000100000000, 0x0000000100000000)
  eden space 517120K, 0% used [0x00000000e0400000,0x00000000e0400000,0x00000000ffd00000)
  from space 1536K, 14% used [0x00000000ffe80000,0x00000000ffeb8000,0x0000000100000000)
  to   space 1536K, 0% used [0x00000000ffd00000,0x00000000ffd00000,0x00000000ffe80000)
 ParOldGen       total 1040384K, used 87792K [0x00000000a0c00000, 0x00000000e0400000, 0x00000000e0400000)
  object space 1040384K, 8% used [0x00000000a0c00000,0x00000000a61bc3c8,0x00000000e0400000)
 Metaspace       used 13041K, capacity 13234K, committed 13312K, reserved 1060864K
  class space    used 1469K, capacity 1501K, committed 1536K, reserved 1048576K
}
{Heap before GC invocations=813 (full 0):
 PSYoungGen      total 518656K, used 517344K [0x00000000e0400000, 0x0000000100000000, 0x0000000100000000)
  eden space 517120K, 100% used [0x00000000e0400000,0x00000000ffd00000,0x00000000ffd00000)
  from space 1536K, 14% used [0x00000000ffe80000,0x00000000ffeb8000,0x0000000100000000)
  to   space 1536K, 0% used [0x00000000ffd00000,0x00000000ffd00000,0x00000000ffe80000)
 ParOldGen       total 1040384K, used 87792K [0x00000000a0c00000, 0x00000000e0400000, 0x00000000e0400000)
  object space 1040384K, 8% used [0x00000000a0c00000,0x00000000a61bc3c8,0x00000000e0400000)
 Metaspace       used 13042K, capacity 13234K, committed 13312K, reserved 1060864K
  class space    used 1469K, capacity 1501K, committed 1536K, reserved 1048576K
5677.929: [GC (Allocation Failure) [PSYoungGen: 517344K->192K(518656K)] 605136K->87984K(1559040K), 0.0017077 secs] [Times: user=0.00 sys=0.00, real=0.00 secs] 
Heap after GC invocations=813 (full 0):
 PSYoungGen      total 518656K, used 192K [0x00000000e0400000, 0x0000000100000000, 0x0000000100000000)
  eden space 517120K, 0% used [0x00000000e0400000,0x00000000e0400000,0x00000000ffd00000)
  from space 1536K, 12% used [0x00000000ffd00000,0x00000000ffd30000,0x00000000ffe80000)
  to   space 1536K, 0% used [0x00000000ffe80000,0x00000000ffe80000,0x0000000100000000)
 ParOldGen       total 1040384K, used 87792K [0x00000000a0c00000, 0x00000000e0400000, 0x00000000e0400000)
  object space 1040384K, 8% used [0x00000000a0c00000,0x00000000a61bc3c8,0x00000000e0400000)
 Metaspace       used 13042K, capacity 13234K, committed 13312K, reserved 1060864K
  class space    used 1469K, capacity 1501K, committed 1536K, reserved 1048576K
}
{Heap before GC invocations=814 (full 0):
 PSYoungGen      total 518656K, used 517312K [0x00000000e0400000, 0x0000000100000000, 0x0000000100000000)
  eden space 517120K, 100% used [0x00000000e0400000,0x00000000ffd00000,0x00000000ffd00000)
  from space 1536K, 12% used [0x00000000ffd00000,0x00000000ffd30000,0x00000000ffe80000)
  to   space 1536K, 0% used [0x00000000ffe80000,0x00000000ffe80000,0x0000000100000000)
 ParOldGen       total 1040384K, used 87792K [0x00000000a0c00000, 0x00000000e0400000, 0x00000000e0400000)
  object space 1040384K, 8% used [0x00000000a0c00000,0x00000000a61bc3c8,0x00000000e0400000)
 Metaspace       used 13042K, capacity 13234K, committed 13312K, reserved 1060864K
  class space    used 1469K, capacity 1501K, committed 1536K, reserved 1048576K
5684.869: [GC (Allocation Failure) [PSYoungGen: 517312K->96K(518656K)] 605104K->87896K(1559040K), 0.0019793 secs] [Times: user=0.00 sys=0.00, real=0.00 secs] 
Heap after GC invocations=814 (full 0):
 PSYoungGen      total 518656K, used 96K [0x00000000e0400000, 0x0000000100000000, 0x0000000100000000)
  eden space 517120K, 0% used [0x00000000e0400000,0x00000000e0400000,0x00000000ffd00000)
  from space 1536K, 6% used [0x00000000ffe80000,0x00000000ffe98000,0x0000000100000000)
  to   space 1536K, 0% used [0x00000000ffd00000,0x00000000ffd00000,0x00000000ffe80000)
 ParOldGen       total 1040384K, used 87800K [0x00000000a0c00000, 0x00000000e0400000, 0x00000000e0400000)
  object space 1040384K, 8% used [0x00000000a0c00000,0x00000000a61be3c8,0x00000000e0400000)
 Metaspace       used 13042K, capacity 13234K, committed 13312K, reserved 1060864K
  class space    used 1469K, capacity 1501K, committed 1536K, reserved 1048576K
}
{Heap before GC invocations=815 (full 0):
 PSYoungGen      total 518656K, used 517216K [0x00000000e0400000, 0x0000000100000000, 0x0000000100000000)
  eden space 517120K, 100% used [0x00000000e0400000,0x00000000ffd00000,0x00000000ffd00000)
  from space 1536K, 6% used [0x00000000ffe80000,0x00000000ffe98000,0x0000000100000000)
  to   space 1536K, 0% used [0x00000000ffd00000,0x00000000ffd00000,0x00000000ffe80000)
 ParOldGen       total 1040384K, used 87800K [0x00000000a0c00000, 0x00000000e0400000, 0x00000000e0400000)
  object space 1040384K, 8% used [0x00000000a0c00000,0x00000000a61be3c8,0x00000000e0400000)
 Metaspace       used 13042K, capacity 13234K, committed 13312K, reserved 1060864K
  class space    used 1469K, capacity 1501K, committed 1536K, reserved 1048576K
5691.903: [GC (Allocation Failure) [PSYoungGen: 517216K->928K(518656K)] 605016K->88728K(1559040K), 0.0019360 secs] [Times: user=0.00 sys=0.00, real=0.00 secs] 
Heap after GC invocations=815 (full 0):
 PSYoungGen      total 518656K, used 928K [0x00000000e0400000, 0x0000000100000000, 0x0000000100000000)
  eden space 517120K, 0% used [0x00000000e0400000,0x00000000e0400000,0x00000000ffd00000)
  from space 1536K, 60% used [0x00000000ffd00000,0x00000000ffde8000,0x00000000ffe80000)
  to   space 1536K, 0% used [0x00000000ffe80000,0x00000000ffe80000,0x0000000100000000)
 ParOldGen       total 1040384K, used 87800K [0x00000000a0c00000, 0x00000000e0400000, 0x00000000e0400000)
  object space 1040384K, 8% used [0x00000000a0c00000,0x00000000a61be3c8,0x00000000e0400000)
 Metaspace       used 13042K, capacity 13234K, committed 13312K, reserved 1060864K
  class space    used 1469K, capacity 1501K, committed 1536K, reserved 1048576K
}
{Heap before GC invocations=816 (full 0):
 PSYoungGen      total 518656K, used 518048K [0x00000000e0400000, 0x0000000100000000, 0x0000000100000000)
  eden space 517120K, 100% used [0x00000000e0400000,0x00000000ffd00000,0x00000000ffd00000)
  from space 1536K, 60% used [0x00000000ffd00000,0x00000000ffde8000,0x00000000ffe80000)
  to   space 1536K, 0% used [0x00000000ffe80000,0x00000000ffe80000,0x0000000100000000)
 ParOldGen       total 1040384K, used 87800K [0x00000000a0c00000, 0x00000000e0400000, 0x00000000e0400000)
  object space 1040384K, 8% used [0x00000000a0c00000,0x00000000a61be3c8,0x00000000e0400000)
 Metaspace       used 13042K, capacity 13234K, committed 13312K, reserved 1060864K
  class space    used 1469K, capacity 1501K, committed 1536K, reserved 1048576K
5699.044: [GC (Allocation Failure) [PSYoungGen: 518048K->160K(518656K)] 605848K->87960K(1559040K), 0.0016919 secs] [Times: user=0.00 sys=0.00, real=0.00 secs] 
Heap after GC invocations=816 (full 0):
 PSYoungGen      total 518656K, used 160K [0x00000000e0400000, 0x0000000100000000, 0x0000000100000000)
  eden space 517120K, 0% used [0x00000000e0400000,0x00000000e0400000,0x00000000ffd00000)
  from space 1536K, 10% used [0x00000000ffe80000,0x00000000ffea8000,0x0000000100000000)
  to   space 1536K, 0% used [0x00000000ffd00000,0x00000000ffd00000,0x00000000ffe80000)
 ParOldGen       total 1040384K, used 87800K [0x00000000a0c00000, 0x00000000e0400000, 0x00000000e0400000)
  object space 1040384K, 8% used [0x00000000a0c00000,0x00000000a61be3c8,0x00000000e0400000)
 Metaspace       used 13042K, capacity 13234K, committed 13312K, reserved 1060864K
  class space    used 1469K, capacity 1501K, committed 1536K, reserved 1048576K
}
{Heap before GC invocations=817 (full 0):
 PSYoungGen      total 518656K, used 517280K [0x00000000e0400000, 0x0000000100000000, 0x0000000100000000)
  eden space 517120K, 100% used [0x00000000e0400000,0x00000000ffd00000,0x00000000ffd00000)
  from space 1536K, 10% used [0x00000000ffe80000,0x00000000ffea8000,0x0000000100000000)
  to   space 1536K, 0% used [0x00000000ffd00000,0x00000000ffd00000,0x00000000ffe80000)
 ParOldGen       total 1040384K, used 87800K [0x00000000a0c00000, 0x00000000e0400000, 0x00000000e0400000)
  object space 1040384K, 8% used [0x00000000a0c00000,0x00000000a61be3c8,0x00000000e0400000)
 Metaspace       used 13042K, capacity 13234K, committed 13312K, reserved 1060864K
  class space    used 1469K, capacity 1501K, committed 1536K, reserved 1048576K
5705.999: [GC (Allocation Failure) [PSYoungGen: 517280K->128K(518656K)] 605080K->87928K(1559040K), 0.0019255 secs] [Times: user=0.00 sys=0.00, real=0.00 secs] 
Heap after GC invocations=817 (full 0):
 PSYoungGen      total 518656K, used 128K [0x00000000e0400000, 0x0000000100000000, 0x0000000100000000)
  eden space 517120K, 0% used [0x00000000e0400000,0x00000000e0400000,0x00000000ffd00000)
  from space 1536K, 8% used [0x00000000ffd00000,0x00000000ffd20000,0x00000000ffe80000)
  to   space 1536K, 0% used [0x00000000ffe80000,0x00000000ffe80000,0x0000000100000000)
 ParOldGen       total 1040384K, used 87800K [0x00000000a0c00000, 0x00000000e0400000, 0x00000000e0400000)
  object space 1040384K, 8% used [0x00000000a0c00000,0x00000000a61be3c8,0x00000000e0400000)
 Metaspace       used 13042K, capacity 13234K, committed 13312K, reserved 1060864K
  class space    used 1469K, capacity 1501K, committed 1536K, reserved 1048576K
}
{Heap before GC invocations=818 (full 0):
 PSYoungGen      total 518656K, used 517248K [0x00000000e0400000, 0x0000000100000000, 0x0000000100000000)
  eden space 517120K, 100% used [0x00000000e0400000,0x00000000ffd00000,0x00000000ffd00000)
  from space 1536K, 8% used [0x00000000ffd00000,0x00000000ffd20000,0x00000000ffe80000)
  to   space 1536K, 0% used [0x00000000ffe80000,0x00000000ffe80000,0x0000000100000000)
 ParOldGen       total 1040384K, used 87800K [0x00000000a0c00000, 0x00000000e0400000, 0x00000000e0400000)
  object space 1040384K, 8% used [0x00000000a0c00000,0x00000000a61be3c8,0x00000000e0400000)
 Metaspace       used 13042K, capacity 13234K, committed 13312K, reserved 1060864K
  class space    used 1469K, capacity 1501K, committed 1536K, reserved 1048576K
5713.038: [GC (Allocation Failure) [PSYoungGen: 517248K->64K(518656K)] 605048K->87872K(1559040K), 0.0024697 secs] [Times: user=0.00 sys=0.00, real=0.00 secs] 
Heap after GC invocations=818 (full 0):
 PSYoungGen      total 518656K, used 64K [0x00000000e0400000, 0x0000000100000000, 0x0000000100000000)
  eden space 517120K, 0% used [0x00000000e0400000,0x00000000e0400000,0x00000000ffd00000)
  from space 1536K, 4% used [0x00000000ffe80000,0x00000000ffe90000,0x0000000100000000)
  to   space 1536K, 0% used [0x00000000ffd00000,0x00000000ffd00000,0x00000000ffe80000)
 ParOldGen       total 1040384K, used 87808K [0x00000000a0c00000, 0x00000000e0400000, 0x00000000e0400000)
  object space 1040384K, 8% used [0x00000000a0c00000,0x00000000a61c03c8,0x00000000e0400000)
 Metaspace       used 13042K, capacity 13234K, committed 13312K, reserved 1060864K
  class space    used 1469K, capacity 1501K, committed 1536K, reserved 1048576K
}
{Heap before GC invocations=819 (full 0):
 PSYoungGen      total 518656K, used 517184K [0x00000000e0400000, 0x0000000100000000, 0x0000000100000000)
  eden space 517120K, 100% used [0x00000000e0400000,0x00000000ffd00000,0x00000000ffd00000)
  from space 1536K, 4% used [0x00000000ffe80000,0x00000000ffe90000,0x0000000100000000)
  to   space 1536K, 0% used [0x00000000ffd00000,0x00000000ffd00000,0x00000000ffe80000)
 ParOldGen       total 1040384K, used 87808K [0x00000000a0c00000, 0x00000000e0400000, 0x00000000e0400000)
  object space 1040384K, 8% used [0x00000000a0c00000,0x00000000a61c03c8,0x00000000e0400000)
 Metaspace       used 13042K, capacity 13234K, committed 13312K, reserved 1060864K
  class space    used 1469K, capacity 1501K, committed 1536K, reserved 1048576K
5720.032: [GC (Allocation Failure) [PSYoungGen: 517184K->192K(518656K)] 604992K->88000K(1559040K), 0.0014481 secs] [Times: user=0.00 sys=0.00, real=0.00 secs] 
Heap after GC invocations=819 (full 0):
 PSYoungGen      total 518656K, used 192K [0x00000000e0400000, 0x0000000100000000, 0x0000000100000000)
  eden space 517120K, 0% used [0x00000000e0400000,0x00000000e0400000,0x00000000ffd00000)
  from space 1536K, 12% used [0x00000000ffd00000,0x00000000ffd30000,0x00000000ffe80000)
  to   space 1536K, 0% used [0x00000000ffe80000,0x00000000ffe80000,0x0000000100000000)
 ParOldGen       total 1040384K, used 87808K [0x00000000a0c00000, 0x00000000e0400000, 0x00000000e0400000)
  object space 1040384K, 8% used [0x00000000a0c00000,0x00000000a61c03c8,0x00000000e0400000)
 Metaspace       used 13042K, capacity 13234K, committed 13312K, reserved 1060864K
  class space    used 1469K, capacity 1501K, committed 1536K, reserved 1048576K
}
{Heap before GC invocations=820 (full 0):
 PSYoungGen      total 518656K, used 517312K [0x00000000e0400000, 0x0000000100000000, 0x0000000100000000)
  eden space 517120K, 100% used [0x00000000e0400000,0x00000000ffd00000,0x00000000ffd00000)
  from space 1536K, 12% used [0x00000000ffd00000,0x00000000ffd30000,0x00000000ffe80000)
  to   space 1536K, 0% used [0x00000000ffe80000,0x00000000ffe80000,0x0000000100000000)
 ParOldGen       total 1040384K, used 87808K [0x00000000a0c00000, 0x00000000e0400000, 0x00000000e0400000)
  object space 1040384K, 8% used [0x00000000a0c00000,0x00000000a61c03e8,0x00000000e0400000)
 Metaspace       used 13042K, capacity 13234K, committed 13312K, reserved 1060864K
  class space    used 1469K, capacity 1501K, committed 1536K, reserved 1048576K
5727.139: [GC (GCLocker Initiated GC) [PSYoungGen: 517312K->1184K(518656K)] 605120K->88992K(1559040K), 0.0018303 secs] [Times: user=0.00 sys=0.00, real=0.00 secs] 
Heap after GC invocations=820 (full 0):
 PSYoungGen      total 518656K, used 1184K [0x00000000e0400000, 0x0000000100000000, 0x0000000100000000)
  eden space 517120K, 0% used [0x00000000e0400000,0x00000000e0400000,0x00000000ffd00000)
  from space 1536K, 77% used [0x00000000ffe80000,0x00000000fffa8000,0x0000000100000000)
  to   space 1536K, 0% used [0x00000000ffd00000,0x00000000ffd00000,0x00000000ffe80000)
 ParOldGen       total 1040384K, used 87808K [0x00000000a0c00000, 0x00000000e0400000, 0x00000000e0400000)
  object space 1040384K, 8% used [0x00000000a0c00000,0x00000000a61c03e8,0x00000000e0400000)
 Metaspace       used 13042K, capacity 13234K, committed 13312K, reserved 1060864K
  class space    used 1469K, capacity 1501K, committed 1536K, reserved 1048576K
}
{Heap before GC invocations=821 (full 0):
 PSYoungGen      total 518656K, used 518304K [0x00000000e0400000, 0x0000000100000000, 0x0000000100000000)
  eden space 517120K, 100% used [0x00000000e0400000,0x00000000ffd00000,0x00000000ffd00000)
  from space 1536K, 77% used [0x00000000ffe80000,0x00000000fffa8000,0x0000000100000000)
  to   space 1536K, 0% used [0x00000000ffd00000,0x00000000ffd00000,0x00000000ffe80000)
 ParOldGen       total 1040384K, used 87812K [0x00000000a0c00000, 0x00000000e0400000, 0x00000000e0400000)
  object space 1040384K, 8% used [0x00000000a0c00000,0x00000000a61c1038,0x00000000e0400000)
 Metaspace       used 13042K, capacity 13234K, committed 13312K, reserved 1060864K
  class space    used 1469K, capacity 1501K, committed 1536K, reserved 1048576K
5734.236: [GC (Allocation Failure) [PSYoungGen: 518304K->160K(518656K)] 606116K->87988K(1559040K), 0.0017628 secs] [Times: user=0.00 sys=0.00, real=0.00 secs] 
Heap after GC invocations=821 (full 0):
 PSYoungGen      total 518656K, used 160K [0x00000000e0400000, 0x0000000100000000, 0x0000000100000000)
  eden space 517120K, 0% used [0x00000000e0400000,0x00000000e0400000,0x00000000ffd00000)
  from space 1536K, 10% used [0x00000000ffd00000,0x00000000ffd28000,0x00000000ffe80000)
  to   space 1536K, 0% used [0x00000000ffe80000,0x00000000ffe80000,0x0000000100000000)
 ParOldGen       total 1040384K, used 87828K [0x00000000a0c00000, 0x00000000e0400000, 0x00000000e0400000)
  object space 1040384K, 8% used [0x00000000a0c00000,0x00000000a61c5038,0x00000000e0400000)
 Metaspace       used 13042K, capacity 13234K, committed 13312K, reserved 1060864K
  class space    used 1469K, capacity 1501K, committed 1536K, reserved 1048576K
}
{Heap before GC invocations=822 (full 0):
 PSYoungGen      total 518656K, used 517280K [0x00000000e0400000, 0x0000000100000000, 0x0000000100000000)
  eden space 517120K, 100% used [0x00000000e0400000,0x00000000ffd00000,0x00000000ffd00000)
  from space 1536K, 10% used [0x00000000ffd00000,0x00000000ffd28000,0x00000000ffe80000)
  to   space 1536K, 0% used [0x00000000ffe80000,0x00000000ffe80000,0x0000000100000000)
 ParOldGen       total 1040384K, used 87828K [0x00000000a0c00000, 0x00000000e0400000, 0x00000000e0400000)
  object space 1040384K, 8% used [0x00000000a0c00000,0x00000000a61c5038,0x00000000e0400000)
 Metaspace       used 13042K, capacity 13234K, committed 13312K, reserved 1060864K
  class space    used 1469K, capacity 1501K, committed 1536K, reserved 1048576K
5741.335: [GC (Allocation Failure) [PSYoungGen: 517280K->256K(518656K)] 605108K->88132K(1559040K), 0.0012922 secs] [Times: user=0.00 sys=0.00, real=0.00 secs] 
Heap after GC invocations=822 (full 0):
 PSYoungGen      total 518656K, used 256K [0x00000000e0400000, 0x0000000100000000, 0x0000000100000000)
  eden space 517120K, 0% used [0x00000000e0400000,0x00000000e0400000,0x00000000ffd00000)
  from space 1536K, 16% used [0x00000000ffe80000,0x00000000ffec0000,0x0000000100000000)
  to   space 1536K, 0% used [0x00000000ffd00000,0x00000000ffd00000,0x00000000ffe80000)
 ParOldGen       total 1040384K, used 87876K [0x00000000a0c00000, 0x00000000e0400000, 0x00000000e0400000)
  object space 1040384K, 8% used [0x00000000a0c00000,0x00000000a61d1038,0x00000000e0400000)
 Metaspace       used 13042K, capacity 13234K, committed 13312K, reserved 1060864K
  class space    used 1469K, capacity 1501K, committed 1536K, reserved 1048576K
}
{Heap before GC invocations=823 (full 0):
 PSYoungGen      total 518656K, used 517376K [0x00000000e0400000, 0x0000000100000000, 0x0000000100000000)
  eden space 517120K, 100% used [0x00000000e0400000,0x00000000ffd00000,0x00000000ffd00000)
  from space 1536K, 16% used [0x00000000ffe80000,0x00000000ffec0000,0x0000000100000000)
  to   space 1536K, 0% used [0x00000000ffd00000,0x00000000ffd00000,0x00000000ffe80000)
 ParOldGen       total 1040384K, used 87876K [0x00000000a0c00000, 0x00000000e0400000, 0x00000000e0400000)
  object space 1040384K, 8% used [0x00000000a0c00000,0x00000000a61d1038,0x00000000e0400000)
 Metaspace       used 13042K, capacity 13234K, committed 13312K, reserved 1060864K
  class space    used 1469K, capacity 1501K, committed 1536K, reserved 1048576K
5748.313: [GC (Allocation Failure) [PSYoungGen: 517376K->256K(518656K)] 605252K->88156K(1559040K), 0.0012866 secs] [Times: user=0.00 sys=0.00, real=0.00 secs] 
Heap after GC invocations=823 (full 0):
 PSYoungGen      total 518656K, used 256K [0x00000000e0400000, 0x0000000100000000, 0x0000000100000000)
  eden space 517120K, 0% used [0x00000000e0400000,0x00000000e0400000,0x00000000ffd00000)
  from space 1536K, 16% used [0x00000000ffd00000,0x00000000ffd40000,0x00000000ffe80000)
  to   space 1536K, 0% used [0x00000000ffe80000,0x00000000ffe80000,0x0000000100000000)
 ParOldGen       total 1040384K, used 87900K [0x00000000a0c00000, 0x00000000e0400000, 0x00000000e0400000)
  object space 1040384K, 8% used [0x00000000a0c00000,0x00000000a61d7038,0x00000000e0400000)
 Metaspace       used 13042K, capacity 13234K, committed 13312K, reserved 1060864K
  class space    used 1469K, capacity 1501K, committed 1536K, reserved 1048576K
}
{Heap before GC invocations=824 (full 0):
 PSYoungGen      total 518656K, used 517376K [0x00000000e0400000, 0x0000000100000000, 0x0000000100000000)
  eden space 517120K, 100% used [0x00000000e0400000,0x00000000ffd00000,0x00000000ffd00000)
  from space 1536K, 16% used [0x00000000ffd00000,0x00000000ffd40000,0x00000000ffe80000)
  to   space 1536K, 0% used [0x00000000ffe80000,0x00000000ffe80000,0x0000000100000000)
 ParOldGen       total 1040384K, used 87900K [0x00000000a0c00000, 0x00000000e0400000, 0x00000000e0400000)
  object space 1040384K, 8% used [0x00000000a0c00000,0x00000000a61d7038,0x00000000e0400000)
 Metaspace       used 13042K, capacity 13234K, committed 13312K, reserved 1060864K
  class space    used 1469K, capacity 1501K, committed 1536K, reserved 1048576K
5755.315: [GC (Allocation Failure) [PSYoungGen: 517376K->192K(518656K)] 605276K->88092K(1559040K), 0.0018082 secs] [Times: user=0.00 sys=0.00, real=0.00 secs] 
Heap after GC invocations=824 (full 0):
 PSYoungGen      total 518656K, used 192K [0x00000000e0400000, 0x0000000100000000, 0x0000000100000000)
  eden space 517120K, 0% used [0x00000000e0400000,0x00000000e0400000,0x00000000ffd00000)
  from space 1536K, 12% used [0x00000000ffe80000,0x00000000ffeb0000,0x0000000100000000)
  to   space 1536K, 0% used [0x00000000ffd00000,0x00000000ffd00000,0x00000000ffe80000)
 ParOldGen       total 1040384K, used 87900K [0x00000000a0c00000, 0x00000000e0400000, 0x00000000e0400000)
  object space 1040384K, 8% used [0x00000000a0c00000,0x00000000a61d7038,0x00000000e0400000)
 Metaspace       used 13042K, capacity 13234K, committed 13312K, reserved 1060864K
  class space    used 1469K, capacity 1501K, committed 1536K, reserved 1048576K
}
{Heap before GC invocations=825 (full 0):
 PSYoungGen      total 518656K, used 517312K [0x00000000e0400000, 0x0000000100000000, 0x0000000100000000)
  eden space 517120K, 100% used [0x00000000e0400000,0x00000000ffd00000,0x00000000ffd00000)
  from space 1536K, 12% used [0x00000000ffe80000,0x00000000ffeb0000,0x0000000100000000)
  to   space 1536K, 0% used [0x00000000ffd00000,0x00000000ffd00000,0x00000000ffe80000)
 ParOldGen       total 1040384K, used 87901K [0x00000000a0c00000, 0x00000000e0400000, 0x00000000e0400000)
  object space 1040384K, 8% used [0x00000000a0c00000,0x00000000a61d7588,0x00000000e0400000)
 Metaspace       used 13043K, capacity 13234K, committed 13312K, reserved 1060864K
  class space    used 1469K, capacity 1501K, committed 1536K, reserved 1048576K
5762.280: [GC (GCLocker Initiated GC) [PSYoungGen: 517312K->1536K(518656K)] 605213K->89549K(1559040K), 0.0023506 secs] [Times: user=0.00 sys=0.00, real=0.00 secs] 
Heap after GC invocations=825 (full 0):
 PSYoungGen      total 518656K, used 1536K [0x00000000e0400000, 0x0000000100000000, 0x0000000100000000)
  eden space 517120K, 0% used [0x00000000e0400000,0x00000000e0400000,0x00000000ffd00000)
  from space 1536K, 100% used [0x00000000ffd00000,0x00000000ffe80000,0x00000000ffe80000)
  to   space 1536K, 0% used [0x00000000ffe80000,0x00000000ffe80000,0x0000000100000000)
 ParOldGen       total 1040384K, used 88013K [0x00000000a0c00000, 0x00000000e0400000, 0x00000000e0400000)
  object space 1040384K, 8% used [0x00000000a0c00000,0x00000000a61f3588,0x00000000e0400000)
 Metaspace       used 13043K, capacity 13234K, committed 13312K, reserved 1060864K
  class space    used 1469K, capacity 1501K, committed 1536K, reserved 1048576K
}
{Heap before GC invocations=826 (full 0):
 PSYoungGen      total 518656K, used 518656K [0x00000000e0400000, 0x0000000100000000, 0x0000000100000000)
  eden space 517120K, 100% used [0x00000000e0400000,0x00000000ffd00000,0x00000000ffd00000)
  from space 1536K, 100% used [0x00000000ffd00000,0x00000000ffe80000,0x00000000ffe80000)
  to   space 1536K, 0% used [0x00000000ffe80000,0x00000000ffe80000,0x0000000100000000)
 ParOldGen       total 1040384K, used 88016K [0x00000000a0c00000, 0x00000000e0400000, 0x00000000e0400000)
  object space 1040384K, 8% used [0x00000000a0c00000,0x00000000a61f41e8,0x00000000e0400000)
 Metaspace       used 13043K, capacity 13234K, committed 13312K, reserved 1060864K
  class space    used 1469K, capacity 1501K, committed 1536K, reserved 1048576K
5769.361: [GC (Allocation Failure) [PSYoungGen: 518656K->224K(518656K)] 606672K->88272K(1559040K), 0.0013240 secs] [Times: user=0.00 sys=0.00, real=0.00 secs] 
Heap after GC invocations=826 (full 0):
 PSYoungGen      total 518656K, used 224K [0x00000000e0400000, 0x0000000100000000, 0x0000000100000000)
  eden space 517120K, 0% used [0x00000000e0400000,0x00000000e0400000,0x00000000ffd00000)
  from space 1536K, 14% used [0x00000000ffe80000,0x00000000ffeb8000,0x0000000100000000)
  to   space 1536K, 0% used [0x00000000ffd00000,0x00000000ffd00000,0x00000000ffe80000)
 ParOldGen       total 1040384K, used 88048K [0x00000000a0c00000, 0x00000000e0400000, 0x00000000e0400000)
  object space 1040384K, 8% used [0x00000000a0c00000,0x00000000a61fc1e8,0x00000000e0400000)
 Metaspace       used 13043K, capacity 13234K, committed 13312K, reserved 1060864K
  class space    used 1469K, capacity 1501K, committed 1536K, reserved 1048576K
}
{Heap before GC invocations=827 (full 0):
 PSYoungGen      total 518656K, used 517344K [0x00000000e0400000, 0x0000000100000000, 0x0000000100000000)
  eden space 517120K, 100% used [0x00000000e0400000,0x00000000ffd00000,0x00000000ffd00000)
  from space 1536K, 14% used [0x00000000ffe80000,0x00000000ffeb8000,0x0000000100000000)
  to   space 1536K, 0% used [0x00000000ffd00000,0x00000000ffd00000,0x00000000ffe80000)
 ParOldGen       total 1040384K, used 88048K [0x00000000a0c00000, 0x00000000e0400000, 0x00000000e0400000)
  object space 1040384K, 8% used [0x00000000a0c00000,0x00000000a61fc1e8,0x00000000e0400000)
 Metaspace       used 13043K, capacity 13234K, committed 13312K, reserved 1060864K
  class space    used 1469K, capacity 1501K, committed 1536K, reserved 1048576K
5776.431: [GC (Allocation Failure) [PSYoungGen: 517344K->224K(518656K)] 605392K->88320K(1559040K), 0.0013423 secs] [Times: user=0.00 sys=0.00, real=0.00 secs] 
Heap after GC invocations=827 (full 0):
 PSYoungGen      total 518656K, used 224K [0x00000000e0400000, 0x0000000100000000, 0x0000000100000000)
  eden space 517120K, 0% used [0x00000000e0400000,0x00000000e0400000,0x00000000ffd00000)
  from space 1536K, 14% used [0x00000000ffd00000,0x00000000ffd38000,0x00000000ffe80000)
  to   space 1536K, 0% used [0x00000000ffe80000,0x00000000ffe80000,0x0000000100000000)
 ParOldGen       total 1040384K, used 88096K [0x00000000a0c00000, 0x00000000e0400000, 0x00000000e0400000)
  object space 1040384K, 8% used [0x00000000a0c00000,0x00000000a62081e8,0x00000000e0400000)
 Metaspace       used 13043K, capacity 13234K, committed 13312K, reserved 1060864K
  class space    used 1469K, capacity 1501K, committed 1536K, reserved 1048576K
}
{Heap before GC invocations=828 (full 0):
 PSYoungGen      total 518656K, used 517344K [0x00000000e0400000, 0x0000000100000000, 0x0000000100000000)
  eden space 517120K, 100% used [0x00000000e0400000,0x00000000ffd00000,0x00000000ffd00000)
  from space 1536K, 14% used [0x00000000ffd00000,0x00000000ffd38000,0x00000000ffe80000)
  to   space 1536K, 0% used [0x00000000ffe80000,0x00000000ffe80000,0x0000000100000000)
 ParOldGen       total 1040384K, used 88096K [0x00000000a0c00000, 0x00000000e0400000, 0x00000000e0400000)
  object space 1040384K, 8% used [0x00000000a0c00000,0x00000000a62081e8,0x00000000e0400000)
 Metaspace       used 13043K, capacity 13234K, committed 13312K, reserved 1060864K
  class space    used 1469K, capacity 1501K, committed 1536K, reserved 1048576K
5783.460: [GC (Allocation Failure) [PSYoungGen: 517344K->224K(518656K)] 605440K->88360K(1559040K), 0.0012950 secs] [Times: user=0.00 sys=0.00, real=0.00 secs] 
Heap after GC invocations=828 (full 0):
 PSYoungGen      total 518656K, used 224K [0x00000000e0400000, 0x0000000100000000, 0x0000000100000000)
  eden space 517120K, 0% used [0x00000000e0400000,0x00000000e0400000,0x00000000ffd00000)
  from space 1536K, 14% used [0x00000000ffe80000,0x00000000ffeb8000,0x0000000100000000)
  to   space 1536K, 0% used [0x00000000ffd00000,0x00000000ffd00000,0x00000000ffe80000)
 ParOldGen       total 1040384K, used 88136K [0x00000000a0c00000, 0x00000000e0400000, 0x00000000e0400000)
  object space 1040384K, 8% used [0x00000000a0c00000,0x00000000a62121e8,0x00000000e0400000)
 Metaspace       used 13043K, capacity 13234K, committed 13312K, reserved 1060864K
  class space    used 1469K, capacity 1501K, committed 1536K, reserved 1048576K
}
{Heap before GC invocations=829 (full 0):
 PSYoungGen      total 518656K, used 517344K [0x00000000e0400000, 0x0000000100000000, 0x0000000100000000)
  eden space 517120K, 100% used [0x00000000e0400000,0x00000000ffd00000,0x00000000ffd00000)
  from space 1536K, 14% used [0x00000000ffe80000,0x00000000ffeb8000,0x0000000100000000)
  to   space 1536K, 0% used [0x00000000ffd00000,0x00000000ffd00000,0x00000000ffe80000)
 ParOldGen       total 1040384K, used 88136K [0x00000000a0c00000, 0x00000000e0400000, 0x00000000e0400000)
  object space 1040384K, 8% used [0x00000000a0c00000,0x00000000a62121e8,0x00000000e0400000)
 Metaspace       used 13043K, capacity 13234K, committed 13312K, reserved 1060864K
  class space    used 1469K, capacity 1501K, committed 1536K, reserved 1048576K
5790.410: [GC (Allocation Failure) [PSYoungGen: 517344K->576K(518656K)] 605480K->88712K(1559040K), 0.0020614 secs] [Times: user=0.09 sys=0.00, real=0.00 secs] 
Heap after GC invocations=829 (full 0):
 PSYoungGen      total 518656K, used 576K [0x00000000e0400000, 0x0000000100000000, 0x0000000100000000)
  eden space 517120K, 0% used [0x00000000e0400000,0x00000000e0400000,0x00000000ffd00000)
  from space 1536K, 37% used [0x00000000ffd00000,0x00000000ffd90000,0x00000000ffe80000)
  to   space 1536K, 0% used [0x00000000ffe80000,0x00000000ffe80000,0x0000000100000000)
 ParOldGen       total 1040384K, used 88136K [0x00000000a0c00000, 0x00000000e0400000, 0x00000000e0400000)
  object space 1040384K, 8% used [0x00000000a0c00000,0x00000000a62121e8,0x00000000e0400000)
 Metaspace       used 13043K, capacity 13234K, committed 13312K, reserved 1060864K
  class space    used 1469K, capacity 1501K, committed 1536K, reserved 1048576K
}
{Heap before GC invocations=830 (full 0):
 PSYoungGen      total 518656K, used 517696K [0x00000000e0400000, 0x0000000100000000, 0x0000000100000000)
  eden space 517120K, 100% used [0x00000000e0400000,0x00000000ffd00000,0x00000000ffd00000)
  from space 1536K, 37% used [0x00000000ffd00000,0x00000000ffd90000,0x00000000ffe80000)
  to   space 1536K, 0% used [0x00000000ffe80000,0x00000000ffe80000,0x0000000100000000)
 ParOldGen       total 1040384K, used 88136K [0x00000000a0c00000, 0x00000000e0400000, 0x00000000e0400000)
  object space 1040384K, 8% used [0x00000000a0c00000,0x00000000a6212240,0x00000000e0400000)
 Metaspace       used 13043K, capacity 13234K, committed 13312K, reserved 1060864K
  class space    used 1469K, capacity 1501K, committed 1536K, reserved 1048576K
5797.404: [GC (GCLocker Initiated GC) [PSYoungGen: 517696K->1536K(517632K)] 605832K->89888K(1558016K), 0.0028264 secs] [Times: user=0.00 sys=0.00, real=0.00 secs] 
Heap after GC invocations=830 (full 0):
 PSYoungGen      total 517632K, used 1536K [0x00000000e0400000, 0x0000000100000000, 0x0000000100000000)
  eden space 516096K, 0% used [0x00000000e0400000,0x00000000e0400000,0x00000000ffc00000)
  from space 1536K, 100% used [0x00000000ffe80000,0x0000000100000000,0x0000000100000000)
  to   space 2048K, 0% used [0x00000000ffc00000,0x00000000ffc00000,0x00000000ffe00000)
 ParOldGen       total 1040384K, used 88352K [0x00000000a0c00000, 0x00000000e0400000, 0x00000000e0400000)
  object space 1040384K, 8% used [0x00000000a0c00000,0x00000000a6248240,0x00000000e0400000)
 Metaspace       used 13043K, capacity 13234K, committed 13312K, reserved 1060864K
  class space    used 1469K, capacity 1501K, committed 1536K, reserved 1048576K
}
{Heap before GC invocations=831 (full 0):
 PSYoungGen      total 517632K, used 517632K [0x00000000e0400000, 0x0000000100000000, 0x0000000100000000)
  eden space 516096K, 100% used [0x00000000e0400000,0x00000000ffc00000,0x00000000ffc00000)
  from space 1536K, 100% used [0x00000000ffe80000,0x0000000100000000,0x0000000100000000)
  to   space 2048K, 0% used [0x00000000ffc00000,0x00000000ffc00000,0x00000000ffe00000)
 ParOldGen       total 1040384K, used 88355K [0x00000000a0c00000, 0x00000000e0400000, 0x00000000e0400000)
  object space 1040384K, 8% used [0x00000000a0c00000,0x00000000a6248f00,0x00000000e0400000)
 Metaspace       used 13043K, capacity 13234K, committed 13312K, reserved 1060864K
  class space    used 1469K, capacity 1501K, committed 1536K, reserved 1048576K
5804.468: [GC (Allocation Failure) [PSYoungGen: 517632K->160K(518144K)] 605987K->88539K(1558528K), 0.0017444 secs] [Times: user=0.00 sys=0.00, real=0.00 secs] 
Heap after GC invocations=831 (full 0):
 PSYoungGen      total 518144K, used 160K [0x00000000e0400000, 0x0000000100000000, 0x0000000100000000)
  eden space 516096K, 0% used [0x00000000e0400000,0x00000000e0400000,0x00000000ffc00000)
  from space 2048K, 7% used [0x00000000ffc00000,0x00000000ffc28000,0x00000000ffe00000)
  to   space 2048K, 0% used [0x00000000ffe00000,0x00000000ffe00000,0x0000000100000000)
 ParOldGen       total 1040384K, used 88379K [0x00000000a0c00000, 0x00000000e0400000, 0x00000000e0400000)
  object space 1040384K, 8% used [0x00000000a0c00000,0x00000000a624ef00,0x00000000e0400000)
 Metaspace       used 13043K, capacity 13234K, committed 13312K, reserved 1060864K
  class space    used 1469K, capacity 1501K, committed 1536K, reserved 1048576K
}
{Heap before GC invocations=832 (full 0):
 PSYoungGen      total 518144K, used 516256K [0x00000000e0400000, 0x0000000100000000, 0x0000000100000000)
  eden space 516096K, 100% used [0x00000000e0400000,0x00000000ffc00000,0x00000000ffc00000)
  from space 2048K, 7% used [0x00000000ffc00000,0x00000000ffc28000,0x00000000ffe00000)
  to   space 2048K, 0% used [0x00000000ffe00000,0x00000000ffe00000,0x0000000100000000)
 ParOldGen       total 1040384K, used 88379K [0x00000000a0c00000, 0x00000000e0400000, 0x00000000e0400000)
  object space 1040384K, 8% used [0x00000000a0c00000,0x00000000a624ef00,0x00000000e0400000)
 Metaspace       used 13043K, capacity 13234K, committed 13312K, reserved 1060864K
  class space    used 1469K, capacity 1501K, committed 1536K, reserved 1048576K
5811.491: [GC (Allocation Failure) [PSYoungGen: 516256K->128K(518144K)] 604635K->88531K(1558528K), 0.0018950 secs] [Times: user=0.00 sys=0.00, real=0.00 secs] 
Heap after GC invocations=832 (full 0):
 PSYoungGen      total 518144K, used 128K [0x00000000e0400000, 0x0000000100000000, 0x0000000100000000)
  eden space 516096K, 0% used [0x00000000e0400000,0x00000000e0400000,0x00000000ffc00000)
  from space 2048K, 6% used [0x00000000ffe00000,0x00000000ffe20000,0x0000000100000000)
  to   space 2048K, 0% used [0x00000000ffc00000,0x00000000ffc00000,0x00000000ffe00000)
 ParOldGen       total 1040384K, used 88403K [0x00000000a0c00000, 0x00000000e0400000, 0x00000000e0400000)
  object space 1040384K, 8% used [0x00000000a0c00000,0x00000000a6254f00,0x00000000e0400000)
 Metaspace       used 13043K, capacity 13234K, committed 13312K, reserved 1060864K
  class space    used 1469K, capacity 1501K, committed 1536K, reserved 1048576K
}
{Heap before GC invocations=833 (full 0):
 PSYoungGen      total 518144K, used 516224K [0x00000000e0400000, 0x0000000100000000, 0x0000000100000000)
  eden space 516096K, 100% used [0x00000000e0400000,0x00000000ffc00000,0x00000000ffc00000)
  from space 2048K, 6% used [0x00000000ffe00000,0x00000000ffe20000,0x0000000100000000)
  to   space 2048K, 0% used [0x00000000ffc00000,0x00000000ffc00000,0x00000000ffe00000)
 ParOldGen       total 1040384K, used 88403K [0x00000000a0c00000, 0x00000000e0400000, 0x00000000e0400000)
  object space 1040384K, 8% used [0x00000000a0c00000,0x00000000a6254f00,0x00000000e0400000)
 Metaspace       used 13043K, capacity 13234K, committed 13312K, reserved 1060864K
  class space    used 1469K, capacity 1501K, committed 1536K, reserved 1048576K
5818.488: [GC (Allocation Failure) [PSYoungGen: 516224K->192K(518144K)] 604627K->88611K(1558528K), 0.0019270 secs] [Times: user=0.11 sys=0.00, real=0.00 secs] 
Heap after GC invocations=833 (full 0):
 PSYoungGen      total 518144K, used 192K [0x00000000e0400000, 0x0000000100000000, 0x0000000100000000)
  eden space 516096K, 0% used [0x00000000e0400000,0x00000000e0400000,0x00000000ffc00000)
  from space 2048K, 9% used [0x00000000ffc00000,0x00000000ffc30000,0x00000000ffe00000)
  to   space 1536K, 0% used [0x00000000ffe80000,0x00000000ffe80000,0x0000000100000000)
 ParOldGen       total 1040384K, used 88419K [0x00000000a0c00000, 0x00000000e0400000, 0x00000000e0400000)
  object space 1040384K, 8% used [0x00000000a0c00000,0x00000000a6258f00,0x00000000e0400000)
 Metaspace       used 13043K, capacity 13234K, committed 13312K, reserved 1060864K
  class space    used 1469K, capacity 1501K, committed 1536K, reserved 1048576K
}
{Heap before GC invocations=834 (full 0):
 PSYoungGen      total 518144K, used 516288K [0x00000000e0400000, 0x0000000100000000, 0x0000000100000000)
  eden space 516096K, 100% used [0x00000000e0400000,0x00000000ffc00000,0x00000000ffc00000)
  from space 2048K, 9% used [0x00000000ffc00000,0x00000000ffc30000,0x00000000ffe00000)
  to   space 1536K, 0% used [0x00000000ffe80000,0x00000000ffe80000,0x0000000100000000)
 ParOldGen       total 1040384K, used 88419K [0x00000000a0c00000, 0x00000000e0400000, 0x00000000e0400000)
  object space 1040384K, 8% used [0x00000000a0c00000,0x00000000a6258f00,0x00000000e0400000)
 Metaspace       used 13043K, capacity 13234K, committed 13312K, reserved 1060864K
  class space    used 1469K, capacity 1501K, committed 1536K, reserved 1048576K
5825.507: [GC (Allocation Failure) [PSYoungGen: 516288K->576K(518656K)] 604707K->88995K(1559040K), 0.0018328 secs] [Times: user=0.00 sys=0.00, real=0.00 secs] 
Heap after GC invocations=834 (full 0):
 PSYoungGen      total 518656K, used 576K [0x00000000e0400000, 0x0000000100000000, 0x0000000100000000)
  eden space 517120K, 0% used [0x00000000e0400000,0x00000000e0400000,0x00000000ffd00000)
  from space 1536K, 37% used [0x00000000ffe80000,0x00000000fff10000,0x0000000100000000)
  to   space 1536K, 0% used [0x00000000ffd00000,0x00000000ffd00000,0x00000000ffe80000)
 ParOldGen       total 1040384K, used 88419K [0x00000000a0c00000, 0x00000000e0400000, 0x00000000e0400000)
  object space 1040384K, 8% used [0x00000000a0c00000,0x00000000a6258f00,0x00000000e0400000)
 Metaspace       used 13043K, capacity 13234K, committed 13312K, reserved 1060864K
  class space    used 1469K, capacity 1501K, committed 1536K, reserved 1048576K
}
{Heap before GC invocations=835 (full 0):
 PSYoungGen      total 518656K, used 517696K [0x00000000e0400000, 0x0000000100000000, 0x0000000100000000)
  eden space 517120K, 100% used [0x00000000e0400000,0x00000000ffd00000,0x00000000ffd00000)
  from space 1536K, 37% used [0x00000000ffe80000,0x00000000fff10000,0x0000000100000000)
  to   space 1536K, 0% used [0x00000000ffd00000,0x00000000ffd00000,0x00000000ffe80000)
 ParOldGen       total 1040384K, used 88419K [0x00000000a0c00000, 0x00000000e0400000, 0x00000000e0400000)
  object space 1040384K, 8% used [0x00000000a0c00000,0x00000000a6258f00,0x00000000e0400000)
 Metaspace       used 13043K, capacity 13234K, committed 13312K, reserved 1060864K
  class space    used 1469K, capacity 1501K, committed 1536K, reserved 1048576K
5832.495: [GC (Allocation Failure) [PSYoungGen: 517696K->1536K(518656K)] 606115K->90243K(1559040K), 0.0023282 secs] [Times: user=0.00 sys=0.00, real=0.00 secs] 
Heap after GC invocations=835 (full 0):
 PSYoungGen      total 518656K, used 1536K [0x00000000e0400000, 0x0000000100000000, 0x0000000100000000)
  eden space 517120K, 0% used [0x00000000e0400000,0x00000000e0400000,0x00000000ffd00000)
  from space 1536K, 100% used [0x00000000ffd00000,0x00000000ffe80000,0x00000000ffe80000)
  to   space 1536K, 0% used [0x00000000ffe80000,0x00000000ffe80000,0x0000000100000000)
 ParOldGen       total 1040384K, used 88707K [0x00000000a0c00000, 0x00000000e0400000, 0x00000000e0400000)
  object space 1040384K, 8% used [0x00000000a0c00000,0x00000000a62a0f00,0x00000000e0400000)
 Metaspace       used 13043K, capacity 13234K, committed 13312K, reserved 1060864K
  class space    used 1469K, capacity 1501K, committed 1536K, reserved 1048576K
}
{Heap before GC invocations=836 (full 0):
 PSYoungGen      total 518656K, used 518656K [0x00000000e0400000, 0x0000000100000000, 0x0000000100000000)
  eden space 517120K, 100% used [0x00000000e0400000,0x00000000ffd00000,0x00000000ffd00000)
  from space 1536K, 100% used [0x00000000ffd00000,0x00000000ffe80000,0x00000000ffe80000)
  to   space 1536K, 0% used [0x00000000ffe80000,0x00000000ffe80000,0x0000000100000000)
 ParOldGen       total 1040384K, used 88707K [0x00000000a0c00000, 0x00000000e0400000, 0x00000000e0400000)
  object space 1040384K, 8% used [0x00000000a0c00000,0x00000000a62a0f00,0x00000000e0400000)
 Metaspace       used 13043K, capacity 13234K, committed 13312K, reserved 1060864K
  class space    used 1469K, capacity 1501K, committed 1536K, reserved 1048576K
5839.469: [GC (Allocation Failure) [PSYoungGen: 518656K->128K(517632K)] 607363K->88891K(1558016K), 0.0019954 secs] [Times: user=0.00 sys=0.00, real=0.00 secs] 
Heap after GC invocations=836 (full 0):
 PSYoungGen      total 517632K, used 128K [0x00000000e0400000, 0x0000000100000000, 0x0000000100000000)
  eden space 516096K, 0% used [0x00000000e0400000,0x00000000e0400000,0x00000000ffc00000)
  from space 1536K, 8% used [0x00000000ffe80000,0x00000000ffea0000,0x0000000100000000)
  to   space 2048K, 0% used [0x00000000ffc00000,0x00000000ffc00000,0x00000000ffe00000)
 ParOldGen       total 1040384K, used 88763K [0x00000000a0c00000, 0x00000000e0400000, 0x00000000e0400000)
  object space 1040384K, 8% used [0x00000000a0c00000,0x00000000a62aef00,0x00000000e0400000)
 Metaspace       used 13043K, capacity 13234K, committed 13312K, reserved 1060864K
  class space    used 1469K, capacity 1501K, committed 1536K, reserved 1048576K
}
{Heap before GC invocations=837 (full 0):
 PSYoungGen      total 517632K, used 516224K [0x00000000e0400000, 0x0000000100000000, 0x0000000100000000)
  eden space 516096K, 100% used [0x00000000e0400000,0x00000000ffc00000,0x00000000ffc00000)
  from space 1536K, 8% used [0x00000000ffe80000,0x00000000ffea0000,0x0000000100000000)
  to   space 2048K, 0% used [0x00000000ffc00000,0x00000000ffc00000,0x00000000ffe00000)
 ParOldGen       total 1040384K, used 88763K [0x00000000a0c00000, 0x00000000e0400000, 0x00000000e0400000)
  object space 1040384K, 8% used [0x00000000a0c00000,0x00000000a62aef00,0x00000000e0400000)
 Metaspace       used 13043K, capacity 13234K, committed 13312K, reserved 1060864K
  class space    used 1469K, capacity 1501K, committed 1536K, reserved 1048576K
5846.566: [GC (Allocation Failure) [PSYoungGen: 516224K->160K(518144K)] 604987K->88923K(1558528K), 0.0017899 secs] [Times: user=0.08 sys=0.00, real=0.00 secs] 
Heap after GC invocations=837 (full 0):
 PSYoungGen      total 518144K, used 160K [0x00000000e0400000, 0x0000000100000000, 0x0000000100000000)
  eden space 516096K, 0% used [0x00000000e0400000,0x00000000e0400000,0x00000000ffc00000)
  from space 2048K, 7% used [0x00000000ffc00000,0x00000000ffc28000,0x00000000ffe00000)
  to   space 2048K, 0% used [0x00000000ffe00000,0x00000000ffe00000,0x0000000100000000)
 ParOldGen       total 1040384K, used 88763K [0x00000000a0c00000, 0x00000000e0400000, 0x00000000e0400000)
  object space 1040384K, 8% used [0x00000000a0c00000,0x00000000a62aef00,0x00000000e0400000)
 Metaspace       used 13043K, capacity 13234K, committed 13312K, reserved 1060864K
  class space    used 1469K, capacity 1501K, committed 1536K, reserved 1048576K
}
{Heap before GC invocations=838 (full 0):
 PSYoungGen      total 518144K, used 516256K [0x00000000e0400000, 0x0000000100000000, 0x0000000100000000)
  eden space 516096K, 100% used [0x00000000e0400000,0x00000000ffc00000,0x00000000ffc00000)
  from space 2048K, 7% used [0x00000000ffc00000,0x00000000ffc28000,0x00000000ffe00000)
  to   space 2048K, 0% used [0x00000000ffe00000,0x00000000ffe00000,0x0000000100000000)
 ParOldGen       total 1040384K, used 88763K [0x00000000a0c00000, 0x00000000e0400000, 0x00000000e0400000)
  object space 1040384K, 8% used [0x00000000a0c00000,0x00000000a62aef00,0x00000000e0400000)
 Metaspace       used 13043K, capacity 13234K, committed 13312K, reserved 1060864K
  class space    used 1469K, capacity 1501K, committed 1536K, reserved 1048576K
5853.584: [GC (Allocation Failure) [PSYoungGen: 516256K->224K(518144K)] 605019K->88987K(1558528K), 0.0013209 secs] [Times: user=0.00 sys=0.00, real=0.00 secs] 
Heap after GC invocations=838 (full 0):
 PSYoungGen      total 518144K, used 224K [0x00000000e0400000, 0x0000000100000000, 0x0000000100000000)
  eden space 516096K, 0% used [0x00000000e0400000,0x00000000e0400000,0x00000000ffc00000)
  from space 2048K, 10% used [0x00000000ffe00000,0x00000000ffe38000,0x0000000100000000)
  to   space 2048K, 0% used [0x00000000ffc00000,0x00000000ffc00000,0x00000000ffe00000)
 ParOldGen       total 1040384K, used 88763K [0x00000000a0c00000, 0x00000000e0400000, 0x00000000e0400000)
  object space 1040384K, 8% used [0x00000000a0c00000,0x00000000a62aef00,0x00000000e0400000)
 Metaspace       used 13043K, capacity 13234K, committed 13312K, reserved 1060864K
  class space    used 1469K, capacity 1501K, committed 1536K, reserved 1048576K
}
{Heap before GC invocations=839 (full 0):
 PSYoungGen      total 518144K, used 516320K [0x00000000e0400000, 0x0000000100000000, 0x0000000100000000)
  eden space 516096K, 100% used [0x00000000e0400000,0x00000000ffc00000,0x00000000ffc00000)
  from space 2048K, 10% used [0x00000000ffe00000,0x00000000ffe38000,0x0000000100000000)
  to   space 2048K, 0% used [0x00000000ffc00000,0x00000000ffc00000,0x00000000ffe00000)
 ParOldGen       total 1040384K, used 88763K [0x00000000a0c00000, 0x00000000e0400000, 0x00000000e0400000)
  object space 1040384K, 8% used [0x00000000a0c00000,0x00000000a62aef00,0x00000000e0400000)
 Metaspace       used 13043K, capacity 13234K, committed 13312K, reserved 1060864K
  class space    used 1469K, capacity 1501K, committed 1536K, reserved 1048576K
5860.561: [GC (Allocation Failure) [PSYoungGen: 516320K->1120K(518144K)] 605083K->89891K(1558528K), 0.0015401 secs] [Times: user=0.00 sys=0.00, real=0.00 secs] 
Heap after GC invocations=839 (full 0):
 PSYoungGen      total 518144K, used 1120K [0x00000000e0400000, 0x0000000100000000, 0x0000000100000000)
  eden space 516096K, 0% used [0x00000000e0400000,0x00000000e0400000,0x00000000ffc00000)
  from space 2048K, 54% used [0x00000000ffc00000,0x00000000ffd18000,0x00000000ffe00000)
  to   space 2048K, 0% used [0x00000000ffe00000,0x00000000ffe00000,0x0000000100000000)
 ParOldGen       total 1040384K, used 88771K [0x00000000a0c00000, 0x00000000e0400000, 0x00000000e0400000)
  object space 1040384K, 8% used [0x00000000a0c00000,0x00000000a62b0f00,0x00000000e0400000)
 Metaspace       used 13043K, capacity 13234K, committed 13312K, reserved 1060864K
  class space    used 1469K, capacity 1501K, committed 1536K, reserved 1048576K
}
{Heap before GC invocations=840 (full 0):
 PSYoungGen      total 518144K, used 517216K [0x00000000e0400000, 0x0000000100000000, 0x0000000100000000)
  eden space 516096K, 100% used [0x00000000e0400000,0x00000000ffc00000,0x00000000ffc00000)
  from space 2048K, 54% used [0x00000000ffc00000,0x00000000ffd18000,0x00000000ffe00000)
  to   space 2048K, 0% used [0x00000000ffe00000,0x00000000ffe00000,0x0000000100000000)
 ParOldGen       total 1040384K, used 88771K [0x00000000a0c00000, 0x00000000e0400000, 0x00000000e0400000)
  object space 1040384K, 8% used [0x00000000a0c00000,0x00000000a62b0f00,0x00000000e0400000)
 Metaspace       used 13043K, capacity 13234K, committed 13312K, reserved 1060864K
  class space    used 1469K, capacity 1501K, committed 1536K, reserved 1048576K
5867.539: [GC (Allocation Failure) [PSYoungGen: 517216K->64K(518144K)] 605987K->88835K(1558528K), 0.0020327 secs] [Times: user=0.00 sys=0.00, real=0.00 secs] 
Heap after GC invocations=840 (full 0):
 PSYoungGen      total 518144K, used 64K [0x00000000e0400000, 0x0000000100000000, 0x0000000100000000)
  eden space 516096K, 0% used [0x00000000e0400000,0x00000000e0400000,0x00000000ffc00000)
  from space 2048K, 3% used [0x00000000ffe00000,0x00000000ffe10000,0x0000000100000000)
  to   space 2048K, 0% used [0x00000000ffc00000,0x00000000ffc00000,0x00000000ffe00000)
 ParOldGen       total 1040384K, used 88771K [0x00000000a0c00000, 0x00000000e0400000, 0x00000000e0400000)
  object space 1040384K, 8% used [0x00000000a0c00000,0x00000000a62b0f00,0x00000000e0400000)
 Metaspace       used 13043K, capacity 13234K, committed 13312K, reserved 1060864K
  class space    used 1469K, capacity 1501K, committed 1536K, reserved 1048576K
}
{Heap before GC invocations=841 (full 0):
 PSYoungGen      total 518144K, used 516160K [0x00000000e0400000, 0x0000000100000000, 0x0000000100000000)
  eden space 516096K, 100% used [0x00000000e0400000,0x00000000ffc00000,0x00000000ffc00000)
  from space 2048K, 3% used [0x00000000ffe00000,0x00000000ffe10000,0x0000000100000000)
  to   space 2048K, 0% used [0x00000000ffc00000,0x00000000ffc00000,0x00000000ffe00000)
 ParOldGen       total 1040384K, used 88771K [0x00000000a0c00000, 0x00000000e0400000, 0x00000000e0400000)
  object space 1040384K, 8% used [0x00000000a0c00000,0x00000000a62b0f00,0x00000000e0400000)
 Metaspace       used 13043K, capacity 13234K, committed 13312K, reserved 1060864K
  class space    used 1469K, capacity 1501K, committed 1536K, reserved 1048576K
5874.521: [GC (Allocation Failure) [PSYoungGen: 516160K->96K(518144K)] 604931K->88867K(1558528K), 0.0016256 secs] [Times: user=0.00 sys=0.00, real=0.00 secs] 
Heap after GC invocations=841 (full 0):
 PSYoungGen      total 518144K, used 96K [0x00000000e0400000, 0x0000000100000000, 0x0000000100000000)
  eden space 516096K, 0% used [0x00000000e0400000,0x00000000e0400000,0x00000000ffc00000)
  from space 2048K, 4% used [0x00000000ffc00000,0x00000000ffc18000,0x00000000ffe00000)
  to   space 2048K, 0% used [0x00000000ffe00000,0x00000000ffe00000,0x0000000100000000)
 ParOldGen       total 1040384K, used 88771K [0x00000000a0c00000, 0x00000000e0400000, 0x00000000e0400000)
  object space 1040384K, 8% used [0x00000000a0c00000,0x00000000a62b0f00,0x00000000e0400000)
 Metaspace       used 13043K, capacity 13234K, committed 13312K, reserved 1060864K
  class space    used 1469K, capacity 1501K, committed 1536K, reserved 1048576K
}
{Heap before GC invocations=842 (full 0):
 PSYoungGen      total 518144K, used 516192K [0x00000000e0400000, 0x0000000100000000, 0x0000000100000000)
  eden space 516096K, 100% used [0x00000000e0400000,0x00000000ffc00000,0x00000000ffc00000)
  from space 2048K, 4% used [0x00000000ffc00000,0x00000000ffc18000,0x00000000ffe00000)
  to   space 2048K, 0% used [0x00000000ffe00000,0x00000000ffe00000,0x0000000100000000)
 ParOldGen       total 1040384K, used 88771K [0x00000000a0c00000, 0x00000000e0400000, 0x00000000e0400000)
  object space 1040384K, 8% used [0x00000000a0c00000,0x00000000a62b0f00,0x00000000e0400000)
 Metaspace       used 13043K, capacity 13234K, committed 13312K, reserved 1060864K
  class space    used 1469K, capacity 1501K, committed 1536K, reserved 1048576K
5881.505: [GC (Allocation Failure) [PSYoungGen: 516192K->128K(518144K)] 604963K->88899K(1558528K), 0.0019870 secs] [Times: user=0.00 sys=0.00, real=0.00 secs] 
Heap after GC invocations=842 (full 0):
 PSYoungGen      total 518144K, used 128K [0x00000000e0400000, 0x0000000100000000, 0x0000000100000000)
  eden space 516096K, 0% used [0x00000000e0400000,0x00000000e0400000,0x00000000ffc00000)
  from space 2048K, 6% used [0x00000000ffe00000,0x00000000ffe20000,0x0000000100000000)
  to   space 2048K, 0% used [0x00000000ffc00000,0x00000000ffc00000,0x00000000ffe00000)
 ParOldGen       total 1040384K, used 88771K [0x00000000a0c00000, 0x00000000e0400000, 0x00000000e0400000)
  object space 1040384K, 8% used [0x00000000a0c00000,0x00000000a62b0f00,0x00000000e0400000)
 Metaspace       used 13043K, capacity 13234K, committed 13312K, reserved 1060864K
  class space    used 1469K, capacity 1501K, committed 1536K, reserved 1048576K
}
{Heap before GC invocations=843 (full 0):
 PSYoungGen      total 518144K, used 516224K [0x00000000e0400000, 0x0000000100000000, 0x0000000100000000)
  eden space 516096K, 100% used [0x00000000e0400000,0x00000000ffc00000,0x00000000ffc00000)
  from space 2048K, 6% used [0x00000000ffe00000,0x00000000ffe20000,0x0000000100000000)
  to   space 2048K, 0% used [0x00000000ffc00000,0x00000000ffc00000,0x00000000ffe00000)
 ParOldGen       total 1040384K, used 88771K [0x00000000a0c00000, 0x00000000e0400000, 0x00000000e0400000)
  object space 1040384K, 8% used [0x00000000a0c00000,0x00000000a62b0f00,0x00000000e0400000)
 Metaspace       used 13043K, capacity 13234K, committed 13312K, reserved 1060864K
  class space    used 1469K, capacity 1501K, committed 1536K, reserved 1048576K
5888.405: [GC (Allocation Failure) [PSYoungGen: 516224K->192K(518144K)] 604995K->88971K(1558528K), 0.0019852 secs] [Times: user=0.00 sys=0.00, real=0.00 secs] 
Heap after GC invocations=843 (full 0):
 PSYoungGen      total 518144K, used 192K [0x00000000e0400000, 0x0000000100000000, 0x0000000100000000)
  eden space 516096K, 0% used [0x00000000e0400000,0x00000000e0400000,0x00000000ffc00000)
  from space 2048K, 9% used [0x00000000ffc00000,0x00000000ffc30000,0x00000000ffe00000)
  to   space 2048K, 0% used [0x00000000ffe00000,0x00000000ffe00000,0x0000000100000000)
 ParOldGen       total 1040384K, used 88779K [0x00000000a0c00000, 0x00000000e0400000, 0x00000000e0400000)
  object space 1040384K, 8% used [0x00000000a0c00000,0x00000000a62b2f00,0x00000000e0400000)
 Metaspace       used 13043K, capacity 13234K, committed 13312K, reserved 1060864K
  class space    used 1469K, capacity 1501K, committed 1536K, reserved 1048576K
}
{Heap before GC invocations=844 (full 0):
 PSYoungGen      total 518144K, used 516288K [0x00000000e0400000, 0x0000000100000000, 0x0000000100000000)
  eden space 516096K, 100% used [0x00000000e0400000,0x00000000ffc00000,0x00000000ffc00000)
  from space 2048K, 9% used [0x00000000ffc00000,0x00000000ffc30000,0x00000000ffe00000)
  to   space 2048K, 0% used [0x00000000ffe00000,0x00000000ffe00000,0x0000000100000000)
 ParOldGen       total 1040384K, used 88779K [0x00000000a0c00000, 0x00000000e0400000, 0x00000000e0400000)
  object space 1040384K, 8% used [0x00000000a0c00000,0x00000000a62b2f00,0x00000000e0400000)
 Metaspace       used 13043K, capacity 13234K, committed 13312K, reserved 1060864K
  class space    used 1469K, capacity 1501K, committed 1536K, reserved 1048576K
5895.463: [GC (Allocation Failure) [PSYoungGen: 516288K->1984K(518144K)] 605067K->90763K(1558528K), 0.0026946 secs] [Times: user=0.00 sys=0.00, real=0.00 secs] 
Heap after GC invocations=844 (full 0):
 PSYoungGen      total 518144K, used 1984K [0x00000000e0400000, 0x0000000100000000, 0x0000000100000000)
  eden space 516096K, 0% used [0x00000000e0400000,0x00000000e0400000,0x00000000ffc00000)
  from space 2048K, 96% used [0x00000000ffe00000,0x00000000ffff0000,0x0000000100000000)
  to   space 2048K, 0% used [0x00000000ffc00000,0x00000000ffc00000,0x00000000ffe00000)
 ParOldGen       total 1040384K, used 88779K [0x00000000a0c00000, 0x00000000e0400000, 0x00000000e0400000)
  object space 1040384K, 8% used [0x00000000a0c00000,0x00000000a62b2f00,0x00000000e0400000)
 Metaspace       used 13043K, capacity 13234K, committed 13312K, reserved 1060864K
  class space    used 1469K, capacity 1501K, committed 1536K, reserved 1048576K
}
{Heap before GC invocations=845 (full 0):
 PSYoungGen      total 518144K, used 518080K [0x00000000e0400000, 0x0000000100000000, 0x0000000100000000)
  eden space 516096K, 100% used [0x00000000e0400000,0x00000000ffc00000,0x00000000ffc00000)
  from space 2048K, 96% used [0x00000000ffe00000,0x00000000ffff0000,0x0000000100000000)
  to   space 2048K, 0% used [0x00000000ffc00000,0x00000000ffc00000,0x00000000ffe00000)
 ParOldGen       total 1040384K, used 88779K [0x00000000a0c00000, 0x00000000e0400000, 0x00000000e0400000)
  object space 1040384K, 8% used [0x00000000a0c00000,0x00000000a62b2f00,0x00000000e0400000)
 Metaspace       used 13043K, capacity 13234K, committed 13312K, reserved 1060864K
  class space    used 1469K, capacity 1501K, committed 1536K, reserved 1048576K
5902.490: [GC (Allocation Failure) [PSYoungGen: 518080K->224K(518144K)] 606859K->89011K(1558528K), 0.0017777 secs] [Times: user=0.00 sys=0.00, real=0.00 secs] 
Heap after GC invocations=845 (full 0):
 PSYoungGen      total 518144K, used 224K [0x00000000e0400000, 0x0000000100000000, 0x0000000100000000)
  eden space 516096K, 0% used [0x00000000e0400000,0x00000000e0400000,0x00000000ffc00000)
  from space 2048K, 10% used [0x00000000ffc00000,0x00000000ffc38000,0x00000000ffe00000)
  to   space 2048K, 0% used [0x00000000ffe00000,0x00000000ffe00000,0x0000000100000000)
 ParOldGen       total 1040384K, used 88787K [0x00000000a0c00000, 0x00000000e0400000, 0x00000000e0400000)
  object space 1040384K, 8% used [0x00000000a0c00000,0x00000000a62b4f00,0x00000000e0400000)
 Metaspace       used 13043K, capacity 13234K, committed 13312K, reserved 1060864K
  class space    used 1469K, capacity 1501K, committed 1536K, reserved 1048576K
}
{Heap before GC invocations=846 (full 0):
 PSYoungGen      total 518144K, used 516320K [0x00000000e0400000, 0x0000000100000000, 0x0000000100000000)
  eden space 516096K, 100% used [0x00000000e0400000,0x00000000ffc00000,0x00000000ffc00000)
  from space 2048K, 10% used [0x00000000ffc00000,0x00000000ffc38000,0x00000000ffe00000)
  to   space 2048K, 0% used [0x00000000ffe00000,0x00000000ffe00000,0x0000000100000000)
 ParOldGen       total 1040384K, used 88787K [0x00000000a0c00000, 0x00000000e0400000, 0x00000000e0400000)
  object space 1040384K, 8% used [0x00000000a0c00000,0x00000000a62b4f00,0x00000000e0400000)
 Metaspace       used 13043K, capacity 13234K, committed 13312K, reserved 1060864K
  class space    used 1469K, capacity 1501K, committed 1536K, reserved 1048576K
5909.519: [GC (Allocation Failure) [PSYoungGen: 516320K->96K(518144K)] 605107K->88883K(1558528K), 0.0018004 secs] [Times: user=0.00 sys=0.00, real=0.00 secs] 
Heap after GC invocations=846 (full 0):
 PSYoungGen      total 518144K, used 96K [0x00000000e0400000, 0x0000000100000000, 0x0000000100000000)
  eden space 516096K, 0% used [0x00000000e0400000,0x00000000e0400000,0x00000000ffc00000)
  from space 2048K, 4% used [0x00000000ffe00000,0x00000000ffe18000,0x0000000100000000)
  to   space 2048K, 0% used [0x00000000ffc00000,0x00000000ffc00000,0x00000000ffe00000)
 ParOldGen       total 1040384K, used 88787K [0x00000000a0c00000, 0x00000000e0400000, 0x00000000e0400000)
  object space 1040384K, 8% used [0x00000000a0c00000,0x00000000a62b4f00,0x00000000e0400000)
 Metaspace       used 13043K, capacity 13234K, committed 13312K, reserved 1060864K
  class space    used 1469K, capacity 1501K, committed 1536K, reserved 1048576K
}
{Heap before GC invocations=847 (full 0):
 PSYoungGen      total 518144K, used 516192K [0x00000000e0400000, 0x0000000100000000, 0x0000000100000000)
  eden space 516096K, 100% used [0x00000000e0400000,0x00000000ffc00000,0x00000000ffc00000)
  from space 2048K, 4% used [0x00000000ffe00000,0x00000000ffe18000,0x0000000100000000)
  to   space 2048K, 0% used [0x00000000ffc00000,0x00000000ffc00000,0x00000000ffe00000)
 ParOldGen       total 1040384K, used 88787K [0x00000000a0c00000, 0x00000000e0400000, 0x00000000e0400000)
  object space 1040384K, 8% used [0x00000000a0c00000,0x00000000a62b4f00,0x00000000e0400000)
 Metaspace       used 13043K, capacity 13234K, committed 13312K, reserved 1060864K
  class space    used 1469K, capacity 1501K, committed 1536K, reserved 1048576K
5916.573: [GC (Allocation Failure) [PSYoungGen: 516192K->192K(518144K)] 604979K->88979K(1558528K), 0.0017743 secs] [Times: user=0.00 sys=0.00, real=0.00 secs] 
Heap after GC invocations=847 (full 0):
 PSYoungGen      total 518144K, used 192K [0x00000000e0400000, 0x0000000100000000, 0x0000000100000000)
  eden space 516096K, 0% used [0x00000000e0400000,0x00000000e0400000,0x00000000ffc00000)
  from space 2048K, 9% used [0x00000000ffc00000,0x00000000ffc30000,0x00000000ffe00000)
  to   space 2048K, 0% used [0x00000000ffe00000,0x00000000ffe00000,0x0000000100000000)
 ParOldGen       total 1040384K, used 88787K [0x00000000a0c00000, 0x00000000e0400000, 0x00000000e0400000)
  object space 1040384K, 8% used [0x00000000a0c00000,0x00000000a62b4f00,0x00000000e0400000)
 Metaspace       used 13043K, capacity 13234K, committed 13312K, reserved 1060864K
  class space    used 1469K, capacity 1501K, committed 1536K, reserved 1048576K
}
{Heap before GC invocations=848 (full 0):
 PSYoungGen      total 518144K, used 516288K [0x00000000e0400000, 0x0000000100000000, 0x0000000100000000)
  eden space 516096K, 100% used [0x00000000e0400000,0x00000000ffc00000,0x00000000ffc00000)
  from space 2048K, 9% used [0x00000000ffc00000,0x00000000ffc30000,0x00000000ffe00000)
  to   space 2048K, 0% used [0x00000000ffe00000,0x00000000ffe00000,0x0000000100000000)
 ParOldGen       total 1040384K, used 88787K [0x00000000a0c00000, 0x00000000e0400000, 0x00000000e0400000)
  object space 1040384K, 8% used [0x00000000a0c00000,0x00000000a62b4f00,0x00000000e0400000)
 Metaspace       used 13043K, capacity 13234K, committed 13312K, reserved 1060864K
  class space    used 1469K, capacity 1501K, committed 1536K, reserved 1048576K
5923.604: [GC (Allocation Failure) [PSYoungGen: 516288K->704K(518144K)] 605075K->89499K(1558528K), 0.0018353 secs] [Times: user=0.00 sys=0.00, real=0.00 secs] 
Heap after GC invocations=848 (full 0):
 PSYoungGen      total 518144K, used 704K [0x00000000e0400000, 0x0000000100000000, 0x0000000100000000)
  eden space 516096K, 0% used [0x00000000e0400000,0x00000000e0400000,0x00000000ffc00000)
  from space 2048K, 34% used [0x00000000ffe00000,0x00000000ffeb0000,0x0000000100000000)
  to   space 2048K, 0% used [0x00000000ffc00000,0x00000000ffc00000,0x00000000ffe00000)
 ParOldGen       total 1040384K, used 88795K [0x00000000a0c00000, 0x00000000e0400000, 0x00000000e0400000)
  object space 1040384K, 8% used [0x00000000a0c00000,0x00000000a62b6f00,0x00000000e0400000)
 Metaspace       used 13043K, capacity 13234K, committed 13312K, reserved 1060864K
  class space    used 1469K, capacity 1501K, committed 1536K, reserved 1048576K
}
{Heap before GC invocations=849 (full 0):
 PSYoungGen      total 518144K, used 516800K [0x00000000e0400000, 0x0000000100000000, 0x0000000100000000)
  eden space 516096K, 100% used [0x00000000e0400000,0x00000000ffc00000,0x00000000ffc00000)
  from space 2048K, 34% used [0x00000000ffe00000,0x00000000ffeb0000,0x0000000100000000)
  to   space 2048K, 0% used [0x00000000ffc00000,0x00000000ffc00000,0x00000000ffe00000)
 ParOldGen       total 1040384K, used 88795K [0x00000000a0c00000, 0x00000000e0400000, 0x00000000e0400000)
  object space 1040384K, 8% used [0x00000000a0c00000,0x00000000a62b6f00,0x00000000e0400000)
 Metaspace       used 13043K, capacity 13234K, committed 13312K, reserved 1060864K
  class space    used 1469K, capacity 1501K, committed 1536K, reserved 1048576K
5930.573: [GC (Allocation Failure) [PSYoungGen: 516800K->192K(518144K)] 605595K->88987K(1558528K), 0.0014418 secs] [Times: user=0.00 sys=0.00, real=0.00 secs] 
Heap after GC invocations=849 (full 0):
 PSYoungGen      total 518144K, used 192K [0x00000000e0400000, 0x0000000100000000, 0x0000000100000000)
  eden space 516096K, 0% used [0x00000000e0400000,0x00000000e0400000,0x00000000ffc00000)
  from space 2048K, 9% used [0x00000000ffc00000,0x00000000ffc30000,0x00000000ffe00000)
  to   space 2048K, 0% used [0x00000000ffe00000,0x00000000ffe00000,0x0000000100000000)
 ParOldGen       total 1040384K, used 88795K [0x00000000a0c00000, 0x00000000e0400000, 0x00000000e0400000)
  object space 1040384K, 8% used [0x00000000a0c00000,0x00000000a62b6f00,0x00000000e0400000)
 Metaspace       used 13043K, capacity 13234K, committed 13312K, reserved 1060864K
  class space    used 1469K, capacity 1501K, committed 1536K, reserved 1048576K
}
{Heap before GC invocations=850 (full 0):
 PSYoungGen      total 518144K, used 516288K [0x00000000e0400000, 0x0000000100000000, 0x0000000100000000)
  eden space 516096K, 100% used [0x00000000e0400000,0x00000000ffc00000,0x00000000ffc00000)
  from space 2048K, 9% used [0x00000000ffc00000,0x00000000ffc30000,0x00000000ffe00000)
  to   space 2048K, 0% used [0x00000000ffe00000,0x00000000ffe00000,0x0000000100000000)
 ParOldGen       total 1040384K, used 88795K [0x00000000a0c00000, 0x00000000e0400000, 0x00000000e0400000)
  object space 1040384K, 8% used [0x00000000a0c00000,0x00000000a62b6f00,0x00000000e0400000)
 Metaspace       used 13043K, capacity 13234K, committed 13312K, reserved 1060864K
  class space    used 1469K, capacity 1501K, committed 1536K, reserved 1048576K
5937.722: [GC (Allocation Failure) [PSYoungGen: 516288K->224K(518144K)] 605083K->89019K(1558528K), 0.0017348 secs] [Times: user=0.02 sys=0.02, real=0.00 secs] 
Heap after GC invocations=850 (full 0):
 PSYoungGen      total 518144K, used 224K [0x00000000e0400000, 0x0000000100000000, 0x0000000100000000)
  eden space 516096K, 0% used [0x00000000e0400000,0x00000000e0400000,0x00000000ffc00000)
  from space 2048K, 10% used [0x00000000ffe00000,0x00000000ffe38000,0x0000000100000000)
  to   space 2048K, 0% used [0x00000000ffc00000,0x00000000ffc00000,0x00000000ffe00000)
 ParOldGen       total 1040384K, used 88795K [0x00000000a0c00000, 0x00000000e0400000, 0x00000000e0400000)
  object space 1040384K, 8% used [0x00000000a0c00000,0x00000000a62b6f00,0x00000000e0400000)
 Metaspace       used 13043K, capacity 13234K, committed 13312K, reserved 1060864K
  class space    used 1469K, capacity 1501K, committed 1536K, reserved 1048576K
}
{Heap before GC invocations=851 (full 0):
 PSYoungGen      total 518144K, used 516320K [0x00000000e0400000, 0x0000000100000000, 0x0000000100000000)
  eden space 516096K, 100% used [0x00000000e0400000,0x00000000ffc00000,0x00000000ffc00000)
  from space 2048K, 10% used [0x00000000ffe00000,0x00000000ffe38000,0x0000000100000000)
  to   space 2048K, 0% used [0x00000000ffc00000,0x00000000ffc00000,0x00000000ffe00000)
 ParOldGen       total 1040384K, used 88795K [0x00000000a0c00000, 0x00000000e0400000, 0x00000000e0400000)
  object space 1040384K, 8% used [0x00000000a0c00000,0x00000000a62b6f00,0x00000000e0400000)
 Metaspace       used 13043K, capacity 13234K, committed 13312K, reserved 1060864K
  class space    used 1469K, capacity 1501K, committed 1536K, reserved 1048576K
5944.619: [GC (Allocation Failure) [PSYoungGen: 516320K->128K(518144K)] 605115K->88923K(1558528K), 0.0018539 secs] [Times: user=0.00 sys=0.00, real=0.00 secs] 
Heap after GC invocations=851 (full 0):
 PSYoungGen      total 518144K, used 128K [0x00000000e0400000, 0x0000000100000000, 0x0000000100000000)
  eden space 516096K, 0% used [0x00000000e0400000,0x00000000e0400000,0x00000000ffc00000)
  from space 2048K, 6% used [0x00000000ffc00000,0x00000000ffc20000,0x00000000ffe00000)
  to   space 1536K, 0% used [0x00000000ffe80000,0x00000000ffe80000,0x0000000100000000)
 ParOldGen       total 1040384K, used 88795K [0x00000000a0c00000, 0x00000000e0400000, 0x00000000e0400000)
  object space 1040384K, 8% used [0x00000000a0c00000,0x00000000a62b6f00,0x00000000e0400000)
 Metaspace       used 13043K, capacity 13234K, committed 13312K, reserved 1060864K
  class space    used 1469K, capacity 1501K, committed 1536K, reserved 1048576K
}
{Heap before GC invocations=852 (full 0):
 PSYoungGen      total 518144K, used 516224K [0x00000000e0400000, 0x0000000100000000, 0x0000000100000000)
  eden space 516096K, 100% used [0x00000000e0400000,0x00000000ffc00000,0x00000000ffc00000)
  from space 2048K, 6% used [0x00000000ffc00000,0x00000000ffc20000,0x00000000ffe00000)
  to   space 1536K, 0% used [0x00000000ffe80000,0x00000000ffe80000,0x0000000100000000)
 ParOldGen       total 1040384K, used 88795K [0x00000000a0c00000, 0x00000000e0400000, 0x00000000e0400000)
  object space 1040384K, 8% used [0x00000000a0c00000,0x00000000a62b6f00,0x00000000e0400000)
 Metaspace       used 13043K, capacity 13234K, committed 13312K, reserved 1060864K
  class space    used 1469K, capacity 1501K, committed 1536K, reserved 1048576K
5951.416: [GC (Allocation Failure) [PSYoungGen: 516224K->224K(518656K)] 605019K->89027K(1559040K), 0.0014624 secs] [Times: user=0.00 sys=0.00, real=0.00 secs] 
Heap after GC invocations=852 (full 0):
 PSYoungGen      total 518656K, used 224K [0x00000000e0400000, 0x0000000100000000, 0x0000000100000000)
  eden space 517120K, 0% used [0x00000000e0400000,0x00000000e0400000,0x00000000ffd00000)
  from space 1536K, 14% used [0x00000000ffe80000,0x00000000ffeb8000,0x0000000100000000)
  to   space 1536K, 0% used [0x00000000ffd00000,0x00000000ffd00000,0x00000000ffe80000)
 ParOldGen       total 1040384K, used 88803K [0x00000000a0c00000, 0x00000000e0400000, 0x00000000e0400000)
  object space 1040384K, 8% used [0x00000000a0c00000,0x00000000a62b8f00,0x00000000e0400000)
 Metaspace       used 13043K, capacity 13234K, committed 13312K, reserved 1060864K
  class space    used 1469K, capacity 1501K, committed 1536K, reserved 1048576K
}
{Heap before GC invocations=853 (full 0):
 PSYoungGen      total 518656K, used 517344K [0x00000000e0400000, 0x0000000100000000, 0x0000000100000000)
  eden space 517120K, 100% used [0x00000000e0400000,0x00000000ffd00000,0x00000000ffd00000)
  from space 1536K, 14% used [0x00000000ffe80000,0x00000000ffeb8000,0x0000000100000000)
  to   space 1536K, 0% used [0x00000000ffd00000,0x00000000ffd00000,0x00000000ffe80000)
 ParOldGen       total 1040384K, used 88803K [0x00000000a0c00000, 0x00000000e0400000, 0x00000000e0400000)
  object space 1040384K, 8% used [0x00000000a0c00000,0x00000000a62b8f58,0x00000000e0400000)
 Metaspace       used 13043K, capacity 13234K, committed 13312K, reserved 1060864K
  class space    used 1469K, capacity 1501K, committed 1536K, reserved 1048576K
5958.332: [GC (GCLocker Initiated GC) [PSYoungGen: 517344K->1536K(518656K)] 606147K->90347K(1559040K), 0.0021351 secs] [Times: user=0.11 sys=0.00, real=0.00 secs] 
Heap after GC invocations=853 (full 0):
 PSYoungGen      total 518656K, used 1536K [0x00000000e0400000, 0x0000000100000000, 0x0000000100000000)
  eden space 517120K, 0% used [0x00000000e0400000,0x00000000e0400000,0x00000000ffd00000)
  from space 1536K, 100% used [0x00000000ffd00000,0x00000000ffe80000,0x00000000ffe80000)
  to   space 1536K, 0% used [0x00000000ffe80000,0x00000000ffe80000,0x0000000100000000)
 ParOldGen       total 1040384K, used 88811K [0x00000000a0c00000, 0x00000000e0400000, 0x00000000e0400000)
  object space 1040384K, 8% used [0x00000000a0c00000,0x00000000a62baf58,0x00000000e0400000)
 Metaspace       used 13043K, capacity 13234K, committed 13312K, reserved 1060864K
  class space    used 1469K, capacity 1501K, committed 1536K, reserved 1048576K
}
{Heap before GC invocations=854 (full 0):
 PSYoungGen      total 518656K, used 518656K [0x00000000e0400000, 0x0000000100000000, 0x0000000100000000)
  eden space 517120K, 100% used [0x00000000e0400000,0x00000000ffd00000,0x00000000ffd00000)
  from space 1536K, 100% used [0x00000000ffd00000,0x00000000ffe80000,0x00000000ffe80000)
  to   space 1536K, 0% used [0x00000000ffe80000,0x00000000ffe80000,0x0000000100000000)
 ParOldGen       total 1040384K, used 88814K [0x00000000a0c00000, 0x00000000e0400000, 0x00000000e0400000)
  object space 1040384K, 8% used [0x00000000a0c00000,0x00000000a62bbbb8,0x00000000e0400000)
 Metaspace       used 13043K, capacity 13234K, committed 13312K, reserved 1060864K
  class space    used 1469K, capacity 1501K, committed 1536K, reserved 1048576K
5965.429: [GC (Allocation Failure) [PSYoungGen: 518656K->256K(517632K)] 607470K->89094K(1558016K), 0.0022582 secs] [Times: user=0.00 sys=0.00, real=0.00 secs] 
Heap after GC invocations=854 (full 0):
 PSYoungGen      total 517632K, used 256K [0x00000000e0400000, 0x0000000100000000, 0x0000000100000000)
  eden space 516096K, 0% used [0x00000000e0400000,0x00000000e0400000,0x00000000ffc00000)
  from space 1536K, 16% used [0x00000000ffe80000,0x00000000ffec0000,0x0000000100000000)
  to   space 2048K, 0% used [0x00000000ffc00000,0x00000000ffc00000,0x00000000ffe00000)
 ParOldGen       total 1040384K, used 88838K [0x00000000a0c00000, 0x00000000e0400000, 0x00000000e0400000)
  object space 1040384K, 8% used [0x00000000a0c00000,0x00000000a62c1bb8,0x00000000e0400000)
 Metaspace       used 13043K, capacity 13234K, committed 13312K, reserved 1060864K
  class space    used 1469K, capacity 1501K, committed 1536K, reserved 1048576K
}
{Heap before GC invocations=855 (full 0):
 PSYoungGen      total 517632K, used 516352K [0x00000000e0400000, 0x0000000100000000, 0x0000000100000000)
  eden space 516096K, 100% used [0x00000000e0400000,0x00000000ffc00000,0x00000000ffc00000)
  from space 1536K, 16% used [0x00000000ffe80000,0x00000000ffec0000,0x0000000100000000)
  to   space 2048K, 0% used [0x00000000ffc00000,0x00000000ffc00000,0x00000000ffe00000)
 ParOldGen       total 1040384K, used 88838K [0x00000000a0c00000, 0x00000000e0400000, 0x00000000e0400000)
  object space 1040384K, 8% used [0x00000000a0c00000,0x00000000a62c1bb8,0x00000000e0400000)
 Metaspace       used 13043K, capacity 13234K, committed 13312K, reserved 1060864K
  class space    used 1469K, capacity 1501K, committed 1536K, reserved 1048576K
5972.387: [GC (Allocation Failure) [PSYoungGen: 516352K->128K(518144K)] 605190K->88990K(1558528K), 0.0020172 secs] [Times: user=0.00 sys=0.00, real=0.00 secs] 
Heap after GC invocations=855 (full 0):
 PSYoungGen      total 518144K, used 128K [0x00000000e0400000, 0x0000000100000000, 0x0000000100000000)
  eden space 516096K, 0% used [0x00000000e0400000,0x00000000e0400000,0x00000000ffc00000)
  from space 2048K, 6% used [0x00000000ffc00000,0x00000000ffc20000,0x00000000ffe00000)
  to   space 2048K, 0% used [0x00000000ffe00000,0x00000000ffe00000,0x0000000100000000)
 ParOldGen       total 1040384K, used 88862K [0x00000000a0c00000, 0x00000000e0400000, 0x00000000e0400000)
  object space 1040384K, 8% used [0x00000000a0c00000,0x00000000a62c7bb8,0x00000000e0400000)
 Metaspace       used 13043K, capacity 13234K, committed 13312K, reserved 1060864K
  class space    used 1469K, capacity 1501K, committed 1536K, reserved 1048576K
}
{Heap before GC invocations=856 (full 0):
 PSYoungGen      total 518144K, used 516224K [0x00000000e0400000, 0x0000000100000000, 0x0000000100000000)
  eden space 516096K, 100% used [0x00000000e0400000,0x00000000ffc00000,0x00000000ffc00000)
  from space 2048K, 6% used [0x00000000ffc00000,0x00000000ffc20000,0x00000000ffe00000)
  to   space 2048K, 0% used [0x00000000ffe00000,0x00000000ffe00000,0x0000000100000000)
 ParOldGen       total 1040384K, used 88862K [0x00000000a0c00000, 0x00000000e0400000, 0x00000000e0400000)
  object space 1040384K, 8% used [0x00000000a0c00000,0x00000000a62c7bb8,0x00000000e0400000)
 Metaspace       used 13043K, capacity 13234K, committed 13312K, reserved 1060864K
  class space    used 1469K, capacity 1501K, committed 1536K, reserved 1048576K
5979.386: [GC (Allocation Failure) [PSYoungGen: 516224K->256K(518656K)] 605086K->89166K(1559040K), 0.0014232 secs] [Times: user=0.00 sys=0.00, real=0.00 secs] 
Heap after GC invocations=856 (full 0):
 PSYoungGen      total 518656K, used 256K [0x00000000e0400000, 0x0000000100000000, 0x0000000100000000)
  eden space 516608K, 0% used [0x00000000e0400000,0x00000000e0400000,0x00000000ffc80000)
  from space 2048K, 12% used [0x00000000ffe00000,0x00000000ffe40000,0x0000000100000000)
  to   space 1536K, 0% used [0x00000000ffc80000,0x00000000ffc80000,0x00000000ffe00000)
 ParOldGen       total 1040384K, used 88910K [0x00000000a0c00000, 0x00000000e0400000, 0x00000000e0400000)
  object space 1040384K, 8% used [0x00000000a0c00000,0x00000000a62d3bb8,0x00000000e0400000)
 Metaspace       used 13043K, capacity 13234K, committed 13312K, reserved 1060864K
  class space    used 1469K, capacity 1501K, committed 1536K, reserved 1048576K
}
{Heap before GC invocations=857 (full 0):
 PSYoungGen      total 518656K, used 516864K [0x00000000e0400000, 0x0000000100000000, 0x0000000100000000)
  eden space 516608K, 100% used [0x00000000e0400000,0x00000000ffc80000,0x00000000ffc80000)
  from space 2048K, 12% used [0x00000000ffe00000,0x00000000ffe40000,0x0000000100000000)
  to   space 1536K, 0% used [0x00000000ffc80000,0x00000000ffc80000,0x00000000ffe00000)
 ParOldGen       total 1040384K, used 88910K [0x00000000a0c00000, 0x00000000e0400000, 0x00000000e0400000)
  object space 1040384K, 8% used [0x00000000a0c00000,0x00000000a62d3bb8,0x00000000e0400000)
 Metaspace       used 13043K, capacity 13234K, committed 13312K, reserved 1060864K
  class space    used 1469K, capacity 1501K, committed 1536K, reserved 1048576K
5986.334: [GC (Allocation Failure) [PSYoungGen: 516864K->160K(518144K)] 605774K->89070K(1558528K), 0.0017426 secs] [Times: user=0.00 sys=0.00, real=0.00 secs] 
Heap after GC invocations=857 (full 0):
 PSYoungGen      total 518144K, used 160K [0x00000000e0400000, 0x0000000100000000, 0x0000000100000000)
  eden space 516608K, 0% used [0x00000000e0400000,0x00000000e0400000,0x00000000ffc80000)
  from space 1536K, 10% used [0x00000000ffc80000,0x00000000ffca8000,0x00000000ffe00000)
  to   space 1536K, 0% used [0x00000000ffe80000,0x00000000ffe80000,0x0000000100000000)
 ParOldGen       total 1040384K, used 88910K [0x00000000a0c00000, 0x00000000e0400000, 0x00000000e0400000)
  object space 1040384K, 8% used [0x00000000a0c00000,0x00000000a62d3bb8,0x00000000e0400000)
 Metaspace       used 13043K, capacity 13234K, committed 13312K, reserved 1060864K
  class space    used 1469K, capacity 1501K, committed 1536K, reserved 1048576K
}
{Heap before GC invocations=858 (full 0):
 PSYoungGen      total 518144K, used 516768K [0x00000000e0400000, 0x0000000100000000, 0x0000000100000000)
  eden space 516608K, 100% used [0x00000000e0400000,0x00000000ffc80000,0x00000000ffc80000)
  from space 1536K, 10% used [0x00000000ffc80000,0x00000000ffca8000,0x00000000ffe00000)
  to   space 1536K, 0% used [0x00000000ffe80000,0x00000000ffe80000,0x0000000100000000)
 ParOldGen       total 1040384K, used 88910K [0x00000000a0c00000, 0x00000000e0400000, 0x00000000e0400000)
  object space 1040384K, 8% used [0x00000000a0c00000,0x00000000a62d3be8,0x00000000e0400000)
 Metaspace       used 13043K, capacity 13234K, committed 13312K, reserved 1060864K
  class space    used 1469K, capacity 1501K, committed 1536K, reserved 1048576K
5993.284: [GC (GCLocker Initiated GC) [PSYoungGen: 516768K->1536K(517632K)] 605678K->90470K(1558016K), 0.0021332 secs] [Times: user=0.00 sys=0.00, real=0.00 secs] 
Heap after GC invocations=858 (full 0):
 PSYoungGen      total 517632K, used 1536K [0x00000000e0400000, 0x0000000100000000, 0x0000000100000000)
  eden space 516096K, 0% used [0x00000000e0400000,0x00000000e0400000,0x00000000ffc00000)
  from space 1536K, 100% used [0x00000000ffe80000,0x0000000100000000,0x0000000100000000)
  to   space 2048K, 0% used [0x00000000ffc00000,0x00000000ffc00000,0x00000000ffe00000)
 ParOldGen       total 1040384K, used 88934K [0x00000000a0c00000, 0x00000000e0400000, 0x00000000e0400000)
  object space 1040384K, 8% used [0x00000000a0c00000,0x00000000a62d9be8,0x00000000e0400000)
 Metaspace       used 13043K, capacity 13234K, committed 13312K, reserved 1060864K
  class space    used 1469K, capacity 1501K, committed 1536K, reserved 1048576K
}
{Heap before GC invocations=859 (full 0):
 PSYoungGen      total 517632K, used 517632K [0x00000000e0400000, 0x0000000100000000, 0x0000000100000000)
  eden space 516096K, 100% used [0x00000000e0400000,0x00000000ffc00000,0x00000000ffc00000)
  from space 1536K, 100% used [0x00000000ffe80000,0x0000000100000000,0x0000000100000000)
  to   space 2048K, 0% used [0x00000000ffc00000,0x00000000ffc00000,0x00000000ffe00000)
 ParOldGen       total 1040384K, used 88938K [0x00000000a0c00000, 0x00000000e0400000, 0x00000000e0400000)
  object space 1040384K, 8% used [0x00000000a0c00000,0x00000000a62da938,0x00000000e0400000)
 Metaspace       used 13043K, capacity 13234K, committed 13312K, reserved 1060864K
  class space    used 1469K, capacity 1501K, committed 1536K, reserved 1048576K
6000.348: [GC (Allocation Failure) [PSYoungGen: 517632K->160K(518144K)] 606570K->89138K(1558528K), 0.0012888 secs] [Times: user=0.11 sys=0.00, real=0.00 secs] 
Heap after GC invocations=859 (full 0):
 PSYoungGen      total 518144K, used 160K [0x00000000e0400000, 0x0000000100000000, 0x0000000100000000)
  eden space 516096K, 0% used [0x00000000e0400000,0x00000000e0400000,0x00000000ffc00000)
  from space 2048K, 7% used [0x00000000ffc00000,0x00000000ffc28000,0x00000000ffe00000)
  to   space 2048K, 0% used [0x00000000ffe00000,0x00000000ffe00000,0x0000000100000000)
 ParOldGen       total 1040384K, used 88978K [0x00000000a0c00000, 0x00000000e0400000, 0x00000000e0400000)
  object space 1040384K, 8% used [0x00000000a0c00000,0x00000000a62e4938,0x00000000e0400000)
 Metaspace       used 13043K, capacity 13234K, committed 13312K, reserved 1060864K
  class space    used 1469K, capacity 1501K, committed 1536K, reserved 1048576K
}
{Heap before GC invocations=860 (full 0):
 PSYoungGen      total 518144K, used 516256K [0x00000000e0400000, 0x0000000100000000, 0x0000000100000000)
  eden space 516096K, 100% used [0x00000000e0400000,0x00000000ffc00000,0x00000000ffc00000)
  from space 2048K, 7% used [0x00000000ffc00000,0x00000000ffc28000,0x00000000ffe00000)
  to   space 2048K, 0% used [0x00000000ffe00000,0x00000000ffe00000,0x0000000100000000)
 ParOldGen       total 1040384K, used 88978K [0x00000000a0c00000, 0x00000000e0400000, 0x00000000e0400000)
  object space 1040384K, 8% used [0x00000000a0c00000,0x00000000a62e4938,0x00000000e0400000)
 Metaspace       used 13043K, capacity 13234K, committed 13312K, reserved 1060864K
  class space    used 1469K, capacity 1501K, committed 1536K, reserved 1048576K
6007.262: [GC (Allocation Failure) [PSYoungGen: 516256K->224K(518144K)] 605234K->89210K(1558528K), 0.0013037 secs] [Times: user=0.00 sys=0.00, real=0.00 secs] 
Heap after GC invocations=860 (full 0):
 PSYoungGen      total 518144K, used 224K [0x00000000e0400000, 0x0000000100000000, 0x0000000100000000)
  eden space 516096K, 0% used [0x00000000e0400000,0x00000000e0400000,0x00000000ffc00000)
  from space 2048K, 10% used [0x00000000ffe00000,0x00000000ffe38000,0x0000000100000000)
  to   space 2048K, 0% used [0x00000000ffc00000,0x00000000ffc00000,0x00000000ffe00000)
 ParOldGen       total 1040384K, used 88986K [0x00000000a0c00000, 0x00000000e0400000, 0x00000000e0400000)
  object space 1040384K, 8% used [0x00000000a0c00000,0x00000000a62e6938,0x00000000e0400000)
 Metaspace       used 13043K, capacity 13234K, committed 13312K, reserved 1060864K
  class space    used 1469K, capacity 1501K, committed 1536K, reserved 1048576K
}
{Heap before GC invocations=861 (full 0):
 PSYoungGen      total 518144K, used 516320K [0x00000000e0400000, 0x0000000100000000, 0x0000000100000000)
  eden space 516096K, 100% used [0x00000000e0400000,0x00000000ffc00000,0x00000000ffc00000)
  from space 2048K, 10% used [0x00000000ffe00000,0x00000000ffe38000,0x0000000100000000)
  to   space 2048K, 0% used [0x00000000ffc00000,0x00000000ffc00000,0x00000000ffe00000)
 ParOldGen       total 1040384K, used 88986K [0x00000000a0c00000, 0x00000000e0400000, 0x00000000e0400000)
  object space 1040384K, 8% used [0x00000000a0c00000,0x00000000a62e6938,0x00000000e0400000)
 Metaspace       used 13043K, capacity 13234K, committed 13312K, reserved 1060864K
  class space    used 1469K, capacity 1501K, committed 1536K, reserved 1048576K
6014.274: [GC (Allocation Failure) [PSYoungGen: 516320K->128K(518144K)] 605306K->89138K(1558528K), 0.0024517 secs] [Times: user=0.00 sys=0.00, real=0.00 secs] 
Heap after GC invocations=861 (full 0):
 PSYoungGen      total 518144K, used 128K [0x00000000e0400000, 0x0000000100000000, 0x0000000100000000)
  eden space 516096K, 0% used [0x00000000e0400000,0x00000000e0400000,0x00000000ffc00000)
  from space 2048K, 6% used [0x00000000ffc00000,0x00000000ffc20000,0x00000000ffe00000)
  to   space 2048K, 0% used [0x00000000ffe00000,0x00000000ffe00000,0x0000000100000000)
 ParOldGen       total 1040384K, used 89010K [0x00000000a0c00000, 0x00000000e0400000, 0x00000000e0400000)
  object space 1040384K, 8% used [0x00000000a0c00000,0x00000000a62ec938,0x00000000e0400000)
 Metaspace       used 13043K, capacity 13234K, committed 13312K, reserved 1060864K
  class space    used 1469K, capacity 1501K, committed 1536K, reserved 1048576K
}
{Heap before GC invocations=862 (full 0):
 PSYoungGen      total 518144K, used 516224K [0x00000000e0400000, 0x0000000100000000, 0x0000000100000000)
  eden space 516096K, 100% used [0x00000000e0400000,0x00000000ffc00000,0x00000000ffc00000)
  from space 2048K, 6% used [0x00000000ffc00000,0x00000000ffc20000,0x00000000ffe00000)
  to   space 2048K, 0% used [0x00000000ffe00000,0x00000000ffe00000,0x0000000100000000)
 ParOldGen       total 1040384K, used 89010K [0x00000000a0c00000, 0x00000000e0400000, 0x00000000e0400000)
  object space 1040384K, 8% used [0x00000000a0c00000,0x00000000a62ec938,0x00000000e0400000)
 Metaspace       used 13043K, capacity 13234K, committed 13312K, reserved 1060864K
  class space    used 1469K, capacity 1501K, committed 1536K, reserved 1048576K
6021.067: [GC (Allocation Failure) [PSYoungGen: 516224K->320K(518656K)] 605234K->89330K(1559040K), 0.0017846 secs] [Times: user=0.11 sys=0.00, real=0.00 secs] 
Heap after GC invocations=862 (full 0):
 PSYoungGen      total 518656K, used 320K [0x00000000e0400000, 0x0000000100000000, 0x0000000100000000)
  eden space 516608K, 0% used [0x00000000e0400000,0x00000000e0400000,0x00000000ffc80000)
  from space 2048K, 15% used [0x00000000ffe00000,0x00000000ffe50000,0x0000000100000000)
  to   space 1536K, 0% used [0x00000000ffc80000,0x00000000ffc80000,0x00000000ffe00000)
 ParOldGen       total 1040384K, used 89010K [0x00000000a0c00000, 0x00000000e0400000, 0x00000000e0400000)
  object space 1040384K, 8% used [0x00000000a0c00000,0x00000000a62ec938,0x00000000e0400000)
 Metaspace       used 13043K, capacity 13234K, committed 13312K, reserved 1060864K
  class space    used 1469K, capacity 1501K, committed 1536K, reserved 1048576K
}
{Heap before GC invocations=863 (full 0):
 PSYoungGen      total 518656K, used 516928K [0x00000000e0400000, 0x0000000100000000, 0x0000000100000000)
  eden space 516608K, 100% used [0x00000000e0400000,0x00000000ffc80000,0x00000000ffc80000)
  from space 2048K, 15% used [0x00000000ffe00000,0x00000000ffe50000,0x0000000100000000)
  to   space 1536K, 0% used [0x00000000ffc80000,0x00000000ffc80000,0x00000000ffe00000)
 ParOldGen       total 1040384K, used 89010K [0x00000000a0c00000, 0x00000000e0400000, 0x00000000e0400000)
  object space 1040384K, 8% used [0x00000000a0c00000,0x00000000a62ec938,0x00000000e0400000)
 Metaspace       used 13043K, capacity 13234K, committed 13312K, reserved 1060864K
  class space    used 1469K, capacity 1501K, committed 1536K, reserved 1048576K
6028.109: [GC (Allocation Failure) [PSYoungGen: 516928K->192K(518144K)] 605938K->89202K(1558528K), 0.0017049 secs] [Times: user=0.00 sys=0.00, real=0.00 secs] 
Heap after GC invocations=863 (full 0):
 PSYoungGen      total 518144K, used 192K [0x00000000e0400000, 0x0000000100000000, 0x0000000100000000)
  eden space 516608K, 0% used [0x00000000e0400000,0x00000000e0400000,0x00000000ffc80000)
  from space 1536K, 12% used [0x00000000ffc80000,0x00000000ffcb0000,0x00000000ffe00000)
  to   space 1536K, 0% used [0x00000000ffe80000,0x00000000ffe80000,0x0000000100000000)
 ParOldGen       total 1040384K, used 89010K [0x00000000a0c00000, 0x00000000e0400000, 0x00000000e0400000)
  object space 1040384K, 8% used [0x00000000a0c00000,0x00000000a62ec938,0x00000000e0400000)
 Metaspace       used 13043K, capacity 13234K, committed 13312K, reserved 1060864K
  class space    used 1469K, capacity 1501K, committed 1536K, reserved 1048576K
}
{Heap before GC invocations=864 (full 0):
 PSYoungGen      total 518144K, used 516800K [0x00000000e0400000, 0x0000000100000000, 0x0000000100000000)
  eden space 516608K, 100% used [0x00000000e0400000,0x00000000ffc80000,0x00000000ffc80000)
  from space 1536K, 12% used [0x00000000ffc80000,0x00000000ffcb0000,0x00000000ffe00000)
  to   space 1536K, 0% used [0x00000000ffe80000,0x00000000ffe80000,0x0000000100000000)
 ParOldGen       total 1040384K, used 89010K [0x00000000a0c00000, 0x00000000e0400000, 0x00000000e0400000)
  object space 1040384K, 8% used [0x00000000a0c00000,0x00000000a62ec938,0x00000000e0400000)
 Metaspace       used 13043K, capacity 13234K, committed 13312K, reserved 1060864K
  class space    used 1469K, capacity 1501K, committed 1536K, reserved 1048576K
6035.123: [GC (Allocation Failure) [PSYoungGen: 516800K->128K(518656K)] 605810K->89138K(1559040K), 0.0018978 secs] [Times: user=0.00 sys=0.00, real=0.00 secs] 
Heap after GC invocations=864 (full 0):
 PSYoungGen      total 518656K, used 128K [0x00000000e0400000, 0x0000000100000000, 0x0000000100000000)
  eden space 517120K, 0% used [0x00000000e0400000,0x00000000e0400000,0x00000000ffd00000)
  from space 1536K, 8% used [0x00000000ffe80000,0x00000000ffea0000,0x0000000100000000)
  to   space 1536K, 0% used [0x00000000ffd00000,0x00000000ffd00000,0x00000000ffe80000)
 ParOldGen       total 1040384K, used 89010K [0x00000000a0c00000, 0x00000000e0400000, 0x00000000e0400000)
  object space 1040384K, 8% used [0x00000000a0c00000,0x00000000a62ec938,0x00000000e0400000)
 Metaspace       used 13043K, capacity 13234K, committed 13312K, reserved 1060864K
  class space    used 1469K, capacity 1501K, committed 1536K, reserved 1048576K
}
{Heap before GC invocations=865 (full 0):
 PSYoungGen      total 518656K, used 517248K [0x00000000e0400000, 0x0000000100000000, 0x0000000100000000)
  eden space 517120K, 100% used [0x00000000e0400000,0x00000000ffd00000,0x00000000ffd00000)
  from space 1536K, 8% used [0x00000000ffe80000,0x00000000ffea0000,0x0000000100000000)
  to   space 1536K, 0% used [0x00000000ffd00000,0x00000000ffd00000,0x00000000ffe80000)
 ParOldGen       total 1040384K, used 89010K [0x00000000a0c00000, 0x00000000e0400000, 0x00000000e0400000)
  object space 1040384K, 8% used [0x00000000a0c00000,0x00000000a62ec938,0x00000000e0400000)
 Metaspace       used 13043K, capacity 13234K, committed 13312K, reserved 1060864K
  class space    used 1469K, capacity 1501K, committed 1536K, reserved 1048576K
6042.034: [GC (Allocation Failure) [PSYoungGen: 517248K->128K(518656K)] 606258K->89146K(1559040K), 0.0017998 secs] [Times: user=0.00 sys=0.00, real=0.00 secs] 
Heap after GC invocations=865 (full 0):
 PSYoungGen      total 518656K, used 128K [0x00000000e0400000, 0x0000000100000000, 0x0000000100000000)
  eden space 517120K, 0% used [0x00000000e0400000,0x00000000e0400000,0x00000000ffd00000)
  from space 1536K, 8% used [0x00000000ffd00000,0x00000000ffd20000,0x00000000ffe80000)
  to   space 1536K, 0% used [0x00000000ffe80000,0x00000000ffe80000,0x0000000100000000)
 ParOldGen       total 1040384K, used 89018K [0x00000000a0c00000, 0x00000000e0400000, 0x00000000e0400000)
  object space 1040384K, 8% used [0x00000000a0c00000,0x00000000a62ee938,0x00000000e0400000)
 Metaspace       used 13043K, capacity 13234K, committed 13312K, reserved 1060864K
  class space    used 1469K, capacity 1501K, committed 1536K, reserved 1048576K
}
{Heap before GC invocations=866 (full 0):
 PSYoungGen      total 518656K, used 517248K [0x00000000e0400000, 0x0000000100000000, 0x0000000100000000)
  eden space 517120K, 100% used [0x00000000e0400000,0x00000000ffd00000,0x00000000ffd00000)
  from space 1536K, 8% used [0x00000000ffd00000,0x00000000ffd20000,0x00000000ffe80000)
  to   space 1536K, 0% used [0x00000000ffe80000,0x00000000ffe80000,0x0000000100000000)
 ParOldGen       total 1040384K, used 89018K [0x00000000a0c00000, 0x00000000e0400000, 0x00000000e0400000)
  object space 1040384K, 8% used [0x00000000a0c00000,0x00000000a62ee938,0x00000000e0400000)
 Metaspace       used 13043K, capacity 13234K, committed 13312K, reserved 1060864K
  class space    used 1469K, capacity 1501K, committed 1536K, reserved 1048576K
6049.064: [GC (Allocation Failure) [PSYoungGen: 517248K->128K(518656K)] 606266K->89146K(1559040K), 0.0018916 secs] [Times: user=0.00 sys=0.00, real=0.00 secs] 
Heap after GC invocations=866 (full 0):
 PSYoungGen      total 518656K, used 128K [0x00000000e0400000, 0x0000000100000000, 0x0000000100000000)
  eden space 517120K, 0% used [0x00000000e0400000,0x00000000e0400000,0x00000000ffd00000)
  from space 1536K, 8% used [0x00000000ffe80000,0x00000000ffea0000,0x0000000100000000)
  to   space 1536K, 0% used [0x00000000ffd00000,0x00000000ffd00000,0x00000000ffe80000)
 ParOldGen       total 1040384K, used 89018K [0x00000000a0c00000, 0x00000000e0400000, 0x00000000e0400000)
  object space 1040384K, 8% used [0x00000000a0c00000,0x00000000a62ee938,0x00000000e0400000)
 Metaspace       used 13043K, capacity 13234K, committed 13312K, reserved 1060864K
  class space    used 1469K, capacity 1501K, committed 1536K, reserved 1048576K
}
{Heap before GC invocations=867 (full 0):
 PSYoungGen      total 518656K, used 517248K [0x00000000e0400000, 0x0000000100000000, 0x0000000100000000)
  eden space 517120K, 100% used [0x00000000e0400000,0x00000000ffd00000,0x00000000ffd00000)
  from space 1536K, 8% used [0x00000000ffe80000,0x00000000ffea0000,0x0000000100000000)
  to   space 1536K, 0% used [0x00000000ffd00000,0x00000000ffd00000,0x00000000ffe80000)
 ParOldGen       total 1040384K, used 89018K [0x00000000a0c00000, 0x00000000e0400000, 0x00000000e0400000)
  object space 1040384K, 8% used [0x00000000a0c00000,0x00000000a62ee938,0x00000000e0400000)
 Metaspace       used 13043K, capacity 13234K, committed 13312K, reserved 1060864K
  class space    used 1469K, capacity 1501K, committed 1536K, reserved 1048576K
6056.180: [GC (Allocation Failure) [PSYoungGen: 517248K->864K(518656K)] 606266K->89882K(1559040K), 0.0018564 secs] [Times: user=0.00 sys=0.00, real=0.00 secs] 
Heap after GC invocations=867 (full 0):
 PSYoungGen      total 518656K, used 864K [0x00000000e0400000, 0x0000000100000000, 0x0000000100000000)
  eden space 517120K, 0% used [0x00000000e0400000,0x00000000e0400000,0x00000000ffd00000)
  from space 1536K, 56% used [0x00000000ffd00000,0x00000000ffdd8000,0x00000000ffe80000)
  to   space 1536K, 0% used [0x00000000ffe80000,0x00000000ffe80000,0x0000000100000000)
 ParOldGen       total 1040384K, used 89018K [0x00000000a0c00000, 0x00000000e0400000, 0x00000000e0400000)
  object space 1040384K, 8% used [0x00000000a0c00000,0x00000000a62ee938,0x00000000e0400000)
 Metaspace       used 13043K, capacity 13234K, committed 13312K, reserved 1060864K
  class space    used 1469K, capacity 1501K, committed 1536K, reserved 1048576K
}
{Heap before GC invocations=868 (full 0):
 PSYoungGen      total 518656K, used 517984K [0x00000000e0400000, 0x0000000100000000, 0x0000000100000000)
  eden space 517120K, 100% used [0x00000000e0400000,0x00000000ffd00000,0x00000000ffd00000)
  from space 1536K, 56% used [0x00000000ffd00000,0x00000000ffdd8000,0x00000000ffe80000)
  to   space 1536K, 0% used [0x00000000ffe80000,0x00000000ffe80000,0x0000000100000000)
 ParOldGen       total 1040384K, used 89018K [0x00000000a0c00000, 0x00000000e0400000, 0x00000000e0400000)
  object space 1040384K, 8% used [0x00000000a0c00000,0x00000000a62ee938,0x00000000e0400000)
 Metaspace       used 13043K, capacity 13234K, committed 13312K, reserved 1060864K
  class space    used 1469K, capacity 1501K, committed 1536K, reserved 1048576K
6063.256: [GC (Allocation Failure) [PSYoungGen: 517984K->192K(518656K)] 607002K->89210K(1559040K), 0.0014048 secs] [Times: user=0.00 sys=0.00, real=0.00 secs] 
Heap after GC invocations=868 (full 0):
 PSYoungGen      total 518656K, used 192K [0x00000000e0400000, 0x0000000100000000, 0x0000000100000000)
  eden space 517120K, 0% used [0x00000000e0400000,0x00000000e0400000,0x00000000ffd00000)
  from space 1536K, 12% used [0x00000000ffe80000,0x00000000ffeb0000,0x0000000100000000)
  to   space 1536K, 0% used [0x00000000ffd00000,0x00000000ffd00000,0x00000000ffe80000)
 ParOldGen       total 1040384K, used 89018K [0x00000000a0c00000, 0x00000000e0400000, 0x00000000e0400000)
  object space 1040384K, 8% used [0x00000000a0c00000,0x00000000a62ee938,0x00000000e0400000)
 Metaspace       used 13043K, capacity 13234K, committed 13312K, reserved 1060864K
  class space    used 1469K, capacity 1501K, committed 1536K, reserved 1048576K
}
{Heap before GC invocations=869 (full 0):
 PSYoungGen      total 518656K, used 517312K [0x00000000e0400000, 0x0000000100000000, 0x0000000100000000)
  eden space 517120K, 100% used [0x00000000e0400000,0x00000000ffd00000,0x00000000ffd00000)
  from space 1536K, 12% used [0x00000000ffe80000,0x00000000ffeb0000,0x0000000100000000)
  to   space 1536K, 0% used [0x00000000ffd00000,0x00000000ffd00000,0x00000000ffe80000)
 ParOldGen       total 1040384K, used 89018K [0x00000000a0c00000, 0x00000000e0400000, 0x00000000e0400000)
  object space 1040384K, 8% used [0x00000000a0c00000,0x00000000a62ee938,0x00000000e0400000)
 Metaspace       used 13043K, capacity 13234K, committed 13312K, reserved 1060864K
  class space    used 1469K, capacity 1501K, committed 1536K, reserved 1048576K
6070.286: [GC (Allocation Failure) [PSYoungGen: 517312K->160K(518656K)] 606330K->89186K(1559040K), 0.0015314 secs] [Times: user=0.08 sys=0.00, real=0.00 secs] 
Heap after GC invocations=869 (full 0):
 PSYoungGen      total 518656K, used 160K [0x00000000e0400000, 0x0000000100000000, 0x0000000100000000)
  eden space 517120K, 0% used [0x00000000e0400000,0x00000000e0400000,0x00000000ffd00000)
  from space 1536K, 10% used [0x00000000ffd00000,0x00000000ffd28000,0x00000000ffe80000)
  to   space 1536K, 0% used [0x00000000ffe80000,0x00000000ffe80000,0x0000000100000000)
 ParOldGen       total 1040384K, used 89026K [0x00000000a0c00000, 0x00000000e0400000, 0x00000000e0400000)
  object space 1040384K, 8% used [0x00000000a0c00000,0x00000000a62f0938,0x00000000e0400000)
 Metaspace       used 13043K, capacity 13234K, committed 13312K, reserved 1060864K
  class space    used 1469K, capacity 1501K, committed 1536K, reserved 1048576K
}
{Heap before GC invocations=870 (full 0):
 PSYoungGen      total 518656K, used 517280K [0x00000000e0400000, 0x0000000100000000, 0x0000000100000000)
  eden space 517120K, 100% used [0x00000000e0400000,0x00000000ffd00000,0x00000000ffd00000)
  from space 1536K, 10% used [0x00000000ffd00000,0x00000000ffd28000,0x00000000ffe80000)
  to   space 1536K, 0% used [0x00000000ffe80000,0x00000000ffe80000,0x0000000100000000)
 ParOldGen       total 1040384K, used 89026K [0x00000000a0c00000, 0x00000000e0400000, 0x00000000e0400000)
  object space 1040384K, 8% used [0x00000000a0c00000,0x00000000a62f0938,0x00000000e0400000)
 Metaspace       used 13043K, capacity 13234K, committed 13312K, reserved 1060864K
  class space    used 1469K, capacity 1501K, committed 1536K, reserved 1048576K
6077.376: [GC (Allocation Failure) [PSYoungGen: 517280K->160K(518656K)] 606306K->89186K(1559040K), 0.0017528 secs] [Times: user=0.00 sys=0.00, real=0.00 secs] 
Heap after GC invocations=870 (full 0):
 PSYoungGen      total 518656K, used 160K [0x00000000e0400000, 0x0000000100000000, 0x0000000100000000)
  eden space 517120K, 0% used [0x00000000e0400000,0x00000000e0400000,0x00000000ffd00000)
  from space 1536K, 10% used [0x00000000ffe80000,0x00000000ffea8000,0x0000000100000000)
  to   space 1536K, 0% used [0x00000000ffd00000,0x00000000ffd00000,0x00000000ffe80000)
 ParOldGen       total 1040384K, used 89026K [0x00000000a0c00000, 0x00000000e0400000, 0x00000000e0400000)
  object space 1040384K, 8% used [0x00000000a0c00000,0x00000000a62f0938,0x00000000e0400000)
 Metaspace       used 13043K, capacity 13234K, committed 13312K, reserved 1060864K
  class space    used 1469K, capacity 1501K, committed 1536K, reserved 1048576K
}
{Heap before GC invocations=871 (full 0):
 PSYoungGen      total 518656K, used 517280K [0x00000000e0400000, 0x0000000100000000, 0x0000000100000000)
  eden space 517120K, 100% used [0x00000000e0400000,0x00000000ffd00000,0x00000000ffd00000)
  from space 1536K, 10% used [0x00000000ffe80000,0x00000000ffea8000,0x0000000100000000)
  to   space 1536K, 0% used [0x00000000ffd00000,0x00000000ffd00000,0x00000000ffe80000)
 ParOldGen       total 1040384K, used 89026K [0x00000000a0c00000, 0x00000000e0400000, 0x00000000e0400000)
  object space 1040384K, 8% used [0x00000000a0c00000,0x00000000a62f0938,0x00000000e0400000)
 Metaspace       used 13043K, capacity 13234K, committed 13312K, reserved 1060864K
  class space    used 1469K, capacity 1501K, committed 1536K, reserved 1048576K
6084.359: [GC (Allocation Failure) [PSYoungGen: 517280K->192K(518656K)] 606306K->89218K(1559040K), 0.0015554 secs] [Times: user=0.00 sys=0.00, real=0.00 secs] 
Heap after GC invocations=871 (full 0):
 PSYoungGen      total 518656K, used 192K [0x00000000e0400000, 0x0000000100000000, 0x0000000100000000)
  eden space 517120K, 0% used [0x00000000e0400000,0x00000000e0400000,0x00000000ffd00000)
  from space 1536K, 12% used [0x00000000ffd00000,0x00000000ffd30000,0x00000000ffe80000)
  to   space 1536K, 0% used [0x00000000ffe80000,0x00000000ffe80000,0x0000000100000000)
 ParOldGen       total 1040384K, used 89026K [0x00000000a0c00000, 0x00000000e0400000, 0x00000000e0400000)
  object space 1040384K, 8% used [0x00000000a0c00000,0x00000000a62f0938,0x00000000e0400000)
 Metaspace       used 13043K, capacity 13234K, committed 13312K, reserved 1060864K
  class space    used 1469K, capacity 1501K, committed 1536K, reserved 1048576K
}
{Heap before GC invocations=872 (full 0):
 PSYoungGen      total 518656K, used 517312K [0x00000000e0400000, 0x0000000100000000, 0x0000000100000000)
  eden space 517120K, 100% used [0x00000000e0400000,0x00000000ffd00000,0x00000000ffd00000)
  from space 1536K, 12% used [0x00000000ffd00000,0x00000000ffd30000,0x00000000ffe80000)
  to   space 1536K, 0% used [0x00000000ffe80000,0x00000000ffe80000,0x0000000100000000)
 ParOldGen       total 1040384K, used 89026K [0x00000000a0c00000, 0x00000000e0400000, 0x00000000e0400000)
  object space 1040384K, 8% used [0x00000000a0c00000,0x00000000a62f0938,0x00000000e0400000)
 Metaspace       used 13043K, capacity 13234K, committed 13312K, reserved 1060864K
  class space    used 1469K, capacity 1501K, committed 1536K, reserved 1048576K
6091.409: [GC (Allocation Failure) [PSYoungGen: 517312K->576K(518656K)] 606338K->89602K(1559040K), 0.0018651 secs] [Times: user=0.00 sys=0.00, real=0.00 secs] 
Heap after GC invocations=872 (full 0):
 PSYoungGen      total 518656K, used 576K [0x00000000e0400000, 0x0000000100000000, 0x0000000100000000)
  eden space 517120K, 0% used [0x00000000e0400000,0x00000000e0400000,0x00000000ffd00000)
  from space 1536K, 37% used [0x00000000ffe80000,0x00000000fff10000,0x0000000100000000)
  to   space 1536K, 0% used [0x00000000ffd00000,0x00000000ffd00000,0x00000000ffe80000)
 ParOldGen       total 1040384K, used 89026K [0x00000000a0c00000, 0x00000000e0400000, 0x00000000e0400000)
  object space 1040384K, 8% used [0x00000000a0c00000,0x00000000a62f0938,0x00000000e0400000)
 Metaspace       used 13043K, capacity 13234K, committed 13312K, reserved 1060864K
  class space    used 1469K, capacity 1501K, committed 1536K, reserved 1048576K
}
{Heap before GC invocations=873 (full 0):
 PSYoungGen      total 518656K, used 517696K [0x00000000e0400000, 0x0000000100000000, 0x0000000100000000)
  eden space 517120K, 100% used [0x00000000e0400000,0x00000000ffd00000,0x00000000ffd00000)
  from space 1536K, 37% used [0x00000000ffe80000,0x00000000fff10000,0x0000000100000000)
  to   space 1536K, 0% used [0x00000000ffd00000,0x00000000ffd00000,0x00000000ffe80000)
 ParOldGen       total 1040384K, used 89026K [0x00000000a0c00000, 0x00000000e0400000, 0x00000000e0400000)
  object space 1040384K, 8% used [0x00000000a0c00000,0x00000000a62f0938,0x00000000e0400000)
 Metaspace       used 13043K, capacity 13234K, committed 13312K, reserved 1060864K
  class space    used 1469K, capacity 1501K, committed 1536K, reserved 1048576K
6098.505: [GC (Allocation Failure) [PSYoungGen: 517696K->128K(518656K)] 606722K->89162K(1559040K), 0.0018430 secs] [Times: user=0.00 sys=0.00, real=0.00 secs] 
Heap after GC invocations=873 (full 0):
 PSYoungGen      total 518656K, used 128K [0x00000000e0400000, 0x0000000100000000, 0x0000000100000000)
  eden space 517120K, 0% used [0x00000000e0400000,0x00000000e0400000,0x00000000ffd00000)
  from space 1536K, 8% used [0x00000000ffd00000,0x00000000ffd20000,0x00000000ffe80000)
  to   space 1536K, 0% used [0x00000000ffe80000,0x00000000ffe80000,0x0000000100000000)
 ParOldGen       total 1040384K, used 89034K [0x00000000a0c00000, 0x00000000e0400000, 0x00000000e0400000)
  object space 1040384K, 8% used [0x00000000a0c00000,0x00000000a62f2938,0x00000000e0400000)
 Metaspace       used 13043K, capacity 13234K, committed 13312K, reserved 1060864K
  class space    used 1469K, capacity 1501K, committed 1536K, reserved 1048576K
}
{Heap before GC invocations=874 (full 0):
 PSYoungGen      total 518656K, used 517248K [0x00000000e0400000, 0x0000000100000000, 0x0000000100000000)
  eden space 517120K, 100% used [0x00000000e0400000,0x00000000ffd00000,0x00000000ffd00000)
  from space 1536K, 8% used [0x00000000ffd00000,0x00000000ffd20000,0x00000000ffe80000)
  to   space 1536K, 0% used [0x00000000ffe80000,0x00000000ffe80000,0x0000000100000000)
 ParOldGen       total 1040384K, used 89034K [0x00000000a0c00000, 0x00000000e0400000, 0x00000000e0400000)
  object space 1040384K, 8% used [0x00000000a0c00000,0x00000000a62f2938,0x00000000e0400000)
 Metaspace       used 13043K, capacity 13234K, committed 13312K, reserved 1060864K
  class space    used 1469K, capacity 1501K, committed 1536K, reserved 1048576K
6105.486: [GC (Allocation Failure) [PSYoungGen: 517248K->128K(518656K)] 606282K->89162K(1559040K), 0.0014953 secs] [Times: user=0.00 sys=0.00, real=0.00 secs] 
Heap after GC invocations=874 (full 0):
 PSYoungGen      total 518656K, used 128K [0x00000000e0400000, 0x0000000100000000, 0x0000000100000000)
  eden space 517120K, 0% used [0x00000000e0400000,0x00000000e0400000,0x00000000ffd00000)
  from space 1536K, 8% used [0x00000000ffe80000,0x00000000ffea0000,0x0000000100000000)
  to   space 1536K, 0% used [0x00000000ffd00000,0x00000000ffd00000,0x00000000ffe80000)
 ParOldGen       total 1040384K, used 89034K [0x00000000a0c00000, 0x00000000e0400000, 0x00000000e0400000)
  object space 1040384K, 8% used [0x00000000a0c00000,0x00000000a62f2938,0x00000000e0400000)
 Metaspace       used 13043K, capacity 13234K, committed 13312K, reserved 1060864K
  class space    used 1469K, capacity 1501K, committed 1536K, reserved 1048576K
}
{Heap before GC invocations=875 (full 0):
 PSYoungGen      total 518656K, used 517248K [0x00000000e0400000, 0x0000000100000000, 0x0000000100000000)
  eden space 517120K, 100% used [0x00000000e0400000,0x00000000ffd00000,0x00000000ffd00000)
  from space 1536K, 8% used [0x00000000ffe80000,0x00000000ffea0000,0x0000000100000000)
  to   space 1536K, 0% used [0x00000000ffd00000,0x00000000ffd00000,0x00000000ffe80000)
 ParOldGen       total 1040384K, used 89034K [0x00000000a0c00000, 0x00000000e0400000, 0x00000000e0400000)
  object space 1040384K, 8% used [0x00000000a0c00000,0x00000000a62f2938,0x00000000e0400000)
 Metaspace       used 13043K, capacity 13234K, committed 13312K, reserved 1060864K
  class space    used 1469K, capacity 1501K, committed 1536K, reserved 1048576K
6112.412: [GC (Allocation Failure) [PSYoungGen: 517248K->256K(518656K)] 606282K->89290K(1559040K), 0.0013426 secs] [Times: user=0.00 sys=0.00, real=0.00 secs] 
Heap after GC invocations=875 (full 0):
 PSYoungGen      total 518656K, used 256K [0x00000000e0400000, 0x0000000100000000, 0x0000000100000000)
  eden space 517120K, 0% used [0x00000000e0400000,0x00000000e0400000,0x00000000ffd00000)
  from space 1536K, 16% used [0x00000000ffd00000,0x00000000ffd40000,0x00000000ffe80000)
  to   space 1024K, 0% used [0x00000000fff00000,0x00000000fff00000,0x0000000100000000)
 ParOldGen       total 1040384K, used 89034K [0x00000000a0c00000, 0x00000000e0400000, 0x00000000e0400000)
  object space 1040384K, 8% used [0x00000000a0c00000,0x00000000a62f2938,0x00000000e0400000)
 Metaspace       used 13043K, capacity 13234K, committed 13312K, reserved 1060864K
  class space    used 1469K, capacity 1501K, committed 1536K, reserved 1048576K
}
{Heap before GC invocations=876 (full 0):
 PSYoungGen      total 518656K, used 517376K [0x00000000e0400000, 0x0000000100000000, 0x0000000100000000)
  eden space 517120K, 100% used [0x00000000e0400000,0x00000000ffd00000,0x00000000ffd00000)
  from space 1536K, 16% used [0x00000000ffd00000,0x00000000ffd40000,0x00000000ffe80000)
  to   space 1024K, 0% used [0x00000000fff00000,0x00000000fff00000,0x0000000100000000)
 ParOldGen       total 1040384K, used 89034K [0x00000000a0c00000, 0x00000000e0400000, 0x00000000e0400000)
  object space 1040384K, 8% used [0x00000000a0c00000,0x00000000a62f2938,0x00000000e0400000)
 Metaspace       used 13043K, capacity 13234K, committed 13312K, reserved 1060864K
  class space    used 1469K, capacity 1501K, committed 1536K, reserved 1048576K
6119.513: [GC (Allocation Failure) [PSYoungGen: 517376K->224K(519168K)] 606410K->89258K(1559552K), 0.0014263 secs] [Times: user=0.00 sys=0.00, real=0.00 secs] 
Heap after GC invocations=876 (full 0):
 PSYoungGen      total 519168K, used 224K [0x00000000e0400000, 0x0000000100000000, 0x0000000100000000)
  eden space 518144K, 0% used [0x00000000e0400000,0x00000000e0400000,0x00000000ffe00000)
  from space 1024K, 21% used [0x00000000fff00000,0x00000000fff38000,0x0000000100000000)
  to   space 1024K, 0% used [0x00000000ffe00000,0x00000000ffe00000,0x00000000fff00000)
 ParOldGen       total 1040384K, used 89034K [0x00000000a0c00000, 0x00000000e0400000, 0x00000000e0400000)
  object space 1040384K, 8% used [0x00000000a0c00000,0x00000000a62f2938,0x00000000e0400000)
 Metaspace       used 13043K, capacity 13234K, committed 13312K, reserved 1060864K
  class space    used 1469K, capacity 1501K, committed 1536K, reserved 1048576K
}
{Heap before GC invocations=877 (full 0):
 PSYoungGen      total 519168K, used 518368K [0x00000000e0400000, 0x0000000100000000, 0x0000000100000000)
  eden space 518144K, 100% used [0x00000000e0400000,0x00000000ffe00000,0x00000000ffe00000)
  from space 1024K, 21% used [0x00000000fff00000,0x00000000fff38000,0x0000000100000000)
  to   space 1024K, 0% used [0x00000000ffe00000,0x00000000ffe00000,0x00000000fff00000)
 ParOldGen       total 1040384K, used 89034K [0x00000000a0c00000, 0x00000000e0400000, 0x00000000e0400000)
  object space 1040384K, 8% used [0x00000000a0c00000,0x00000000a62f2938,0x00000000e0400000)
 Metaspace       used 13043K, capacity 13234K, committed 13312K, reserved 1060864K
  class space    used 1469K, capacity 1501K, committed 1536K, reserved 1048576K
6126.520: [GC (Allocation Failure) [PSYoungGen: 518368K->640K(519168K)] 607402K->89674K(1559552K), 0.0017945 secs] [Times: user=0.13 sys=0.00, real=0.00 secs] 
Heap after GC invocations=877 (full 0):
 PSYoungGen      total 519168K, used 640K [0x00000000e0400000, 0x0000000100000000, 0x0000000100000000)
  eden space 518144K, 0% used [0x00000000e0400000,0x00000000e0400000,0x00000000ffe00000)
  from space 1024K, 62% used [0x00000000ffe00000,0x00000000ffea0000,0x00000000fff00000)
  to   space 1024K, 0% used [0x00000000fff00000,0x00000000fff00000,0x0000000100000000)
 ParOldGen       total 1040384K, used 89034K [0x00000000a0c00000, 0x00000000e0400000, 0x00000000e0400000)
  object space 1040384K, 8% used [0x00000000a0c00000,0x00000000a62f2938,0x00000000e0400000)
 Metaspace       used 13043K, capacity 13234K, committed 13312K, reserved 1060864K
  class space    used 1469K, capacity 1501K, committed 1536K, reserved 1048576K
}
{Heap before GC invocations=878 (full 0):
 PSYoungGen      total 519168K, used 518784K [0x00000000e0400000, 0x0000000100000000, 0x0000000100000000)
  eden space 518144K, 100% used [0x00000000e0400000,0x00000000ffe00000,0x00000000ffe00000)
  from space 1024K, 62% used [0x00000000ffe00000,0x00000000ffea0000,0x00000000fff00000)
  to   space 1024K, 0% used [0x00000000fff00000,0x00000000fff00000,0x0000000100000000)
 ParOldGen       total 1040384K, used 89034K [0x00000000a0c00000, 0x00000000e0400000, 0x00000000e0400000)
  object space 1040384K, 8% used [0x00000000a0c00000,0x00000000a62f2938,0x00000000e0400000)
 Metaspace       used 13043K, capacity 13234K, committed 13312K, reserved 1060864K
  class space    used 1469K, capacity 1501K, committed 1536K, reserved 1048576K
6133.621: [GC (Allocation Failure) [PSYoungGen: 518784K->160K(519168K)] 607818K->89202K(1559552K), 0.0019413 secs] [Times: user=0.00 sys=0.00, real=0.00 secs] 
Heap after GC invocations=878 (full 0):
 PSYoungGen      total 519168K, used 160K [0x00000000e0400000, 0x0000000100000000, 0x0000000100000000)
  eden space 518144K, 0% used [0x00000000e0400000,0x00000000e0400000,0x00000000ffe00000)
  from space 1024K, 15% used [0x00000000fff00000,0x00000000fff28000,0x0000000100000000)
  to   space 1024K, 0% used [0x00000000ffe00000,0x00000000ffe00000,0x00000000fff00000)
 ParOldGen       total 1040384K, used 89042K [0x00000000a0c00000, 0x00000000e0400000, 0x00000000e0400000)
  object space 1040384K, 8% used [0x00000000a0c00000,0x00000000a62f4938,0x00000000e0400000)
 Metaspace       used 13043K, capacity 13234K, committed 13312K, reserved 1060864K
  class space    used 1469K, capacity 1501K, committed 1536K, reserved 1048576K
}
{Heap before GC invocations=879 (full 0):
 PSYoungGen      total 519168K, used 518304K [0x00000000e0400000, 0x0000000100000000, 0x0000000100000000)
  eden space 518144K, 100% used [0x00000000e0400000,0x00000000ffe00000,0x00000000ffe00000)
  from space 1024K, 15% used [0x00000000fff00000,0x00000000fff28000,0x0000000100000000)
  to   space 1024K, 0% used [0x00000000ffe00000,0x00000000ffe00000,0x00000000fff00000)
 ParOldGen       total 1040384K, used 89042K [0x00000000a0c00000, 0x00000000e0400000, 0x00000000e0400000)
  object space 1040384K, 8% used [0x00000000a0c00000,0x00000000a62f4938,0x00000000e0400000)
 Metaspace       used 13043K, capacity 13234K, committed 13312K, reserved 1060864K
  class space    used 1469K, capacity 1501K, committed 1536K, reserved 1048576K
6140.612: [GC (Allocation Failure) [PSYoungGen: 518304K->160K(519168K)] 607346K->89202K(1559552K), 0.0017438 secs] [Times: user=0.00 sys=0.00, real=0.00 secs] 
Heap after GC invocations=879 (full 0):
 PSYoungGen      total 519168K, used 160K [0x00000000e0400000, 0x0000000100000000, 0x0000000100000000)
  eden space 518144K, 0% used [0x00000000e0400000,0x00000000e0400000,0x00000000ffe00000)
  from space 1024K, 15% used [0x00000000ffe00000,0x00000000ffe28000,0x00000000fff00000)
  to   space 1024K, 0% used [0x00000000fff00000,0x00000000fff00000,0x0000000100000000)
 ParOldGen       total 1040384K, used 89042K [0x00000000a0c00000, 0x00000000e0400000, 0x00000000e0400000)
  object space 1040384K, 8% used [0x00000000a0c00000,0x00000000a62f4938,0x00000000e0400000)
 Metaspace       used 13043K, capacity 13234K, committed 13312K, reserved 1060864K
  class space    used 1469K, capacity 1501K, committed 1536K, reserved 1048576K
}
{Heap before GC invocations=880 (full 0):
 PSYoungGen      total 519168K, used 518304K [0x00000000e0400000, 0x0000000100000000, 0x0000000100000000)
  eden space 518144K, 100% used [0x00000000e0400000,0x00000000ffe00000,0x00000000ffe00000)
  from space 1024K, 15% used [0x00000000ffe00000,0x00000000ffe28000,0x00000000fff00000)
  to   space 1024K, 0% used [0x00000000fff00000,0x00000000fff00000,0x0000000100000000)
 ParOldGen       total 1040384K, used 89042K [0x00000000a0c00000, 0x00000000e0400000, 0x00000000e0400000)
  object space 1040384K, 8% used [0x00000000a0c00000,0x00000000a62f4938,0x00000000e0400000)
 Metaspace       used 13043K, capacity 13234K, committed 13312K, reserved 1060864K
  class space    used 1469K, capacity 1501K, committed 1536K, reserved 1048576K
6147.460: [GC (Allocation Failure) [PSYoungGen: 518304K->160K(519168K)] 607346K->89202K(1559552K), 0.0020312 secs] [Times: user=0.00 sys=0.00, real=0.00 secs] 
Heap after GC invocations=880 (full 0):
 PSYoungGen      total 519168K, used 160K [0x00000000e0400000, 0x0000000100000000, 0x0000000100000000)
  eden space 518144K, 0% used [0x00000000e0400000,0x00000000e0400000,0x00000000ffe00000)
  from space 1024K, 15% used [0x00000000fff00000,0x00000000fff28000,0x0000000100000000)
  to   space 1024K, 0% used [0x00000000ffe00000,0x00000000ffe00000,0x00000000fff00000)
 ParOldGen       total 1040384K, used 89042K [0x00000000a0c00000, 0x00000000e0400000, 0x00000000e0400000)
  object space 1040384K, 8% used [0x00000000a0c00000,0x00000000a62f4938,0x00000000e0400000)
 Metaspace       used 13043K, capacity 13234K, committed 13312K, reserved 1060864K
  class space    used 1469K, capacity 1501K, committed 1536K, reserved 1048576K
}
{Heap before GC invocations=881 (full 0):
 PSYoungGen      total 519168K, used 518304K [0x00000000e0400000, 0x0000000100000000, 0x0000000100000000)
  eden space 518144K, 100% used [0x00000000e0400000,0x00000000ffe00000,0x00000000ffe00000)
  from space 1024K, 15% used [0x00000000fff00000,0x00000000fff28000,0x0000000100000000)
  to   space 1024K, 0% used [0x00000000ffe00000,0x00000000ffe00000,0x00000000fff00000)
 ParOldGen       total 1040384K, used 89042K [0x00000000a0c00000, 0x00000000e0400000, 0x00000000e0400000)
  object space 1040384K, 8% used [0x00000000a0c00000,0x00000000a62f4938,0x00000000e0400000)
 Metaspace       used 13043K, capacity 13234K, committed 13312K, reserved 1060864K
  class space    used 1469K, capacity 1501K, committed 1536K, reserved 1048576K
6154.461: [GC (Allocation Failure) [PSYoungGen: 518304K->160K(519168K)] 607346K->89202K(1559552K), 0.0017731 secs] [Times: user=0.00 sys=0.00, real=0.00 secs] 
Heap after GC invocations=881 (full 0):
 PSYoungGen      total 519168K, used 160K [0x00000000e0400000, 0x0000000100000000, 0x0000000100000000)
  eden space 518144K, 0% used [0x00000000e0400000,0x00000000e0400000,0x00000000ffe00000)
  from space 1024K, 15% used [0x00000000ffe00000,0x00000000ffe28000,0x00000000fff00000)
  to   space 1024K, 0% used [0x00000000fff00000,0x00000000fff00000,0x0000000100000000)
 ParOldGen       total 1040384K, used 89042K [0x00000000a0c00000, 0x00000000e0400000, 0x00000000e0400000)
  object space 1040384K, 8% used [0x00000000a0c00000,0x00000000a62f4938,0x00000000e0400000)
 Metaspace       used 13043K, capacity 13234K, committed 13312K, reserved 1060864K
  class space    used 1469K, capacity 1501K, committed 1536K, reserved 1048576K
}
{Heap before GC invocations=882 (full 0):
 PSYoungGen      total 519168K, used 518304K [0x00000000e0400000, 0x0000000100000000, 0x0000000100000000)
  eden space 518144K, 100% used [0x00000000e0400000,0x00000000ffe00000,0x00000000ffe00000)
  from space 1024K, 15% used [0x00000000ffe00000,0x00000000ffe28000,0x00000000fff00000)
  to   space 1024K, 0% used [0x00000000fff00000,0x00000000fff00000,0x0000000100000000)
 ParOldGen       total 1040384K, used 89042K [0x00000000a0c00000, 0x00000000e0400000, 0x00000000e0400000)
  object space 1040384K, 8% used [0x00000000a0c00000,0x00000000a62f4938,0x00000000e0400000)
 Metaspace       used 13043K, capacity 13234K, committed 13312K, reserved 1060864K
  class space    used 1469K, capacity 1501K, committed 1536K, reserved 1048576K
6161.454: [GC (Allocation Failure) [PSYoungGen: 518304K->544K(519168K)] 607346K->89594K(1559552K), 0.0019808 secs] [Times: user=0.00 sys=0.00, real=0.00 secs] 
Heap after GC invocations=882 (full 0):
 PSYoungGen      total 519168K, used 544K [0x00000000e0400000, 0x0000000100000000, 0x0000000100000000)
  eden space 518144K, 0% used [0x00000000e0400000,0x00000000e0400000,0x00000000ffe00000)
  from space 1024K, 53% used [0x00000000fff00000,0x00000000fff88000,0x0000000100000000)
  to   space 1024K, 0% used [0x00000000ffe00000,0x00000000ffe00000,0x00000000fff00000)
 ParOldGen       total 1040384K, used 89050K [0x00000000a0c00000, 0x00000000e0400000, 0x00000000e0400000)
  object space 1040384K, 8% used [0x00000000a0c00000,0x00000000a62f6938,0x00000000e0400000)
 Metaspace       used 13043K, capacity 13234K, committed 13312K, reserved 1060864K
  class space    used 1469K, capacity 1501K, committed 1536K, reserved 1048576K
}
{Heap before GC invocations=883 (full 0):
 PSYoungGen      total 519168K, used 518688K [0x00000000e0400000, 0x0000000100000000, 0x0000000100000000)
  eden space 518144K, 100% used [0x00000000e0400000,0x00000000ffe00000,0x00000000ffe00000)
  from space 1024K, 53% used [0x00000000fff00000,0x00000000fff88000,0x0000000100000000)
  to   space 1024K, 0% used [0x00000000ffe00000,0x00000000ffe00000,0x00000000fff00000)
 ParOldGen       total 1040384K, used 89050K [0x00000000a0c00000, 0x00000000e0400000, 0x00000000e0400000)
  object space 1040384K, 8% used [0x00000000a0c00000,0x00000000a62f6938,0x00000000e0400000)
 Metaspace       used 13043K, capacity 13234K, committed 13312K, reserved 1060864K
  class space    used 1469K, capacity 1501K, committed 1536K, reserved 1048576K
6168.482: [GC (Allocation Failure) [PSYoungGen: 518688K->192K(519168K)] 607738K->89242K(1559552K), 0.0017510 secs] [Times: user=0.00 sys=0.00, real=0.00 secs] 
Heap after GC invocations=883 (full 0):
 PSYoungGen      total 519168K, used 192K [0x00000000e0400000, 0x0000000100000000, 0x0000000100000000)
  eden space 518144K, 0% used [0x00000000e0400000,0x00000000e0400000,0x00000000ffe00000)
  from space 1024K, 18% used [0x00000000ffe00000,0x00000000ffe30000,0x00000000fff00000)
  to   space 1024K, 0% used [0x00000000fff00000,0x00000000fff00000,0x0000000100000000)
 ParOldGen       total 1040384K, used 89050K [0x00000000a0c00000, 0x00000000e0400000, 0x00000000e0400000)
  object space 1040384K, 8% used [0x00000000a0c00000,0x00000000a62f6938,0x00000000e0400000)
 Metaspace       used 13043K, capacity 13234K, committed 13312K, reserved 1060864K
  class space    used 1469K, capacity 1501K, committed 1536K, reserved 1048576K
}
{Heap before GC invocations=884 (full 0):
 PSYoungGen      total 519168K, used 518336K [0x00000000e0400000, 0x0000000100000000, 0x0000000100000000)
  eden space 518144K, 100% used [0x00000000e0400000,0x00000000ffe00000,0x00000000ffe00000)
  from space 1024K, 18% used [0x00000000ffe00000,0x00000000ffe30000,0x00000000fff00000)
  to   space 1024K, 0% used [0x00000000fff00000,0x00000000fff00000,0x0000000100000000)
 ParOldGen       total 1040384K, used 89050K [0x00000000a0c00000, 0x00000000e0400000, 0x00000000e0400000)
  object space 1040384K, 8% used [0x00000000a0c00000,0x00000000a62f6938,0x00000000e0400000)
 Metaspace       used 13043K, capacity 13234K, committed 13312K, reserved 1060864K
  class space    used 1469K, capacity 1501K, committed 1536K, reserved 1048576K
6175.403: [GC (Allocation Failure) [PSYoungGen: 518336K->96K(519168K)] 607386K->89146K(1559552K), 0.0019236 secs] [Times: user=0.00 sys=0.00, real=0.00 secs] 
Heap after GC invocations=884 (full 0):
 PSYoungGen      total 519168K, used 96K [0x00000000e0400000, 0x0000000100000000, 0x0000000100000000)
  eden space 518144K, 0% used [0x00000000e0400000,0x00000000e0400000,0x00000000ffe00000)
  from space 1024K, 9% used [0x00000000fff00000,0x00000000fff18000,0x0000000100000000)
  to   space 1024K, 0% used [0x00000000ffe00000,0x00000000ffe00000,0x00000000fff00000)
 ParOldGen       total 1040384K, used 89050K [0x00000000a0c00000, 0x00000000e0400000, 0x00000000e0400000)
  object space 1040384K, 8% used [0x00000000a0c00000,0x00000000a62f6938,0x00000000e0400000)
 Metaspace       used 13043K, capacity 13234K, committed 13312K, reserved 1060864K
  class space    used 1469K, capacity 1501K, committed 1536K, reserved 1048576K
}
{Heap before GC invocations=885 (full 0):
 PSYoungGen      total 519168K, used 518240K [0x00000000e0400000, 0x0000000100000000, 0x0000000100000000)
  eden space 518144K, 100% used [0x00000000e0400000,0x00000000ffe00000,0x00000000ffe00000)
  from space 1024K, 9% used [0x00000000fff00000,0x00000000fff18000,0x0000000100000000)
  to   space 1024K, 0% used [0x00000000ffe00000,0x00000000ffe00000,0x00000000fff00000)
 ParOldGen       total 1040384K, used 89050K [0x00000000a0c00000, 0x00000000e0400000, 0x00000000e0400000)
  object space 1040384K, 8% used [0x00000000a0c00000,0x00000000a62f6938,0x00000000e0400000)
 Metaspace       used 13043K, capacity 13234K, committed 13312K, reserved 1060864K
  class space    used 1469K, capacity 1501K, committed 1536K, reserved 1048576K
6182.425: [GC (Allocation Failure) [PSYoungGen: 518240K->192K(519168K)] 607290K->89242K(1559552K), 0.0017755 secs] [Times: user=0.02 sys=0.00, real=0.00 secs] 
Heap after GC invocations=885 (full 0):
 PSYoungGen      total 519168K, used 192K [0x00000000e0400000, 0x0000000100000000, 0x0000000100000000)
  eden space 518144K, 0% used [0x00000000e0400000,0x00000000e0400000,0x00000000ffe00000)
  from space 1024K, 18% used [0x00000000ffe00000,0x00000000ffe30000,0x00000000fff00000)
  to   space 1024K, 0% used [0x00000000fff00000,0x00000000fff00000,0x0000000100000000)
 ParOldGen       total 1040384K, used 89050K [0x00000000a0c00000, 0x00000000e0400000, 0x00000000e0400000)
  object space 1040384K, 8% used [0x00000000a0c00000,0x00000000a62f6938,0x00000000e0400000)
 Metaspace       used 13043K, capacity 13234K, committed 13312K, reserved 1060864K
  class space    used 1469K, capacity 1501K, committed 1536K, reserved 1048576K
}
{Heap before GC invocations=886 (full 0):
 PSYoungGen      total 519168K, used 518336K [0x00000000e0400000, 0x0000000100000000, 0x0000000100000000)
  eden space 518144K, 100% used [0x00000000e0400000,0x00000000ffe00000,0x00000000ffe00000)
  from space 1024K, 18% used [0x00000000ffe00000,0x00000000ffe30000,0x00000000fff00000)
  to   space 1024K, 0% used [0x00000000fff00000,0x00000000fff00000,0x0000000100000000)
 ParOldGen       total 1040384K, used 89050K [0x00000000a0c00000, 0x00000000e0400000, 0x00000000e0400000)
  object space 1040384K, 8% used [0x00000000a0c00000,0x00000000a62f6938,0x00000000e0400000)
 Metaspace       used 13043K, capacity 13234K, committed 13312K, reserved 1060864K
  class space    used 1469K, capacity 1501K, committed 1536K, reserved 1048576K
6189.466: [GC (Allocation Failure) [PSYoungGen: 518336K->160K(519168K)] 607386K->89218K(1559552K), 0.0013784 secs] [Times: user=0.00 sys=0.00, real=0.00 secs] 
Heap after GC invocations=886 (full 0):
 PSYoungGen      total 519168K, used 160K [0x00000000e0400000, 0x0000000100000000, 0x0000000100000000)
  eden space 518144K, 0% used [0x00000000e0400000,0x00000000e0400000,0x00000000ffe00000)
  from space 1024K, 15% used [0x00000000fff00000,0x00000000fff28000,0x0000000100000000)
  to   space 1024K, 0% used [0x00000000ffe00000,0x00000000ffe00000,0x00000000fff00000)
 ParOldGen       total 1040384K, used 89058K [0x00000000a0c00000, 0x00000000e0400000, 0x00000000e0400000)
  object space 1040384K, 8% used [0x00000000a0c00000,0x00000000a62f8938,0x00000000e0400000)
 Metaspace       used 13043K, capacity 13234K, committed 13312K, reserved 1060864K
  class space    used 1469K, capacity 1501K, committed 1536K, reserved 1048576K
}
{Heap before GC invocations=887 (full 0):
 PSYoungGen      total 519168K, used 518304K [0x00000000e0400000, 0x0000000100000000, 0x0000000100000000)
  eden space 518144K, 100% used [0x00000000e0400000,0x00000000ffe00000,0x00000000ffe00000)
  from space 1024K, 15% used [0x00000000fff00000,0x00000000fff28000,0x0000000100000000)
  to   space 1024K, 0% used [0x00000000ffe00000,0x00000000ffe00000,0x00000000fff00000)
 ParOldGen       total 1040384K, used 89058K [0x00000000a0c00000, 0x00000000e0400000, 0x00000000e0400000)
  object space 1040384K, 8% used [0x00000000a0c00000,0x00000000a62f8938,0x00000000e0400000)
 Metaspace       used 13043K, capacity 13234K, committed 13312K, reserved 1060864K
  class space    used 1469K, capacity 1501K, committed 1536K, reserved 1048576K
6196.416: [GC (Allocation Failure) [PSYoungGen: 518304K->832K(519168K)] 607362K->89890K(1559552K), 0.0019426 secs] [Times: user=0.00 sys=0.00, real=0.00 secs] 
Heap after GC invocations=887 (full 0):
 PSYoungGen      total 519168K, used 832K [0x00000000e0400000, 0x0000000100000000, 0x0000000100000000)
  eden space 518144K, 0% used [0x00000000e0400000,0x00000000e0400000,0x00000000ffe00000)
  from space 1024K, 81% used [0x00000000ffe00000,0x00000000ffed0000,0x00000000fff00000)
  to   space 1024K, 0% used [0x00000000fff00000,0x00000000fff00000,0x0000000100000000)
 ParOldGen       total 1040384K, used 89058K [0x00000000a0c00000, 0x00000000e0400000, 0x00000000e0400000)
  object space 1040384K, 8% used [0x00000000a0c00000,0x00000000a62f8938,0x00000000e0400000)
 Metaspace       used 13043K, capacity 13234K, committed 13312K, reserved 1060864K
  class space    used 1469K, capacity 1501K, committed 1536K, reserved 1048576K
}
{Heap before GC invocations=888 (full 0):
 PSYoungGen      total 519168K, used 518976K [0x00000000e0400000, 0x0000000100000000, 0x0000000100000000)
  eden space 518144K, 100% used [0x00000000e0400000,0x00000000ffe00000,0x00000000ffe00000)
  from space 1024K, 81% used [0x00000000ffe00000,0x00000000ffed0000,0x00000000fff00000)
  to   space 1024K, 0% used [0x00000000fff00000,0x00000000fff00000,0x0000000100000000)
 ParOldGen       total 1040384K, used 89058K [0x00000000a0c00000, 0x00000000e0400000, 0x00000000e0400000)
  object space 1040384K, 8% used [0x00000000a0c00000,0x00000000a62f8938,0x00000000e0400000)
 Metaspace       used 13043K, capacity 13234K, committed 13312K, reserved 1060864K
  class space    used 1469K, capacity 1501K, committed 1536K, reserved 1048576K
6203.431: [GC (Allocation Failure) [PSYoungGen: 518976K->992K(518144K)] 608034K->90050K(1558528K), 0.0019662 secs] [Times: user=0.00 sys=0.00, real=0.00 secs] 
Heap after GC invocations=888 (full 0):
 PSYoungGen      total 518144K, used 992K [0x00000000e0400000, 0x0000000100000000, 0x0000000100000000)
  eden space 517120K, 0% used [0x00000000e0400000,0x00000000e0400000,0x00000000ffd00000)
  from space 1024K, 96% used [0x00000000fff00000,0x00000000ffff8000,0x0000000100000000)
  to   space 1536K, 0% used [0x00000000ffd00000,0x00000000ffd00000,0x00000000ffe80000)
 ParOldGen       total 1040384K, used 89058K [0x00000000a0c00000, 0x00000000e0400000, 0x00000000e0400000)
  object space 1040384K, 8% used [0x00000000a0c00000,0x00000000a62f8938,0x00000000e0400000)
 Metaspace       used 13043K, capacity 13234K, committed 13312K, reserved 1060864K
  class space    used 1469K, capacity 1501K, committed 1536K, reserved 1048576K
}
{Heap before GC invocations=889 (full 0):
 PSYoungGen      total 518144K, used 518112K [0x00000000e0400000, 0x0000000100000000, 0x0000000100000000)
  eden space 517120K, 100% used [0x00000000e0400000,0x00000000ffd00000,0x00000000ffd00000)
  from space 1024K, 96% used [0x00000000fff00000,0x00000000ffff8000,0x0000000100000000)
  to   space 1536K, 0% used [0x00000000ffd00000,0x00000000ffd00000,0x00000000ffe80000)
 ParOldGen       total 1040384K, used 89058K [0x00000000a0c00000, 0x00000000e0400000, 0x00000000e0400000)
  object space 1040384K, 8% used [0x00000000a0c00000,0x00000000a62f8938,0x00000000e0400000)
 Metaspace       used 13043K, capacity 13234K, committed 13312K, reserved 1060864K
  class space    used 1469K, capacity 1501K, committed 1536K, reserved 1048576K
6210.451: [GC (Allocation Failure) [PSYoungGen: 518112K->128K(518656K)] 607170K->89186K(1559040K), 0.0019164 secs] [Times: user=0.00 sys=0.00, real=0.00 secs] 
Heap after GC invocations=889 (full 0):
 PSYoungGen      total 518656K, used 128K [0x00000000e0400000, 0x0000000100000000, 0x0000000100000000)
  eden space 517120K, 0% used [0x00000000e0400000,0x00000000e0400000,0x00000000ffd00000)
  from space 1536K, 8% used [0x00000000ffd00000,0x00000000ffd20000,0x00000000ffe80000)
  to   space 1536K, 0% used [0x00000000ffe80000,0x00000000ffe80000,0x0000000100000000)
 ParOldGen       total 1040384K, used 89058K [0x00000000a0c00000, 0x00000000e0400000, 0x00000000e0400000)
  object space 1040384K, 8% used [0x00000000a0c00000,0x00000000a62f8938,0x00000000e0400000)
 Metaspace       used 13043K, capacity 13234K, committed 13312K, reserved 1060864K
  class space    used 1469K, capacity 1501K, committed 1536K, reserved 1048576K
}
{Heap before GC invocations=890 (full 0):
 PSYoungGen      total 518656K, used 517248K [0x00000000e0400000, 0x0000000100000000, 0x0000000100000000)
  eden space 517120K, 100% used [0x00000000e0400000,0x00000000ffd00000,0x00000000ffd00000)
  from space 1536K, 8% used [0x00000000ffd00000,0x00000000ffd20000,0x00000000ffe80000)
  to   space 1536K, 0% used [0x00000000ffe80000,0x00000000ffe80000,0x0000000100000000)
 ParOldGen       total 1040384K, used 89058K [0x00000000a0c00000, 0x00000000e0400000, 0x00000000e0400000)
  object space 1040384K, 8% used [0x00000000a0c00000,0x00000000a62f8938,0x00000000e0400000)
 Metaspace       used 13043K, capacity 13234K, committed 13312K, reserved 1060864K
  class space    used 1469K, capacity 1501K, committed 1536K, reserved 1048576K
6217.513: [GC (Allocation Failure) [PSYoungGen: 517248K->160K(519168K)] 606306K->89218K(1559552K), 0.0018154 secs] [Times: user=0.00 sys=0.00, real=0.00 secs] 
Heap after GC invocations=890 (full 0):
 PSYoungGen      total 519168K, used 160K [0x00000000e0400000, 0x0000000100000000, 0x0000000100000000)
  eden space 517632K, 0% used [0x00000000e0400000,0x00000000e0400000,0x00000000ffd80000)
  from space 1536K, 10% used [0x00000000ffe80000,0x00000000ffea8000,0x0000000100000000)
  to   space 1024K, 0% used [0x00000000ffd80000,0x00000000ffd80000,0x00000000ffe80000)
 ParOldGen       total 1040384K, used 89058K [0x00000000a0c00000, 0x00000000e0400000, 0x00000000e0400000)
  object space 1040384K, 8% used [0x00000000a0c00000,0x00000000a62f8938,0x00000000e0400000)
 Metaspace       used 13043K, capacity 13234K, committed 13312K, reserved 1060864K
  class space    used 1469K, capacity 1501K, committed 1536K, reserved 1048576K
}
{Heap before GC invocations=891 (full 0):
 PSYoungGen      total 519168K, used 517792K [0x00000000e0400000, 0x0000000100000000, 0x0000000100000000)
  eden space 517632K, 100% used [0x00000000e0400000,0x00000000ffd80000,0x00000000ffd80000)
  from space 1536K, 10% used [0x00000000ffe80000,0x00000000ffea8000,0x0000000100000000)
  to   space 1024K, 0% used [0x00000000ffd80000,0x00000000ffd80000,0x00000000ffe80000)
 ParOldGen       total 1040384K, used 89058K [0x00000000a0c00000, 0x00000000e0400000, 0x00000000e0400000)
  object space 1040384K, 8% used [0x00000000a0c00000,0x00000000a62f8938,0x00000000e0400000)
 Metaspace       used 13043K, capacity 13234K, committed 13312K, reserved 1060864K
  class space    used 1469K, capacity 1501K, committed 1536K, reserved 1048576K
6224.523: [GC (Allocation Failure) [PSYoungGen: 517792K->192K(518656K)] 606850K->89258K(1559040K), 0.0014378 secs] [Times: user=0.00 sys=0.00, real=0.00 secs] 
Heap after GC invocations=891 (full 0):
 PSYoungGen      total 518656K, used 192K [0x00000000e0400000, 0x0000000100000000, 0x0000000100000000)
  eden space 517632K, 0% used [0x00000000e0400000,0x00000000e0400000,0x00000000ffd80000)
  from space 1024K, 18% used [0x00000000ffd80000,0x00000000ffdb0000,0x00000000ffe80000)
  to   space 1024K, 0% used [0x00000000fff00000,0x00000000fff00000,0x0000000100000000)
 ParOldGen       total 1040384K, used 89066K [0x00000000a0c00000, 0x00000000e0400000, 0x00000000e0400000)
  object space 1040384K, 8% used [0x00000000a0c00000,0x00000000a62fa938,0x00000000e0400000)
 Metaspace       used 13043K, capacity 13234K, committed 13312K, reserved 1060864K
  class space    used 1469K, capacity 1501K, committed 1536K, reserved 1048576K
}
{Heap before GC invocations=892 (full 0):
 PSYoungGen      total 518656K, used 517824K [0x00000000e0400000, 0x0000000100000000, 0x0000000100000000)
  eden space 517632K, 100% used [0x00000000e0400000,0x00000000ffd80000,0x00000000ffd80000)
  from space 1024K, 18% used [0x00000000ffd80000,0x00000000ffdb0000,0x00000000ffe80000)
  to   space 1024K, 0% used [0x00000000fff00000,0x00000000fff00000,0x0000000100000000)
 ParOldGen       total 1040384K, used 89066K [0x00000000a0c00000, 0x00000000e0400000, 0x00000000e0400000)
  object space 1040384K, 8% used [0x00000000a0c00000,0x00000000a62fa938,0x00000000e0400000)
 Metaspace       used 13043K, capacity 13234K, committed 13312K, reserved 1060864K
  class space    used 1469K, capacity 1501K, committed 1536K, reserved 1048576K
6231.563: [GC (Allocation Failure) [PSYoungGen: 517824K->1024K(518144K)] 606890K->90098K(1558528K), 0.0022716 secs] [Times: user=0.00 sys=0.00, real=0.00 secs] 
Heap after GC invocations=892 (full 0):
 PSYoungGen      total 518144K, used 1024K [0x00000000e0400000, 0x0000000100000000, 0x0000000100000000)
  eden space 517120K, 0% used [0x00000000e0400000,0x00000000e0400000,0x00000000ffd00000)
  from space 1024K, 100% used [0x00000000fff00000,0x0000000100000000,0x0000000100000000)
  to   space 1536K, 0% used [0x00000000ffd00000,0x00000000ffd00000,0x00000000ffe80000)
 ParOldGen       total 1040384K, used 89074K [0x00000000a0c00000, 0x00000000e0400000, 0x00000000e0400000)
  object space 1040384K, 8% used [0x00000000a0c00000,0x00000000a62fc938,0x00000000e0400000)
 Metaspace       used 13043K, capacity 13234K, committed 13312K, reserved 1060864K
  class space    used 1469K, capacity 1501K, committed 1536K, reserved 1048576K
}
{Heap before GC invocations=893 (full 0):
 PSYoungGen      total 518144K, used 518144K [0x00000000e0400000, 0x0000000100000000, 0x0000000100000000)
  eden space 517120K, 100% used [0x00000000e0400000,0x00000000ffd00000,0x00000000ffd00000)
  from space 1024K, 100% used [0x00000000fff00000,0x0000000100000000,0x0000000100000000)
  to   space 1536K, 0% used [0x00000000ffd00000,0x00000000ffd00000,0x00000000ffe80000)
 ParOldGen       total 1040384K, used 89074K [0x00000000a0c00000, 0x00000000e0400000, 0x00000000e0400000)
  object space 1040384K, 8% used [0x00000000a0c00000,0x00000000a62fc938,0x00000000e0400000)
 Metaspace       used 13043K, capacity 13234K, committed 13312K, reserved 1060864K
  class space    used 1469K, capacity 1501K, committed 1536K, reserved 1048576K
6238.719: [GC (Allocation Failure) [PSYoungGen: 518144K->224K(518656K)] 607218K->89298K(1559040K), 0.0013075 secs] [Times: user=0.00 sys=0.00, real=0.00 secs] 
Heap after GC invocations=893 (full 0):
 PSYoungGen      total 518656K, used 224K [0x00000000e0400000, 0x0000000100000000, 0x0000000100000000)
  eden space 517120K, 0% used [0x00000000e0400000,0x00000000e0400000,0x00000000ffd00000)
  from space 1536K, 14% used [0x00000000ffd00000,0x00000000ffd38000,0x00000000ffe80000)
  to   space 1536K, 0% used [0x00000000ffe80000,0x00000000ffe80000,0x0000000100000000)
 ParOldGen       total 1040384K, used 89074K [0x00000000a0c00000, 0x00000000e0400000, 0x00000000e0400000)
  object space 1040384K, 8% used [0x00000000a0c00000,0x00000000a62fc938,0x00000000e0400000)
 Metaspace       used 13043K, capacity 13234K, committed 13312K, reserved 1060864K
  class space    used 1469K, capacity 1501K, committed 1536K, reserved 1048576K
}
{Heap before GC invocations=894 (full 0):
 PSYoungGen      total 518656K, used 517344K [0x00000000e0400000, 0x0000000100000000, 0x0000000100000000)
  eden space 517120K, 100% used [0x00000000e0400000,0x00000000ffd00000,0x00000000ffd00000)
  from space 1536K, 14% used [0x00000000ffd00000,0x00000000ffd38000,0x00000000ffe80000)
  to   space 1536K, 0% used [0x00000000ffe80000,0x00000000ffe80000,0x0000000100000000)
 ParOldGen       total 1040384K, used 89074K [0x00000000a0c00000, 0x00000000e0400000, 0x00000000e0400000)
  object space 1040384K, 8% used [0x00000000a0c00000,0x00000000a62fc938,0x00000000e0400000)
 Metaspace       used 13043K, capacity 13234K, committed 13312K, reserved 1060864K
  class space    used 1469K, capacity 1501K, committed 1536K, reserved 1048576K
6245.714: [GC (Allocation Failure) [PSYoungGen: 517344K->160K(518656K)] 606418K->89234K(1559040K), 0.0017740 secs] [Times: user=0.00 sys=0.00, real=0.00 secs] 
Heap after GC invocations=894 (full 0):
 PSYoungGen      total 518656K, used 160K [0x00000000e0400000, 0x0000000100000000, 0x0000000100000000)
  eden space 517120K, 0% used [0x00000000e0400000,0x00000000e0400000,0x00000000ffd00000)
  from space 1536K, 10% used [0x00000000ffe80000,0x00000000ffea8000,0x0000000100000000)
  to   space 1536K, 0% used [0x00000000ffd00000,0x00000000ffd00000,0x00000000ffe80000)
 ParOldGen       total 1040384K, used 89074K [0x00000000a0c00000, 0x00000000e0400000, 0x00000000e0400000)
  object space 1040384K, 8% used [0x00000000a0c00000,0x00000000a62fc938,0x00000000e0400000)
 Metaspace       used 13043K, capacity 13234K, committed 13312K, reserved 1060864K
  class space    used 1469K, capacity 1501K, committed 1536K, reserved 1048576K
}
{Heap before GC invocations=895 (full 0):
 PSYoungGen      total 518656K, used 517280K [0x00000000e0400000, 0x0000000100000000, 0x0000000100000000)
  eden space 517120K, 100% used [0x00000000e0400000,0x00000000ffd00000,0x00000000ffd00000)
  from space 1536K, 10% used [0x00000000ffe80000,0x00000000ffea8000,0x0000000100000000)
  to   space 1536K, 0% used [0x00000000ffd00000,0x00000000ffd00000,0x00000000ffe80000)
 ParOldGen       total 1040384K, used 89074K [0x00000000a0c00000, 0x00000000e0400000, 0x00000000e0400000)
  object space 1040384K, 8% used [0x00000000a0c00000,0x00000000a62fc938,0x00000000e0400000)
 Metaspace       used 13043K, capacity 13234K, committed 13312K, reserved 1060864K
  class space    used 1469K, capacity 1501K, committed 1536K, reserved 1048576K
6252.621: [GC (Allocation Failure) [PSYoungGen: 517280K->96K(518656K)] 606354K->89178K(1559040K), 0.0015370 secs] [Times: user=0.00 sys=0.00, real=0.00 secs] 
Heap after GC invocations=895 (full 0):
 PSYoungGen      total 518656K, used 96K [0x00000000e0400000, 0x0000000100000000, 0x0000000100000000)
  eden space 517120K, 0% used [0x00000000e0400000,0x00000000e0400000,0x00000000ffd00000)
  from space 1536K, 6% used [0x00000000ffd00000,0x00000000ffd18000,0x00000000ffe80000)
  to   space 1536K, 0% used [0x00000000ffe80000,0x00000000ffe80000,0x0000000100000000)
 ParOldGen       total 1040384K, used 89082K [0x00000000a0c00000, 0x00000000e0400000, 0x00000000e0400000)
  object space 1040384K, 8% used [0x00000000a0c00000,0x00000000a62fe938,0x00000000e0400000)
 Metaspace       used 13043K, capacity 13234K, committed 13312K, reserved 1060864K
  class space    used 1469K, capacity 1501K, committed 1536K, reserved 1048576K
}
{Heap before GC invocations=896 (full 0):
 PSYoungGen      total 518656K, used 517216K [0x00000000e0400000, 0x0000000100000000, 0x0000000100000000)
  eden space 517120K, 100% used [0x00000000e0400000,0x00000000ffd00000,0x00000000ffd00000)
  from space 1536K, 6% used [0x00000000ffd00000,0x00000000ffd18000,0x00000000ffe80000)
  to   space 1536K, 0% used [0x00000000ffe80000,0x00000000ffe80000,0x0000000100000000)
 ParOldGen       total 1040384K, used 89082K [0x00000000a0c00000, 0x00000000e0400000, 0x00000000e0400000)
  object space 1040384K, 8% used [0x00000000a0c00000,0x00000000a62fe938,0x00000000e0400000)
 Metaspace       used 13043K, capacity 13234K, committed 13312K, reserved 1060864K
  class space    used 1469K, capacity 1501K, committed 1536K, reserved 1048576K
6259.550: [GC (Allocation Failure) [PSYoungGen: 517216K->160K(519168K)] 606298K->89242K(1559552K), 0.0017472 secs] [Times: user=0.00 sys=0.02, real=0.00 secs] 
Heap after GC invocations=896 (full 0):
 PSYoungGen      total 519168K, used 160K [0x00000000e0400000, 0x0000000100000000, 0x0000000100000000)
  eden space 517632K, 0% used [0x00000000e0400000,0x00000000e0400000,0x00000000ffd80000)
  from space 1536K, 10% used [0x00000000ffe80000,0x00000000ffea8000,0x0000000100000000)
  to   space 1024K, 0% used [0x00000000ffd80000,0x00000000ffd80000,0x00000000ffe80000)
 ParOldGen       total 1040384K, used 89082K [0x00000000a0c00000, 0x00000000e0400000, 0x00000000e0400000)
  object space 1040384K, 8% used [0x00000000a0c00000,0x00000000a62fe938,0x00000000e0400000)
 Metaspace       used 13043K, capacity 13234K, committed 13312K, reserved 1060864K
  class space    used 1469K, capacity 1501K, committed 1536K, reserved 1048576K
}
{Heap before GC invocations=897 (full 0):
 PSYoungGen      total 519168K, used 517792K [0x00000000e0400000, 0x0000000100000000, 0x0000000100000000)
  eden space 517632K, 100% used [0x00000000e0400000,0x00000000ffd80000,0x00000000ffd80000)
  from space 1536K, 10% used [0x00000000ffe80000,0x00000000ffea8000,0x0000000100000000)
  to   space 1024K, 0% used [0x00000000ffd80000,0x00000000ffd80000,0x00000000ffe80000)
 ParOldGen       total 1040384K, used 89082K [0x00000000a0c00000, 0x00000000e0400000, 0x00000000e0400000)
  object space 1040384K, 8% used [0x00000000a0c00000,0x00000000a62fe938,0x00000000e0400000)
 Metaspace       used 13043K, capacity 13234K, committed 13312K, reserved 1060864K
  class space    used 1469K, capacity 1501K, committed 1536K, reserved 1048576K
6266.607: [GC (Allocation Failure) [PSYoungGen: 517792K->192K(518656K)] 606874K->89274K(1559040K), 0.0017205 secs] [Times: user=0.00 sys=0.00, real=0.00 secs] 
Heap after GC invocations=897 (full 0):
 PSYoungGen      total 518656K, used 192K [0x00000000e0400000, 0x0000000100000000, 0x0000000100000000)
  eden space 517632K, 0% used [0x00000000e0400000,0x00000000e0400000,0x00000000ffd80000)
  from space 1024K, 18% used [0x00000000ffd80000,0x00000000ffdb0000,0x00000000ffe80000)
  to   space 1024K, 0% used [0x00000000fff00000,0x00000000fff00000,0x0000000100000000)
 ParOldGen       total 1040384K, used 89082K [0x00000000a0c00000, 0x00000000e0400000, 0x00000000e0400000)
  object space 1040384K, 8% used [0x00000000a0c00000,0x00000000a62fe938,0x00000000e0400000)
 Metaspace       used 13043K, capacity 13234K, committed 13312K, reserved 1060864K
  class space    used 1469K, capacity 1501K, committed 1536K, reserved 1048576K
}
{Heap before GC invocations=898 (full 0):
 PSYoungGen      total 518656K, used 517824K [0x00000000e0400000, 0x0000000100000000, 0x0000000100000000)
  eden space 517632K, 100% used [0x00000000e0400000,0x00000000ffd80000,0x00000000ffd80000)
  from space 1024K, 18% used [0x00000000ffd80000,0x00000000ffdb0000,0x00000000ffe80000)
  to   space 1024K, 0% used [0x00000000fff00000,0x00000000fff00000,0x0000000100000000)
 ParOldGen       total 1040384K, used 89082K [0x00000000a0c00000, 0x00000000e0400000, 0x00000000e0400000)
  object space 1040384K, 8% used [0x00000000a0c00000,0x00000000a62fe938,0x00000000e0400000)
 Metaspace       used 13043K, capacity 13234K, committed 13312K, reserved 1060864K
  class space    used 1469K, capacity 1501K, committed 1536K, reserved 1048576K
6273.717: [GC (Allocation Failure) [PSYoungGen: 517824K->224K(519168K)] 606906K->89306K(1559552K), 0.0019562 secs] [Times: user=0.00 sys=0.00, real=0.00 secs] 
Heap after GC invocations=898 (full 0):
 PSYoungGen      total 519168K, used 224K [0x00000000e0400000, 0x0000000100000000, 0x0000000100000000)
  eden space 518144K, 0% used [0x00000000e0400000,0x00000000e0400000,0x00000000ffe00000)
  from space 1024K, 21% used [0x00000000fff00000,0x00000000fff38000,0x0000000100000000)
  to   space 1024K, 0% used [0x00000000ffe00000,0x00000000ffe00000,0x00000000fff00000)
 ParOldGen       total 1040384K, used 89082K [0x00000000a0c00000, 0x00000000e0400000, 0x00000000e0400000)
  object space 1040384K, 8% used [0x00000000a0c00000,0x00000000a62fe938,0x00000000e0400000)
 Metaspace       used 13043K, capacity 13234K, committed 13312K, reserved 1060864K
  class space    used 1469K, capacity 1501K, committed 1536K, reserved 1048576K
}
{Heap before GC invocations=899 (full 0):
 PSYoungGen      total 519168K, used 518368K [0x00000000e0400000, 0x0000000100000000, 0x0000000100000000)
  eden space 518144K, 100% used [0x00000000e0400000,0x00000000ffe00000,0x00000000ffe00000)
  from space 1024K, 21% used [0x00000000fff00000,0x00000000fff38000,0x0000000100000000)
  to   space 1024K, 0% used [0x00000000ffe00000,0x00000000ffe00000,0x00000000fff00000)
 ParOldGen       total 1040384K, used 89082K [0x00000000a0c00000, 0x00000000e0400000, 0x00000000e0400000)
  object space 1040384K, 8% used [0x00000000a0c00000,0x00000000a62fe938,0x00000000e0400000)
 Metaspace       used 13043K, capacity 13234K, committed 13312K, reserved 1060864K
  class space    used 1469K, capacity 1501K, committed 1536K, reserved 1048576K
6280.651: [GC (Allocation Failure) [PSYoungGen: 518368K->192K(519168K)] 607450K->89282K(1559552K), 0.0017936 secs] [Times: user=0.00 sys=0.00, real=0.00 secs] 
Heap after GC invocations=899 (full 0):
 PSYoungGen      total 519168K, used 192K [0x00000000e0400000, 0x0000000100000000, 0x0000000100000000)
  eden space 518144K, 0% used [0x00000000e0400000,0x00000000e0400000,0x00000000ffe00000)
  from space 1024K, 18% used [0x00000000ffe00000,0x00000000ffe30000,0x00000000fff00000)
  to   space 1024K, 0% used [0x00000000fff00000,0x00000000fff00000,0x0000000100000000)
 ParOldGen       total 1040384K, used 89090K [0x00000000a0c00000, 0x00000000e0400000, 0x00000000e0400000)
  object space 1040384K, 8% used [0x00000000a0c00000,0x00000000a6300938,0x00000000e0400000)
 Metaspace       used 13043K, capacity 13234K, committed 13312K, reserved 1060864K
  class space    used 1469K, capacity 1501K, committed 1536K, reserved 1048576K
}
{Heap before GC invocations=900 (full 0):
 PSYoungGen      total 519168K, used 518336K [0x00000000e0400000, 0x0000000100000000, 0x0000000100000000)
  eden space 518144K, 100% used [0x00000000e0400000,0x00000000ffe00000,0x00000000ffe00000)
  from space 1024K, 18% used [0x00000000ffe00000,0x00000000ffe30000,0x00000000fff00000)
  to   space 1024K, 0% used [0x00000000fff00000,0x00000000fff00000,0x0000000100000000)
 ParOldGen       total 1040384K, used 89090K [0x00000000a0c00000, 0x00000000e0400000, 0x00000000e0400000)
  object space 1040384K, 8% used [0x00000000a0c00000,0x00000000a6300938,0x00000000e0400000)
 Metaspace       used 13043K, capacity 13234K, committed 13312K, reserved 1060864K
  class space    used 1469K, capacity 1501K, committed 1536K, reserved 1048576K
6287.627: [GC (Allocation Failure) [PSYoungGen: 518336K->224K(519168K)] 607426K->89314K(1559552K), 0.0017780 secs] [Times: user=0.00 sys=0.00, real=0.00 secs] 
Heap after GC invocations=900 (full 0):
 PSYoungGen      total 519168K, used 224K [0x00000000e0400000, 0x0000000100000000, 0x0000000100000000)
  eden space 518144K, 0% used [0x00000000e0400000,0x00000000e0400000,0x00000000ffe00000)
  from space 1024K, 21% used [0x00000000fff00000,0x00000000fff38000,0x0000000100000000)
  to   space 1024K, 0% used [0x00000000ffe00000,0x00000000ffe00000,0x00000000fff00000)
 ParOldGen       total 1040384K, used 89090K [0x00000000a0c00000, 0x00000000e0400000, 0x00000000e0400000)
  object space 1040384K, 8% used [0x00000000a0c00000,0x00000000a6300938,0x00000000e0400000)
 Metaspace       used 13043K, capacity 13234K, committed 13312K, reserved 1060864K
  class space    used 1469K, capacity 1501K, committed 1536K, reserved 1048576K
}
{Heap before GC invocations=901 (full 0):
 PSYoungGen      total 519168K, used 518368K [0x00000000e0400000, 0x0000000100000000, 0x0000000100000000)
  eden space 518144K, 100% used [0x00000000e0400000,0x00000000ffe00000,0x00000000ffe00000)
  from space 1024K, 21% used [0x00000000fff00000,0x00000000fff38000,0x0000000100000000)
  to   space 1024K, 0% used [0x00000000ffe00000,0x00000000ffe00000,0x00000000fff00000)
 ParOldGen       total 1040384K, used 89090K [0x00000000a0c00000, 0x00000000e0400000, 0x00000000e0400000)
  object space 1040384K, 8% used [0x00000000a0c00000,0x00000000a6300938,0x00000000e0400000)
 Metaspace       used 13043K, capacity 13234K, committed 13312K, reserved 1060864K
  class space    used 1469K, capacity 1501K, committed 1536K, reserved 1048576K
6294.526: [GC (Allocation Failure) [PSYoungGen: 518368K->128K(519168K)] 607458K->89218K(1559552K), 0.0017124 secs] [Times: user=0.00 sys=0.00, real=0.00 secs] 
Heap after GC invocations=901 (full 0):
 PSYoungGen      total 519168K, used 128K [0x00000000e0400000, 0x0000000100000000, 0x0000000100000000)
  eden space 518144K, 0% used [0x00000000e0400000,0x00000000e0400000,0x00000000ffe00000)
  from space 1024K, 12% used [0x00000000ffe00000,0x00000000ffe20000,0x00000000fff00000)
  to   space 1024K, 0% used [0x00000000fff00000,0x00000000fff00000,0x0000000100000000)
 ParOldGen       total 1040384K, used 89090K [0x00000000a0c00000, 0x00000000e0400000, 0x00000000e0400000)
  object space 1040384K, 8% used [0x00000000a0c00000,0x00000000a6300938,0x00000000e0400000)
 Metaspace       used 13043K, capacity 13234K, committed 13312K, reserved 1060864K
  class space    used 1469K, capacity 1501K, committed 1536K, reserved 1048576K
}
{Heap before GC invocations=902 (full 0):
 PSYoungGen      total 519168K, used 518272K [0x00000000e0400000, 0x0000000100000000, 0x0000000100000000)
  eden space 518144K, 100% used [0x00000000e0400000,0x00000000ffe00000,0x00000000ffe00000)
  from space 1024K, 12% used [0x00000000ffe00000,0x00000000ffe20000,0x00000000fff00000)
  to   space 1024K, 0% used [0x00000000fff00000,0x00000000fff00000,0x0000000100000000)
 ParOldGen       total 1040384K, used 89090K [0x00000000a0c00000, 0x00000000e0400000, 0x00000000e0400000)
  object space 1040384K, 8% used [0x00000000a0c00000,0x00000000a6300938,0x00000000e0400000)
 Metaspace       used 13043K, capacity 13234K, committed 13312K, reserved 1060864K
  class space    used 1469K, capacity 1501K, committed 1536K, reserved 1048576K
6301.587: [GC (Allocation Failure) [PSYoungGen: 518272K->1024K(518144K)] 607362K->90234K(1558528K), 0.0022592 secs] [Times: user=0.00 sys=0.00, real=0.00 secs] 
Heap after GC invocations=902 (full 0):
 PSYoungGen      total 518144K, used 1024K [0x00000000e0400000, 0x0000000100000000, 0x0000000100000000)
  eden space 517120K, 0% used [0x00000000e0400000,0x00000000e0400000,0x00000000ffd00000)
  from space 1024K, 100% used [0x00000000fff00000,0x0000000100000000,0x0000000100000000)
  to   space 1536K, 0% used [0x00000000ffd00000,0x00000000ffd00000,0x00000000ffe80000)
 ParOldGen       total 1040384K, used 89210K [0x00000000a0c00000, 0x00000000e0400000, 0x00000000e0400000)
  object space 1040384K, 8% used [0x00000000a0c00000,0x00000000a631e938,0x00000000e0400000)
 Metaspace       used 13043K, capacity 13234K, committed 13312K, reserved 1060864K
  class space    used 1469K, capacity 1501K, committed 1536K, reserved 1048576K
}
{Heap before GC invocations=903 (full 0):
 PSYoungGen      total 518144K, used 518144K [0x00000000e0400000, 0x0000000100000000, 0x0000000100000000)
  eden space 517120K, 100% used [0x00000000e0400000,0x00000000ffd00000,0x00000000ffd00000)
  from space 1024K, 100% used [0x00000000fff00000,0x0000000100000000,0x0000000100000000)
  to   space 1536K, 0% used [0x00000000ffd00000,0x00000000ffd00000,0x00000000ffe80000)
 ParOldGen       total 1040384K, used 89210K [0x00000000a0c00000, 0x00000000e0400000, 0x00000000e0400000)
  object space 1040384K, 8% used [0x00000000a0c00000,0x00000000a631e938,0x00000000e0400000)
 Metaspace       used 13043K, capacity 13234K, committed 13312K, reserved 1060864K
  class space    used 1469K, capacity 1501K, committed 1536K, reserved 1048576K
6308.692: [GC (Allocation Failure) [PSYoungGen: 518144K->224K(518656K)] 607354K->89450K(1559040K), 0.0013221 secs] [Times: user=0.13 sys=0.00, real=0.00 secs] 
Heap after GC invocations=903 (full 0):
 PSYoungGen      total 518656K, used 224K [0x00000000e0400000, 0x0000000100000000, 0x0000000100000000)
  eden space 517120K, 0% used [0x00000000e0400000,0x00000000e0400000,0x00000000ffd00000)
  from space 1536K, 14% used [0x00000000ffd00000,0x00000000ffd38000,0x00000000ffe80000)
  to   space 1024K, 0% used [0x00000000fff00000,0x00000000fff00000,0x0000000100000000)
 ParOldGen       total 1040384K, used 89226K [0x00000000a0c00000, 0x00000000e0400000, 0x00000000e0400000)
  object space 1040384K, 8% used [0x00000000a0c00000,0x00000000a6322938,0x00000000e0400000)
 Metaspace       used 13043K, capacity 13234K, committed 13312K, reserved 1060864K
  class space    used 1469K, capacity 1501K, committed 1536K, reserved 1048576K
}
{Heap before GC invocations=904 (full 0):
 PSYoungGen      total 518656K, used 517344K [0x00000000e0400000, 0x0000000100000000, 0x0000000100000000)
  eden space 517120K, 100% used [0x00000000e0400000,0x00000000ffd00000,0x00000000ffd00000)
  from space 1536K, 14% used [0x00000000ffd00000,0x00000000ffd38000,0x00000000ffe80000)
  to   space 1024K, 0% used [0x00000000fff00000,0x00000000fff00000,0x0000000100000000)
 ParOldGen       total 1040384K, used 89226K [0x00000000a0c00000, 0x00000000e0400000, 0x00000000e0400000)
  object space 1040384K, 8% used [0x00000000a0c00000,0x00000000a6322938,0x00000000e0400000)
 Metaspace       used 13043K, capacity 13234K, committed 13312K, reserved 1060864K
  class space    used 1469K, capacity 1501K, committed 1536K, reserved 1048576K
6315.680: [GC (Allocation Failure) [PSYoungGen: 517344K->256K(519168K)] 606570K->89482K(1559552K), 0.0013703 secs] [Times: user=0.00 sys=0.00, real=0.00 secs] 
Heap after GC invocations=904 (full 0):
 PSYoungGen      total 519168K, used 256K [0x00000000e0400000, 0x0000000100000000, 0x0000000100000000)
  eden space 518144K, 0% used [0x00000000e0400000,0x00000000e0400000,0x00000000ffe00000)
  from space 1024K, 25% used [0x00000000fff00000,0x00000000fff40000,0x0000000100000000)
  to   space 1024K, 0% used [0x00000000ffe00000,0x00000000ffe00000,0x00000000fff00000)
 ParOldGen       total 1040384K, used 89226K [0x00000000a0c00000, 0x00000000e0400000, 0x00000000e0400000)
  object space 1040384K, 8% used [0x00000000a0c00000,0x00000000a6322938,0x00000000e0400000)
 Metaspace       used 13043K, capacity 13234K, committed 13312K, reserved 1060864K
  class space    used 1469K, capacity 1501K, committed 1536K, reserved 1048576K
}
{Heap before GC invocations=905 (full 0):
 PSYoungGen      total 519168K, used 518400K [0x00000000e0400000, 0x0000000100000000, 0x0000000100000000)
  eden space 518144K, 100% used [0x00000000e0400000,0x00000000ffe00000,0x00000000ffe00000)
  from space 1024K, 25% used [0x00000000fff00000,0x00000000fff40000,0x0000000100000000)
  to   space 1024K, 0% used [0x00000000ffe00000,0x00000000ffe00000,0x00000000fff00000)
 ParOldGen       total 1040384K, used 89226K [0x00000000a0c00000, 0x00000000e0400000, 0x00000000e0400000)
  object space 1040384K, 8% used [0x00000000a0c00000,0x00000000a6322938,0x00000000e0400000)
 Metaspace       used 13043K, capacity 13234K, committed 13312K, reserved 1060864K
  class space    used 1469K, capacity 1501K, committed 1536K, reserved 1048576K
6322.626: [GC (Allocation Failure) [PSYoungGen: 518400K->256K(519168K)] 607626K->89482K(1559552K), 0.0013936 secs] [Times: user=0.00 sys=0.00, real=0.00 secs] 
Heap after GC invocations=905 (full 0):
 PSYoungGen      total 519168K, used 256K [0x00000000e0400000, 0x0000000100000000, 0x0000000100000000)
  eden space 518144K, 0% used [0x00000000e0400000,0x00000000e0400000,0x00000000ffe00000)
  from space 1024K, 25% used [0x00000000ffe00000,0x00000000ffe40000,0x00000000fff00000)
  to   space 1024K, 0% used [0x00000000fff00000,0x00000000fff00000,0x0000000100000000)
 ParOldGen       total 1040384K, used 89226K [0x00000000a0c00000, 0x00000000e0400000, 0x00000000e0400000)
  object space 1040384K, 8% used [0x00000000a0c00000,0x00000000a6322938,0x00000000e0400000)
 Metaspace       used 13043K, capacity 13234K, committed 13312K, reserved 1060864K
  class space    used 1469K, capacity 1501K, committed 1536K, reserved 1048576K
}
{Heap before GC invocations=906 (full 0):
 PSYoungGen      total 519168K, used 518400K [0x00000000e0400000, 0x0000000100000000, 0x0000000100000000)
  eden space 518144K, 100% used [0x00000000e0400000,0x00000000ffe00000,0x00000000ffe00000)
  from space 1024K, 25% used [0x00000000ffe00000,0x00000000ffe40000,0x00000000fff00000)
  to   space 1024K, 0% used [0x00000000fff00000,0x00000000fff00000,0x0000000100000000)
 ParOldGen       total 1040384K, used 89226K [0x00000000a0c00000, 0x00000000e0400000, 0x00000000e0400000)
  object space 1040384K, 8% used [0x00000000a0c00000,0x00000000a6322938,0x00000000e0400000)
 Metaspace       used 13043K, capacity 13234K, committed 13312K, reserved 1060864K
  class space    used 1469K, capacity 1501K, committed 1536K, reserved 1048576K
6329.654: [GC (Allocation Failure) [PSYoungGen: 518400K->160K(519168K)] 607626K->89386K(1559552K), 0.0017961 secs] [Times: user=0.00 sys=0.00, real=0.00 secs] 
Heap after GC invocations=906 (full 0):
 PSYoungGen      total 519168K, used 160K [0x00000000e0400000, 0x0000000100000000, 0x0000000100000000)
  eden space 518144K, 0% used [0x00000000e0400000,0x00000000e0400000,0x00000000ffe00000)
  from space 1024K, 15% used [0x00000000fff00000,0x00000000fff28000,0x0000000100000000)
  to   space 1024K, 0% used [0x00000000ffe00000,0x00000000ffe00000,0x00000000fff00000)
 ParOldGen       total 1040384K, used 89226K [0x00000000a0c00000, 0x00000000e0400000, 0x00000000e0400000)
  object space 1040384K, 8% used [0x00000000a0c00000,0x00000000a6322938,0x00000000e0400000)
 Metaspace       used 13043K, capacity 13234K, committed 13312K, reserved 1060864K
  class space    used 1469K, capacity 1501K, committed 1536K, reserved 1048576K
}
{Heap before GC invocations=907 (full 0):
 PSYoungGen      total 519168K, used 518304K [0x00000000e0400000, 0x0000000100000000, 0x0000000100000000)
  eden space 518144K, 100% used [0x00000000e0400000,0x00000000ffe00000,0x00000000ffe00000)
  from space 1024K, 15% used [0x00000000fff00000,0x00000000fff28000,0x0000000100000000)
  to   space 1024K, 0% used [0x00000000ffe00000,0x00000000ffe00000,0x00000000fff00000)
 ParOldGen       total 1040384K, used 89226K [0x00000000a0c00000, 0x00000000e0400000, 0x00000000e0400000)
  object space 1040384K, 8% used [0x00000000a0c00000,0x00000000a6322938,0x00000000e0400000)
 Metaspace       used 13043K, capacity 13234K, committed 13312K, reserved 1060864K
  class space    used 1469K, capacity 1501K, committed 1536K, reserved 1048576K
6336.644: [GC (Allocation Failure) [PSYoungGen: 518304K->1024K(519168K)] 607530K->90810K(1559552K), 0.0022896 secs] [Times: user=0.06 sys=0.00, real=0.00 secs] 
Heap after GC invocations=907 (full 0):
 PSYoungGen      total 519168K, used 1024K [0x00000000e0400000, 0x0000000100000000, 0x0000000100000000)
  eden space 518144K, 0% used [0x00000000e0400000,0x00000000e0400000,0x00000000ffe00000)
  from space 1024K, 100% used [0x00000000ffe00000,0x00000000fff00000,0x00000000fff00000)
  to   space 1024K, 0% used [0x00000000fff00000,0x00000000fff00000,0x0000000100000000)
 ParOldGen       total 1040384K, used 89786K [0x00000000a0c00000, 0x00000000e0400000, 0x00000000e0400000)
  object space 1040384K, 8% used [0x00000000a0c00000,0x00000000a63ae938,0x00000000e0400000)
 Metaspace       used 13043K, capacity 13234K, committed 13312K, reserved 1060864K
  class space    used 1469K, capacity 1501K, committed 1536K, reserved 1048576K
}
{Heap before GC invocations=908 (full 0):
 PSYoungGen      total 519168K, used 519168K [0x00000000e0400000, 0x0000000100000000, 0x0000000100000000)
  eden space 518144K, 100% used [0x00000000e0400000,0x00000000ffe00000,0x00000000ffe00000)
  from space 1024K, 100% used [0x00000000ffe00000,0x00000000fff00000,0x00000000fff00000)
  to   space 1024K, 0% used [0x00000000fff00000,0x00000000fff00000,0x0000000100000000)
 ParOldGen       total 1040384K, used 89786K [0x00000000a0c00000, 0x00000000e0400000, 0x00000000e0400000)
  object space 1040384K, 8% used [0x00000000a0c00000,0x00000000a63ae938,0x00000000e0400000)
 Metaspace       used 13043K, capacity 13234K, committed 13312K, reserved 1060864K
  class space    used 1469K, capacity 1501K, committed 1536K, reserved 1048576K
6343.588: [GC (Allocation Failure) [PSYoungGen: 519168K->160K(518144K)] 608954K->89970K(1558528K), 0.0018514 secs] [Times: user=0.00 sys=0.00, real=0.00 secs] 
Heap after GC invocations=908 (full 0):
 PSYoungGen      total 518144K, used 160K [0x00000000e0400000, 0x0000000100000000, 0x0000000100000000)
  eden space 517120K, 0% used [0x00000000e0400000,0x00000000e0400000,0x00000000ffd00000)
  from space 1024K, 15% used [0x00000000fff00000,0x00000000fff28000,0x0000000100000000)
  to   space 1536K, 0% used [0x00000000ffd00000,0x00000000ffd00000,0x00000000ffe80000)
 ParOldGen       total 1040384K, used 89810K [0x00000000a0c00000, 0x00000000e0400000, 0x00000000e0400000)
  object space 1040384K, 8% used [0x00000000a0c00000,0x00000000a63b4938,0x00000000e0400000)
 Metaspace       used 13043K, capacity 13234K, committed 13312K, reserved 1060864K
  class space    used 1469K, capacity 1501K, committed 1536K, reserved 1048576K
}
{Heap before GC invocations=909 (full 0):
 PSYoungGen      total 518144K, used 517280K [0x00000000e0400000, 0x0000000100000000, 0x0000000100000000)
  eden space 517120K, 100% used [0x00000000e0400000,0x00000000ffd00000,0x00000000ffd00000)
  from space 1024K, 15% used [0x00000000fff00000,0x00000000fff28000,0x0000000100000000)
  to   space 1536K, 0% used [0x00000000ffd00000,0x00000000ffd00000,0x00000000ffe80000)
 ParOldGen       total 1040384K, used 89810K [0x00000000a0c00000, 0x00000000e0400000, 0x00000000e0400000)
  object space 1040384K, 8% used [0x00000000a0c00000,0x00000000a63b4938,0x00000000e0400000)
 Metaspace       used 13043K, capacity 13234K, committed 13312K, reserved 1060864K
  class space    used 1469K, capacity 1501K, committed 1536K, reserved 1048576K
6350.489: [GC (Allocation Failure) [PSYoungGen: 517280K->128K(518656K)] 607090K->89938K(1559040K), 0.0018916 secs] [Times: user=0.06 sys=0.02, real=0.00 secs] 
Heap after GC invocations=909 (full 0):
 PSYoungGen      total 518656K, used 128K [0x00000000e0400000, 0x0000000100000000, 0x0000000100000000)
  eden space 517120K, 0% used [0x00000000e0400000,0x00000000e0400000,0x00000000ffd00000)
  from space 1536K, 8% used [0x00000000ffd00000,0x00000000ffd20000,0x00000000ffe80000)
  to   space 1536K, 0% used [0x00000000ffe80000,0x00000000ffe80000,0x0000000100000000)
 ParOldGen       total 1040384K, used 89810K [0x00000000a0c00000, 0x00000000e0400000, 0x00000000e0400000)
  object space 1040384K, 8% used [0x00000000a0c00000,0x00000000a63b4938,0x00000000e0400000)
 Metaspace       used 13043K, capacity 13234K, committed 13312K, reserved 1060864K
  class space    used 1469K, capacity 1501K, committed 1536K, reserved 1048576K
}
{Heap before GC invocations=910 (full 0):
 PSYoungGen      total 518656K, used 517248K [0x00000000e0400000, 0x0000000100000000, 0x0000000100000000)
  eden space 517120K, 100% used [0x00000000e0400000,0x00000000ffd00000,0x00000000ffd00000)
  from space 1536K, 8% used [0x00000000ffd00000,0x00000000ffd20000,0x00000000ffe80000)
  to   space 1536K, 0% used [0x00000000ffe80000,0x00000000ffe80000,0x0000000100000000)
 ParOldGen       total 1040384K, used 89810K [0x00000000a0c00000, 0x00000000e0400000, 0x00000000e0400000)
  object space 1040384K, 8% used [0x00000000a0c00000,0x00000000a63b4938,0x00000000e0400000)
 Metaspace       used 13043K, capacity 13234K, committed 13312K, reserved 1060864K
  class space    used 1469K, capacity 1501K, committed 1536K, reserved 1048576K
6357.567: [GC (Allocation Failure) [PSYoungGen: 517248K->224K(518656K)] 607058K->90034K(1559040K), 0.0016698 secs] [Times: user=0.11 sys=0.00, real=0.00 secs] 
Heap after GC invocations=910 (full 0):
 PSYoungGen      total 518656K, used 224K [0x00000000e0400000, 0x0000000100000000, 0x0000000100000000)
  eden space 517120K, 0% used [0x00000000e0400000,0x00000000e0400000,0x00000000ffd00000)
  from space 1536K, 14% used [0x00000000ffe80000,0x00000000ffeb8000,0x0000000100000000)
  to   space 1536K, 0% used [0x00000000ffd00000,0x00000000ffd00000,0x00000000ffe80000)
 ParOldGen       total 1040384K, used 89810K [0x00000000a0c00000, 0x00000000e0400000, 0x00000000e0400000)
  object space 1040384K, 8% used [0x00000000a0c00000,0x00000000a63b4938,0x00000000e0400000)
 Metaspace       used 13043K, capacity 13234K, committed 13312K, reserved 1060864K
  class space    used 1469K, capacity 1501K, committed 1536K, reserved 1048576K
}
{Heap before GC invocations=911 (full 0):
 PSYoungGen      total 518656K, used 517344K [0x00000000e0400000, 0x0000000100000000, 0x0000000100000000)
  eden space 517120K, 100% used [0x00000000e0400000,0x00000000ffd00000,0x00000000ffd00000)
  from space 1536K, 14% used [0x00000000ffe80000,0x00000000ffeb8000,0x0000000100000000)
  to   space 1536K, 0% used [0x00000000ffd00000,0x00000000ffd00000,0x00000000ffe80000)
 ParOldGen       total 1040384K, used 89810K [0x00000000a0c00000, 0x00000000e0400000, 0x00000000e0400000)
  object space 1040384K, 8% used [0x00000000a0c00000,0x00000000a63b4938,0x00000000e0400000)
 Metaspace       used 13043K, capacity 13234K, committed 13312K, reserved 1060864K
  class space    used 1469K, capacity 1501K, committed 1536K, reserved 1048576K
6364.614: [GC (Allocation Failure) [PSYoungGen: 517344K->224K(518656K)] 607154K->90034K(1559040K), 0.0017127 secs] [Times: user=0.09 sys=0.00, real=0.00 secs] 
Heap after GC invocations=911 (full 0):
 PSYoungGen      total 518656K, used 224K [0x00000000e0400000, 0x0000000100000000, 0x0000000100000000)
  eden space 517120K, 0% used [0x00000000e0400000,0x00000000e0400000,0x00000000ffd00000)
  from space 1536K, 14% used [0x00000000ffd00000,0x00000000ffd38000,0x00000000ffe80000)
  to   space 1536K, 0% used [0x00000000ffe80000,0x00000000ffe80000,0x0000000100000000)
 ParOldGen       total 1040384K, used 89810K [0x00000000a0c00000, 0x00000000e0400000, 0x00000000e0400000)
  object space 1040384K, 8% used [0x00000000a0c00000,0x00000000a63b4938,0x00000000e0400000)
 Metaspace       used 13043K, capacity 13234K, committed 13312K, reserved 1060864K
  class space    used 1469K, capacity 1501K, committed 1536K, reserved 1048576K
}
{Heap before GC invocations=912 (full 0):
 PSYoungGen      total 518656K, used 517344K [0x00000000e0400000, 0x0000000100000000, 0x0000000100000000)
  eden space 517120K, 100% used [0x00000000e0400000,0x00000000ffd00000,0x00000000ffd00000)
  from space 1536K, 14% used [0x00000000ffd00000,0x00000000ffd38000,0x00000000ffe80000)
  to   space 1536K, 0% used [0x00000000ffe80000,0x00000000ffe80000,0x0000000100000000)
 ParOldGen       total 1040384K, used 89810K [0x00000000a0c00000, 0x00000000e0400000, 0x00000000e0400000)
  object space 1040384K, 8% used [0x00000000a0c00000,0x00000000a63b4938,0x00000000e0400000)
 Metaspace       used 13043K, capacity 13234K, committed 13312K, reserved 1060864K
  class space    used 1469K, capacity 1501K, committed 1536K, reserved 1048576K
6371.692: [GC (Allocation Failure) [PSYoungGen: 517344K->160K(518656K)] 607154K->89978K(1559040K), 0.0020436 secs] [Times: user=0.11 sys=0.00, real=0.00 secs] 
Heap after GC invocations=912 (full 0):
 PSYoungGen      total 518656K, used 160K [0x00000000e0400000, 0x0000000100000000, 0x0000000100000000)
  eden space 517120K, 0% used [0x00000000e0400000,0x00000000e0400000,0x00000000ffd00000)
  from space 1536K, 10% used [0x00000000ffe80000,0x00000000ffea8000,0x0000000100000000)
  to   space 1536K, 0% used [0x00000000ffd00000,0x00000000ffd00000,0x00000000ffe80000)
 ParOldGen       total 1040384K, used 89818K [0x00000000a0c00000, 0x00000000e0400000, 0x00000000e0400000)
  object space 1040384K, 8% used [0x00000000a0c00000,0x00000000a63b6938,0x00000000e0400000)
 Metaspace       used 13043K, capacity 13234K, committed 13312K, reserved 1060864K
  class space    used 1469K, capacity 1501K, committed 1536K, reserved 1048576K
}
{Heap before GC invocations=913 (full 0):
 PSYoungGen      total 518656K, used 517280K [0x00000000e0400000, 0x0000000100000000, 0x0000000100000000)
  eden space 517120K, 100% used [0x00000000e0400000,0x00000000ffd00000,0x00000000ffd00000)
  from space 1536K, 10% used [0x00000000ffe80000,0x00000000ffea8000,0x0000000100000000)
  to   space 1536K, 0% used [0x00000000ffd00000,0x00000000ffd00000,0x00000000ffe80000)
 ParOldGen       total 1040384K, used 89818K [0x00000000a0c00000, 0x00000000e0400000, 0x00000000e0400000)
  object space 1040384K, 8% used [0x00000000a0c00000,0x00000000a63b6938,0x00000000e0400000)
 Metaspace       used 13043K, capacity 13234K, committed 13312K, reserved 1060864K
  class space    used 1469K, capacity 1501K, committed 1536K, reserved 1048576K
6378.597: [GC (Allocation Failure) [PSYoungGen: 517280K->160K(518656K)] 607098K->89978K(1559040K), 0.0020934 secs] [Times: user=0.00 sys=0.00, real=0.00 secs] 
Heap after GC invocations=913 (full 0):
 PSYoungGen      total 518656K, used 160K [0x00000000e0400000, 0x0000000100000000, 0x0000000100000000)
  eden space 517120K, 0% used [0x00000000e0400000,0x00000000e0400000,0x00000000ffd00000)
  from space 1536K, 10% used [0x00000000ffd00000,0x00000000ffd28000,0x00000000ffe80000)
  to   space 1024K, 0% used [0x00000000fff00000,0x00000000fff00000,0x0000000100000000)
 ParOldGen       total 1040384K, used 89818K [0x00000000a0c00000, 0x00000000e0400000, 0x00000000e0400000)
  object space 1040384K, 8% used [0x00000000a0c00000,0x00000000a63b6938,0x00000000e0400000)
 Metaspace       used 13043K, capacity 13234K, committed 13312K, reserved 1060864K
  class space    used 1469K, capacity 1501K, committed 1536K, reserved 1048576K
}
{Heap before GC invocations=914 (full 0):
 PSYoungGen      total 518656K, used 517280K [0x00000000e0400000, 0x0000000100000000, 0x0000000100000000)
  eden space 517120K, 100% used [0x00000000e0400000,0x00000000ffd00000,0x00000000ffd00000)
  from space 1536K, 10% used [0x00000000ffd00000,0x00000000ffd28000,0x00000000ffe80000)
  to   space 1024K, 0% used [0x00000000fff00000,0x00000000fff00000,0x0000000100000000)
 ParOldGen       total 1040384K, used 89818K [0x00000000a0c00000, 0x00000000e0400000, 0x00000000e0400000)
  object space 1040384K, 8% used [0x00000000a0c00000,0x00000000a63b6938,0x00000000e0400000)
 Metaspace       used 13043K, capacity 13234K, committed 13312K, reserved 1060864K
  class space    used 1469K, capacity 1501K, committed 1536K, reserved 1048576K
6385.475: [GC (Allocation Failure) [PSYoungGen: 517280K->192K(519168K)] 607098K->90010K(1559552K), 0.0013964 secs] [Times: user=0.00 sys=0.00, real=0.00 secs] 
Heap after GC invocations=914 (full 0):
 PSYoungGen      total 519168K, used 192K [0x00000000e0400000, 0x0000000100000000, 0x0000000100000000)
  eden space 518144K, 0% used [0x00000000e0400000,0x00000000e0400000,0x00000000ffe00000)
  from space 1024K, 18% used [0x00000000fff00000,0x00000000fff30000,0x0000000100000000)
  to   space 1024K, 0% used [0x00000000ffe00000,0x00000000ffe00000,0x00000000fff00000)
 ParOldGen       total 1040384K, used 89818K [0x00000000a0c00000, 0x00000000e0400000, 0x00000000e0400000)
  object space 1040384K, 8% used [0x00000000a0c00000,0x00000000a63b6938,0x00000000e0400000)
 Metaspace       used 13043K, capacity 13234K, committed 13312K, reserved 1060864K
  class space    used 1469K, capacity 1501K, committed 1536K, reserved 1048576K
}
{Heap before GC invocations=915 (full 0):
 PSYoungGen      total 519168K, used 518336K [0x00000000e0400000, 0x0000000100000000, 0x0000000100000000)
  eden space 518144K, 100% used [0x00000000e0400000,0x00000000ffe00000,0x00000000ffe00000)
  from space 1024K, 18% used [0x00000000fff00000,0x00000000fff30000,0x0000000100000000)
  to   space 1024K, 0% used [0x00000000ffe00000,0x00000000ffe00000,0x00000000fff00000)
 ParOldGen       total 1040384K, used 89818K [0x00000000a0c00000, 0x00000000e0400000, 0x00000000e0400000)
  object space 1040384K, 8% used [0x00000000a0c00000,0x00000000a63b6938,0x00000000e0400000)
 Metaspace       used 13043K, capacity 13234K, committed 13312K, reserved 1060864K
  class space    used 1469K, capacity 1501K, committed 1536K, reserved 1048576K
6392.642: [GC (Allocation Failure) [PSYoungGen: 518336K->224K(519168K)] 608154K->90042K(1559552K), 0.0014515 secs] [Times: user=0.00 sys=0.00, real=0.00 secs] 
Heap after GC invocations=915 (full 0):
 PSYoungGen      total 519168K, used 224K [0x00000000e0400000, 0x0000000100000000, 0x0000000100000000)
  eden space 518144K, 0% used [0x00000000e0400000,0x00000000e0400000,0x00000000ffe00000)
  from space 1024K, 21% used [0x00000000ffe00000,0x00000000ffe38000,0x00000000fff00000)
  to   space 1024K, 0% used [0x00000000fff00000,0x00000000fff00000,0x0000000100000000)
 ParOldGen       total 1040384K, used 89818K [0x00000000a0c00000, 0x00000000e0400000, 0x00000000e0400000)
  object space 1040384K, 8% used [0x00000000a0c00000,0x00000000a63b6938,0x00000000e0400000)
 Metaspace       used 13043K, capacity 13234K, committed 13312K, reserved 1060864K
  class space    used 1469K, capacity 1501K, committed 1536K, reserved 1048576K
}
{Heap before GC invocations=916 (full 0):
 PSYoungGen      total 519168K, used 518368K [0x00000000e0400000, 0x0000000100000000, 0x0000000100000000)
  eden space 518144K, 100% used [0x00000000e0400000,0x00000000ffe00000,0x00000000ffe00000)
  from space 1024K, 21% used [0x00000000ffe00000,0x00000000ffe38000,0x00000000fff00000)
  to   space 1024K, 0% used [0x00000000fff00000,0x00000000fff00000,0x0000000100000000)
 ParOldGen       total 1040384K, used 89818K [0x00000000a0c00000, 0x00000000e0400000, 0x00000000e0400000)
  object space 1040384K, 8% used [0x00000000a0c00000,0x00000000a63b6938,0x00000000e0400000)
 Metaspace       used 13043K, capacity 13234K, committed 13312K, reserved 1060864K
  class space    used 1469K, capacity 1501K, committed 1536K, reserved 1048576K
6399.673: [GC (Allocation Failure) [PSYoungGen: 518368K->96K(519168K)] 608186K->89922K(1559552K), 0.0018710 secs] [Times: user=0.00 sys=0.00, real=0.00 secs] 
Heap after GC invocations=916 (full 0):
 PSYoungGen      total 519168K, used 96K [0x00000000e0400000, 0x0000000100000000, 0x0000000100000000)
  eden space 518144K, 0% used [0x00000000e0400000,0x00000000e0400000,0x00000000ffe00000)
  from space 1024K, 9% used [0x00000000fff00000,0x00000000fff18000,0x0000000100000000)
  to   space 1024K, 0% used [0x00000000ffe00000,0x00000000ffe00000,0x00000000fff00000)
 ParOldGen       total 1040384K, used 89826K [0x00000000a0c00000, 0x00000000e0400000, 0x00000000e0400000)
  object space 1040384K, 8% used [0x00000000a0c00000,0x00000000a63b8938,0x00000000e0400000)
 Metaspace       used 13043K, capacity 13234K, committed 13312K, reserved 1060864K
  class space    used 1469K, capacity 1501K, committed 1536K, reserved 1048576K
}
{Heap before GC invocations=917 (full 0):
 PSYoungGen      total 519168K, used 518240K [0x00000000e0400000, 0x0000000100000000, 0x0000000100000000)
  eden space 518144K, 100% used [0x00000000e0400000,0x00000000ffe00000,0x00000000ffe00000)
  from space 1024K, 9% used [0x00000000fff00000,0x00000000fff18000,0x0000000100000000)
  to   space 1024K, 0% used [0x00000000ffe00000,0x00000000ffe00000,0x00000000fff00000)
 ParOldGen       total 1040384K, used 89826K [0x00000000a0c00000, 0x00000000e0400000, 0x00000000e0400000)
  object space 1040384K, 8% used [0x00000000a0c00000,0x00000000a63b8938,0x00000000e0400000)
 Metaspace       used 13043K, capacity 13234K, committed 13312K, reserved 1060864K
  class space    used 1469K, capacity 1501K, committed 1536K, reserved 1048576K
6406.631: [GC (Allocation Failure) [PSYoungGen: 518240K->896K(519168K)] 608066K->90722K(1559552K), 0.0016141 secs] [Times: user=0.00 sys=0.00, real=0.00 secs] 
Heap after GC invocations=917 (full 0):
 PSYoungGen      total 519168K, used 896K [0x00000000e0400000, 0x0000000100000000, 0x0000000100000000)
  eden space 518144K, 0% used [0x00000000e0400000,0x00000000e0400000,0x00000000ffe00000)
  from space 1024K, 87% used [0x00000000ffe00000,0x00000000ffee0000,0x00000000fff00000)
  to   space 1024K, 0% used [0x00000000fff00000,0x00000000fff00000,0x0000000100000000)
 ParOldGen       total 1040384K, used 89826K [0x00000000a0c00000, 0x00000000e0400000, 0x00000000e0400000)
  object space 1040384K, 8% used [0x00000000a0c00000,0x00000000a63b8938,0x00000000e0400000)
 Metaspace       used 13043K, capacity 13234K, committed 13312K, reserved 1060864K
  class space    used 1469K, capacity 1501K, committed 1536K, reserved 1048576K
}
{Heap before GC invocations=918 (full 0):
 PSYoungGen      total 519168K, used 519040K [0x00000000e0400000, 0x0000000100000000, 0x0000000100000000)
  eden space 518144K, 100% used [0x00000000e0400000,0x00000000ffe00000,0x00000000ffe00000)
  from space 1024K, 87% used [0x00000000ffe00000,0x00000000ffee0000,0x00000000fff00000)
  to   space 1024K, 0% used [0x00000000fff00000,0x00000000fff00000,0x0000000100000000)
 ParOldGen       total 1040384K, used 89826K [0x00000000a0c00000, 0x00000000e0400000, 0x00000000e0400000)
  object space 1040384K, 8% used [0x00000000a0c00000,0x00000000a63b8938,0x00000000e0400000)
 Metaspace       used 13043K, capacity 13234K, committed 13312K, reserved 1060864K
  class space    used 1469K, capacity 1501K, committed 1536K, reserved 1048576K
6413.695: [GC (Allocation Failure) [PSYoungGen: 519040K->192K(519168K)] 608866K->90018K(1559552K), 0.0018965 secs] [Times: user=0.00 sys=0.00, real=0.00 secs] 
Heap after GC invocations=918 (full 0):
 PSYoungGen      total 519168K, used 192K [0x00000000e0400000, 0x0000000100000000, 0x0000000100000000)
  eden space 518144K, 0% used [0x00000000e0400000,0x00000000e0400000,0x00000000ffe00000)
  from space 1024K, 18% used [0x00000000fff00000,0x00000000fff30000,0x0000000100000000)
  to   space 1024K, 0% used [0x00000000ffe00000,0x00000000ffe00000,0x00000000fff00000)
 ParOldGen       total 1040384K, used 89826K [0x00000000a0c00000, 0x00000000e0400000, 0x00000000e0400000)
  object space 1040384K, 8% used [0x00000000a0c00000,0x00000000a63b8938,0x00000000e0400000)
 Metaspace       used 13043K, capacity 13234K, committed 13312K, reserved 1060864K
  class space    used 1469K, capacity 1501K, committed 1536K, reserved 1048576K
}
{Heap before GC invocations=919 (full 0):
 PSYoungGen      total 519168K, used 518336K [0x00000000e0400000, 0x0000000100000000, 0x0000000100000000)
  eden space 518144K, 100% used [0x00000000e0400000,0x00000000ffe00000,0x00000000ffe00000)
  from space 1024K, 18% used [0x00000000fff00000,0x00000000fff30000,0x0000000100000000)
  to   space 1024K, 0% used [0x00000000ffe00000,0x00000000ffe00000,0x00000000fff00000)
 ParOldGen       total 1040384K, used 89826K [0x00000000a0c00000, 0x00000000e0400000, 0x00000000e0400000)
  object space 1040384K, 8% used [0x00000000a0c00000,0x00000000a63b8938,0x00000000e0400000)
 Metaspace       used 13043K, capacity 13234K, committed 13312K, reserved 1060864K
  class space    used 1469K, capacity 1501K, committed 1536K, reserved 1048576K
6420.753: [GC (Allocation Failure) [PSYoungGen: 518336K->128K(519168K)] 608162K->89954K(1559552K), 0.0018238 secs] [Times: user=0.00 sys=0.00, real=0.00 secs] 
Heap after GC invocations=919 (full 0):
 PSYoungGen      total 519168K, used 128K [0x00000000e0400000, 0x0000000100000000, 0x0000000100000000)
  eden space 518144K, 0% used [0x00000000e0400000,0x00000000e0400000,0x00000000ffe00000)
  from space 1024K, 12% used [0x00000000ffe00000,0x00000000ffe20000,0x00000000fff00000)
  to   space 1024K, 0% used [0x00000000fff00000,0x00000000fff00000,0x0000000100000000)
 ParOldGen       total 1040384K, used 89826K [0x00000000a0c00000, 0x00000000e0400000, 0x00000000e0400000)
  object space 1040384K, 8% used [0x00000000a0c00000,0x00000000a63b8938,0x00000000e0400000)
 Metaspace       used 13043K, capacity 13234K, committed 13312K, reserved 1060864K
  class space    used 1469K, capacity 1501K, committed 1536K, reserved 1048576K
}
{Heap before GC invocations=920 (full 0):
 PSYoungGen      total 519168K, used 518272K [0x00000000e0400000, 0x0000000100000000, 0x0000000100000000)
  eden space 518144K, 100% used [0x00000000e0400000,0x00000000ffe00000,0x00000000ffe00000)
  from space 1024K, 12% used [0x00000000ffe00000,0x00000000ffe20000,0x00000000fff00000)
  to   space 1024K, 0% used [0x00000000fff00000,0x00000000fff00000,0x0000000100000000)
 ParOldGen       total 1040384K, used 89826K [0x00000000a0c00000, 0x00000000e0400000, 0x00000000e0400000)
  object space 1040384K, 8% used [0x00000000a0c00000,0x00000000a63b8938,0x00000000e0400000)
 Metaspace       used 13043K, capacity 13234K, committed 13312K, reserved 1060864K
  class space    used 1469K, capacity 1501K, committed 1536K, reserved 1048576K
6427.824: [GC (Allocation Failure) [PSYoungGen: 518272K->160K(519168K)] 608098K->89986K(1559552K), 0.0017768 secs] [Times: user=0.00 sys=0.00, real=0.00 secs] 
Heap after GC invocations=920 (full 0):
 PSYoungGen      total 519168K, used 160K [0x00000000e0400000, 0x0000000100000000, 0x0000000100000000)
  eden space 518144K, 0% used [0x00000000e0400000,0x00000000e0400000,0x00000000ffe00000)
  from space 1024K, 15% used [0x00000000fff00000,0x00000000fff28000,0x0000000100000000)
  to   space 1024K, 0% used [0x00000000ffe00000,0x00000000ffe00000,0x00000000fff00000)
 ParOldGen       total 1040384K, used 89826K [0x00000000a0c00000, 0x00000000e0400000, 0x00000000e0400000)
  object space 1040384K, 8% used [0x00000000a0c00000,0x00000000a63b8938,0x00000000e0400000)
 Metaspace       used 13043K, capacity 13234K, committed 13312K, reserved 1060864K
  class space    used 1469K, capacity 1501K, committed 1536K, reserved 1048576K
}
{Heap before GC invocations=921 (full 0):
 PSYoungGen      total 519168K, used 518304K [0x00000000e0400000, 0x0000000100000000, 0x0000000100000000)
  eden space 518144K, 100% used [0x00000000e0400000,0x00000000ffe00000,0x00000000ffe00000)
  from space 1024K, 15% used [0x00000000fff00000,0x00000000fff28000,0x0000000100000000)
  to   space 1024K, 0% used [0x00000000ffe00000,0x00000000ffe00000,0x00000000fff00000)
 ParOldGen       total 1040384K, used 89826K [0x00000000a0c00000, 0x00000000e0400000, 0x00000000e0400000)
  object space 1040384K, 8% used [0x00000000a0c00000,0x00000000a63b8938,0x00000000e0400000)
 Metaspace       used 13043K, capacity 13234K, committed 13312K, reserved 1060864K
  class space    used 1469K, capacity 1501K, committed 1536K, reserved 1048576K
6434.836: [GC (Allocation Failure) [PSYoungGen: 518304K->160K(519168K)] 608130K->89994K(1559552K), 0.0017500 secs] [Times: user=0.00 sys=0.00, real=0.00 secs] 
Heap after GC invocations=921 (full 0):
 PSYoungGen      total 519168K, used 160K [0x00000000e0400000, 0x0000000100000000, 0x0000000100000000)
  eden space 518144K, 0% used [0x00000000e0400000,0x00000000e0400000,0x00000000ffe00000)
  from space 1024K, 15% used [0x00000000ffe00000,0x00000000ffe28000,0x00000000fff00000)
  to   space 1024K, 0% used [0x00000000fff00000,0x00000000fff00000,0x0000000100000000)
 ParOldGen       total 1040384K, used 89834K [0x00000000a0c00000, 0x00000000e0400000, 0x00000000e0400000)
  object space 1040384K, 8% used [0x00000000a0c00000,0x00000000a63ba938,0x00000000e0400000)
 Metaspace       used 13043K, capacity 13234K, committed 13312K, reserved 1060864K
  class space    used 1469K, capacity 1501K, committed 1536K, reserved 1048576K
}
{Heap before GC invocations=922 (full 0):
 PSYoungGen      total 519168K, used 518304K [0x00000000e0400000, 0x0000000100000000, 0x0000000100000000)
  eden space 518144K, 100% used [0x00000000e0400000,0x00000000ffe00000,0x00000000ffe00000)
  from space 1024K, 15% used [0x00000000ffe00000,0x00000000ffe28000,0x00000000fff00000)
  to   space 1024K, 0% used [0x00000000fff00000,0x00000000fff00000,0x0000000100000000)
 ParOldGen       total 1040384K, used 89834K [0x00000000a0c00000, 0x00000000e0400000, 0x00000000e0400000)
  object space 1040384K, 8% used [0x00000000a0c00000,0x00000000a63ba938,0x00000000e0400000)
 Metaspace       used 13043K, capacity 13234K, committed 13312K, reserved 1060864K
  class space    used 1469K, capacity 1501K, committed 1536K, reserved 1048576K
6441.733: [GC (Allocation Failure) [PSYoungGen: 518304K->224K(519168K)] 608138K->90058K(1559552K), 0.0018063 secs] [Times: user=0.00 sys=0.00, real=0.00 secs] 
Heap after GC invocations=922 (full 0):
 PSYoungGen      total 519168K, used 224K [0x00000000e0400000, 0x0000000100000000, 0x0000000100000000)
  eden space 518144K, 0% used [0x00000000e0400000,0x00000000e0400000,0x00000000ffe00000)
  from space 1024K, 21% used [0x00000000fff00000,0x00000000fff38000,0x0000000100000000)
  to   space 1024K, 0% used [0x00000000ffe00000,0x00000000ffe00000,0x00000000fff00000)
 ParOldGen       total 1040384K, used 89834K [0x00000000a0c00000, 0x00000000e0400000, 0x00000000e0400000)
  object space 1040384K, 8% used [0x00000000a0c00000,0x00000000a63ba938,0x00000000e0400000)
 Metaspace       used 13043K, capacity 13234K, committed 13312K, reserved 1060864K
  class space    used 1469K, capacity 1501K, committed 1536K, reserved 1048576K
}
{Heap before GC invocations=923 (full 0):
 PSYoungGen      total 519168K, used 518368K [0x00000000e0400000, 0x0000000100000000, 0x0000000100000000)
  eden space 518144K, 100% used [0x00000000e0400000,0x00000000ffe00000,0x00000000ffe00000)
  from space 1024K, 21% used [0x00000000fff00000,0x00000000fff38000,0x0000000100000000)
  to   space 1024K, 0% used [0x00000000ffe00000,0x00000000ffe00000,0x00000000fff00000)
 ParOldGen       total 1040384K, used 89834K [0x00000000a0c00000, 0x00000000e0400000, 0x00000000e0400000)
  object space 1040384K, 8% used [0x00000000a0c00000,0x00000000a63ba938,0x00000000e0400000)
 Metaspace       used 13043K, capacity 13234K, committed 13312K, reserved 1060864K
  class space    used 1469K, capacity 1501K, committed 1536K, reserved 1048576K
6448.706: [GC (Allocation Failure) [PSYoungGen: 518368K->224K(519168K)] 608202K->90058K(1559552K), 0.0014555 secs] [Times: user=0.00 sys=0.00, real=0.00 secs] 
Heap after GC invocations=923 (full 0):
 PSYoungGen      total 519168K, used 224K [0x00000000e0400000, 0x0000000100000000, 0x0000000100000000)
  eden space 518144K, 0% used [0x00000000e0400000,0x00000000e0400000,0x00000000ffe00000)
  from space 1024K, 21% used [0x00000000ffe00000,0x00000000ffe38000,0x00000000fff00000)
  to   space 1024K, 0% used [0x00000000fff00000,0x00000000fff00000,0x0000000100000000)
 ParOldGen       total 1040384K, used 89834K [0x00000000a0c00000, 0x00000000e0400000, 0x00000000e0400000)
  object space 1040384K, 8% used [0x00000000a0c00000,0x00000000a63ba938,0x00000000e0400000)
 Metaspace       used 13043K, capacity 13234K, committed 13312K, reserved 1060864K
  class space    used 1469K, capacity 1501K, committed 1536K, reserved 1048576K
}
{Heap before GC invocations=924 (full 0):
 PSYoungGen      total 519168K, used 518368K [0x00000000e0400000, 0x0000000100000000, 0x0000000100000000)
  eden space 518144K, 100% used [0x00000000e0400000,0x00000000ffe00000,0x00000000ffe00000)
  from space 1024K, 21% used [0x00000000ffe00000,0x00000000ffe38000,0x00000000fff00000)
  to   space 1024K, 0% used [0x00000000fff00000,0x00000000fff00000,0x0000000100000000)
 ParOldGen       total 1040384K, used 89834K [0x00000000a0c00000, 0x00000000e0400000, 0x00000000e0400000)
  object space 1040384K, 8% used [0x00000000a0c00000,0x00000000a63ba938,0x00000000e0400000)
 Metaspace       used 13043K, capacity 13234K, committed 13312K, reserved 1060864K
  class space    used 1469K, capacity 1501K, committed 1536K, reserved 1048576K
6455.732: [GC (Allocation Failure) [PSYoungGen: 518368K->160K(519168K)] 608202K->89994K(1559552K), 0.0017093 secs] [Times: user=0.00 sys=0.00, real=0.00 secs] 
Heap after GC invocations=924 (full 0):
 PSYoungGen      total 519168K, used 160K [0x00000000e0400000, 0x0000000100000000, 0x0000000100000000)
  eden space 518144K, 0% used [0x00000000e0400000,0x00000000e0400000,0x00000000ffe00000)
  from space 1024K, 15% used [0x00000000fff00000,0x00000000fff28000,0x0000000100000000)
  to   space 1024K, 0% used [0x00000000ffe00000,0x00000000ffe00000,0x00000000fff00000)
 ParOldGen       total 1040384K, used 89834K [0x00000000a0c00000, 0x00000000e0400000, 0x00000000e0400000)
  object space 1040384K, 8% used [0x00000000a0c00000,0x00000000a63ba938,0x00000000e0400000)
 Metaspace       used 13043K, capacity 13234K, committed 13312K, reserved 1060864K
  class space    used 1469K, capacity 1501K, committed 1536K, reserved 1048576K
}
{Heap before GC invocations=925 (full 0):
 PSYoungGen      total 519168K, used 518304K [0x00000000e0400000, 0x0000000100000000, 0x0000000100000000)
  eden space 518144K, 100% used [0x00000000e0400000,0x00000000ffe00000,0x00000000ffe00000)
  from space 1024K, 15% used [0x00000000fff00000,0x00000000fff28000,0x0000000100000000)
  to   space 1024K, 0% used [0x00000000ffe00000,0x00000000ffe00000,0x00000000fff00000)
 ParOldGen       total 1040384K, used 89834K [0x00000000a0c00000, 0x00000000e0400000, 0x00000000e0400000)
  object space 1040384K, 8% used [0x00000000a0c00000,0x00000000a63ba938,0x00000000e0400000)
 Metaspace       used 13043K, capacity 13234K, committed 13312K, reserved 1060864K
  class space    used 1469K, capacity 1501K, committed 1536K, reserved 1048576K
6462.710: [GC (Allocation Failure) [PSYoungGen: 518304K->192K(519168K)] 608138K->90034K(1559552K), 0.0021083 secs] [Times: user=0.00 sys=0.00, real=0.00 secs] 
Heap after GC invocations=925 (full 0):
 PSYoungGen      total 519168K, used 192K [0x00000000e0400000, 0x0000000100000000, 0x0000000100000000)
  eden space 518144K, 0% used [0x00000000e0400000,0x00000000e0400000,0x00000000ffe00000)
  from space 1024K, 18% used [0x00000000ffe00000,0x00000000ffe30000,0x00000000fff00000)
  to   space 1024K, 0% used [0x00000000fff00000,0x00000000fff00000,0x0000000100000000)
 ParOldGen       total 1040384K, used 89842K [0x00000000a0c00000, 0x00000000e0400000, 0x00000000e0400000)
  object space 1040384K, 8% used [0x00000000a0c00000,0x00000000a63bc938,0x00000000e0400000)
 Metaspace       used 13043K, capacity 13234K, committed 13312K, reserved 1060864K
  class space    used 1469K, capacity 1501K, committed 1536K, reserved 1048576K
}
{Heap before GC invocations=926 (full 0):
 PSYoungGen      total 519168K, used 518336K [0x00000000e0400000, 0x0000000100000000, 0x0000000100000000)
  eden space 518144K, 100% used [0x00000000e0400000,0x00000000ffe00000,0x00000000ffe00000)
  from space 1024K, 18% used [0x00000000ffe00000,0x00000000ffe30000,0x00000000fff00000)
  to   space 1024K, 0% used [0x00000000fff00000,0x00000000fff00000,0x0000000100000000)
 ParOldGen       total 1040384K, used 89842K [0x00000000a0c00000, 0x00000000e0400000, 0x00000000e0400000)
  object space 1040384K, 8% used [0x00000000a0c00000,0x00000000a63bc938,0x00000000e0400000)
 Metaspace       used 13043K, capacity 13234K, committed 13312K, reserved 1060864K
  class space    used 1469K, capacity 1501K, committed 1536K, reserved 1048576K
6469.601: [GC (Allocation Failure) [PSYoungGen: 518336K->160K(519168K)] 608178K->90002K(1559552K), 0.0014431 secs] [Times: user=0.00 sys=0.00, real=0.00 secs] 
Heap after GC invocations=926 (full 0):
 PSYoungGen      total 519168K, used 160K [0x00000000e0400000, 0x0000000100000000, 0x0000000100000000)
  eden space 518144K, 0% used [0x00000000e0400000,0x00000000e0400000,0x00000000ffe00000)
  from space 1024K, 15% used [0x00000000fff00000,0x00000000fff28000,0x0000000100000000)
  to   space 1024K, 0% used [0x00000000ffe00000,0x00000000ffe00000,0x00000000fff00000)
 ParOldGen       total 1040384K, used 89842K [0x00000000a0c00000, 0x00000000e0400000, 0x00000000e0400000)
  object space 1040384K, 8% used [0x00000000a0c00000,0x00000000a63bc938,0x00000000e0400000)
 Metaspace       used 13043K, capacity 13234K, committed 13312K, reserved 1060864K
  class space    used 1469K, capacity 1501K, committed 1536K, reserved 1048576K
}
{Heap before GC invocations=927 (full 0):
 PSYoungGen      total 519168K, used 518304K [0x00000000e0400000, 0x0000000100000000, 0x0000000100000000)
  eden space 518144K, 100% used [0x00000000e0400000,0x00000000ffe00000,0x00000000ffe00000)
  from space 1024K, 15% used [0x00000000fff00000,0x00000000fff28000,0x0000000100000000)
  to   space 1024K, 0% used [0x00000000ffe00000,0x00000000ffe00000,0x00000000fff00000)
 ParOldGen       total 1040384K, used 89842K [0x00000000a0c00000, 0x00000000e0400000, 0x00000000e0400000)
  object space 1040384K, 8% used [0x00000000a0c00000,0x00000000a63bc938,0x00000000e0400000)
 Metaspace       used 13043K, capacity 13234K, committed 13312K, reserved 1060864K
  class space    used 1469K, capacity 1501K, committed 1536K, reserved 1048576K
6476.579: [GC (Allocation Failure) [PSYoungGen: 518304K->224K(519168K)] 608146K->90066K(1559552K), 0.0013212 secs] [Times: user=0.00 sys=0.00, real=0.00 secs] 
Heap after GC invocations=927 (full 0):
 PSYoungGen      total 519168K, used 224K [0x00000000e0400000, 0x0000000100000000, 0x0000000100000000)
  eden space 518144K, 0% used [0x00000000e0400000,0x00000000e0400000,0x00000000ffe00000)
  from space 1024K, 21% used [0x00000000ffe00000,0x00000000ffe38000,0x00000000fff00000)
  to   space 1024K, 0% used [0x00000000fff00000,0x00000000fff00000,0x0000000100000000)
 ParOldGen       total 1040384K, used 89842K [0x00000000a0c00000, 0x00000000e0400000, 0x00000000e0400000)
  object space 1040384K, 8% used [0x00000000a0c00000,0x00000000a63bc938,0x00000000e0400000)
 Metaspace       used 13043K, capacity 13234K, committed 13312K, reserved 1060864K
  class space    used 1469K, capacity 1501K, committed 1536K, reserved 1048576K
}
{Heap before GC invocations=928 (full 0):
 PSYoungGen      total 519168K, used 518368K [0x00000000e0400000, 0x0000000100000000, 0x0000000100000000)
  eden space 518144K, 100% used [0x00000000e0400000,0x00000000ffe00000,0x00000000ffe00000)
  from space 1024K, 21% used [0x00000000ffe00000,0x00000000ffe38000,0x00000000fff00000)
  to   space 1024K, 0% used [0x00000000fff00000,0x00000000fff00000,0x0000000100000000)
 ParOldGen       total 1040384K, used 89842K [0x00000000a0c00000, 0x00000000e0400000, 0x00000000e0400000)
  object space 1040384K, 8% used [0x00000000a0c00000,0x00000000a63bc938,0x00000000e0400000)
 Metaspace       used 13043K, capacity 13234K, committed 13312K, reserved 1060864K
  class space    used 1469K, capacity 1501K, committed 1536K, reserved 1048576K
6483.560: [GC (Allocation Failure) [PSYoungGen: 518368K->224K(519168K)] 608210K->90066K(1559552K), 0.0016670 secs] [Times: user=0.00 sys=0.00, real=0.00 secs] 
Heap after GC invocations=928 (full 0):
 PSYoungGen      total 519168K, used 224K [0x00000000e0400000, 0x0000000100000000, 0x0000000100000000)
  eden space 518144K, 0% used [0x00000000e0400000,0x00000000e0400000,0x00000000ffe00000)
  from space 1024K, 21% used [0x00000000fff00000,0x00000000fff38000,0x0000000100000000)
  to   space 1024K, 0% used [0x00000000ffe00000,0x00000000ffe00000,0x00000000fff00000)
 ParOldGen       total 1040384K, used 89842K [0x00000000a0c00000, 0x00000000e0400000, 0x00000000e0400000)
  object space 1040384K, 8% used [0x00000000a0c00000,0x00000000a63bc938,0x00000000e0400000)
 Metaspace       used 13043K, capacity 13234K, committed 13312K, reserved 1060864K
  class space    used 1469K, capacity 1501K, committed 1536K, reserved 1048576K
}
{Heap before GC invocations=929 (full 0):
 PSYoungGen      total 519168K, used 518368K [0x00000000e0400000, 0x0000000100000000, 0x0000000100000000)
  eden space 518144K, 100% used [0x00000000e0400000,0x00000000ffe00000,0x00000000ffe00000)
  from space 1024K, 21% used [0x00000000fff00000,0x00000000fff38000,0x0000000100000000)
  to   space 1024K, 0% used [0x00000000ffe00000,0x00000000ffe00000,0x00000000fff00000)
 ParOldGen       total 1040384K, used 89842K [0x00000000a0c00000, 0x00000000e0400000, 0x00000000e0400000)
  object space 1040384K, 8% used [0x00000000a0c00000,0x00000000a63bc938,0x00000000e0400000)
 Metaspace       used 13043K, capacity 13234K, committed 13312K, reserved 1060864K
  class space    used 1469K, capacity 1501K, committed 1536K, reserved 1048576K
6490.613: [GC (Allocation Failure) [PSYoungGen: 518368K->128K(519168K)] 608210K->89978K(1559552K), 0.0018154 secs] [Times: user=0.01 sys=0.00, real=0.00 secs] 
Heap after GC invocations=929 (full 0):
 PSYoungGen      total 519168K, used 128K [0x00000000e0400000, 0x0000000100000000, 0x0000000100000000)
  eden space 518144K, 0% used [0x00000000e0400000,0x00000000e0400000,0x00000000ffe00000)
  from space 1024K, 12% used [0x00000000ffe00000,0x00000000ffe20000,0x00000000fff00000)
  to   space 1024K, 0% used [0x00000000fff00000,0x00000000fff00000,0x0000000100000000)
 ParOldGen       total 1040384K, used 89850K [0x00000000a0c00000, 0x00000000e0400000, 0x00000000e0400000)
  object space 1040384K, 8% used [0x00000000a0c00000,0x00000000a63be938,0x00000000e0400000)
 Metaspace       used 13043K, capacity 13234K, committed 13312K, reserved 1060864K
  class space    used 1469K, capacity 1501K, committed 1536K, reserved 1048576K
}
{Heap before GC invocations=930 (full 0):
 PSYoungGen      total 519168K, used 518272K [0x00000000e0400000, 0x0000000100000000, 0x0000000100000000)
  eden space 518144K, 100% used [0x00000000e0400000,0x00000000ffe00000,0x00000000ffe00000)
  from space 1024K, 12% used [0x00000000ffe00000,0x00000000ffe20000,0x00000000fff00000)
  to   space 1024K, 0% used [0x00000000fff00000,0x00000000fff00000,0x0000000100000000)
 ParOldGen       total 1040384K, used 89850K [0x00000000a0c00000, 0x00000000e0400000, 0x00000000e0400000)
  object space 1040384K, 8% used [0x00000000a0c00000,0x00000000a63be938,0x00000000e0400000)
 Metaspace       used 13043K, capacity 13234K, committed 13312K, reserved 1060864K
  class space    used 1469K, capacity 1501K, committed 1536K, reserved 1048576K
6497.623: [GC (Allocation Failure) [PSYoungGen: 518272K->192K(519168K)] 608122K->90042K(1559552K), 0.0014341 secs] [Times: user=0.00 sys=0.00, real=0.00 secs] 
Heap after GC invocations=930 (full 0):
 PSYoungGen      total 519168K, used 192K [0x00000000e0400000, 0x0000000100000000, 0x0000000100000000)
  eden space 518144K, 0% used [0x00000000e0400000,0x00000000e0400000,0x00000000ffe00000)
  from space 1024K, 18% used [0x00000000fff00000,0x00000000fff30000,0x0000000100000000)
  to   space 1024K, 0% used [0x00000000ffe00000,0x00000000ffe00000,0x00000000fff00000)
 ParOldGen       total 1040384K, used 89850K [0x00000000a0c00000, 0x00000000e0400000, 0x00000000e0400000)
  object space 1040384K, 8% used [0x00000000a0c00000,0x00000000a63be938,0x00000000e0400000)
 Metaspace       used 13043K, capacity 13234K, committed 13312K, reserved 1060864K
  class space    used 1469K, capacity 1501K, committed 1536K, reserved 1048576K
}
{Heap before GC invocations=931 (full 0):
 PSYoungGen      total 519168K, used 518336K [0x00000000e0400000, 0x0000000100000000, 0x0000000100000000)
  eden space 518144K, 100% used [0x00000000e0400000,0x00000000ffe00000,0x00000000ffe00000)
  from space 1024K, 18% used [0x00000000fff00000,0x00000000fff30000,0x0000000100000000)
  to   space 1024K, 0% used [0x00000000ffe00000,0x00000000ffe00000,0x00000000fff00000)
 ParOldGen       total 1040384K, used 89850K [0x00000000a0c00000, 0x00000000e0400000, 0x00000000e0400000)
  object space 1040384K, 8% used [0x00000000a0c00000,0x00000000a63be938,0x00000000e0400000)
 Metaspace       used 13043K, capacity 13234K, committed 13312K, reserved 1060864K
  class space    used 1469K, capacity 1501K, committed 1536K, reserved 1048576K
6504.599: [GC (Allocation Failure) [PSYoungGen: 518336K->160K(519168K)] 608186K->90010K(1559552K), 0.0013607 secs] [Times: user=0.00 sys=0.00, real=0.00 secs] 
Heap after GC invocations=931 (full 0):
 PSYoungGen      total 519168K, used 160K [0x00000000e0400000, 0x0000000100000000, 0x0000000100000000)
  eden space 518144K, 0% used [0x00000000e0400000,0x00000000e0400000,0x00000000ffe00000)
  from space 1024K, 15% used [0x00000000ffe00000,0x00000000ffe28000,0x00000000fff00000)
  to   space 1024K, 0% used [0x00000000fff00000,0x00000000fff00000,0x0000000100000000)
 ParOldGen       total 1040384K, used 89850K [0x00000000a0c00000, 0x00000000e0400000, 0x00000000e0400000)
  object space 1040384K, 8% used [0x00000000a0c00000,0x00000000a63be938,0x00000000e0400000)
 Metaspace       used 13043K, capacity 13234K, committed 13312K, reserved 1060864K
  class space    used 1469K, capacity 1501K, committed 1536K, reserved 1048576K
}
{Heap before GC invocations=932 (full 0):
 PSYoungGen      total 519168K, used 518304K [0x00000000e0400000, 0x0000000100000000, 0x0000000100000000)
  eden space 518144K, 100% used [0x00000000e0400000,0x00000000ffe00000,0x00000000ffe00000)
  from space 1024K, 15% used [0x00000000ffe00000,0x00000000ffe28000,0x00000000fff00000)
  to   space 1024K, 0% used [0x00000000fff00000,0x00000000fff00000,0x0000000100000000)
 ParOldGen       total 1040384K, used 89850K [0x00000000a0c00000, 0x00000000e0400000, 0x00000000e0400000)
  object space 1040384K, 8% used [0x00000000a0c00000,0x00000000a63be938,0x00000000e0400000)
 Metaspace       used 13043K, capacity 13234K, committed 13312K, reserved 1060864K
  class space    used 1469K, capacity 1501K, committed 1536K, reserved 1048576K
6511.651: [GC (Allocation Failure) [PSYoungGen: 518304K->192K(519680K)] 608154K->90042K(1560064K), 0.0013762 secs] [Times: user=0.00 sys=0.00, real=0.00 secs] 
Heap after GC invocations=932 (full 0):
 PSYoungGen      total 519680K, used 192K [0x00000000e0400000, 0x0000000100000000, 0x0000000100000000)
  eden space 518656K, 0% used [0x00000000e0400000,0x00000000e0400000,0x00000000ffe80000)
  from space 1024K, 18% used [0x00000000fff00000,0x00000000fff30000,0x0000000100000000)
  to   space 512K, 0% used [0x00000000ffe80000,0x00000000ffe80000,0x00000000fff00000)
 ParOldGen       total 1040384K, used 89850K [0x00000000a0c00000, 0x00000000e0400000, 0x00000000e0400000)
  object space 1040384K, 8% used [0x00000000a0c00000,0x00000000a63be938,0x00000000e0400000)
 Metaspace       used 13043K, capacity 13234K, committed 13312K, reserved 1060864K
  class space    used 1469K, capacity 1501K, committed 1536K, reserved 1048576K
}
{Heap before GC invocations=933 (full 0):
 PSYoungGen      total 519680K, used 518848K [0x00000000e0400000, 0x0000000100000000, 0x0000000100000000)
  eden space 518656K, 100% used [0x00000000e0400000,0x00000000ffe80000,0x00000000ffe80000)
  from space 1024K, 18% used [0x00000000fff00000,0x00000000fff30000,0x0000000100000000)
  to   space 512K, 0% used [0x00000000ffe80000,0x00000000ffe80000,0x00000000fff00000)
 ParOldGen       total 1040384K, used 89850K [0x00000000a0c00000, 0x00000000e0400000, 0x00000000e0400000)
  object space 1040384K, 8% used [0x00000000a0c00000,0x00000000a63be938,0x00000000e0400000)
 Metaspace       used 13043K, capacity 13234K, committed 13312K, reserved 1060864K
  class space    used 1469K, capacity 1501K, committed 1536K, reserved 1048576K
6518.753: [GC (Allocation Failure) [PSYoungGen: 518848K->512K(519168K)] 608698K->91682K(1559552K), 0.0022607 secs] [Times: user=0.00 sys=0.00, real=0.00 secs] 
Heap after GC invocations=933 (full 0):
 PSYoungGen      total 519168K, used 512K [0x00000000e0400000, 0x0000000100000000, 0x0000000100000000)
  eden space 518656K, 0% used [0x00000000e0400000,0x00000000e0400000,0x00000000ffe80000)
  from space 512K, 100% used [0x00000000ffe80000,0x00000000fff00000,0x00000000fff00000)
  to   space 1024K, 0% used [0x00000000fff00000,0x00000000fff00000,0x0000000100000000)
 ParOldGen       total 1040384K, used 91170K [0x00000000a0c00000, 0x00000000e0400000, 0x00000000e0400000)
  object space 1040384K, 8% used [0x00000000a0c00000,0x00000000a6508938,0x00000000e0400000)
 Metaspace       used 13043K, capacity 13234K, committed 13312K, reserved 1060864K
  class space    used 1469K, capacity 1501K, committed 1536K, reserved 1048576K
}
{Heap before GC invocations=934 (full 0):
 PSYoungGen      total 519168K, used 519168K [0x00000000e0400000, 0x0000000100000000, 0x0000000100000000)
  eden space 518656K, 100% used [0x00000000e0400000,0x00000000ffe80000,0x00000000ffe80000)
  from space 512K, 100% used [0x00000000ffe80000,0x00000000fff00000,0x00000000fff00000)
  to   space 1024K, 0% used [0x00000000fff00000,0x00000000fff00000,0x0000000100000000)
 ParOldGen       total 1040384K, used 91170K [0x00000000a0c00000, 0x00000000e0400000, 0x00000000e0400000)
  object space 1040384K, 8% used [0x00000000a0c00000,0x00000000a6508938,0x00000000e0400000)
 Metaspace       used 13043K, capacity 13234K, committed 13312K, reserved 1060864K
  class space    used 1469K, capacity 1501K, committed 1536K, reserved 1048576K
6525.793: [GC (Allocation Failure) [PSYoungGen: 519168K->128K(518144K)] 610338K->91314K(1558528K), 0.0018931 secs] [Times: user=0.00 sys=0.00, real=0.00 secs] 
Heap after GC invocations=934 (full 0):
 PSYoungGen      total 518144K, used 128K [0x00000000e0400000, 0x0000000100000000, 0x0000000100000000)
  eden space 517120K, 0% used [0x00000000e0400000,0x00000000e0400000,0x00000000ffd00000)
  from space 1024K, 12% used [0x00000000fff00000,0x00000000fff20000,0x0000000100000000)
  to   space 1536K, 0% used [0x00000000ffd00000,0x00000000ffd00000,0x00000000ffe80000)
 ParOldGen       total 1040384K, used 91186K [0x00000000a0c00000, 0x00000000e0400000, 0x00000000e0400000)
  object space 1040384K, 8% used [0x00000000a0c00000,0x00000000a650c938,0x00000000e0400000)
 Metaspace       used 13043K, capacity 13234K, committed 13312K, reserved 1060864K
  class space    used 1469K, capacity 1501K, committed 1536K, reserved 1048576K
}
{Heap before GC invocations=935 (full 0):
 PSYoungGen      total 518144K, used 517248K [0x00000000e0400000, 0x0000000100000000, 0x0000000100000000)
  eden space 517120K, 100% used [0x00000000e0400000,0x00000000ffd00000,0x00000000ffd00000)
  from space 1024K, 12% used [0x00000000fff00000,0x00000000fff20000,0x0000000100000000)
  to   space 1536K, 0% used [0x00000000ffd00000,0x00000000ffd00000,0x00000000ffe80000)
 ParOldGen       total 1040384K, used 91186K [0x00000000a0c00000, 0x00000000e0400000, 0x00000000e0400000)
  object space 1040384K, 8% used [0x00000000a0c00000,0x00000000a650c938,0x00000000e0400000)
 Metaspace       used 13043K, capacity 13234K, committed 13312K, reserved 1060864K
  class space    used 1469K, capacity 1501K, committed 1536K, reserved 1048576K
6532.826: [GC (Allocation Failure) [PSYoungGen: 517248K->96K(518656K)] 608434K->91314K(1559040K), 0.0020268 secs] [Times: user=0.00 sys=0.00, real=0.00 secs] 
Heap after GC invocations=935 (full 0):
 PSYoungGen      total 518656K, used 96K [0x00000000e0400000, 0x0000000100000000, 0x0000000100000000)
  eden space 517120K, 0% used [0x00000000e0400000,0x00000000e0400000,0x00000000ffd00000)
  from space 1536K, 6% used [0x00000000ffd00000,0x00000000ffd18000,0x00000000ffe80000)
  to   space 1024K, 0% used [0x00000000fff00000,0x00000000fff00000,0x0000000100000000)
 ParOldGen       total 1040384K, used 91218K [0x00000000a0c00000, 0x00000000e0400000, 0x00000000e0400000)
  object space 1040384K, 8% used [0x00000000a0c00000,0x00000000a6514938,0x00000000e0400000)
 Metaspace       used 13043K, capacity 13234K, committed 13312K, reserved 1060864K
  class space    used 1469K, capacity 1501K, committed 1536K, reserved 1048576K
}
{Heap before GC invocations=936 (full 0):
 PSYoungGen      total 518656K, used 517216K [0x00000000e0400000, 0x0000000100000000, 0x0000000100000000)
  eden space 517120K, 100% used [0x00000000e0400000,0x00000000ffd00000,0x00000000ffd00000)
  from space 1536K, 6% used [0x00000000ffd00000,0x00000000ffd18000,0x00000000ffe80000)
  to   space 1024K, 0% used [0x00000000fff00000,0x00000000fff00000,0x0000000100000000)
 ParOldGen       total 1040384K, used 91218K [0x00000000a0c00000, 0x00000000e0400000, 0x00000000e0400000)
  object space 1040384K, 8% used [0x00000000a0c00000,0x00000000a6514938,0x00000000e0400000)
 Metaspace       used 13043K, capacity 13234K, committed 13312K, reserved 1060864K
  class space    used 1469K, capacity 1501K, committed 1536K, reserved 1048576K
6539.825: [GC (Allocation Failure) [PSYoungGen: 517216K->128K(519168K)] 608434K->91346K(1559552K), 0.0017961 secs] [Times: user=0.00 sys=0.00, real=0.00 secs] 
Heap after GC invocations=936 (full 0):
 PSYoungGen      total 519168K, used 128K [0x00000000e0400000, 0x0000000100000000, 0x0000000100000000)
  eden space 518144K, 0% used [0x00000000e0400000,0x00000000e0400000,0x00000000ffe00000)
  from space 1024K, 12% used [0x00000000fff00000,0x00000000fff20000,0x0000000100000000)
  to   space 1024K, 0% used [0x00000000ffe00000,0x00000000ffe00000,0x00000000fff00000)
 ParOldGen       total 1040384K, used 91218K [0x00000000a0c00000, 0x00000000e0400000, 0x00000000e0400000)
  object space 1040384K, 8% used [0x00000000a0c00000,0x00000000a6514938,0x00000000e0400000)
 Metaspace       used 13043K, capacity 13234K, committed 13312K, reserved 1060864K
  class space    used 1469K, capacity 1501K, committed 1536K, reserved 1048576K
}
{Heap before GC invocations=937 (full 0):
 PSYoungGen      total 519168K, used 518272K [0x00000000e0400000, 0x0000000100000000, 0x0000000100000000)
  eden space 518144K, 100% used [0x00000000e0400000,0x00000000ffe00000,0x00000000ffe00000)
  from space 1024K, 12% used [0x00000000fff00000,0x00000000fff20000,0x0000000100000000)
  to   space 1024K, 0% used [0x00000000ffe00000,0x00000000ffe00000,0x00000000fff00000)
 ParOldGen       total 1040384K, used 91218K [0x00000000a0c00000, 0x00000000e0400000, 0x00000000e0400000)
  object space 1040384K, 8% used [0x00000000a0c00000,0x00000000a6514938,0x00000000e0400000)
 Metaspace       used 13043K, capacity 13234K, committed 13312K, reserved 1060864K
  class space    used 1469K, capacity 1501K, committed 1536K, reserved 1048576K
6546.873: [GC (Allocation Failure) [PSYoungGen: 518272K->128K(519168K)] 609490K->91346K(1559552K), 0.0018026 secs] [Times: user=0.00 sys=0.00, real=0.00 secs] 
Heap after GC invocations=937 (full 0):
 PSYoungGen      total 519168K, used 128K [0x00000000e0400000, 0x0000000100000000, 0x0000000100000000)
  eden space 518144K, 0% used [0x00000000e0400000,0x00000000e0400000,0x00000000ffe00000)
  from space 1024K, 12% used [0x00000000ffe00000,0x00000000ffe20000,0x00000000fff00000)
  to   space 1024K, 0% used [0x00000000fff00000,0x00000000fff00000,0x0000000100000000)
 ParOldGen       total 1040384K, used 91218K [0x00000000a0c00000, 0x00000000e0400000, 0x00000000e0400000)
  object space 1040384K, 8% used [0x00000000a0c00000,0x00000000a6514938,0x00000000e0400000)
 Metaspace       used 13043K, capacity 13234K, committed 13312K, reserved 1060864K
  class space    used 1469K, capacity 1501K, committed 1536K, reserved 1048576K
}
{Heap before GC invocations=938 (full 0):
 PSYoungGen      total 519168K, used 518272K [0x00000000e0400000, 0x0000000100000000, 0x0000000100000000)
  eden space 518144K, 100% used [0x00000000e0400000,0x00000000ffe00000,0x00000000ffe00000)
  from space 1024K, 12% used [0x00000000ffe00000,0x00000000ffe20000,0x00000000fff00000)
  to   space 1024K, 0% used [0x00000000fff00000,0x00000000fff00000,0x0000000100000000)
 ParOldGen       total 1040384K, used 91218K [0x00000000a0c00000, 0x00000000e0400000, 0x00000000e0400000)
  object space 1040384K, 8% used [0x00000000a0c00000,0x00000000a6514958,0x00000000e0400000)
 Metaspace       used 13043K, capacity 13234K, committed 13312K, reserved 1060864K
  class space    used 1469K, capacity 1501K, committed 1536K, reserved 1048576K
6553.871: [GC (GCLocker Initiated GC) [PSYoungGen: 518272K->1024K(518144K)] 609490K->93114K(1558528K), 0.0030022 secs] [Times: user=0.00 sys=0.00, real=0.00 secs] 
Heap after GC invocations=938 (full 0):
 PSYoungGen      total 518144K, used 1024K [0x00000000e0400000, 0x0000000100000000, 0x0000000100000000)
  eden space 517120K, 0% used [0x00000000e0400000,0x00000000e0400000,0x00000000ffd00000)
  from space 1024K, 100% used [0x00000000fff00000,0x0000000100000000,0x0000000100000000)
  to   space 1536K, 0% used [0x00000000ffd00000,0x00000000ffd00000,0x00000000ffe80000)
 ParOldGen       total 1040384K, used 92090K [0x00000000a0c00000, 0x00000000e0400000, 0x00000000e0400000)
  object space 1040384K, 8% used [0x00000000a0c00000,0x00000000a65ee958,0x00000000e0400000)
 Metaspace       used 13043K, capacity 13234K, committed 13312K, reserved 1060864K
  class space    used 1469K, capacity 1501K, committed 1536K, reserved 1048576K
}
{Heap before GC invocations=939 (full 0):
 PSYoungGen      total 518144K, used 518144K [0x00000000e0400000, 0x0000000100000000, 0x0000000100000000)
  eden space 517120K, 100% used [0x00000000e0400000,0x00000000ffd00000,0x00000000ffd00000)
  from space 1024K, 100% used [0x00000000fff00000,0x0000000100000000,0x0000000100000000)
  to   space 1536K, 0% used [0x00000000ffd00000,0x00000000ffd00000,0x00000000ffe80000)
 ParOldGen       total 1040384K, used 92093K [0x00000000a0c00000, 0x00000000e0400000, 0x00000000e0400000)
  object space 1040384K, 8% used [0x00000000a0c00000,0x00000000a65ef588,0x00000000e0400000)
 Metaspace       used 13043K, capacity 13234K, committed 13312K, reserved 1060864K
  class space    used 1469K, capacity 1501K, committed 1536K, reserved 1048576K
6561.043: [GC (Allocation Failure) [PSYoungGen: 518144K->128K(518656K)] 610237K->92253K(1559040K), 0.0018088 secs] [Times: user=0.00 sys=0.00, real=0.00 secs] 
Heap after GC invocations=939 (full 0):
 PSYoungGen      total 518656K, used 128K [0x00000000e0400000, 0x0000000100000000, 0x0000000100000000)
  eden space 517120K, 0% used [0x00000000e0400000,0x00000000e0400000,0x00000000ffd00000)
  from space 1536K, 8% used [0x00000000ffd00000,0x00000000ffd20000,0x00000000ffe80000)
  to   space 1536K, 0% used [0x00000000ffe80000,0x00000000ffe80000,0x0000000100000000)
 ParOldGen       total 1040384K, used 92125K [0x00000000a0c00000, 0x00000000e0400000, 0x00000000e0400000)
  object space 1040384K, 8% used [0x00000000a0c00000,0x00000000a65f7588,0x00000000e0400000)
 Metaspace       used 13043K, capacity 13234K, committed 13312K, reserved 1060864K
  class space    used 1469K, capacity 1501K, committed 1536K, reserved 1048576K
}
{Heap before GC invocations=940 (full 0):
 PSYoungGen      total 518656K, used 517248K [0x00000000e0400000, 0x0000000100000000, 0x0000000100000000)
  eden space 517120K, 100% used [0x00000000e0400000,0x00000000ffd00000,0x00000000ffd00000)
  from space 1536K, 8% used [0x00000000ffd00000,0x00000000ffd20000,0x00000000ffe80000)
  to   space 1536K, 0% used [0x00000000ffe80000,0x00000000ffe80000,0x0000000100000000)
 ParOldGen       total 1040384K, used 92125K [0x00000000a0c00000, 0x00000000e0400000, 0x00000000e0400000)
  object space 1040384K, 8% used [0x00000000a0c00000,0x00000000a65f7588,0x00000000e0400000)
 Metaspace       used 13043K, capacity 13234K, committed 13312K, reserved 1060864K
  class space    used 1469K, capacity 1501K, committed 1536K, reserved 1048576K
6567.979: [GC (Allocation Failure) [PSYoungGen: 517248K->96K(518656K)] 609373K->92229K(1559040K), 0.0020116 secs] [Times: user=0.00 sys=0.00, real=0.00 secs] 
Heap after GC invocations=940 (full 0):
 PSYoungGen      total 518656K, used 96K [0x00000000e0400000, 0x0000000100000000, 0x0000000100000000)
  eden space 517120K, 0% used [0x00000000e0400000,0x00000000e0400000,0x00000000ffd00000)
  from space 1536K, 6% used [0x00000000ffe80000,0x00000000ffe98000,0x0000000100000000)
  to   space 1536K, 0% used [0x00000000ffd00000,0x00000000ffd00000,0x00000000ffe80000)
 ParOldGen       total 1040384K, used 92133K [0x00000000a0c00000, 0x00000000e0400000, 0x00000000e0400000)
  object space 1040384K, 8% used [0x00000000a0c00000,0x00000000a65f9588,0x00000000e0400000)
 Metaspace       used 13043K, capacity 13234K, committed 13312K, reserved 1060864K
  class space    used 1469K, capacity 1501K, committed 1536K, reserved 1048576K
}
{Heap before GC invocations=941 (full 0):
 PSYoungGen      total 518656K, used 517216K [0x00000000e0400000, 0x0000000100000000, 0x0000000100000000)
  eden space 517120K, 100% used [0x00000000e0400000,0x00000000ffd00000,0x00000000ffd00000)
  from space 1536K, 6% used [0x00000000ffe80000,0x00000000ffe98000,0x0000000100000000)
  to   space 1536K, 0% used [0x00000000ffd00000,0x00000000ffd00000,0x00000000ffe80000)
 ParOldGen       total 1040384K, used 92133K [0x00000000a0c00000, 0x00000000e0400000, 0x00000000e0400000)
  object space 1040384K, 8% used [0x00000000a0c00000,0x00000000a65f9588,0x00000000e0400000)
 Metaspace       used 13043K, capacity 13234K, committed 13312K, reserved 1060864K
  class space    used 1469K, capacity 1501K, committed 1536K, reserved 1048576K
6575.023: [GC (Allocation Failure) [PSYoungGen: 517216K->192K(518656K)] 609349K->92365K(1559040K), 0.0013697 secs] [Times: user=0.00 sys=0.00, real=0.00 secs] 
Heap after GC invocations=941 (full 0):
 PSYoungGen      total 518656K, used 192K [0x00000000e0400000, 0x0000000100000000, 0x0000000100000000)
  eden space 517120K, 0% used [0x00000000e0400000,0x00000000e0400000,0x00000000ffd00000)
  from space 1536K, 12% used [0x00000000ffd00000,0x00000000ffd30000,0x00000000ffe80000)
  to   space 1536K, 0% used [0x00000000ffe80000,0x00000000ffe80000,0x0000000100000000)
 ParOldGen       total 1040384K, used 92173K [0x00000000a0c00000, 0x00000000e0400000, 0x00000000e0400000)
  object space 1040384K, 8% used [0x00000000a0c00000,0x00000000a6603588,0x00000000e0400000)
 Metaspace       used 13043K, capacity 13234K, committed 13312K, reserved 1060864K
  class space    used 1469K, capacity 1501K, committed 1536K, reserved 1048576K
}
{Heap before GC invocations=942 (full 0):
 PSYoungGen      total 518656K, used 517312K [0x00000000e0400000, 0x0000000100000000, 0x0000000100000000)
  eden space 517120K, 100% used [0x00000000e0400000,0x00000000ffd00000,0x00000000ffd00000)
  from space 1536K, 12% used [0x00000000ffd00000,0x00000000ffd30000,0x00000000ffe80000)
  to   space 1536K, 0% used [0x00000000ffe80000,0x00000000ffe80000,0x0000000100000000)
 ParOldGen       total 1040384K, used 92173K [0x00000000a0c00000, 0x00000000e0400000, 0x00000000e0400000)
  object space 1040384K, 8% used [0x00000000a0c00000,0x00000000a6603588,0x00000000e0400000)
 Metaspace       used 13043K, capacity 13234K, committed 13312K, reserved 1060864K
  class space    used 1469K, capacity 1501K, committed 1536K, reserved 1048576K
6582.106: [GC (Allocation Failure) [PSYoungGen: 517312K->224K(518656K)] 609485K->92405K(1559040K), 0.0017326 secs] [Times: user=0.00 sys=0.00, real=0.00 secs] 
Heap after GC invocations=942 (full 0):
 PSYoungGen      total 518656K, used 224K [0x00000000e0400000, 0x0000000100000000, 0x0000000100000000)
  eden space 517120K, 0% used [0x00000000e0400000,0x00000000e0400000,0x00000000ffd00000)
  from space 1536K, 14% used [0x00000000ffe80000,0x00000000ffeb8000,0x0000000100000000)
  to   space 1536K, 0% used [0x00000000ffd00000,0x00000000ffd00000,0x00000000ffe80000)
 ParOldGen       total 1040384K, used 92181K [0x00000000a0c00000, 0x00000000e0400000, 0x00000000e0400000)
  object space 1040384K, 8% used [0x00000000a0c00000,0x00000000a6605588,0x00000000e0400000)
 Metaspace       used 13043K, capacity 13234K, committed 13312K, reserved 1060864K
  class space    used 1469K, capacity 1501K, committed 1536K, reserved 1048576K
}
{Heap before GC invocations=943 (full 0):
 PSYoungGen      total 518656K, used 517344K [0x00000000e0400000, 0x0000000100000000, 0x0000000100000000)
  eden space 517120K, 100% used [0x00000000e0400000,0x00000000ffd00000,0x00000000ffd00000)
  from space 1536K, 14% used [0x00000000ffe80000,0x00000000ffeb8000,0x0000000100000000)
  to   space 1536K, 0% used [0x00000000ffd00000,0x00000000ffd00000,0x00000000ffe80000)
 ParOldGen       total 1040384K, used 92181K [0x00000000a0c00000, 0x00000000e0400000, 0x00000000e0400000)
  object space 1040384K, 8% used [0x00000000a0c00000,0x00000000a66055a8,0x00000000e0400000)
 Metaspace       used 13043K, capacity 13234K, committed 13312K, reserved 1060864K
  class space    used 1469K, capacity 1501K, committed 1536K, reserved 1048576K
6589.064: [GC (GCLocker Initiated GC) [PSYoungGen: 517344K->1536K(518656K)] 609525K->93789K(1559040K), 0.0020362 secs] [Times: user=0.00 sys=0.00, real=0.00 secs] 
Heap after GC invocations=943 (full 0):
 PSYoungGen      total 518656K, used 1536K [0x00000000e0400000, 0x0000000100000000, 0x0000000100000000)
  eden space 517120K, 0% used [0x00000000e0400000,0x00000000e0400000,0x00000000ffd00000)
  from space 1536K, 100% used [0x00000000ffd00000,0x00000000ffe80000,0x00000000ffe80000)
  to   space 1536K, 0% used [0x00000000ffe80000,0x00000000ffe80000,0x0000000100000000)
 ParOldGen       total 1040384K, used 92253K [0x00000000a0c00000, 0x00000000e0400000, 0x00000000e0400000)
  object space 1040384K, 8% used [0x00000000a0c00000,0x00000000a66175a8,0x00000000e0400000)
 Metaspace       used 13043K, capacity 13234K, committed 13312K, reserved 1060864K
  class space    used 1469K, capacity 1501K, committed 1536K, reserved 1048576K
}
{Heap before GC invocations=944 (full 0):
 PSYoungGen      total 518656K, used 518656K [0x00000000e0400000, 0x0000000100000000, 0x0000000100000000)
  eden space 517120K, 100% used [0x00000000e0400000,0x00000000ffd00000,0x00000000ffd00000)
  from space 1536K, 100% used [0x00000000ffd00000,0x00000000ffe80000,0x00000000ffe80000)
  to   space 1536K, 0% used [0x00000000ffe80000,0x00000000ffe80000,0x0000000100000000)
 ParOldGen       total 1040384K, used 92256K [0x00000000a0c00000, 0x00000000e0400000, 0x00000000e0400000)
  object space 1040384K, 8% used [0x00000000a0c00000,0x00000000a66181a8,0x00000000e0400000)
 Metaspace       used 13043K, capacity 13234K, committed 13312K, reserved 1060864K
  class space    used 1469K, capacity 1501K, committed 1536K, reserved 1048576K
6596.101: [GC (Allocation Failure) [PSYoungGen: 518656K->128K(517632K)] 610912K->92408K(1558016K), 0.0019211 secs] [Times: user=0.00 sys=0.00, real=0.00 secs] 
Heap after GC invocations=944 (full 0):
 PSYoungGen      total 517632K, used 128K [0x00000000e0400000, 0x0000000100000000, 0x0000000100000000)
  eden space 516096K, 0% used [0x00000000e0400000,0x00000000e0400000,0x00000000ffc00000)
  from space 1536K, 8% used [0x00000000ffe80000,0x00000000ffea0000,0x0000000100000000)
  to   space 2048K, 0% used [0x00000000ffc00000,0x00000000ffc00000,0x00000000ffe00000)
 ParOldGen       total 1040384K, used 92280K [0x00000000a0c00000, 0x00000000e0400000, 0x00000000e0400000)
  object space 1040384K, 8% used [0x00000000a0c00000,0x00000000a661e1a8,0x00000000e0400000)
 Metaspace       used 13043K, capacity 13234K, committed 13312K, reserved 1060864K
  class space    used 1469K, capacity 1501K, committed 1536K, reserved 1048576K
}
{Heap before GC invocations=945 (full 0):
 PSYoungGen      total 517632K, used 516224K [0x00000000e0400000, 0x0000000100000000, 0x0000000100000000)
  eden space 516096K, 100% used [0x00000000e0400000,0x00000000ffc00000,0x00000000ffc00000)
  from space 1536K, 8% used [0x00000000ffe80000,0x00000000ffea0000,0x0000000100000000)
  to   space 2048K, 0% used [0x00000000ffc00000,0x00000000ffc00000,0x00000000ffe00000)
 ParOldGen       total 1040384K, used 92280K [0x00000000a0c00000, 0x00000000e0400000, 0x00000000e0400000)
  object space 1040384K, 8% used [0x00000000a0c00000,0x00000000a661e1a8,0x00000000e0400000)
 Metaspace       used 13043K, capacity 13234K, committed 13312K, reserved 1060864K
  class space    used 1469K, capacity 1501K, committed 1536K, reserved 1048576K
6603.066: [GC (Allocation Failure) [PSYoungGen: 516224K->160K(518144K)] 608504K->92440K(1558528K), 0.0014148 secs] [Times: user=0.00 sys=0.00, real=0.00 secs] 
Heap after GC invocations=945 (full 0):
 PSYoungGen      total 518144K, used 160K [0x00000000e0400000, 0x0000000100000000, 0x0000000100000000)
  eden space 516096K, 0% used [0x00000000e0400000,0x00000000e0400000,0x00000000ffc00000)
  from space 2048K, 7% used [0x00000000ffc00000,0x00000000ffc28000,0x00000000ffe00000)
  to   space 1536K, 0% used [0x00000000ffe80000,0x00000000ffe80000,0x0000000100000000)
 ParOldGen       total 1040384K, used 92280K [0x00000000a0c00000, 0x00000000e0400000, 0x00000000e0400000)
  object space 1040384K, 8% used [0x00000000a0c00000,0x00000000a661e1a8,0x00000000e0400000)
 Metaspace       used 13043K, capacity 13234K, committed 13312K, reserved 1060864K
  class space    used 1469K, capacity 1501K, committed 1536K, reserved 1048576K
}
{Heap before GC invocations=946 (full 0):
 PSYoungGen      total 518144K, used 516256K [0x00000000e0400000, 0x0000000100000000, 0x0000000100000000)
  eden space 516096K, 100% used [0x00000000e0400000,0x00000000ffc00000,0x00000000ffc00000)
  from space 2048K, 7% used [0x00000000ffc00000,0x00000000ffc28000,0x00000000ffe00000)
  to   space 1536K, 0% used [0x00000000ffe80000,0x00000000ffe80000,0x0000000100000000)
 ParOldGen       total 1040384K, used 92280K [0x00000000a0c00000, 0x00000000e0400000, 0x00000000e0400000)
  object space 1040384K, 8% used [0x00000000a0c00000,0x00000000a661e1a8,0x00000000e0400000)
 Metaspace       used 13043K, capacity 13234K, committed 13312K, reserved 1060864K
  class space    used 1469K, capacity 1501K, committed 1536K, reserved 1048576K
6610.145: [GC (Allocation Failure) [PSYoungGen: 516256K->128K(518656K)] 608536K->92416K(1559040K), 0.0017535 secs] [Times: user=0.08 sys=0.00, real=0.00 secs] 
Heap after GC invocations=946 (full 0):
 PSYoungGen      total 518656K, used 128K [0x00000000e0400000, 0x0000000100000000, 0x0000000100000000)
  eden space 517120K, 0% used [0x00000000e0400000,0x00000000e0400000,0x00000000ffd00000)
  from space 1536K, 8% used [0x00000000ffe80000,0x00000000ffea0000,0x0000000100000000)
  to   space 1536K, 0% used [0x00000000ffd00000,0x00000000ffd00000,0x00000000ffe80000)
 ParOldGen       total 1040384K, used 92288K [0x00000000a0c00000, 0x00000000e0400000, 0x00000000e0400000)
  object space 1040384K, 8% used [0x00000000a0c00000,0x00000000a66201a8,0x00000000e0400000)
 Metaspace       used 13043K, capacity 13234K, committed 13312K, reserved 1060864K
  class space    used 1469K, capacity 1501K, committed 1536K, reserved 1048576K
}
{Heap before GC invocations=947 (full 0):
 PSYoungGen      total 518656K, used 517248K [0x00000000e0400000, 0x0000000100000000, 0x0000000100000000)
  eden space 517120K, 100% used [0x00000000e0400000,0x00000000ffd00000,0x00000000ffd00000)
  from space 1536K, 8% used [0x00000000ffe80000,0x00000000ffea0000,0x0000000100000000)
  to   space 1536K, 0% used [0x00000000ffd00000,0x00000000ffd00000,0x00000000ffe80000)
 ParOldGen       total 1040384K, used 92288K [0x00000000a0c00000, 0x00000000e0400000, 0x00000000e0400000)
  object space 1040384K, 8% used [0x00000000a0c00000,0x00000000a66201a8,0x00000000e0400000)
 Metaspace       used 13043K, capacity 13234K, committed 13312K, reserved 1060864K
  class space    used 1469K, capacity 1501K, committed 1536K, reserved 1048576K
6617.084: [GC (Allocation Failure) [PSYoungGen: 517248K->96K(518656K)] 609536K->92384K(1559040K), 0.0018228 secs] [Times: user=0.00 sys=0.00, real=0.00 secs] 
Heap after GC invocations=947 (full 0):
 PSYoungGen      total 518656K, used 96K [0x00000000e0400000, 0x0000000100000000, 0x0000000100000000)
  eden space 517120K, 0% used [0x00000000e0400000,0x00000000e0400000,0x00000000ffd00000)
  from space 1536K, 6% used [0x00000000ffd00000,0x00000000ffd18000,0x00000000ffe80000)
  to   space 1536K, 0% used [0x00000000ffe80000,0x00000000ffe80000,0x0000000100000000)
 ParOldGen       total 1040384K, used 92288K [0x00000000a0c00000, 0x00000000e0400000, 0x00000000e0400000)
  object space 1040384K, 8% used [0x00000000a0c00000,0x00000000a66201a8,0x00000000e0400000)
 Metaspace       used 13043K, capacity 13234K, committed 13312K, reserved 1060864K
  class space    used 1469K, capacity 1501K, committed 1536K, reserved 1048576K
}
{Heap before GC invocations=948 (full 0):
 PSYoungGen      total 518656K, used 517216K [0x00000000e0400000, 0x0000000100000000, 0x0000000100000000)
  eden space 517120K, 100% used [0x00000000e0400000,0x00000000ffd00000,0x00000000ffd00000)
  from space 1536K, 6% used [0x00000000ffd00000,0x00000000ffd18000,0x00000000ffe80000)
  to   space 1536K, 0% used [0x00000000ffe80000,0x00000000ffe80000,0x0000000100000000)
 ParOldGen       total 1040384K, used 92288K [0x00000000a0c00000, 0x00000000e0400000, 0x00000000e0400000)
  object space 1040384K, 8% used [0x00000000a0c00000,0x00000000a66201a8,0x00000000e0400000)
 Metaspace       used 13043K, capacity 13234K, committed 13312K, reserved 1060864K
  class space    used 1469K, capacity 1501K, committed 1536K, reserved 1048576K
6624.053: [GC (Allocation Failure) [PSYoungGen: 517216K->864K(518656K)] 609504K->93152K(1559040K), 0.0021105 secs] [Times: user=0.00 sys=0.00, real=0.00 secs] 
Heap after GC invocations=948 (full 0):
 PSYoungGen      total 518656K, used 864K [0x00000000e0400000, 0x0000000100000000, 0x0000000100000000)
  eden space 517120K, 0% used [0x00000000e0400000,0x00000000e0400000,0x00000000ffd00000)
  from space 1536K, 56% used [0x00000000ffe80000,0x00000000fff58000,0x0000000100000000)
  to   space 1536K, 0% used [0x00000000ffd00000,0x00000000ffd00000,0x00000000ffe80000)
 ParOldGen       total 1040384K, used 92288K [0x00000000a0c00000, 0x00000000e0400000, 0x00000000e0400000)
  object space 1040384K, 8% used [0x00000000a0c00000,0x00000000a66201a8,0x00000000e0400000)
 Metaspace       used 13043K, capacity 13234K, committed 13312K, reserved 1060864K
  class space    used 1469K, capacity 1501K, committed 1536K, reserved 1048576K
}
{Heap before GC invocations=949 (full 0):
 PSYoungGen      total 518656K, used 517984K [0x00000000e0400000, 0x0000000100000000, 0x0000000100000000)
  eden space 517120K, 100% used [0x00000000e0400000,0x00000000ffd00000,0x00000000ffd00000)
  from space 1536K, 56% used [0x00000000ffe80000,0x00000000fff58000,0x0000000100000000)
  to   space 1536K, 0% used [0x00000000ffd00000,0x00000000ffd00000,0x00000000ffe80000)
 ParOldGen       total 1040384K, used 92288K [0x00000000a0c00000, 0x00000000e0400000, 0x00000000e0400000)
  object space 1040384K, 8% used [0x00000000a0c00000,0x00000000a66201a8,0x00000000e0400000)
 Metaspace       used 13043K, capacity 13234K, committed 13312K, reserved 1060864K
  class space    used 1469K, capacity 1501K, committed 1536K, reserved 1048576K
6631.164: [GC (Allocation Failure) [PSYoungGen: 517984K->192K(518656K)] 610272K->92480K(1559040K), 0.0013532 secs] [Times: user=0.00 sys=0.00, real=0.00 secs] 
Heap after GC invocations=949 (full 0):
 PSYoungGen      total 518656K, used 192K [0x00000000e0400000, 0x0000000100000000, 0x0000000100000000)
  eden space 517120K, 0% used [0x00000000e0400000,0x00000000e0400000,0x00000000ffd00000)
  from space 1536K, 12% used [0x00000000ffd00000,0x00000000ffd30000,0x00000000ffe80000)
  to   space 1536K, 0% used [0x00000000ffe80000,0x00000000ffe80000,0x0000000100000000)
 ParOldGen       total 1040384K, used 92288K [0x00000000a0c00000, 0x00000000e0400000, 0x00000000e0400000)
  object space 1040384K, 8% used [0x00000000a0c00000,0x00000000a66201a8,0x00000000e0400000)
 Metaspace       used 13043K, capacity 13234K, committed 13312K, reserved 1060864K
  class space    used 1469K, capacity 1501K, committed 1536K, reserved 1048576K
}
{Heap before GC invocations=950 (full 0):
 PSYoungGen      total 518656K, used 517312K [0x00000000e0400000, 0x0000000100000000, 0x0000000100000000)
  eden space 517120K, 100% used [0x00000000e0400000,0x00000000ffd00000,0x00000000ffd00000)
  from space 1536K, 12% used [0x00000000ffd00000,0x00000000ffd30000,0x00000000ffe80000)
  to   space 1536K, 0% used [0x00000000ffe80000,0x00000000ffe80000,0x0000000100000000)
 ParOldGen       total 1040384K, used 92288K [0x00000000a0c00000, 0x00000000e0400000, 0x00000000e0400000)
  object space 1040384K, 8% used [0x00000000a0c00000,0x00000000a66201a8,0x00000000e0400000)
 Metaspace       used 13043K, capacity 13234K, committed 13312K, reserved 1060864K
  class space    used 1469K, capacity 1501K, committed 1536K, reserved 1048576K
6638.159: [GC (Allocation Failure) [PSYoungGen: 517312K->160K(518656K)] 609600K->92448K(1559040K), 0.0013650 secs] [Times: user=0.00 sys=0.00, real=0.00 secs] 
Heap after GC invocations=950 (full 0):
 PSYoungGen      total 518656K, used 160K [0x00000000e0400000, 0x0000000100000000, 0x0000000100000000)
  eden space 517120K, 0% used [0x00000000e0400000,0x00000000e0400000,0x00000000ffd00000)
  from space 1536K, 10% used [0x00000000ffe80000,0x00000000ffea8000,0x0000000100000000)
  to   space 1536K, 0% used [0x00000000ffd00000,0x00000000ffd00000,0x00000000ffe80000)
 ParOldGen       total 1040384K, used 92288K [0x00000000a0c00000, 0x00000000e0400000, 0x00000000e0400000)
  object space 1040384K, 8% used [0x00000000a0c00000,0x00000000a66201a8,0x00000000e0400000)
 Metaspace       used 13043K, capacity 13234K, committed 13312K, reserved 1060864K
  class space    used 1469K, capacity 1501K, committed 1536K, reserved 1048576K
}
{Heap before GC invocations=951 (full 0):
 PSYoungGen      total 518656K, used 517280K [0x00000000e0400000, 0x0000000100000000, 0x0000000100000000)
  eden space 517120K, 100% used [0x00000000e0400000,0x00000000ffd00000,0x00000000ffd00000)
  from space 1536K, 10% used [0x00000000ffe80000,0x00000000ffea8000,0x0000000100000000)
  to   space 1536K, 0% used [0x00000000ffd00000,0x00000000ffd00000,0x00000000ffe80000)
 ParOldGen       total 1040384K, used 92288K [0x00000000a0c00000, 0x00000000e0400000, 0x00000000e0400000)
  object space 1040384K, 8% used [0x00000000a0c00000,0x00000000a66201a8,0x00000000e0400000)
 Metaspace       used 13043K, capacity 13234K, committed 13312K, reserved 1060864K
  class space    used 1469K, capacity 1501K, committed 1536K, reserved 1048576K
6645.184: [GC (Allocation Failure) [PSYoungGen: 517280K->160K(518656K)] 609568K->92456K(1559040K), 0.0017843 secs] [Times: user=0.00 sys=0.00, real=0.00 secs] 
Heap after GC invocations=951 (full 0):
 PSYoungGen      total 518656K, used 160K [0x00000000e0400000, 0x0000000100000000, 0x0000000100000000)
  eden space 517120K, 0% used [0x00000000e0400000,0x00000000e0400000,0x00000000ffd00000)
  from space 1536K, 10% used [0x00000000ffd00000,0x00000000ffd28000,0x00000000ffe80000)
  to   space 1536K, 0% used [0x00000000ffe80000,0x00000000ffe80000,0x0000000100000000)
 ParOldGen       total 1040384K, used 92296K [0x00000000a0c00000, 0x00000000e0400000, 0x00000000e0400000)
  object space 1040384K, 8% used [0x00000000a0c00000,0x00000000a66221a8,0x00000000e0400000)
 Metaspace       used 13043K, capacity 13234K, committed 13312K, reserved 1060864K
  class space    used 1469K, capacity 1501K, committed 1536K, reserved 1048576K
}
{Heap before GC invocations=952 (full 0):
 PSYoungGen      total 518656K, used 517280K [0x00000000e0400000, 0x0000000100000000, 0x0000000100000000)
  eden space 517120K, 100% used [0x00000000e0400000,0x00000000ffd00000,0x00000000ffd00000)
  from space 1536K, 10% used [0x00000000ffd00000,0x00000000ffd28000,0x00000000ffe80000)
  to   space 1536K, 0% used [0x00000000ffe80000,0x00000000ffe80000,0x0000000100000000)
 ParOldGen       total 1040384K, used 92296K [0x00000000a0c00000, 0x00000000e0400000, 0x00000000e0400000)
  object space 1040384K, 8% used [0x00000000a0c00000,0x00000000a66221a8,0x00000000e0400000)
 Metaspace       used 13043K, capacity 13234K, committed 13312K, reserved 1060864K
  class space    used 1469K, capacity 1501K, committed 1536K, reserved 1048576K
6652.146: [GC (Allocation Failure) [PSYoungGen: 517280K->128K(518656K)] 609576K->92424K(1559040K), 0.0021484 secs] [Times: user=0.00 sys=0.00, real=0.00 secs] 
Heap after GC invocations=952 (full 0):
 PSYoungGen      total 518656K, used 128K [0x00000000e0400000, 0x0000000100000000, 0x0000000100000000)
  eden space 517120K, 0% used [0x00000000e0400000,0x00000000e0400000,0x00000000ffd00000)
  from space 1536K, 8% used [0x00000000ffe80000,0x00000000ffea0000,0x0000000100000000)
  to   space 1536K, 0% used [0x00000000ffd00000,0x00000000ffd00000,0x00000000ffe80000)
 ParOldGen       total 1040384K, used 92296K [0x00000000a0c00000, 0x00000000e0400000, 0x00000000e0400000)
  object space 1040384K, 8% used [0x00000000a0c00000,0x00000000a66221a8,0x00000000e0400000)
 Metaspace       used 13043K, capacity 13234K, committed 13312K, reserved 1060864K
  class space    used 1469K, capacity 1501K, committed 1536K, reserved 1048576K
}
{Heap before GC invocations=953 (full 0):
 PSYoungGen      total 518656K, used 517248K [0x00000000e0400000, 0x0000000100000000, 0x0000000100000000)
  eden space 517120K, 100% used [0x00000000e0400000,0x00000000ffd00000,0x00000000ffd00000)
  from space 1536K, 8% used [0x00000000ffe80000,0x00000000ffea0000,0x0000000100000000)
  to   space 1536K, 0% used [0x00000000ffd00000,0x00000000ffd00000,0x00000000ffe80000)
 ParOldGen       total 1040384K, used 92296K [0x00000000a0c00000, 0x00000000e0400000, 0x00000000e0400000)
  object space 1040384K, 8% used [0x00000000a0c00000,0x00000000a66221a8,0x00000000e0400000)
 Metaspace       used 13043K, capacity 13234K, committed 13312K, reserved 1060864K
  class space    used 1469K, capacity 1501K, committed 1536K, reserved 1048576K
6659.148: [GC (Allocation Failure) [PSYoungGen: 517248K->1120K(518656K)] 609544K->93416K(1559040K), 0.0021516 secs] [Times: user=0.00 sys=0.00, real=0.00 secs] 
Heap after GC invocations=953 (full 0):
 PSYoungGen      total 518656K, used 1120K [0x00000000e0400000, 0x0000000100000000, 0x0000000100000000)
  eden space 517120K, 0% used [0x00000000e0400000,0x00000000e0400000,0x00000000ffd00000)
  from space 1536K, 72% used [0x00000000ffd00000,0x00000000ffe18000,0x00000000ffe80000)
  to   space 1536K, 0% used [0x00000000ffe80000,0x00000000ffe80000,0x0000000100000000)
 ParOldGen       total 1040384K, used 92296K [0x00000000a0c00000, 0x00000000e0400000, 0x00000000e0400000)
  object space 1040384K, 8% used [0x00000000a0c00000,0x00000000a66221a8,0x00000000e0400000)
 Metaspace       used 13043K, capacity 13234K, committed 13312K, reserved 1060864K
  class space    used 1469K, capacity 1501K, committed 1536K, reserved 1048576K
}
{Heap before GC invocations=954 (full 0):
 PSYoungGen      total 518656K, used 518240K [0x00000000e0400000, 0x0000000100000000, 0x0000000100000000)
  eden space 517120K, 100% used [0x00000000e0400000,0x00000000ffd00000,0x00000000ffd00000)
  from space 1536K, 72% used [0x00000000ffd00000,0x00000000ffe18000,0x00000000ffe80000)
  to   space 1536K, 0% used [0x00000000ffe80000,0x00000000ffe80000,0x0000000100000000)
 ParOldGen       total 1040384K, used 92296K [0x00000000a0c00000, 0x00000000e0400000, 0x00000000e0400000)
  object space 1040384K, 8% used [0x00000000a0c00000,0x00000000a66221a8,0x00000000e0400000)
 Metaspace       used 13043K, capacity 13234K, committed 13312K, reserved 1060864K
  class space    used 1469K, capacity 1501K, committed 1536K, reserved 1048576K
6666.185: [GC (Allocation Failure) [PSYoungGen: 518240K->192K(518656K)] 610536K->92488K(1559040K), 0.0019556 secs] [Times: user=0.00 sys=0.00, real=0.00 secs] 
Heap after GC invocations=954 (full 0):
 PSYoungGen      total 518656K, used 192K [0x00000000e0400000, 0x0000000100000000, 0x0000000100000000)
  eden space 517120K, 0% used [0x00000000e0400000,0x00000000e0400000,0x00000000ffd00000)
  from space 1536K, 12% used [0x00000000ffe80000,0x00000000ffeb0000,0x0000000100000000)
  to   space 1536K, 0% used [0x00000000ffd00000,0x00000000ffd00000,0x00000000ffe80000)
 ParOldGen       total 1040384K, used 92296K [0x00000000a0c00000, 0x00000000e0400000, 0x00000000e0400000)
  object space 1040384K, 8% used [0x00000000a0c00000,0x00000000a66221a8,0x00000000e0400000)
 Metaspace       used 13043K, capacity 13234K, committed 13312K, reserved 1060864K
  class space    used 1469K, capacity 1501K, committed 1536K, reserved 1048576K
}
{Heap before GC invocations=955 (full 0):
 PSYoungGen      total 518656K, used 517312K [0x00000000e0400000, 0x0000000100000000, 0x0000000100000000)
  eden space 517120K, 100% used [0x00000000e0400000,0x00000000ffd00000,0x00000000ffd00000)
  from space 1536K, 12% used [0x00000000ffe80000,0x00000000ffeb0000,0x0000000100000000)
  to   space 1536K, 0% used [0x00000000ffd00000,0x00000000ffd00000,0x00000000ffe80000)
 ParOldGen       total 1040384K, used 92296K [0x00000000a0c00000, 0x00000000e0400000, 0x00000000e0400000)
  object space 1040384K, 8% used [0x00000000a0c00000,0x00000000a66221a8,0x00000000e0400000)
 Metaspace       used 13043K, capacity 13234K, committed 13312K, reserved 1060864K
  class space    used 1469K, capacity 1501K, committed 1536K, reserved 1048576K
6673.225: [GC (Allocation Failure) [PSYoungGen: 517312K->128K(518656K)] 609608K->92432K(1559040K), 0.0017556 secs] [Times: user=0.00 sys=0.00, real=0.00 secs] 
Heap after GC invocations=955 (full 0):
 PSYoungGen      total 518656K, used 128K [0x00000000e0400000, 0x0000000100000000, 0x0000000100000000)
  eden space 517120K, 0% used [0x00000000e0400000,0x00000000e0400000,0x00000000ffd00000)
  from space 1536K, 8% used [0x00000000ffd00000,0x00000000ffd20000,0x00000000ffe80000)
  to   space 1536K, 0% used [0x00000000ffe80000,0x00000000ffe80000,0x0000000100000000)
 ParOldGen       total 1040384K, used 92304K [0x00000000a0c00000, 0x00000000e0400000, 0x00000000e0400000)
  object space 1040384K, 8% used [0x00000000a0c00000,0x00000000a66241a8,0x00000000e0400000)
 Metaspace       used 13043K, capacity 13234K, committed 13312K, reserved 1060864K
  class space    used 1469K, capacity 1501K, committed 1536K, reserved 1048576K
}
{Heap before GC invocations=956 (full 0):
 PSYoungGen      total 518656K, used 517248K [0x00000000e0400000, 0x0000000100000000, 0x0000000100000000)
  eden space 517120K, 100% used [0x00000000e0400000,0x00000000ffd00000,0x00000000ffd00000)
  from space 1536K, 8% used [0x00000000ffd00000,0x00000000ffd20000,0x00000000ffe80000)
  to   space 1536K, 0% used [0x00000000ffe80000,0x00000000ffe80000,0x0000000100000000)
 ParOldGen       total 1040384K, used 92304K [0x00000000a0c00000, 0x00000000e0400000, 0x00000000e0400000)
  object space 1040384K, 8% used [0x00000000a0c00000,0x00000000a66241a8,0x00000000e0400000)
 Metaspace       used 13043K, capacity 13234K, committed 13312K, reserved 1060864K
  class space    used 1469K, capacity 1501K, committed 1536K, reserved 1048576K
6680.133: [GC (Allocation Failure) [PSYoungGen: 517248K->160K(518656K)] 609552K->92488K(1559040K), 0.0016829 secs] [Times: user=0.00 sys=0.00, real=0.00 secs] 
Heap after GC invocations=956 (full 0):
 PSYoungGen      total 518656K, used 160K [0x00000000e0400000, 0x0000000100000000, 0x0000000100000000)
  eden space 517120K, 0% used [0x00000000e0400000,0x00000000e0400000,0x00000000ffd00000)
  from space 1536K, 10% used [0x00000000ffe80000,0x00000000ffea8000,0x0000000100000000)
  to   space 1536K, 0% used [0x00000000ffd00000,0x00000000ffd00000,0x00000000ffe80000)
 ParOldGen       total 1040384K, used 92328K [0x00000000a0c00000, 0x00000000e0400000, 0x00000000e0400000)
  object space 1040384K, 8% used [0x00000000a0c00000,0x00000000a662a1a8,0x00000000e0400000)
 Metaspace       used 13043K, capacity 13234K, committed 13312K, reserved 1060864K
  class space    used 1469K, capacity 1501K, committed 1536K, reserved 1048576K
}
{Heap before GC invocations=957 (full 0):
 PSYoungGen      total 518656K, used 517280K [0x00000000e0400000, 0x0000000100000000, 0x0000000100000000)
  eden space 517120K, 100% used [0x00000000e0400000,0x00000000ffd00000,0x00000000ffd00000)
  from space 1536K, 10% used [0x00000000ffe80000,0x00000000ffea8000,0x0000000100000000)
  to   space 1536K, 0% used [0x00000000ffd00000,0x00000000ffd00000,0x00000000ffe80000)
 ParOldGen       total 1040384K, used 92328K [0x00000000a0c00000, 0x00000000e0400000, 0x00000000e0400000)
  object space 1040384K, 8% used [0x00000000a0c00000,0x00000000a662a1a8,0x00000000e0400000)
 Metaspace       used 13043K, capacity 13234K, committed 13312K, reserved 1060864K
  class space    used 1469K, capacity 1501K, committed 1536K, reserved 1048576K
6687.232: [GC (Allocation Failure) [PSYoungGen: 517280K->128K(518656K)] 609608K->92456K(1559040K), 0.0018841 secs] [Times: user=0.00 sys=0.00, real=0.00 secs] 
Heap after GC invocations=957 (full 0):
 PSYoungGen      total 518656K, used 128K [0x00000000e0400000, 0x0000000100000000, 0x0000000100000000)
  eden space 517120K, 0% used [0x00000000e0400000,0x00000000e0400000,0x00000000ffd00000)
  from space 1536K, 8% used [0x00000000ffd00000,0x00000000ffd20000,0x00000000ffe80000)
  to   space 1536K, 0% used [0x00000000ffe80000,0x00000000ffe80000,0x0000000100000000)
 ParOldGen       total 1040384K, used 92328K [0x00000000a0c00000, 0x00000000e0400000, 0x00000000e0400000)
  object space 1040384K, 8% used [0x00000000a0c00000,0x00000000a662a1a8,0x00000000e0400000)
 Metaspace       used 13043K, capacity 13234K, committed 13312K, reserved 1060864K
  class space    used 1469K, capacity 1501K, committed 1536K, reserved 1048576K
}
{Heap before GC invocations=958 (full 0):
 PSYoungGen      total 518656K, used 517248K [0x00000000e0400000, 0x0000000100000000, 0x0000000100000000)
  eden space 517120K, 100% used [0x00000000e0400000,0x00000000ffd00000,0x00000000ffd00000)
  from space 1536K, 8% used [0x00000000ffd00000,0x00000000ffd20000,0x00000000ffe80000)
  to   space 1536K, 0% used [0x00000000ffe80000,0x00000000ffe80000,0x0000000100000000)
 ParOldGen       total 1040384K, used 92328K [0x00000000a0c00000, 0x00000000e0400000, 0x00000000e0400000)
  object space 1040384K, 8% used [0x00000000a0c00000,0x00000000a662a1a8,0x00000000e0400000)
 Metaspace       used 13043K, capacity 13234K, committed 13312K, reserved 1060864K
  class space    used 1469K, capacity 1501K, committed 1536K, reserved 1048576K
6694.188: [GC (Allocation Failure) [PSYoungGen: 517248K->1248K(518656K)] 609576K->93576K(1559040K), 0.0020253 secs] [Times: user=0.00 sys=0.00, real=0.00 secs] 
Heap after GC invocations=958 (full 0):
 PSYoungGen      total 518656K, used 1248K [0x00000000e0400000, 0x0000000100000000, 0x0000000100000000)
  eden space 517120K, 0% used [0x00000000e0400000,0x00000000e0400000,0x00000000ffd00000)
  from space 1536K, 81% used [0x00000000ffe80000,0x00000000fffb8000,0x0000000100000000)
  to   space 1536K, 0% used [0x00000000ffd00000,0x00000000ffd00000,0x00000000ffe80000)
 ParOldGen       total 1040384K, used 92328K [0x00000000a0c00000, 0x00000000e0400000, 0x00000000e0400000)
  object space 1040384K, 8% used [0x00000000a0c00000,0x00000000a662a1a8,0x00000000e0400000)
 Metaspace       used 13043K, capacity 13234K, committed 13312K, reserved 1060864K
  class space    used 1469K, capacity 1501K, committed 1536K, reserved 1048576K
}
{Heap before GC invocations=959 (full 0):
 PSYoungGen      total 518656K, used 518368K [0x00000000e0400000, 0x0000000100000000, 0x0000000100000000)
  eden space 517120K, 100% used [0x00000000e0400000,0x00000000ffd00000,0x00000000ffd00000)
  from space 1536K, 81% used [0x00000000ffe80000,0x00000000fffb8000,0x0000000100000000)
  to   space 1536K, 0% used [0x00000000ffd00000,0x00000000ffd00000,0x00000000ffe80000)
 ParOldGen       total 1040384K, used 92328K [0x00000000a0c00000, 0x00000000e0400000, 0x00000000e0400000)
  object space 1040384K, 8% used [0x00000000a0c00000,0x00000000a662a1a8,0x00000000e0400000)
 Metaspace       used 13043K, capacity 13234K, committed 13312K, reserved 1060864K
  class space    used 1469K, capacity 1501K, committed 1536K, reserved 1048576K
6701.238: [GC (Allocation Failure) [PSYoungGen: 518368K->128K(518656K)] 610696K->92472K(1559040K), 0.0016875 secs] [Times: user=0.02 sys=0.00, real=0.00 secs] 
Heap after GC invocations=959 (full 0):
 PSYoungGen      total 518656K, used 128K [0x00000000e0400000, 0x0000000100000000, 0x0000000100000000)
  eden space 517120K, 0% used [0x00000000e0400000,0x00000000e0400000,0x00000000ffd00000)
  from space 1536K, 8% used [0x00000000ffd00000,0x00000000ffd20000,0x00000000ffe80000)
  to   space 1536K, 0% used [0x00000000ffe80000,0x00000000ffe80000,0x0000000100000000)
 ParOldGen       total 1040384K, used 92344K [0x00000000a0c00000, 0x00000000e0400000, 0x00000000e0400000)
  object space 1040384K, 8% used [0x00000000a0c00000,0x00000000a662e1a8,0x00000000e0400000)
 Metaspace       used 13043K, capacity 13234K, committed 13312K, reserved 1060864K
  class space    used 1469K, capacity 1501K, committed 1536K, reserved 1048576K
}
{Heap before GC invocations=960 (full 0):
 PSYoungGen      total 518656K, used 517248K [0x00000000e0400000, 0x0000000100000000, 0x0000000100000000)
  eden space 517120K, 100% used [0x00000000e0400000,0x00000000ffd00000,0x00000000ffd00000)
  from space 1536K, 8% used [0x00000000ffd00000,0x00000000ffd20000,0x00000000ffe80000)
  to   space 1536K, 0% used [0x00000000ffe80000,0x00000000ffe80000,0x0000000100000000)
 ParOldGen       total 1040384K, used 92344K [0x00000000a0c00000, 0x00000000e0400000, 0x00000000e0400000)
  object space 1040384K, 8% used [0x00000000a0c00000,0x00000000a662e1a8,0x00000000e0400000)
 Metaspace       used 13043K, capacity 13234K, committed 13312K, reserved 1060864K
  class space    used 1469K, capacity 1501K, committed 1536K, reserved 1048576K
6708.318: [GC (Allocation Failure) [PSYoungGen: 517248K->192K(518656K)] 609592K->92536K(1559040K), 0.0018290 secs] [Times: user=0.00 sys=0.00, real=0.00 secs] 
Heap after GC invocations=960 (full 0):
 PSYoungGen      total 518656K, used 192K [0x00000000e0400000, 0x0000000100000000, 0x0000000100000000)
  eden space 517120K, 0% used [0x00000000e0400000,0x00000000e0400000,0x00000000ffd00000)
  from space 1536K, 12% used [0x00000000ffe80000,0x00000000ffeb0000,0x0000000100000000)
  to   space 1536K, 0% used [0x00000000ffd00000,0x00000000ffd00000,0x00000000ffe80000)
 ParOldGen       total 1040384K, used 92344K [0x00000000a0c00000, 0x00000000e0400000, 0x00000000e0400000)
  object space 1040384K, 8% used [0x00000000a0c00000,0x00000000a662e1a8,0x00000000e0400000)
 Metaspace       used 13043K, capacity 13234K, committed 13312K, reserved 1060864K
  class space    used 1469K, capacity 1501K, committed 1536K, reserved 1048576K
}
{Heap before GC invocations=961 (full 0):
 PSYoungGen      total 518656K, used 517312K [0x00000000e0400000, 0x0000000100000000, 0x0000000100000000)
  eden space 517120K, 100% used [0x00000000e0400000,0x00000000ffd00000,0x00000000ffd00000)
  from space 1536K, 12% used [0x00000000ffe80000,0x00000000ffeb0000,0x0000000100000000)
  to   space 1536K, 0% used [0x00000000ffd00000,0x00000000ffd00000,0x00000000ffe80000)
 ParOldGen       total 1040384K, used 92344K [0x00000000a0c00000, 0x00000000e0400000, 0x00000000e0400000)
  object space 1040384K, 8% used [0x00000000a0c00000,0x00000000a662e1a8,0x00000000e0400000)
 Metaspace       used 13043K, capacity 13234K, committed 13312K, reserved 1060864K
  class space    used 1469K, capacity 1501K, committed 1536K, reserved 1048576K
6715.191: [GC (Allocation Failure) [PSYoungGen: 517312K->384K(518656K)] 609656K->92728K(1559040K), 0.0019877 secs] [Times: user=0.00 sys=0.00, real=0.00 secs] 
Heap after GC invocations=961 (full 0):
 PSYoungGen      total 518656K, used 384K [0x00000000e0400000, 0x0000000100000000, 0x0000000100000000)
  eden space 517120K, 0% used [0x00000000e0400000,0x00000000e0400000,0x00000000ffd00000)
  from space 1536K, 25% used [0x00000000ffd00000,0x00000000ffd60000,0x00000000ffe80000)
  to   space 1536K, 0% used [0x00000000ffe80000,0x00000000ffe80000,0x0000000100000000)
 ParOldGen       total 1040384K, used 92344K [0x00000000a0c00000, 0x00000000e0400000, 0x00000000e0400000)
  object space 1040384K, 8% used [0x00000000a0c00000,0x00000000a662e1a8,0x00000000e0400000)
 Metaspace       used 13043K, capacity 13234K, committed 13312K, reserved 1060864K
  class space    used 1469K, capacity 1501K, committed 1536K, reserved 1048576K
}
{Heap before GC invocations=962 (full 0):
 PSYoungGen      total 518656K, used 517504K [0x00000000e0400000, 0x0000000100000000, 0x0000000100000000)
  eden space 517120K, 100% used [0x00000000e0400000,0x00000000ffd00000,0x00000000ffd00000)
  from space 1536K, 25% used [0x00000000ffd00000,0x00000000ffd60000,0x00000000ffe80000)
  to   space 1536K, 0% used [0x00000000ffe80000,0x00000000ffe80000,0x0000000100000000)
 ParOldGen       total 1040384K, used 92344K [0x00000000a0c00000, 0x00000000e0400000, 0x00000000e0400000)
  object space 1040384K, 8% used [0x00000000a0c00000,0x00000000a662e1a8,0x00000000e0400000)
 Metaspace       used 13043K, capacity 13234K, committed 13312K, reserved 1060864K
  class space    used 1469K, capacity 1501K, committed 1536K, reserved 1048576K
6722.170: [GC (Allocation Failure) [PSYoungGen: 517504K->416K(518656K)] 609848K->92760K(1559040K), 0.0021220 secs] [Times: user=0.00 sys=0.00, real=0.00 secs] 
Heap after GC invocations=962 (full 0):
 PSYoungGen      total 518656K, used 416K [0x00000000e0400000, 0x0000000100000000, 0x0000000100000000)
  eden space 517120K, 0% used [0x00000000e0400000,0x00000000e0400000,0x00000000ffd00000)
  from space 1536K, 27% used [0x00000000ffe80000,0x00000000ffee8000,0x0000000100000000)
  to   space 1536K, 0% used [0x00000000ffd00000,0x00000000ffd00000,0x00000000ffe80000)
 ParOldGen       total 1040384K, used 92344K [0x00000000a0c00000, 0x00000000e0400000, 0x00000000e0400000)
  object space 1040384K, 8% used [0x00000000a0c00000,0x00000000a662e1a8,0x00000000e0400000)
 Metaspace       used 13043K, capacity 13234K, committed 13312K, reserved 1060864K
  class space    used 1469K, capacity 1501K, committed 1536K, reserved 1048576K
}
{Heap before GC invocations=963 (full 0):
 PSYoungGen      total 518656K, used 517536K [0x00000000e0400000, 0x0000000100000000, 0x0000000100000000)
  eden space 517120K, 100% used [0x00000000e0400000,0x00000000ffd00000,0x00000000ffd00000)
  from space 1536K, 27% used [0x00000000ffe80000,0x00000000ffee8000,0x0000000100000000)
  to   space 1536K, 0% used [0x00000000ffd00000,0x00000000ffd00000,0x00000000ffe80000)
 ParOldGen       total 1040384K, used 92344K [0x00000000a0c00000, 0x00000000e0400000, 0x00000000e0400000)
  object space 1040384K, 8% used [0x00000000a0c00000,0x00000000a662e1d8,0x00000000e0400000)
 Metaspace       used 13043K, capacity 13234K, committed 13312K, reserved 1060864K
  class space    used 1469K, capacity 1501K, committed 1536K, reserved 1048576K
6729.248: [GC (GCLocker Initiated GC) [PSYoungGen: 517536K->1408K(518656K)] 609880K->93760K(1559040K), 0.0017544 secs] [Times: user=0.00 sys=0.00, real=0.00 secs] 
Heap after GC invocations=963 (full 0):
 PSYoungGen      total 518656K, used 1408K [0x00000000e0400000, 0x0000000100000000, 0x0000000100000000)
  eden space 517120K, 0% used [0x00000000e0400000,0x00000000e0400000,0x00000000ffd00000)
  from space 1536K, 91% used [0x00000000ffd00000,0x00000000ffe60000,0x00000000ffe80000)
  to   space 1536K, 0% used [0x00000000ffe80000,0x00000000ffe80000,0x0000000100000000)
 ParOldGen       total 1040384K, used 92352K [0x00000000a0c00000, 0x00000000e0400000, 0x00000000e0400000)
  object space 1040384K, 8% used [0x00000000a0c00000,0x00000000a66301d8,0x00000000e0400000)
 Metaspace       used 13043K, capacity 13234K, committed 13312K, reserved 1060864K
  class space    used 1469K, capacity 1501K, committed 1536K, reserved 1048576K
}
{Heap before GC invocations=964 (full 0):
 PSYoungGen      total 518656K, used 518528K [0x00000000e0400000, 0x0000000100000000, 0x0000000100000000)
  eden space 517120K, 100% used [0x00000000e0400000,0x00000000ffd00000,0x00000000ffd00000)
  from space 1536K, 91% used [0x00000000ffd00000,0x00000000ffe60000,0x00000000ffe80000)
  to   space 1536K, 0% used [0x00000000ffe80000,0x00000000ffe80000,0x0000000100000000)
 ParOldGen       total 1040384K, used 92355K [0x00000000a0c00000, 0x00000000e0400000, 0x00000000e0400000)
  object space 1040384K, 8% used [0x00000000a0c00000,0x00000000a6630f30,0x00000000e0400000)
 Metaspace       used 13043K, capacity 13234K, committed 13312K, reserved 1060864K
  class space    used 1469K, capacity 1501K, committed 1536K, reserved 1048576K
6736.165: [GC (Allocation Failure) [PSYoungGen: 518528K->256K(518656K)] 610883K->92635K(1559040K), 0.0013243 secs] [Times: user=0.00 sys=0.00, real=0.00 secs] 
Heap after GC invocations=964 (full 0):
 PSYoungGen      total 518656K, used 256K [0x00000000e0400000, 0x0000000100000000, 0x0000000100000000)
  eden space 517120K, 0% used [0x00000000e0400000,0x00000000e0400000,0x00000000ffd00000)
  from space 1536K, 16% used [0x00000000ffe80000,0x00000000ffec0000,0x0000000100000000)
  to   space 1536K, 0% used [0x00000000ffd00000,0x00000000ffd00000,0x00000000ffe80000)
 ParOldGen       total 1040384K, used 92379K [0x00000000a0c00000, 0x00000000e0400000, 0x00000000e0400000)
  object space 1040384K, 8% used [0x00000000a0c00000,0x00000000a6636f30,0x00000000e0400000)
 Metaspace       used 13043K, capacity 13234K, committed 13312K, reserved 1060864K
  class space    used 1469K, capacity 1501K, committed 1536K, reserved 1048576K
}
{Heap before GC invocations=965 (full 0):
 PSYoungGen      total 518656K, used 517376K [0x00000000e0400000, 0x0000000100000000, 0x0000000100000000)
  eden space 517120K, 100% used [0x00000000e0400000,0x00000000ffd00000,0x00000000ffd00000)
  from space 1536K, 16% used [0x00000000ffe80000,0x00000000ffec0000,0x0000000100000000)
  to   space 1536K, 0% used [0x00000000ffd00000,0x00000000ffd00000,0x00000000ffe80000)
 ParOldGen       total 1040384K, used 92379K [0x00000000a0c00000, 0x00000000e0400000, 0x00000000e0400000)
  object space 1040384K, 8% used [0x00000000a0c00000,0x00000000a6636f30,0x00000000e0400000)
 Metaspace       used 13043K, capacity 13234K, committed 13312K, reserved 1060864K
  class space    used 1469K, capacity 1501K, committed 1536K, reserved 1048576K
6743.126: [GC (Allocation Failure) [PSYoungGen: 517376K->256K(518656K)] 609755K->92651K(1559040K), 0.0013488 secs] [Times: user=0.00 sys=0.00, real=0.00 secs] 
Heap after GC invocations=965 (full 0):
 PSYoungGen      total 518656K, used 256K [0x00000000e0400000, 0x0000000100000000, 0x0000000100000000)
  eden space 517120K, 0% used [0x00000000e0400000,0x00000000e0400000,0x00000000ffd00000)
  from space 1536K, 16% used [0x00000000ffd00000,0x00000000ffd40000,0x00000000ffe80000)
  to   space 1536K, 0% used [0x00000000ffe80000,0x00000000ffe80000,0x0000000100000000)
 ParOldGen       total 1040384K, used 92395K [0x00000000a0c00000, 0x00000000e0400000, 0x00000000e0400000)
  object space 1040384K, 8% used [0x00000000a0c00000,0x00000000a663af30,0x00000000e0400000)
 Metaspace       used 13043K, capacity 13234K, committed 13312K, reserved 1060864K
  class space    used 1469K, capacity 1501K, committed 1536K, reserved 1048576K
}
{Heap before GC invocations=966 (full 0):
 PSYoungGen      total 518656K, used 517376K [0x00000000e0400000, 0x0000000100000000, 0x0000000100000000)
  eden space 517120K, 100% used [0x00000000e0400000,0x00000000ffd00000,0x00000000ffd00000)
  from space 1536K, 16% used [0x00000000ffd00000,0x00000000ffd40000,0x00000000ffe80000)
  to   space 1536K, 0% used [0x00000000ffe80000,0x00000000ffe80000,0x0000000100000000)
 ParOldGen       total 1040384K, used 92395K [0x00000000a0c00000, 0x00000000e0400000, 0x00000000e0400000)
  object space 1040384K, 8% used [0x00000000a0c00000,0x00000000a663af30,0x00000000e0400000)
 Metaspace       used 13043K, capacity 13234K, committed 13312K, reserved 1060864K
  class space    used 1469K, capacity 1501K, committed 1536K, reserved 1048576K
6750.029: [GC (Allocation Failure) [PSYoungGen: 517376K->160K(518656K)] 609771K->92563K(1559040K), 0.0014468 secs] [Times: user=0.00 sys=0.00, real=0.00 secs] 
Heap after GC invocations=966 (full 0):
 PSYoungGen      total 518656K, used 160K [0x00000000e0400000, 0x0000000100000000, 0x0000000100000000)
  eden space 517120K, 0% used [0x00000000e0400000,0x00000000e0400000,0x00000000ffd00000)
  from space 1536K, 10% used [0x00000000ffe80000,0x00000000ffea8000,0x0000000100000000)
  to   space 1536K, 0% used [0x00000000ffd00000,0x00000000ffd00000,0x00000000ffe80000)
 ParOldGen       total 1040384K, used 92403K [0x00000000a0c00000, 0x00000000e0400000, 0x00000000e0400000)
  object space 1040384K, 8% used [0x00000000a0c00000,0x00000000a663cf30,0x00000000e0400000)
 Metaspace       used 13043K, capacity 13234K, committed 13312K, reserved 1060864K
  class space    used 1469K, capacity 1501K, committed 1536K, reserved 1048576K
}
{Heap before GC invocations=967 (full 0):
 PSYoungGen      total 518656K, used 517280K [0x00000000e0400000, 0x0000000100000000, 0x0000000100000000)
  eden space 517120K, 100% used [0x00000000e0400000,0x00000000ffd00000,0x00000000ffd00000)
  from space 1536K, 10% used [0x00000000ffe80000,0x00000000ffea8000,0x0000000100000000)
  to   space 1536K, 0% used [0x00000000ffd00000,0x00000000ffd00000,0x00000000ffe80000)
 ParOldGen       total 1040384K, used 92403K [0x00000000a0c00000, 0x00000000e0400000, 0x00000000e0400000)
  object space 1040384K, 8% used [0x00000000a0c00000,0x00000000a663cf30,0x00000000e0400000)
 Metaspace       used 13043K, capacity 13234K, committed 13312K, reserved 1060864K
  class space    used 1469K, capacity 1501K, committed 1536K, reserved 1048576K
6757.080: [GC (Allocation Failure) [PSYoungGen: 517280K->256K(518656K)] 609683K->92659K(1559040K), 0.0014157 secs] [Times: user=0.00 sys=0.00, real=0.00 secs] 
Heap after GC invocations=967 (full 0):
 PSYoungGen      total 518656K, used 256K [0x00000000e0400000, 0x0000000100000000, 0x0000000100000000)
  eden space 517120K, 0% used [0x00000000e0400000,0x00000000e0400000,0x00000000ffd00000)
  from space 1536K, 16% used [0x00000000ffd00000,0x00000000ffd40000,0x00000000ffe80000)
  to   space 1536K, 0% used [0x00000000ffe80000,0x00000000ffe80000,0x0000000100000000)
 ParOldGen       total 1040384K, used 92403K [0x00000000a0c00000, 0x00000000e0400000, 0x00000000e0400000)
  object space 1040384K, 8% used [0x00000000a0c00000,0x00000000a663cf30,0x00000000e0400000)
 Metaspace       used 13043K, capacity 13234K, committed 13312K, reserved 1060864K
  class space    used 1469K, capacity 1501K, committed 1536K, reserved 1048576K
}
{Heap before GC invocations=968 (full 0):
 PSYoungGen      total 518656K, used 517376K [0x00000000e0400000, 0x0000000100000000, 0x0000000100000000)
  eden space 517120K, 100% used [0x00000000e0400000,0x00000000ffd00000,0x00000000ffd00000)
  from space 1536K, 16% used [0x00000000ffd00000,0x00000000ffd40000,0x00000000ffe80000)
  to   space 1536K, 0% used [0x00000000ffe80000,0x00000000ffe80000,0x0000000100000000)
 ParOldGen       total 1040384K, used 92403K [0x00000000a0c00000, 0x00000000e0400000, 0x00000000e0400000)
  object space 1040384K, 8% used [0x00000000a0c00000,0x00000000a663cf30,0x00000000e0400000)
 Metaspace       used 13043K, capacity 13234K, committed 13312K, reserved 1060864K
  class space    used 1469K, capacity 1501K, committed 1536K, reserved 1048576K
6764.013: [GC (Allocation Failure) [PSYoungGen: 517376K->1280K(518656K)] 609779K->93691K(1559040K), 0.0018682 secs] [Times: user=0.00 sys=0.00, real=0.00 secs] 
Heap after GC invocations=968 (full 0):
 PSYoungGen      total 518656K, used 1280K [0x00000000e0400000, 0x0000000100000000, 0x0000000100000000)
  eden space 517120K, 0% used [0x00000000e0400000,0x00000000e0400000,0x00000000ffd00000)
  from space 1536K, 83% used [0x00000000ffe80000,0x00000000fffc0000,0x0000000100000000)
  to   space 1536K, 0% used [0x00000000ffd00000,0x00000000ffd00000,0x00000000ffe80000)
 ParOldGen       total 1040384K, used 92411K [0x00000000a0c00000, 0x00000000e0400000, 0x00000000e0400000)
  object space 1040384K, 8% used [0x00000000a0c00000,0x00000000a663ef30,0x00000000e0400000)
 Metaspace       used 13043K, capacity 13234K, committed 13312K, reserved 1060864K
  class space    used 1469K, capacity 1501K, committed 1536K, reserved 1048576K
}
{Heap before GC invocations=969 (full 0):
 PSYoungGen      total 518656K, used 518400K [0x00000000e0400000, 0x0000000100000000, 0x0000000100000000)
  eden space 517120K, 100% used [0x00000000e0400000,0x00000000ffd00000,0x00000000ffd00000)
  from space 1536K, 83% used [0x00000000ffe80000,0x00000000fffc0000,0x0000000100000000)
  to   space 1536K, 0% used [0x00000000ffd00000,0x00000000ffd00000,0x00000000ffe80000)
 ParOldGen       total 1040384K, used 92411K [0x00000000a0c00000, 0x00000000e0400000, 0x00000000e0400000)
  object space 1040384K, 8% used [0x00000000a0c00000,0x00000000a663ef30,0x00000000e0400000)
 Metaspace       used 13043K, capacity 13234K, committed 13312K, reserved 1060864K
  class space    used 1469K, capacity 1501K, committed 1536K, reserved 1048576K
6771.016: [GC (Allocation Failure) [PSYoungGen: 518400K->192K(518656K)] 610811K->92635K(1559040K), 0.0016571 secs] [Times: user=0.00 sys=0.00, real=0.00 secs] 
Heap after GC invocations=969 (full 0):
 PSYoungGen      total 518656K, used 192K [0x00000000e0400000, 0x0000000100000000, 0x0000000100000000)
  eden space 517120K, 0% used [0x00000000e0400000,0x00000000e0400000,0x00000000ffd00000)
  from space 1536K, 12% used [0x00000000ffd00000,0x00000000ffd30000,0x00000000ffe80000)
  to   space 1536K, 0% used [0x00000000ffe80000,0x00000000ffe80000,0x0000000100000000)
 ParOldGen       total 1040384K, used 92443K [0x00000000a0c00000, 0x00000000e0400000, 0x00000000e0400000)
  object space 1040384K, 8% used [0x00000000a0c00000,0x00000000a6646f30,0x00000000e0400000)
 Metaspace       used 13043K, capacity 13234K, committed 13312K, reserved 1060864K
  class space    used 1469K, capacity 1501K, committed 1536K, reserved 1048576K
}
{Heap before GC invocations=970 (full 0):
 PSYoungGen      total 518656K, used 517312K [0x00000000e0400000, 0x0000000100000000, 0x0000000100000000)
  eden space 517120K, 100% used [0x00000000e0400000,0x00000000ffd00000,0x00000000ffd00000)
  from space 1536K, 12% used [0x00000000ffd00000,0x00000000ffd30000,0x00000000ffe80000)
  to   space 1536K, 0% used [0x00000000ffe80000,0x00000000ffe80000,0x0000000100000000)
 ParOldGen       total 1040384K, used 92443K [0x00000000a0c00000, 0x00000000e0400000, 0x00000000e0400000)
  object space 1040384K, 8% used [0x00000000a0c00000,0x00000000a6646f30,0x00000000e0400000)
 Metaspace       used 13043K, capacity 13234K, committed 13312K, reserved 1060864K
  class space    used 1469K, capacity 1501K, committed 1536K, reserved 1048576K
6778.019: [GC (Allocation Failure) [PSYoungGen: 517312K->192K(518656K)] 609755K->92635K(1559040K), 0.0017376 secs] [Times: user=0.02 sys=0.00, real=0.00 secs] 
Heap after GC invocations=970 (full 0):
 PSYoungGen      total 518656K, used 192K [0x00000000e0400000, 0x0000000100000000, 0x0000000100000000)
  eden space 517120K, 0% used [0x00000000e0400000,0x00000000e0400000,0x00000000ffd00000)
  from space 1536K, 12% used [0x00000000ffe80000,0x00000000ffeb0000,0x0000000100000000)
  to   space 1536K, 0% used [0x00000000ffd00000,0x00000000ffd00000,0x00000000ffe80000)
 ParOldGen       total 1040384K, used 92443K [0x00000000a0c00000, 0x00000000e0400000, 0x00000000e0400000)
  object space 1040384K, 8% used [0x00000000a0c00000,0x00000000a6646f30,0x00000000e0400000)
 Metaspace       used 13043K, capacity 13234K, committed 13312K, reserved 1060864K
  class space    used 1469K, capacity 1501K, committed 1536K, reserved 1048576K
}
{Heap before GC invocations=971 (full 0):
 PSYoungGen      total 518656K, used 517312K [0x00000000e0400000, 0x0000000100000000, 0x0000000100000000)
  eden space 517120K, 100% used [0x00000000e0400000,0x00000000ffd00000,0x00000000ffd00000)
  from space 1536K, 12% used [0x00000000ffe80000,0x00000000ffeb0000,0x0000000100000000)
  to   space 1536K, 0% used [0x00000000ffd00000,0x00000000ffd00000,0x00000000ffe80000)
 ParOldGen       total 1040384K, used 92443K [0x00000000a0c00000, 0x00000000e0400000, 0x00000000e0400000)
  object space 1040384K, 8% used [0x00000000a0c00000,0x00000000a6646f30,0x00000000e0400000)
 Metaspace       used 13043K, capacity 13234K, committed 13312K, reserved 1060864K
  class space    used 1469K, capacity 1501K, committed 1536K, reserved 1048576K
6785.071: [GC (Allocation Failure) [PSYoungGen: 517312K->224K(518656K)] 609755K->92667K(1559040K), 0.0015417 secs] [Times: user=0.00 sys=0.00, real=0.00 secs] 
Heap after GC invocations=971 (full 0):
 PSYoungGen      total 518656K, used 224K [0x00000000e0400000, 0x0000000100000000, 0x0000000100000000)
  eden space 517120K, 0% used [0x00000000e0400000,0x00000000e0400000,0x00000000ffd00000)
  from space 1536K, 14% used [0x00000000ffd00000,0x00000000ffd38000,0x00000000ffe80000)
  to   space 1536K, 0% used [0x00000000ffe80000,0x00000000ffe80000,0x0000000100000000)
 ParOldGen       total 1040384K, used 92443K [0x00000000a0c00000, 0x00000000e0400000, 0x00000000e0400000)
  object space 1040384K, 8% used [0x00000000a0c00000,0x00000000a6646f30,0x00000000e0400000)
 Metaspace       used 13043K, capacity 13234K, committed 13312K, reserved 1060864K
  class space    used 1469K, capacity 1501K, committed 1536K, reserved 1048576K
}
{Heap before GC invocations=972 (full 0):
 PSYoungGen      total 518656K, used 517344K [0x00000000e0400000, 0x0000000100000000, 0x0000000100000000)
  eden space 517120K, 100% used [0x00000000e0400000,0x00000000ffd00000,0x00000000ffd00000)
  from space 1536K, 14% used [0x00000000ffd00000,0x00000000ffd38000,0x00000000ffe80000)
  to   space 1536K, 0% used [0x00000000ffe80000,0x00000000ffe80000,0x0000000100000000)
 ParOldGen       total 1040384K, used 92443K [0x00000000a0c00000, 0x00000000e0400000, 0x00000000e0400000)
  object space 1040384K, 8% used [0x00000000a0c00000,0x00000000a6646f30,0x00000000e0400000)
 Metaspace       used 13043K, capacity 13234K, committed 13312K, reserved 1060864K
  class space    used 1469K, capacity 1501K, committed 1536K, reserved 1048576K
6792.113: [GC (Allocation Failure) [PSYoungGen: 517344K->192K(518656K)] 609787K->92643K(1559040K), 0.0013143 secs] [Times: user=0.02 sys=0.00, real=0.00 secs] 
Heap after GC invocations=972 (full 0):
 PSYoungGen      total 518656K, used 192K [0x00000000e0400000, 0x0000000100000000, 0x0000000100000000)
  eden space 517120K, 0% used [0x00000000e0400000,0x00000000e0400000,0x00000000ffd00000)
  from space 1536K, 12% used [0x00000000ffe80000,0x00000000ffeb0000,0x0000000100000000)
  to   space 1536K, 0% used [0x00000000ffd00000,0x00000000ffd00000,0x00000000ffe80000)
 ParOldGen       total 1040384K, used 92451K [0x00000000a0c00000, 0x00000000e0400000, 0x00000000e0400000)
  object space 1040384K, 8% used [0x00000000a0c00000,0x00000000a6648f30,0x00000000e0400000)
 Metaspace       used 13043K, capacity 13234K, committed 13312K, reserved 1060864K
  class space    used 1469K, capacity 1501K, committed 1536K, reserved 1048576K
}
{Heap before GC invocations=973 (full 0):
 PSYoungGen      total 518656K, used 517312K [0x00000000e0400000, 0x0000000100000000, 0x0000000100000000)
  eden space 517120K, 100% used [0x00000000e0400000,0x00000000ffd00000,0x00000000ffd00000)
  from space 1536K, 12% used [0x00000000ffe80000,0x00000000ffeb0000,0x0000000100000000)
  to   space 1536K, 0% used [0x00000000ffd00000,0x00000000ffd00000,0x00000000ffe80000)
 ParOldGen       total 1040384K, used 92451K [0x00000000a0c00000, 0x00000000e0400000, 0x00000000e0400000)
  object space 1040384K, 8% used [0x00000000a0c00000,0x00000000a6648f30,0x00000000e0400000)
 Metaspace       used 13043K, capacity 13234K, committed 13312K, reserved 1060864K
  class space    used 1469K, capacity 1501K, committed 1536K, reserved 1048576K
6799.117: [GC (Allocation Failure) [PSYoungGen: 517312K->1152K(518656K)] 609763K->93603K(1559040K), 0.0023917 secs] [Times: user=0.00 sys=0.00, real=0.00 secs] 
Heap after GC invocations=973 (full 0):
 PSYoungGen      total 518656K, used 1152K [0x00000000e0400000, 0x0000000100000000, 0x0000000100000000)
  eden space 517120K, 0% used [0x00000000e0400000,0x00000000e0400000,0x00000000ffd00000)
  from space 1536K, 75% used [0x00000000ffd00000,0x00000000ffe20000,0x00000000ffe80000)
  to   space 1536K, 0% used [0x00000000ffe80000,0x00000000ffe80000,0x0000000100000000)
 ParOldGen       total 1040384K, used 92451K [0x00000000a0c00000, 0x00000000e0400000, 0x00000000e0400000)
  object space 1040384K, 8% used [0x00000000a0c00000,0x00000000a6648f30,0x00000000e0400000)
 Metaspace       used 13043K, capacity 13234K, committed 13312K, reserved 1060864K
  class space    used 1469K, capacity 1501K, committed 1536K, reserved 1048576K
}
{Heap before GC invocations=974 (full 0):
 PSYoungGen      total 518656K, used 518272K [0x00000000e0400000, 0x0000000100000000, 0x0000000100000000)
  eden space 517120K, 100% used [0x00000000e0400000,0x00000000ffd00000,0x00000000ffd00000)
  from space 1536K, 75% used [0x00000000ffd00000,0x00000000ffe20000,0x00000000ffe80000)
  to   space 1536K, 0% used [0x00000000ffe80000,0x00000000ffe80000,0x0000000100000000)
 ParOldGen       total 1040384K, used 92451K [0x00000000a0c00000, 0x00000000e0400000, 0x00000000e0400000)
  object space 1040384K, 8% used [0x00000000a0c00000,0x00000000a6648f30,0x00000000e0400000)
 Metaspace       used 13043K, capacity 13234K, committed 13312K, reserved 1060864K
  class space    used 1469K, capacity 1501K, committed 1536K, reserved 1048576K
6806.154: [GC (Allocation Failure) [PSYoungGen: 518272K->96K(518656K)] 610723K->92547K(1559040K), 0.0018567 secs] [Times: user=0.00 sys=0.00, real=0.00 secs] 
Heap after GC invocations=974 (full 0):
 PSYoungGen      total 518656K, used 96K [0x00000000e0400000, 0x0000000100000000, 0x0000000100000000)
  eden space 517120K, 0% used [0x00000000e0400000,0x00000000e0400000,0x00000000ffd00000)
  from space 1536K, 6% used [0x00000000ffe80000,0x00000000ffe98000,0x0000000100000000)
  to   space 1536K, 0% used [0x00000000ffd00000,0x00000000ffd00000,0x00000000ffe80000)
 ParOldGen       total 1040384K, used 92451K [0x00000000a0c00000, 0x00000000e0400000, 0x00000000e0400000)
  object space 1040384K, 8% used [0x00000000a0c00000,0x00000000a6648f30,0x00000000e0400000)
 Metaspace       used 13043K, capacity 13234K, committed 13312K, reserved 1060864K
  class space    used 1469K, capacity 1501K, committed 1536K, reserved 1048576K
}
{Heap before GC invocations=975 (full 0):
 PSYoungGen      total 518656K, used 517216K [0x00000000e0400000, 0x0000000100000000, 0x0000000100000000)
  eden space 517120K, 100% used [0x00000000e0400000,0x00000000ffd00000,0x00000000ffd00000)
  from space 1536K, 6% used [0x00000000ffe80000,0x00000000ffe98000,0x0000000100000000)
  to   space 1536K, 0% used [0x00000000ffd00000,0x00000000ffd00000,0x00000000ffe80000)
 ParOldGen       total 1040384K, used 92451K [0x00000000a0c00000, 0x00000000e0400000, 0x00000000e0400000)
  object space 1040384K, 8% used [0x00000000a0c00000,0x00000000a6648f30,0x00000000e0400000)
 Metaspace       used 13043K, capacity 13234K, committed 13312K, reserved 1060864K
  class space    used 1469K, capacity 1501K, committed 1536K, reserved 1048576K
6813.078: [GC (Allocation Failure) [PSYoungGen: 517216K->192K(518656K)] 609667K->92643K(1559040K), 0.0020583 secs] [Times: user=0.00 sys=0.00, real=0.00 secs] 
Heap after GC invocations=975 (full 0):
 PSYoungGen      total 518656K, used 192K [0x00000000e0400000, 0x0000000100000000, 0x0000000100000000)
  eden space 517120K, 0% used [0x00000000e0400000,0x00000000e0400000,0x00000000ffd00000)
  from space 1536K, 12% used [0x00000000ffd00000,0x00000000ffd30000,0x00000000ffe80000)
  to   space 1536K, 0% used [0x00000000ffe80000,0x00000000ffe80000,0x0000000100000000)
 ParOldGen       total 1040384K, used 92451K [0x00000000a0c00000, 0x00000000e0400000, 0x00000000e0400000)
  object space 1040384K, 8% used [0x00000000a0c00000,0x00000000a6648f30,0x00000000e0400000)
 Metaspace       used 13043K, capacity 13234K, committed 13312K, reserved 1060864K
  class space    used 1469K, capacity 1501K, committed 1536K, reserved 1048576K
}
{Heap before GC invocations=976 (full 0):
 PSYoungGen      total 518656K, used 517312K [0x00000000e0400000, 0x0000000100000000, 0x0000000100000000)
  eden space 517120K, 100% used [0x00000000e0400000,0x00000000ffd00000,0x00000000ffd00000)
  from space 1536K, 12% used [0x00000000ffd00000,0x00000000ffd30000,0x00000000ffe80000)
  to   space 1536K, 0% used [0x00000000ffe80000,0x00000000ffe80000,0x0000000100000000)
 ParOldGen       total 1040384K, used 92451K [0x00000000a0c00000, 0x00000000e0400000, 0x00000000e0400000)
  object space 1040384K, 8% used [0x00000000a0c00000,0x00000000a6648f30,0x00000000e0400000)
 Metaspace       used 13043K, capacity 13234K, committed 13312K, reserved 1060864K
  class space    used 1469K, capacity 1501K, committed 1536K, reserved 1048576K
6820.278: [GC (Allocation Failure) [PSYoungGen: 517312K->160K(518656K)] 609763K->92619K(1559040K), 0.0018250 secs] [Times: user=0.00 sys=0.00, real=0.00 secs] 
Heap after GC invocations=976 (full 0):
 PSYoungGen      total 518656K, used 160K [0x00000000e0400000, 0x0000000100000000, 0x0000000100000000)
  eden space 517120K, 0% used [0x00000000e0400000,0x00000000e0400000,0x00000000ffd00000)
  from space 1536K, 10% used [0x00000000ffe80000,0x00000000ffea8000,0x0000000100000000)
  to   space 1536K, 0% used [0x00000000ffd00000,0x00000000ffd00000,0x00000000ffe80000)
 ParOldGen       total 1040384K, used 92459K [0x00000000a0c00000, 0x00000000e0400000, 0x00000000e0400000)
  object space 1040384K, 8% used [0x00000000a0c00000,0x00000000a664af30,0x00000000e0400000)
 Metaspace       used 13043K, capacity 13234K, committed 13312K, reserved 1060864K
  class space    used 1469K, capacity 1501K, committed 1536K, reserved 1048576K
}
{Heap before GC invocations=977 (full 0):
 PSYoungGen      total 518656K, used 517280K [0x00000000e0400000, 0x0000000100000000, 0x0000000100000000)
  eden space 517120K, 100% used [0x00000000e0400000,0x00000000ffd00000,0x00000000ffd00000)
  from space 1536K, 10% used [0x00000000ffe80000,0x00000000ffea8000,0x0000000100000000)
  to   space 1536K, 0% used [0x00000000ffd00000,0x00000000ffd00000,0x00000000ffe80000)
 ParOldGen       total 1040384K, used 92459K [0x00000000a0c00000, 0x00000000e0400000, 0x00000000e0400000)
  object space 1040384K, 8% used [0x00000000a0c00000,0x00000000a664af30,0x00000000e0400000)
 Metaspace       used 13043K, capacity 13234K, committed 13312K, reserved 1060864K
  class space    used 1469K, capacity 1501K, committed 1536K, reserved 1048576K
6827.270: [GC (Allocation Failure) [PSYoungGen: 517280K->160K(518656K)] 609739K->92619K(1559040K), 0.0019189 secs] [Times: user=0.08 sys=0.00, real=0.00 secs] 
Heap after GC invocations=977 (full 0):
 PSYoungGen      total 518656K, used 160K [0x00000000e0400000, 0x0000000100000000, 0x0000000100000000)
  eden space 517120K, 0% used [0x00000000e0400000,0x00000000e0400000,0x00000000ffd00000)
  from space 1536K, 10% used [0x00000000ffd00000,0x00000000ffd28000,0x00000000ffe80000)
  to   space 1536K, 0% used [0x00000000ffe80000,0x00000000ffe80000,0x0000000100000000)
 ParOldGen       total 1040384K, used 92459K [0x00000000a0c00000, 0x00000000e0400000, 0x00000000e0400000)
  object space 1040384K, 8% used [0x00000000a0c00000,0x00000000a664af30,0x00000000e0400000)
 Metaspace       used 13043K, capacity 13234K, committed 13312K, reserved 1060864K
  class space    used 1469K, capacity 1501K, committed 1536K, reserved 1048576K
}
{Heap before GC invocations=978 (full 0):
 PSYoungGen      total 518656K, used 517280K [0x00000000e0400000, 0x0000000100000000, 0x0000000100000000)
  eden space 517120K, 100% used [0x00000000e0400000,0x00000000ffd00000,0x00000000ffd00000)
  from space 1536K, 10% used [0x00000000ffd00000,0x00000000ffd28000,0x00000000ffe80000)
  to   space 1536K, 0% used [0x00000000ffe80000,0x00000000ffe80000,0x0000000100000000)
 ParOldGen       total 1040384K, used 92459K [0x00000000a0c00000, 0x00000000e0400000, 0x00000000e0400000)
  object space 1040384K, 8% used [0x00000000a0c00000,0x00000000a664afc0,0x00000000e0400000)
 Metaspace       used 13043K, capacity 13234K, committed 13312K, reserved 1060864K
  class space    used 1469K, capacity 1501K, committed 1536K, reserved 1048576K
6834.187: [GC (GCLocker Initiated GC) [PSYoungGen: 517280K->1408K(517632K)] 609739K->93867K(1558016K), 0.0020060 secs] [Times: user=0.00 sys=0.00, real=0.00 secs] 
Heap after GC invocations=978 (full 0):
 PSYoungGen      total 517632K, used 1408K [0x00000000e0400000, 0x0000000100000000, 0x0000000100000000)
  eden space 516096K, 0% used [0x00000000e0400000,0x00000000e0400000,0x00000000ffc00000)
  from space 1536K, 91% used [0x00000000ffe80000,0x00000000fffe0000,0x0000000100000000)
  to   space 2048K, 0% used [0x00000000ffc00000,0x00000000ffc00000,0x00000000ffe00000)
 ParOldGen       total 1040384K, used 92459K [0x00000000a0c00000, 0x00000000e0400000, 0x00000000e0400000)
  object space 1040384K, 8% used [0x00000000a0c00000,0x00000000a664afc0,0x00000000e0400000)
 Metaspace       used 13043K, capacity 13234K, committed 13312K, reserved 1060864K
  class space    used 1469K, capacity 1501K, committed 1536K, reserved 1048576K
}
{Heap before GC invocations=979 (full 0):
 PSYoungGen      total 517632K, used 517504K [0x00000000e0400000, 0x0000000100000000, 0x0000000100000000)
  eden space 516096K, 100% used [0x00000000e0400000,0x00000000ffc00000,0x00000000ffc00000)
  from space 1536K, 91% used [0x00000000ffe80000,0x00000000fffe0000,0x0000000100000000)
  to   space 2048K, 0% used [0x00000000ffc00000,0x00000000ffc00000,0x00000000ffe00000)
 ParOldGen       total 1040384K, used 92463K [0x00000000a0c00000, 0x00000000e0400000, 0x00000000e0400000)
  object space 1040384K, 8% used [0x00000000a0c00000,0x00000000a664bc20,0x00000000e0400000)
 Metaspace       used 13043K, capacity 13234K, committed 13312K, reserved 1060864K
  class space    used 1469K, capacity 1501K, committed 1536K, reserved 1048576K
6841.190: [GC (Allocation Failure) [PSYoungGen: 517504K->224K(518144K)] 609967K->92695K(1558528K), 0.0017973 secs] [Times: user=0.00 sys=0.00, real=0.00 secs] 
Heap after GC invocations=979 (full 0):
 PSYoungGen      total 518144K, used 224K [0x00000000e0400000, 0x0000000100000000, 0x0000000100000000)
  eden space 516096K, 0% used [0x00000000e0400000,0x00000000e0400000,0x00000000ffc00000)
  from space 2048K, 10% used [0x00000000ffc00000,0x00000000ffc38000,0x00000000ffe00000)
  to   space 1536K, 0% used [0x00000000ffe80000,0x00000000ffe80000,0x0000000100000000)
 ParOldGen       total 1040384K, used 92471K [0x00000000a0c00000, 0x00000000e0400000, 0x00000000e0400000)
  object space 1040384K, 8% used [0x00000000a0c00000,0x00000000a664dc20,0x00000000e0400000)
 Metaspace       used 13043K, capacity 13234K, committed 13312K, reserved 1060864K
  class space    used 1469K, capacity 1501K, committed 1536K, reserved 1048576K
}
{Heap before GC invocations=980 (full 0):
 PSYoungGen      total 518144K, used 516320K [0x00000000e0400000, 0x0000000100000000, 0x0000000100000000)
  eden space 516096K, 100% used [0x00000000e0400000,0x00000000ffc00000,0x00000000ffc00000)
  from space 2048K, 10% used [0x00000000ffc00000,0x00000000ffc38000,0x00000000ffe00000)
  to   space 1536K, 0% used [0x00000000ffe80000,0x00000000ffe80000,0x0000000100000000)
 ParOldGen       total 1040384K, used 92471K [0x00000000a0c00000, 0x00000000e0400000, 0x00000000e0400000)
  object space 1040384K, 8% used [0x00000000a0c00000,0x00000000a664dc20,0x00000000e0400000)
 Metaspace       used 13043K, capacity 13234K, committed 13312K, reserved 1060864K
  class space    used 1469K, capacity 1501K, committed 1536K, reserved 1048576K
6848.184: [GC (Allocation Failure) [PSYoungGen: 516320K->128K(518656K)] 608791K->92623K(1559040K), 0.0017954 secs] [Times: user=0.00 sys=0.00, real=0.00 secs] 
Heap after GC invocations=980 (full 0):
 PSYoungGen      total 518656K, used 128K [0x00000000e0400000, 0x0000000100000000, 0x0000000100000000)
  eden space 517120K, 0% used [0x00000000e0400000,0x00000000e0400000,0x00000000ffd00000)
  from space 1536K, 8% used [0x00000000ffe80000,0x00000000ffea0000,0x0000000100000000)
  to   space 1536K, 0% used [0x00000000ffd00000,0x00000000ffd00000,0x00000000ffe80000)
 ParOldGen       total 1040384K, used 92495K [0x00000000a0c00000, 0x00000000e0400000, 0x00000000e0400000)
  object space 1040384K, 8% used [0x00000000a0c00000,0x00000000a6653c20,0x00000000e0400000)
 Metaspace       used 13043K, capacity 13234K, committed 13312K, reserved 1060864K
  class space    used 1469K, capacity 1501K, committed 1536K, reserved 1048576K
}
{Heap before GC invocations=981 (full 0):
 PSYoungGen      total 518656K, used 517248K [0x00000000e0400000, 0x0000000100000000, 0x0000000100000000)
  eden space 517120K, 100% used [0x00000000e0400000,0x00000000ffd00000,0x00000000ffd00000)
  from space 1536K, 8% used [0x00000000ffe80000,0x00000000ffea0000,0x0000000100000000)
  to   space 1536K, 0% used [0x00000000ffd00000,0x00000000ffd00000,0x00000000ffe80000)
 ParOldGen       total 1040384K, used 92495K [0x00000000a0c00000, 0x00000000e0400000, 0x00000000e0400000)
  object space 1040384K, 8% used [0x00000000a0c00000,0x00000000a6653c20,0x00000000e0400000)
 Metaspace       used 13043K, capacity 13234K, committed 13312K, reserved 1060864K
  class space    used 1469K, capacity 1501K, committed 1536K, reserved 1048576K
6855.191: [GC (Allocation Failure) [PSYoungGen: 517248K->160K(518656K)] 609743K->92671K(1559040K), 0.0018511 secs] [Times: user=0.00 sys=0.00, real=0.00 secs] 
Heap after GC invocations=981 (full 0):
 PSYoungGen      total 518656K, used 160K [0x00000000e0400000, 0x0000000100000000, 0x0000000100000000)
  eden space 517120K, 0% used [0x00000000e0400000,0x00000000e0400000,0x00000000ffd00000)
  from space 1536K, 10% used [0x00000000ffd00000,0x00000000ffd28000,0x00000000ffe80000)
  to   space 1536K, 0% used [0x00000000ffe80000,0x00000000ffe80000,0x0000000100000000)
 ParOldGen       total 1040384K, used 92511K [0x00000000a0c00000, 0x00000000e0400000, 0x00000000e0400000)
  object space 1040384K, 8% used [0x00000000a0c00000,0x00000000a6657c20,0x00000000e0400000)
 Metaspace       used 13043K, capacity 13234K, committed 13312K, reserved 1060864K
  class space    used 1469K, capacity 1501K, committed 1536K, reserved 1048576K
}
{Heap before GC invocations=982 (full 0):
 PSYoungGen      total 518656K, used 517280K [0x00000000e0400000, 0x0000000100000000, 0x0000000100000000)
  eden space 517120K, 100% used [0x00000000e0400000,0x00000000ffd00000,0x00000000ffd00000)
  from space 1536K, 10% used [0x00000000ffd00000,0x00000000ffd28000,0x00000000ffe80000)
  to   space 1536K, 0% used [0x00000000ffe80000,0x00000000ffe80000,0x0000000100000000)
 ParOldGen       total 1040384K, used 92511K [0x00000000a0c00000, 0x00000000e0400000, 0x00000000e0400000)
  object space 1040384K, 8% used [0x00000000a0c00000,0x00000000a6657c20,0x00000000e0400000)
 Metaspace       used 13043K, capacity 13234K, committed 13312K, reserved 1060864K
  class space    used 1469K, capacity 1501K, committed 1536K, reserved 1048576K
6862.111: [GC (Allocation Failure) [PSYoungGen: 517280K->224K(518656K)] 609791K->92735K(1559040K), 0.0017699 secs] [Times: user=0.00 sys=0.00, real=0.00 secs] 
Heap after GC invocations=982 (full 0):
 PSYoungGen      total 518656K, used 224K [0x00000000e0400000, 0x0000000100000000, 0x0000000100000000)
  eden space 517120K, 0% used [0x00000000e0400000,0x00000000e0400000,0x00000000ffd00000)
  from space 1536K, 14% used [0x00000000ffe80000,0x00000000ffeb8000,0x0000000100000000)
  to   space 1536K, 0% used [0x00000000ffd00000,0x00000000ffd00000,0x00000000ffe80000)
 ParOldGen       total 1040384K, used 92511K [0x00000000a0c00000, 0x00000000e0400000, 0x00000000e0400000)
  object space 1040384K, 8% used [0x00000000a0c00000,0x00000000a6657c20,0x00000000e0400000)
 Metaspace       used 13043K, capacity 13234K, committed 13312K, reserved 1060864K
  class space    used 1469K, capacity 1501K, committed 1536K, reserved 1048576K
}
{Heap before GC invocations=983 (full 0):
 PSYoungGen      total 518656K, used 517344K [0x00000000e0400000, 0x0000000100000000, 0x0000000100000000)
  eden space 517120K, 100% used [0x00000000e0400000,0x00000000ffd00000,0x00000000ffd00000)
  from space 1536K, 14% used [0x00000000ffe80000,0x00000000ffeb8000,0x0000000100000000)
  to   space 1536K, 0% used [0x00000000ffd00000,0x00000000ffd00000,0x00000000ffe80000)
 ParOldGen       total 1040384K, used 92511K [0x00000000a0c00000, 0x00000000e0400000, 0x00000000e0400000)
  object space 1040384K, 8% used [0x00000000a0c00000,0x00000000a6657c80,0x00000000e0400000)
 Metaspace       used 13043K, capacity 13234K, committed 13312K, reserved 1060864K
  class space    used 1469K, capacity 1501K, committed 1536K, reserved 1048576K
6869.022: [GC (GCLocker Initiated GC) [PSYoungGen: 517344K->1248K(518656K)] 609855K->93759K(1559040K), 0.0020306 secs] [Times: user=0.00 sys=0.00, real=0.00 secs] 
Heap after GC invocations=983 (full 0):
 PSYoungGen      total 518656K, used 1248K [0x00000000e0400000, 0x0000000100000000, 0x0000000100000000)
  eden space 517120K, 0% used [0x00000000e0400000,0x00000000e0400000,0x00000000ffd00000)
  from space 1536K, 81% used [0x00000000ffd00000,0x00000000ffe38000,0x00000000ffe80000)
  to   space 1536K, 0% used [0x00000000ffe80000,0x00000000ffe80000,0x0000000100000000)
 ParOldGen       total 1040384K, used 92511K [0x00000000a0c00000, 0x00000000e0400000, 0x00000000e0400000)
  object space 1040384K, 8% used [0x00000000a0c00000,0x00000000a6657c80,0x00000000e0400000)
 Metaspace       used 13043K, capacity 13234K, committed 13312K, reserved 1060864K
  class space    used 1469K, capacity 1501K, committed 1536K, reserved 1048576K
}
{Heap before GC invocations=984 (full 0):
 PSYoungGen      total 518656K, used 518368K [0x00000000e0400000, 0x0000000100000000, 0x0000000100000000)
  eden space 517120K, 100% used [0x00000000e0400000,0x00000000ffd00000,0x00000000ffd00000)
  from space 1536K, 81% used [0x00000000ffd00000,0x00000000ffe38000,0x00000000ffe80000)
  to   space 1536K, 0% used [0x00000000ffe80000,0x00000000ffe80000,0x0000000100000000)
 ParOldGen       total 1040384K, used 92514K [0x00000000a0c00000, 0x00000000e0400000, 0x00000000e0400000)
  object space 1040384K, 8% used [0x00000000a0c00000,0x00000000a6658888,0x00000000e0400000)
 Metaspace       used 13043K, capacity 13234K, committed 13312K, reserved 1060864K
  class space    used 1469K, capacity 1501K, committed 1536K, reserved 1048576K
6876.093: [GC (Allocation Failure) [PSYoungGen: 518368K->160K(518656K)] 610882K->92690K(1559040K), 0.0017457 secs] [Times: user=0.00 sys=0.00, real=0.00 secs] 
Heap after GC invocations=984 (full 0):
 PSYoungGen      total 518656K, used 160K [0x00000000e0400000, 0x0000000100000000, 0x0000000100000000)
  eden space 517120K, 0% used [0x00000000e0400000,0x00000000e0400000,0x00000000ffd00000)
  from space 1536K, 10% used [0x00000000ffe80000,0x00000000ffea8000,0x0000000100000000)
  to   space 1536K, 0% used [0x00000000ffd00000,0x00000000ffd00000,0x00000000ffe80000)
 ParOldGen       total 1040384K, used 92530K [0x00000000a0c00000, 0x00000000e0400000, 0x00000000e0400000)
  object space 1040384K, 8% used [0x00000000a0c00000,0x00000000a665c888,0x00000000e0400000)
 Metaspace       used 13043K, capacity 13234K, committed 13312K, reserved 1060864K
  class space    used 1469K, capacity 1501K, committed 1536K, reserved 1048576K
}
{Heap before GC invocations=985 (full 0):
 PSYoungGen      total 518656K, used 517280K [0x00000000e0400000, 0x0000000100000000, 0x0000000100000000)
  eden space 517120K, 100% used [0x00000000e0400000,0x00000000ffd00000,0x00000000ffd00000)
  from space 1536K, 10% used [0x00000000ffe80000,0x00000000ffea8000,0x0000000100000000)
  to   space 1536K, 0% used [0x00000000ffd00000,0x00000000ffd00000,0x00000000ffe80000)
 ParOldGen       total 1040384K, used 92530K [0x00000000a0c00000, 0x00000000e0400000, 0x00000000e0400000)
  object space 1040384K, 8% used [0x00000000a0c00000,0x00000000a665c888,0x00000000e0400000)
 Metaspace       used 13043K, capacity 13234K, committed 13312K, reserved 1060864K
  class space    used 1469K, capacity 1501K, committed 1536K, reserved 1048576K
6883.292: [GC (Allocation Failure) [PSYoungGen: 517280K->256K(518656K)] 609810K->92802K(1559040K), 0.0014393 secs] [Times: user=0.00 sys=0.00, real=0.00 secs] 
Heap after GC invocations=985 (full 0):
 PSYoungGen      total 518656K, used 256K [0x00000000e0400000, 0x0000000100000000, 0x0000000100000000)
  eden space 517120K, 0% used [0x00000000e0400000,0x00000000e0400000,0x00000000ffd00000)
  from space 1536K, 16% used [0x00000000ffd00000,0x00000000ffd40000,0x00000000ffe80000)
  to   space 1536K, 0% used [0x00000000ffe80000,0x00000000ffe80000,0x0000000100000000)
 ParOldGen       total 1040384K, used 92546K [0x00000000a0c00000, 0x00000000e0400000, 0x00000000e0400000)
  object space 1040384K, 8% used [0x00000000a0c00000,0x00000000a6660888,0x00000000e0400000)
 Metaspace       used 13043K, capacity 13234K, committed 13312K, reserved 1060864K
  class space    used 1469K, capacity 1501K, committed 1536K, reserved 1048576K
}
{Heap before GC invocations=986 (full 0):
 PSYoungGen      total 518656K, used 517376K [0x00000000e0400000, 0x0000000100000000, 0x0000000100000000)
  eden space 517120K, 100% used [0x00000000e0400000,0x00000000ffd00000,0x00000000ffd00000)
  from space 1536K, 16% used [0x00000000ffd00000,0x00000000ffd40000,0x00000000ffe80000)
  to   space 1536K, 0% used [0x00000000ffe80000,0x00000000ffe80000,0x0000000100000000)
 ParOldGen       total 1040384K, used 92546K [0x00000000a0c00000, 0x00000000e0400000, 0x00000000e0400000)
  object space 1040384K, 8% used [0x00000000a0c00000,0x00000000a6660888,0x00000000e0400000)
 Metaspace       used 13043K, capacity 13234K, committed 13312K, reserved 1060864K
  class space    used 1469K, capacity 1501K, committed 1536K, reserved 1048576K
6890.280: [GC (Allocation Failure) [PSYoungGen: 517376K->224K(518656K)] 609922K->92786K(1559040K), 0.0021229 secs] [Times: user=0.00 sys=0.00, real=0.00 secs] 
Heap after GC invocations=986 (full 0):
 PSYoungGen      total 518656K, used 224K [0x00000000e0400000, 0x0000000100000000, 0x0000000100000000)
  eden space 517120K, 0% used [0x00000000e0400000,0x00000000e0400000,0x00000000ffd00000)
  from space 1536K, 14% used [0x00000000ffe80000,0x00000000ffeb8000,0x0000000100000000)
  to   space 1536K, 0% used [0x00000000ffd00000,0x00000000ffd00000,0x00000000ffe80000)
 ParOldGen       total 1040384K, used 92562K [0x00000000a0c00000, 0x00000000e0400000, 0x00000000e0400000)
  object space 1040384K, 8% used [0x00000000a0c00000,0x00000000a6664888,0x00000000e0400000)
 Metaspace       used 13043K, capacity 13234K, committed 13312K, reserved 1060864K
  class space    used 1469K, capacity 1501K, committed 1536K, reserved 1048576K
}
{Heap before GC invocations=987 (full 0):
 PSYoungGen      total 518656K, used 517344K [0x00000000e0400000, 0x0000000100000000, 0x0000000100000000)
  eden space 517120K, 100% used [0x00000000e0400000,0x00000000ffd00000,0x00000000ffd00000)
  from space 1536K, 14% used [0x00000000ffe80000,0x00000000ffeb8000,0x0000000100000000)
  to   space 1536K, 0% used [0x00000000ffd00000,0x00000000ffd00000,0x00000000ffe80000)
 ParOldGen       total 1040384K, used 92562K [0x00000000a0c00000, 0x00000000e0400000, 0x00000000e0400000)
  object space 1040384K, 8% used [0x00000000a0c00000,0x00000000a6664888,0x00000000e0400000)
 Metaspace       used 13043K, capacity 13234K, committed 13312K, reserved 1060864K
  class space    used 1469K, capacity 1501K, committed 1536K, reserved 1048576K
6897.251: [GC (Allocation Failure) [PSYoungGen: 517344K->160K(518656K)] 609906K->92722K(1559040K), 0.0014188 secs] [Times: user=0.00 sys=0.00, real=0.00 secs] 
Heap after GC invocations=987 (full 0):
 PSYoungGen      total 518656K, used 160K [0x00000000e0400000, 0x0000000100000000, 0x0000000100000000)
  eden space 517120K, 0% used [0x00000000e0400000,0x00000000e0400000,0x00000000ffd00000)
  from space 1536K, 10% used [0x00000000ffd00000,0x00000000ffd28000,0x00000000ffe80000)
  to   space 1536K, 0% used [0x00000000ffe80000,0x00000000ffe80000,0x0000000100000000)
 ParOldGen       total 1040384K, used 92562K [0x00000000a0c00000, 0x00000000e0400000, 0x00000000e0400000)
  object space 1040384K, 8% used [0x00000000a0c00000,0x00000000a6664888,0x00000000e0400000)
 Metaspace       used 13043K, capacity 13234K, committed 13312K, reserved 1060864K
  class space    used 1469K, capacity 1501K, committed 1536K, reserved 1048576K
}
{Heap before GC invocations=988 (full 0):
 PSYoungGen      total 518656K, used 517280K [0x00000000e0400000, 0x0000000100000000, 0x0000000100000000)
  eden space 517120K, 100% used [0x00000000e0400000,0x00000000ffd00000,0x00000000ffd00000)
  from space 1536K, 10% used [0x00000000ffd00000,0x00000000ffd28000,0x00000000ffe80000)
  to   space 1536K, 0% used [0x00000000ffe80000,0x00000000ffe80000,0x0000000100000000)
 ParOldGen       total 1040384K, used 92562K [0x00000000a0c00000, 0x00000000e0400000, 0x00000000e0400000)
  object space 1040384K, 8% used [0x00000000a0c00000,0x00000000a6664888,0x00000000e0400000)
 Metaspace       used 13043K, capacity 13234K, committed 13312K, reserved 1060864K
  class space    used 1469K, capacity 1501K, committed 1536K, reserved 1048576K
6904.235: [GC (Allocation Failure) [PSYoungGen: 517280K->1536K(517632K)] 609842K->94914K(1558016K), 0.0030566 secs] [Times: user=0.00 sys=0.00, real=0.00 secs] 
Heap after GC invocations=988 (full 0):
 PSYoungGen      total 517632K, used 1536K [0x00000000e0400000, 0x0000000100000000, 0x0000000100000000)
  eden space 516096K, 0% used [0x00000000e0400000,0x00000000e0400000,0x00000000ffc00000)
  from space 1536K, 100% used [0x00000000ffe80000,0x0000000100000000,0x0000000100000000)
  to   space 2048K, 0% used [0x00000000ffc00000,0x00000000ffc00000,0x00000000ffe00000)
 ParOldGen       total 1040384K, used 93378K [0x00000000a0c00000, 0x00000000e0400000, 0x00000000e0400000)
  object space 1040384K, 8% used [0x00000000a0c00000,0x00000000a6730888,0x00000000e0400000)
 Metaspace       used 13043K, capacity 13234K, committed 13312K, reserved 1060864K
  class space    used 1469K, capacity 1501K, committed 1536K, reserved 1048576K
}
{Heap before GC invocations=989 (full 0):
 PSYoungGen      total 517632K, used 517632K [0x00000000e0400000, 0x0000000100000000, 0x0000000100000000)
  eden space 516096K, 100% used [0x00000000e0400000,0x00000000ffc00000,0x00000000ffc00000)
  from space 1536K, 100% used [0x00000000ffe80000,0x0000000100000000,0x0000000100000000)
  to   space 2048K, 0% used [0x00000000ffc00000,0x00000000ffc00000,0x00000000ffe00000)
 ParOldGen       total 1040384K, used 93378K [0x00000000a0c00000, 0x00000000e0400000, 0x00000000e0400000)
  object space 1040384K, 8% used [0x00000000a0c00000,0x00000000a6730888,0x00000000e0400000)
 Metaspace       used 13043K, capacity 13234K, committed 13312K, reserved 1060864K
  class space    used 1469K, capacity 1501K, committed 1536K, reserved 1048576K
6911.336: [GC (Allocation Failure) [PSYoungGen: 517632K->128K(518144K)] 611010K->93514K(1558528K), 0.0014533 secs] [Times: user=0.00 sys=0.00, real=0.00 secs] 
Heap after GC invocations=989 (full 0):
 PSYoungGen      total 518144K, used 128K [0x00000000e0400000, 0x0000000100000000, 0x0000000100000000)
  eden space 516096K, 0% used [0x00000000e0400000,0x00000000e0400000,0x00000000ffc00000)
  from space 2048K, 6% used [0x00000000ffc00000,0x00000000ffc20000,0x00000000ffe00000)
  to   space 2048K, 0% used [0x00000000ffe00000,0x00000000ffe00000,0x0000000100000000)
 ParOldGen       total 1040384K, used 93386K [0x00000000a0c00000, 0x00000000e0400000, 0x00000000e0400000)
  object space 1040384K, 8% used [0x00000000a0c00000,0x00000000a6732888,0x00000000e0400000)
 Metaspace       used 13043K, capacity 13234K, committed 13312K, reserved 1060864K
  class space    used 1469K, capacity 1501K, committed 1536K, reserved 1048576K
}
{Heap before GC invocations=990 (full 0):
 PSYoungGen      total 518144K, used 516224K [0x00000000e0400000, 0x0000000100000000, 0x0000000100000000)
  eden space 516096K, 100% used [0x00000000e0400000,0x00000000ffc00000,0x00000000ffc00000)
  from space 2048K, 6% used [0x00000000ffc00000,0x00000000ffc20000,0x00000000ffe00000)
  to   space 2048K, 0% used [0x00000000ffe00000,0x00000000ffe00000,0x0000000100000000)
 ParOldGen       total 1040384K, used 93386K [0x00000000a0c00000, 0x00000000e0400000, 0x00000000e0400000)
  object space 1040384K, 8% used [0x00000000a0c00000,0x00000000a6732888,0x00000000e0400000)
 Metaspace       used 13043K, capacity 13234K, committed 13312K, reserved 1060864K
  class space    used 1469K, capacity 1501K, committed 1536K, reserved 1048576K
6918.106: [GC (Allocation Failure) [PSYoungGen: 516224K->160K(518144K)] 609610K->93546K(1558528K), 0.0013980 secs] [Times: user=0.00 sys=0.00, real=0.00 secs] 
Heap after GC invocations=990 (full 0):
 PSYoungGen      total 518144K, used 160K [0x00000000e0400000, 0x0000000100000000, 0x0000000100000000)
  eden space 516096K, 0% used [0x00000000e0400000,0x00000000e0400000,0x00000000ffc00000)
  from space 2048K, 7% used [0x00000000ffe00000,0x00000000ffe28000,0x0000000100000000)
  to   space 2048K, 0% used [0x00000000ffc00000,0x00000000ffc00000,0x00000000ffe00000)
 ParOldGen       total 1040384K, used 93386K [0x00000000a0c00000, 0x00000000e0400000, 0x00000000e0400000)
  object space 1040384K, 8% used [0x00000000a0c00000,0x00000000a6732888,0x00000000e0400000)
 Metaspace       used 13043K, capacity 13234K, committed 13312K, reserved 1060864K
  class space    used 1469K, capacity 1501K, committed 1536K, reserved 1048576K
}
{Heap before GC invocations=991 (full 0):
 PSYoungGen      total 518144K, used 516256K [0x00000000e0400000, 0x0000000100000000, 0x0000000100000000)
  eden space 516096K, 100% used [0x00000000e0400000,0x00000000ffc00000,0x00000000ffc00000)
  from space 2048K, 7% used [0x00000000ffe00000,0x00000000ffe28000,0x0000000100000000)
  to   space 2048K, 0% used [0x00000000ffc00000,0x00000000ffc00000,0x00000000ffe00000)
 ParOldGen       total 1040384K, used 93386K [0x00000000a0c00000, 0x00000000e0400000, 0x00000000e0400000)
  object space 1040384K, 8% used [0x00000000a0c00000,0x00000000a6732888,0x00000000e0400000)
 Metaspace       used 13043K, capacity 13234K, committed 13312K, reserved 1060864K
  class space    used 1469K, capacity 1501K, committed 1536K, reserved 1048576K
6925.050: [GC (Allocation Failure) [PSYoungGen: 516256K->192K(518144K)] 609642K->93578K(1558528K), 0.0018511 secs] [Times: user=0.00 sys=0.00, real=0.00 secs] 
Heap after GC invocations=991 (full 0):
 PSYoungGen      total 518144K, used 192K [0x00000000e0400000, 0x0000000100000000, 0x0000000100000000)
  eden space 516096K, 0% used [0x00000000e0400000,0x00000000e0400000,0x00000000ffc00000)
  from space 2048K, 9% used [0x00000000ffc00000,0x00000000ffc30000,0x00000000ffe00000)
  to   space 2048K, 0% used [0x00000000ffe00000,0x00000000ffe00000,0x0000000100000000)
 ParOldGen       total 1040384K, used 93386K [0x00000000a0c00000, 0x00000000e0400000, 0x00000000e0400000)
  object space 1040384K, 8% used [0x00000000a0c00000,0x00000000a6732888,0x00000000e0400000)
 Metaspace       used 13043K, capacity 13234K, committed 13312K, reserved 1060864K
  class space    used 1469K, capacity 1501K, committed 1536K, reserved 1048576K
}
{Heap before GC invocations=992 (full 0):
 PSYoungGen      total 518144K, used 516288K [0x00000000e0400000, 0x0000000100000000, 0x0000000100000000)
  eden space 516096K, 100% used [0x00000000e0400000,0x00000000ffc00000,0x00000000ffc00000)
  from space 2048K, 9% used [0x00000000ffc00000,0x00000000ffc30000,0x00000000ffe00000)
  to   space 2048K, 0% used [0x00000000ffe00000,0x00000000ffe00000,0x0000000100000000)
 ParOldGen       total 1040384K, used 93386K [0x00000000a0c00000, 0x00000000e0400000, 0x00000000e0400000)
  object space 1040384K, 8% used [0x00000000a0c00000,0x00000000a6732888,0x00000000e0400000)
 Metaspace       used 13043K, capacity 13234K, committed 13312K, reserved 1060864K
  class space    used 1469K, capacity 1501K, committed 1536K, reserved 1048576K
6932.063: [GC (Allocation Failure) [PSYoungGen: 516288K->256K(518144K)] 609674K->93642K(1558528K), 0.0013075 secs] [Times: user=0.00 sys=0.00, real=0.00 secs] 
Heap after GC invocations=992 (full 0):
 PSYoungGen      total 518144K, used 256K [0x00000000e0400000, 0x0000000100000000, 0x0000000100000000)
  eden space 516096K, 0% used [0x00000000e0400000,0x00000000e0400000,0x00000000ffc00000)
  from space 2048K, 12% used [0x00000000ffe00000,0x00000000ffe40000,0x0000000100000000)
  to   space 2048K, 0% used [0x00000000ffc00000,0x00000000ffc00000,0x00000000ffe00000)
 ParOldGen       total 1040384K, used 93386K [0x00000000a0c00000, 0x00000000e0400000, 0x00000000e0400000)
  object space 1040384K, 8% used [0x00000000a0c00000,0x00000000a6732888,0x00000000e0400000)
 Metaspace       used 13043K, capacity 13234K, committed 13312K, reserved 1060864K
  class space    used 1469K, capacity 1501K, committed 1536K, reserved 1048576K
}
{Heap before GC invocations=993 (full 0):
 PSYoungGen      total 518144K, used 516352K [0x00000000e0400000, 0x0000000100000000, 0x0000000100000000)
  eden space 516096K, 100% used [0x00000000e0400000,0x00000000ffc00000,0x00000000ffc00000)
  from space 2048K, 12% used [0x00000000ffe00000,0x00000000ffe40000,0x0000000100000000)
  to   space 2048K, 0% used [0x00000000ffc00000,0x00000000ffc00000,0x00000000ffe00000)
 ParOldGen       total 1040384K, used 93386K [0x00000000a0c00000, 0x00000000e0400000, 0x00000000e0400000)
  object space 1040384K, 8% used [0x00000000a0c00000,0x00000000a6732888,0x00000000e0400000)
 Metaspace       used 13043K, capacity 13234K, committed 13312K, reserved 1060864K
  class space    used 1469K, capacity 1501K, committed 1536K, reserved 1048576K
6939.089: [GC (Allocation Failure) [PSYoungGen: 516352K->1120K(518144K)] 609738K->94514K(1558528K), 0.0023500 secs] [Times: user=0.00 sys=0.00, real=0.00 secs] 
Heap after GC invocations=993 (full 0):
 PSYoungGen      total 518144K, used 1120K [0x00000000e0400000, 0x0000000100000000, 0x0000000100000000)
  eden space 516096K, 0% used [0x00000000e0400000,0x00000000e0400000,0x00000000ffc00000)
  from space 2048K, 54% used [0x00000000ffc00000,0x00000000ffd18000,0x00000000ffe00000)
  to   space 2048K, 0% used [0x00000000ffe00000,0x00000000ffe00000,0x0000000100000000)
 ParOldGen       total 1040384K, used 93394K [0x00000000a0c00000, 0x00000000e0400000, 0x00000000e0400000)
  object space 1040384K, 8% used [0x00000000a0c00000,0x00000000a6734888,0x00000000e0400000)
 Metaspace       used 13043K, capacity 13234K, committed 13312K, reserved 1060864K
  class space    used 1469K, capacity 1501K, committed 1536K, reserved 1048576K
}
{Heap before GC invocations=994 (full 0):
 PSYoungGen      total 518144K, used 517216K [0x00000000e0400000, 0x0000000100000000, 0x0000000100000000)
  eden space 516096K, 100% used [0x00000000e0400000,0x00000000ffc00000,0x00000000ffc00000)
  from space 2048K, 54% used [0x00000000ffc00000,0x00000000ffd18000,0x00000000ffe00000)
  to   space 2048K, 0% used [0x00000000ffe00000,0x00000000ffe00000,0x0000000100000000)
 ParOldGen       total 1040384K, used 93394K [0x00000000a0c00000, 0x00000000e0400000, 0x00000000e0400000)
  object space 1040384K, 8% used [0x00000000a0c00000,0x00000000a6734888,0x00000000e0400000)
 Metaspace       used 13043K, capacity 13234K, committed 13312K, reserved 1060864K
  class space    used 1469K, capacity 1501K, committed 1536K, reserved 1048576K
6946.220: [GC (Allocation Failure) [PSYoungGen: 517216K->160K(518144K)] 610610K->93578K(1558528K), 0.0014676 secs] [Times: user=0.00 sys=0.00, real=0.00 secs] 
Heap after GC invocations=994 (full 0):
 PSYoungGen      total 518144K, used 160K [0x00000000e0400000, 0x0000000100000000, 0x0000000100000000)
  eden space 516096K, 0% used [0x00000000e0400000,0x00000000e0400000,0x00000000ffc00000)
  from space 2048K, 7% used [0x00000000ffe00000,0x00000000ffe28000,0x0000000100000000)
  to   space 2048K, 0% used [0x00000000ffc00000,0x00000000ffc00000,0x00000000ffe00000)
 ParOldGen       total 1040384K, used 93418K [0x00000000a0c00000, 0x00000000e0400000, 0x00000000e0400000)
  object space 1040384K, 8% used [0x00000000a0c00000,0x00000000a673a888,0x00000000e0400000)
 Metaspace       used 13043K, capacity 13234K, committed 13312K, reserved 1060864K
  class space    used 1469K, capacity 1501K, committed 1536K, reserved 1048576K
}
{Heap before GC invocations=995 (full 0):
 PSYoungGen      total 518144K, used 516256K [0x00000000e0400000, 0x0000000100000000, 0x0000000100000000)
  eden space 516096K, 100% used [0x00000000e0400000,0x00000000ffc00000,0x00000000ffc00000)
  from space 2048K, 7% used [0x00000000ffe00000,0x00000000ffe28000,0x0000000100000000)
  to   space 2048K, 0% used [0x00000000ffc00000,0x00000000ffc00000,0x00000000ffe00000)
 ParOldGen       total 1040384K, used 93418K [0x00000000a0c00000, 0x00000000e0400000, 0x00000000e0400000)
  object space 1040384K, 8% used [0x00000000a0c00000,0x00000000a673a888,0x00000000e0400000)
 Metaspace       used 13043K, capacity 13234K, committed 13312K, reserved 1060864K
  class space    used 1469K, capacity 1501K, committed 1536K, reserved 1048576K
6953.194: [GC (Allocation Failure) [PSYoungGen: 516256K->96K(518144K)] 609674K->93514K(1558528K), 0.0016614 secs] [Times: user=0.00 sys=0.00, real=0.00 secs] 
Heap after GC invocations=995 (full 0):
 PSYoungGen      total 518144K, used 96K [0x00000000e0400000, 0x0000000100000000, 0x0000000100000000)
  eden space 516096K, 0% used [0x00000000e0400000,0x00000000e0400000,0x00000000ffc00000)
  from space 2048K, 4% used [0x00000000ffc00000,0x00000000ffc18000,0x00000000ffe00000)
  to   space 2048K, 0% used [0x00000000ffe00000,0x00000000ffe00000,0x0000000100000000)
 ParOldGen       total 1040384K, used 93418K [0x00000000a0c00000, 0x00000000e0400000, 0x00000000e0400000)
  object space 1040384K, 8% used [0x00000000a0c00000,0x00000000a673a888,0x00000000e0400000)
 Metaspace       used 13043K, capacity 13234K, committed 13312K, reserved 1060864K
  class space    used 1469K, capacity 1501K, committed 1536K, reserved 1048576K
}
{Heap before GC invocations=996 (full 0):
 PSYoungGen      total 518144K, used 516192K [0x00000000e0400000, 0x0000000100000000, 0x0000000100000000)
  eden space 516096K, 100% used [0x00000000e0400000,0x00000000ffc00000,0x00000000ffc00000)
  from space 2048K, 4% used [0x00000000ffc00000,0x00000000ffc18000,0x00000000ffe00000)
  to   space 2048K, 0% used [0x00000000ffe00000,0x00000000ffe00000,0x0000000100000000)
 ParOldGen       total 1040384K, used 93418K [0x00000000a0c00000, 0x00000000e0400000, 0x00000000e0400000)
  object space 1040384K, 8% used [0x00000000a0c00000,0x00000000a673a888,0x00000000e0400000)
 Metaspace       used 13043K, capacity 13234K, committed 13312K, reserved 1060864K
  class space    used 1469K, capacity 1501K, committed 1536K, reserved 1048576K
6960.093: [GC (Allocation Failure) [PSYoungGen: 516192K->160K(518144K)] 609610K->93578K(1558528K), 0.0020228 secs] [Times: user=0.00 sys=0.00, real=0.00 secs] 
Heap after GC invocations=996 (full 0):
 PSYoungGen      total 518144K, used 160K [0x00000000e0400000, 0x0000000100000000, 0x0000000100000000)
  eden space 516096K, 0% used [0x00000000e0400000,0x00000000e0400000,0x00000000ffc00000)
  from space 2048K, 7% used [0x00000000ffe00000,0x00000000ffe28000,0x0000000100000000)
  to   space 2048K, 0% used [0x00000000ffc00000,0x00000000ffc00000,0x00000000ffe00000)
 ParOldGen       total 1040384K, used 93418K [0x00000000a0c00000, 0x00000000e0400000, 0x00000000e0400000)
  object space 1040384K, 8% used [0x00000000a0c00000,0x00000000a673a888,0x00000000e0400000)
 Metaspace       used 13043K, capacity 13234K, committed 13312K, reserved 1060864K
  class space    used 1469K, capacity 1501K, committed 1536K, reserved 1048576K
}
{Heap before GC invocations=997 (full 0):
 PSYoungGen      total 518144K, used 516256K [0x00000000e0400000, 0x0000000100000000, 0x0000000100000000)
  eden space 516096K, 100% used [0x00000000e0400000,0x00000000ffc00000,0x00000000ffc00000)
  from space 2048K, 7% used [0x00000000ffe00000,0x00000000ffe28000,0x0000000100000000)
  to   space 2048K, 0% used [0x00000000ffc00000,0x00000000ffc00000,0x00000000ffe00000)
 ParOldGen       total 1040384K, used 93418K [0x00000000a0c00000, 0x00000000e0400000, 0x00000000e0400000)
  object space 1040384K, 8% used [0x00000000a0c00000,0x00000000a673a888,0x00000000e0400000)
 Metaspace       used 13043K, capacity 13234K, committed 13312K, reserved 1060864K
  class space    used 1469K, capacity 1501K, committed 1536K, reserved 1048576K
6967.040: [GC (Allocation Failure) [PSYoungGen: 516256K->96K(518144K)] 609674K->93514K(1558528K), 0.0017021 secs] [Times: user=0.00 sys=0.00, real=0.00 secs] 
Heap after GC invocations=997 (full 0):
 PSYoungGen      total 518144K, used 96K [0x00000000e0400000, 0x0000000100000000, 0x0000000100000000)
  eden space 516096K, 0% used [0x00000000e0400000,0x00000000e0400000,0x00000000ffc00000)
  from space 2048K, 4% used [0x00000000ffc00000,0x00000000ffc18000,0x00000000ffe00000)
  to   space 1536K, 0% used [0x00000000ffe80000,0x00000000ffe80000,0x0000000100000000)
 ParOldGen       total 1040384K, used 93418K [0x00000000a0c00000, 0x00000000e0400000, 0x00000000e0400000)
  object space 1040384K, 8% used [0x00000000a0c00000,0x00000000a673a888,0x00000000e0400000)
 Metaspace       used 13043K, capacity 13234K, committed 13312K, reserved 1060864K
  class space    used 1469K, capacity 1501K, committed 1536K, reserved 1048576K
}
{Heap before GC invocations=998 (full 0):
 PSYoungGen      total 518144K, used 516192K [0x00000000e0400000, 0x0000000100000000, 0x0000000100000000)
  eden space 516096K, 100% used [0x00000000e0400000,0x00000000ffc00000,0x00000000ffc00000)
  from space 2048K, 4% used [0x00000000ffc00000,0x00000000ffc18000,0x00000000ffe00000)
  to   space 1536K, 0% used [0x00000000ffe80000,0x00000000ffe80000,0x0000000100000000)
 ParOldGen       total 1040384K, used 93418K [0x00000000a0c00000, 0x00000000e0400000, 0x00000000e0400000)
  object space 1040384K, 8% used [0x00000000a0c00000,0x00000000a673a8e0,0x00000000e0400000)
 Metaspace       used 13043K, capacity 13234K, committed 13312K, reserved 1060864K
  class space    used 1469K, capacity 1501K, committed 1536K, reserved 1048576K
6973.931: [GC (GCLocker Initiated GC) [PSYoungGen: 516192K->1440K(517632K)] 609610K->94866K(1558016K), 0.0018530 secs] [Times: user=0.00 sys=0.00, real=0.00 secs] 
Heap after GC invocations=998 (full 0):
 PSYoungGen      total 517632K, used 1440K [0x00000000e0400000, 0x0000000100000000, 0x0000000100000000)
  eden space 516096K, 0% used [0x00000000e0400000,0x00000000e0400000,0x00000000ffc00000)
  from space 1536K, 93% used [0x00000000ffe80000,0x00000000fffe8000,0x0000000100000000)
  to   space 2048K, 0% used [0x00000000ffc00000,0x00000000ffc00000,0x00000000ffe00000)
 ParOldGen       total 1040384K, used 93426K [0x00000000a0c00000, 0x00000000e0400000, 0x00000000e0400000)
  object space 1040384K, 8% used [0x00000000a0c00000,0x00000000a673c8e0,0x00000000e0400000)
 Metaspace       used 13043K, capacity 13234K, committed 13312K, reserved 1060864K
  class space    used 1469K, capacity 1501K, committed 1536K, reserved 1048576K
}
{Heap before GC invocations=999 (full 0):
 PSYoungGen      total 517632K, used 517536K [0x00000000e0400000, 0x0000000100000000, 0x0000000100000000)
  eden space 516096K, 100% used [0x00000000e0400000,0x00000000ffc00000,0x00000000ffc00000)
  from space 1536K, 93% used [0x00000000ffe80000,0x00000000fffe8000,0x0000000100000000)
  to   space 2048K, 0% used [0x00000000ffc00000,0x00000000ffc00000,0x00000000ffe00000)
 ParOldGen       total 1040384K, used 93429K [0x00000000a0c00000, 0x00000000e0400000, 0x00000000e0400000)
  object space 1040384K, 8% used [0x00000000a0c00000,0x00000000a673d6a0,0x00000000e0400000)
 Metaspace       used 13043K, capacity 13234K, committed 13312K, reserved 1060864K
  class space    used 1469K, capacity 1501K, committed 1536K, reserved 1048576K
6980.948: [GC (Allocation Failure) [PSYoungGen: 517536K->128K(518144K)] 610965K->93565K(1558528K), 0.0015183 secs] [Times: user=0.00 sys=0.00, real=0.00 secs] 
Heap after GC invocations=999 (full 0):
 PSYoungGen      total 518144K, used 128K [0x00000000e0400000, 0x0000000100000000, 0x0000000100000000)
  eden space 516096K, 0% used [0x00000000e0400000,0x00000000e0400000,0x00000000ffc00000)
  from space 2048K, 6% used [0x00000000ffc00000,0x00000000ffc20000,0x00000000ffe00000)
  to   space 2048K, 0% used [0x00000000ffe00000,0x00000000ffe00000,0x0000000100000000)
 ParOldGen       total 1040384K, used 93437K [0x00000000a0c00000, 0x00000000e0400000, 0x00000000e0400000)
  object space 1040384K, 8% used [0x00000000a0c00000,0x00000000a673f6a0,0x00000000e0400000)
 Metaspace       used 13043K, capacity 13234K, committed 13312K, reserved 1060864K
  class space    used 1469K, capacity 1501K, committed 1536K, reserved 1048576K
}
{Heap before GC invocations=1000 (full 0):
 PSYoungGen      total 518144K, used 516224K [0x00000000e0400000, 0x0000000100000000, 0x0000000100000000)
  eden space 516096K, 100% used [0x00000000e0400000,0x00000000ffc00000,0x00000000ffc00000)
  from space 2048K, 6% used [0x00000000ffc00000,0x00000000ffc20000,0x00000000ffe00000)
  to   space 2048K, 0% used [0x00000000ffe00000,0x00000000ffe00000,0x0000000100000000)
 ParOldGen       total 1040384K, used 93437K [0x00000000a0c00000, 0x00000000e0400000, 0x00000000e0400000)
  object space 1040384K, 8% used [0x00000000a0c00000,0x00000000a673f6a0,0x00000000e0400000)
 Metaspace       used 13043K, capacity 13234K, committed 13312K, reserved 1060864K
  class space    used 1469K, capacity 1501K, committed 1536K, reserved 1048576K
6987.967: [GC (Allocation Failure) [PSYoungGen: 516224K->128K(518144K)] 609661K->93581K(1558528K), 0.0018552 secs] [Times: user=0.00 sys=0.00, real=0.00 secs] 
Heap after GC invocations=1000 (full 0):
 PSYoungGen      total 518144K, used 128K [0x00000000e0400000, 0x0000000100000000, 0x0000000100000000)
  eden space 516096K, 0% used [0x00000000e0400000,0x00000000e0400000,0x00000000ffc00000)
  from space 2048K, 6% used [0x00000000ffe00000,0x00000000ffe20000,0x0000000100000000)
  to   space 2048K, 0% used [0x00000000ffc00000,0x00000000ffc00000,0x00000000ffe00000)
 ParOldGen       total 1040384K, used 93453K [0x00000000a0c00000, 0x00000000e0400000, 0x00000000e0400000)
  object space 1040384K, 8% used [0x00000000a0c00000,0x00000000a67436a0,0x00000000e0400000)
 Metaspace       used 13043K, capacity 13234K, committed 13312K, reserved 1060864K
  class space    used 1469K, capacity 1501K, committed 1536K, reserved 1048576K
}
{Heap before GC invocations=1001 (full 0):
 PSYoungGen      total 518144K, used 516224K [0x00000000e0400000, 0x0000000100000000, 0x0000000100000000)
  eden space 516096K, 100% used [0x00000000e0400000,0x00000000ffc00000,0x00000000ffc00000)
  from space 2048K, 6% used [0x00000000ffe00000,0x00000000ffe20000,0x0000000100000000)
  to   space 2048K, 0% used [0x00000000ffc00000,0x00000000ffc00000,0x00000000ffe00000)
 ParOldGen       total 1040384K, used 93453K [0x00000000a0c00000, 0x00000000e0400000, 0x00000000e0400000)
  object space 1040384K, 8% used [0x00000000a0c00000,0x00000000a67436a0,0x00000000e0400000)
 Metaspace       used 13044K, capacity 13234K, committed 13312K, reserved 1060864K
  class space    used 1469K, capacity 1501K, committed 1536K, reserved 1048576K
6994.862: [GC (Allocation Failure) [PSYoungGen: 516224K->256K(518144K)] 609677K->93709K(1558528K), 0.0013268 secs] [Times: user=0.00 sys=0.00, real=0.00 secs] 
Heap after GC invocations=1001 (full 0):
 PSYoungGen      total 518144K, used 256K [0x00000000e0400000, 0x0000000100000000, 0x0000000100000000)
  eden space 516096K, 0% used [0x00000000e0400000,0x00000000e0400000,0x00000000ffc00000)
  from space 2048K, 12% used [0x00000000ffc00000,0x00000000ffc40000,0x00000000ffe00000)
  to   space 2048K, 0% used [0x00000000ffe00000,0x00000000ffe00000,0x0000000100000000)
 ParOldGen       total 1040384K, used 93453K [0x00000000a0c00000, 0x00000000e0400000, 0x00000000e0400000)
  object space 1040384K, 8% used [0x00000000a0c00000,0x00000000a67436a0,0x00000000e0400000)
 Metaspace       used 13044K, capacity 13234K, committed 13312K, reserved 1060864K
  class space    used 1469K, capacity 1501K, committed 1536K, reserved 1048576K
}
{Heap before GC invocations=1002 (full 0):
 PSYoungGen      total 518144K, used 516352K [0x00000000e0400000, 0x0000000100000000, 0x0000000100000000)
  eden space 516096K, 100% used [0x00000000e0400000,0x00000000ffc00000,0x00000000ffc00000)
  from space 2048K, 12% used [0x00000000ffc00000,0x00000000ffc40000,0x00000000ffe00000)
  to   space 2048K, 0% used [0x00000000ffe00000,0x00000000ffe00000,0x0000000100000000)
 ParOldGen       total 1040384K, used 93453K [0x00000000a0c00000, 0x00000000e0400000, 0x00000000e0400000)
  object space 1040384K, 8% used [0x00000000a0c00000,0x00000000a67436a0,0x00000000e0400000)
 Metaspace       used 13044K, capacity 13234K, committed 13312K, reserved 1060864K
  class space    used 1469K, capacity 1501K, committed 1536K, reserved 1048576K
7001.890: [GC (Allocation Failure) [PSYoungGen: 516352K->160K(518656K)] 609805K->93621K(1559040K), 0.0016791 secs] [Times: user=0.00 sys=0.00, real=0.00 secs] 
Heap after GC invocations=1002 (full 0):
 PSYoungGen      total 518656K, used 160K [0x00000000e0400000, 0x0000000100000000, 0x0000000100000000)
  eden space 516608K, 0% used [0x00000000e0400000,0x00000000e0400000,0x00000000ffc80000)
  from space 2048K, 7% used [0x00000000ffe00000,0x00000000ffe28000,0x0000000100000000)
  to   space 1536K, 0% used [0x00000000ffc80000,0x00000000ffc80000,0x00000000ffe00000)
 ParOldGen       total 1040384K, used 93461K [0x00000000a0c00000, 0x00000000e0400000, 0x00000000e0400000)
  object space 1040384K, 8% used [0x00000000a0c00000,0x00000000a67456a0,0x00000000e0400000)
 Metaspace       used 13044K, capacity 13234K, committed 13312K, reserved 1060864K
  class space    used 1469K, capacity 1501K, committed 1536K, reserved 1048576K
}
{Heap before GC invocations=1003 (full 0):
 PSYoungGen      total 518656K, used 516768K [0x00000000e0400000, 0x0000000100000000, 0x0000000100000000)
  eden space 516608K, 100% used [0x00000000e0400000,0x00000000ffc80000,0x00000000ffc80000)
  from space 2048K, 7% used [0x00000000ffe00000,0x00000000ffe28000,0x0000000100000000)
  to   space 1536K, 0% used [0x00000000ffc80000,0x00000000ffc80000,0x00000000ffe00000)
 ParOldGen       total 1040384K, used 93461K [0x00000000a0c00000, 0x00000000e0400000, 0x00000000e0400000)
  object space 1040384K, 8% used [0x00000000a0c00000,0x00000000a67456f8,0x00000000e0400000)
 Metaspace       used 13044K, capacity 13234K, committed 13312K, reserved 1060864K
  class space    used 1469K, capacity 1501K, committed 1536K, reserved 1048576K
7008.849: [GC (GCLocker Initiated GC) [PSYoungGen: 516768K->1536K(518144K)] 610229K->95189K(1558528K), 0.0027334 secs] [Times: user=0.00 sys=0.01, real=0.00 secs] 
Heap after GC invocations=1003 (full 0):
 PSYoungGen      total 518144K, used 1536K [0x00000000e0400000, 0x0000000100000000, 0x0000000100000000)
  eden space 516608K, 0% used [0x00000000e0400000,0x00000000e0400000,0x00000000ffc80000)
  from space 1536K, 100% used [0x00000000ffc80000,0x00000000ffe00000,0x00000000ffe00000)
  to   space 2048K, 0% used [0x00000000ffe00000,0x00000000ffe00000,0x0000000100000000)
 ParOldGen       total 1040384K, used 93653K [0x00000000a0c00000, 0x00000000e0400000, 0x00000000e0400000)
  object space 1040384K, 9% used [0x00000000a0c00000,0x00000000a67756f8,0x00000000e0400000)
 Metaspace       used 13044K, capacity 13234K, committed 13312K, reserved 1060864K
  class space    used 1469K, capacity 1501K, committed 1536K, reserved 1048576K
}
{Heap before GC invocations=1004 (full 0):
 PSYoungGen      total 518144K, used 518144K [0x00000000e0400000, 0x0000000100000000, 0x0000000100000000)
  eden space 516608K, 100% used [0x00000000e0400000,0x00000000ffc80000,0x00000000ffc80000)
  from space 1536K, 100% used [0x00000000ffc80000,0x00000000ffe00000,0x00000000ffe00000)
  to   space 2048K, 0% used [0x00000000ffe00000,0x00000000ffe00000,0x0000000100000000)
 ParOldGen       total 1040384K, used 93657K [0x00000000a0c00000, 0x00000000e0400000, 0x00000000e0400000)
  object space 1040384K, 9% used [0x00000000a0c00000,0x00000000a6776458,0x00000000e0400000)
 Metaspace       used 13044K, capacity 13234K, committed 13312K, reserved 1060864K
  class space    used 1469K, capacity 1501K, committed 1536K, reserved 1048576K
7015.967: [GC (Allocation Failure) [PSYoungGen: 518144K->224K(518144K)] 611801K->93929K(1558528K), 0.0014067 secs] [Times: user=0.00 sys=0.00, real=0.00 secs] 
Heap after GC invocations=1004 (full 0):
 PSYoungGen      total 518144K, used 224K [0x00000000e0400000, 0x0000000100000000, 0x0000000100000000)
  eden space 516096K, 0% used [0x00000000e0400000,0x00000000e0400000,0x00000000ffc00000)
  from space 2048K, 10% used [0x00000000ffe00000,0x00000000ffe38000,0x0000000100000000)
  to   space 2048K, 0% used [0x00000000ffc00000,0x00000000ffc00000,0x00000000ffe00000)
 ParOldGen       total 1040384K, used 93705K [0x00000000a0c00000, 0x00000000e0400000, 0x00000000e0400000)
  object space 1040384K, 9% used [0x00000000a0c00000,0x00000000a6782458,0x00000000e0400000)
 Metaspace       used 13044K, capacity 13234K, committed 13312K, reserved 1060864K
  class space    used 1469K, capacity 1501K, committed 1536K, reserved 1048576K
}
{Heap before GC invocations=1005 (full 0):
 PSYoungGen      total 518144K, used 516320K [0x00000000e0400000, 0x0000000100000000, 0x0000000100000000)
  eden space 516096K, 100% used [0x00000000e0400000,0x00000000ffc00000,0x00000000ffc00000)
  from space 2048K, 10% used [0x00000000ffe00000,0x00000000ffe38000,0x0000000100000000)
  to   space 2048K, 0% used [0x00000000ffc00000,0x00000000ffc00000,0x00000000ffe00000)
 ParOldGen       total 1040384K, used 93705K [0x00000000a0c00000, 0x00000000e0400000, 0x00000000e0400000)
  object space 1040384K, 9% used [0x00000000a0c00000,0x00000000a6782458,0x00000000e0400000)
 Metaspace       used 13044K, capacity 13234K, committed 13312K, reserved 1060864K
  class space    used 1469K, capacity 1501K, committed 1536K, reserved 1048576K
7023.010: [GC (Allocation Failure) [PSYoungGen: 516320K->128K(518144K)] 610025K->93833K(1558528K), 0.0017308 secs] [Times: user=0.00 sys=0.00, real=0.00 secs] 
Heap after GC invocations=1005 (full 0):
 PSYoungGen      total 518144K, used 128K [0x00000000e0400000, 0x0000000100000000, 0x0000000100000000)
  eden space 516096K, 0% used [0x00000000e0400000,0x00000000e0400000,0x00000000ffc00000)
  from space 2048K, 6% used [0x00000000ffc00000,0x00000000ffc20000,0x00000000ffe00000)
  to   space 2048K, 0% used [0x00000000ffe00000,0x00000000ffe00000,0x0000000100000000)
 ParOldGen       total 1040384K, used 93705K [0x00000000a0c00000, 0x00000000e0400000, 0x00000000e0400000)
  object space 1040384K, 9% used [0x00000000a0c00000,0x00000000a6782458,0x00000000e0400000)
 Metaspace       used 13044K, capacity 13234K, committed 13312K, reserved 1060864K
  class space    used 1469K, capacity 1501K, committed 1536K, reserved 1048576K
}
{Heap before GC invocations=1006 (full 0):
 PSYoungGen      total 518144K, used 516224K [0x00000000e0400000, 0x0000000100000000, 0x0000000100000000)
  eden space 516096K, 100% used [0x00000000e0400000,0x00000000ffc00000,0x00000000ffc00000)
  from space 2048K, 6% used [0x00000000ffc00000,0x00000000ffc20000,0x00000000ffe00000)
  to   space 2048K, 0% used [0x00000000ffe00000,0x00000000ffe00000,0x0000000100000000)
 ParOldGen       total 1040384K, used 93705K [0x00000000a0c00000, 0x00000000e0400000, 0x00000000e0400000)
  object space 1040384K, 9% used [0x00000000a0c00000,0x00000000a6782458,0x00000000e0400000)
 Metaspace       used 13044K, capacity 13234K, committed 13312K, reserved 1060864K
  class space    used 1469K, capacity 1501K, committed 1536K, reserved 1048576K
7030.083: [GC (Allocation Failure) [PSYoungGen: 516224K->128K(518144K)] 609929K->93849K(1558528K), 0.0018688 secs] [Times: user=0.00 sys=0.00, real=0.00 secs] 
Heap after GC invocations=1006 (full 0):
 PSYoungGen      total 518144K, used 128K [0x00000000e0400000, 0x0000000100000000, 0x0000000100000000)
  eden space 516096K, 0% used [0x00000000e0400000,0x00000000e0400000,0x00000000ffc00000)
  from space 2048K, 6% used [0x00000000ffe00000,0x00000000ffe20000,0x0000000100000000)
  to   space 2048K, 0% used [0x00000000ffc00000,0x00000000ffc00000,0x00000000ffe00000)
 ParOldGen       total 1040384K, used 93721K [0x00000000a0c00000, 0x00000000e0400000, 0x00000000e0400000)
  object space 1040384K, 9% used [0x00000000a0c00000,0x00000000a6786458,0x00000000e0400000)
 Metaspace       used 13044K, capacity 13234K, committed 13312K, reserved 1060864K
  class space    used 1469K, capacity 1501K, committed 1536K, reserved 1048576K
}
{Heap before GC invocations=1007 (full 0):
 PSYoungGen      total 518144K, used 516224K [0x00000000e0400000, 0x0000000100000000, 0x0000000100000000)
  eden space 516096K, 100% used [0x00000000e0400000,0x00000000ffc00000,0x00000000ffc00000)
  from space 2048K, 6% used [0x00000000ffe00000,0x00000000ffe20000,0x0000000100000000)
  to   space 2048K, 0% used [0x00000000ffc00000,0x00000000ffc00000,0x00000000ffe00000)
 ParOldGen       total 1040384K, used 93721K [0x00000000a0c00000, 0x00000000e0400000, 0x00000000e0400000)
  object space 1040384K, 9% used [0x00000000a0c00000,0x00000000a6786458,0x00000000e0400000)
 Metaspace       used 13044K, capacity 13234K, committed 13312K, reserved 1060864K
  class space    used 1469K, capacity 1501K, committed 1536K, reserved 1048576K
7037.070: [GC (Allocation Failure) [PSYoungGen: 516224K->192K(518144K)] 609945K->93913K(1558528K), 0.0016166 secs] [Times: user=0.00 sys=0.00, real=0.00 secs] 
Heap after GC invocations=1007 (full 0):
 PSYoungGen      total 518144K, used 192K [0x00000000e0400000, 0x0000000100000000, 0x0000000100000000)
  eden space 516096K, 0% used [0x00000000e0400000,0x00000000e0400000,0x00000000ffc00000)
  from space 2048K, 9% used [0x00000000ffc00000,0x00000000ffc30000,0x00000000ffe00000)
  to   space 2048K, 0% used [0x00000000ffe00000,0x00000000ffe00000,0x0000000100000000)
 ParOldGen       total 1040384K, used 93721K [0x00000000a0c00000, 0x00000000e0400000, 0x00000000e0400000)
  object space 1040384K, 9% used [0x00000000a0c00000,0x00000000a6786458,0x00000000e0400000)
 Metaspace       used 13044K, capacity 13234K, committed 13312K, reserved 1060864K
  class space    used 1469K, capacity 1501K, committed 1536K, reserved 1048576K
}
{Heap before GC invocations=1008 (full 0):
 PSYoungGen      total 518144K, used 516288K [0x00000000e0400000, 0x0000000100000000, 0x0000000100000000)
  eden space 516096K, 100% used [0x00000000e0400000,0x00000000ffc00000,0x00000000ffc00000)
  from space 2048K, 9% used [0x00000000ffc00000,0x00000000ffc30000,0x00000000ffe00000)
  to   space 2048K, 0% used [0x00000000ffe00000,0x00000000ffe00000,0x0000000100000000)
 ParOldGen       total 1040384K, used 93721K [0x00000000a0c00000, 0x00000000e0400000, 0x00000000e0400000)
  object space 1040384K, 9% used [0x00000000a0c00000,0x00000000a6786458,0x00000000e0400000)
 Metaspace       used 13044K, capacity 13234K, committed 13312K, reserved 1060864K
  class space    used 1469K, capacity 1501K, committed 1536K, reserved 1048576K
7044.097: [GC (Allocation Failure) [PSYoungGen: 516288K->2048K(517120K)] 610009K->95793K(1557504K), 0.0025310 secs] [Times: user=0.02 sys=0.02, real=0.00 secs] 
Heap after GC invocations=1008 (full 0):
 PSYoungGen      total 517120K, used 2048K [0x00000000e0400000, 0x0000000100000000, 0x0000000100000000)
  eden space 515072K, 0% used [0x00000000e0400000,0x00000000e0400000,0x00000000ffb00000)
  from space 2048K, 100% used [0x00000000ffe00000,0x0000000100000000,0x0000000100000000)
  to   space 2560K, 0% used [0x00000000ffb00000,0x00000000ffb00000,0x00000000ffd80000)
 ParOldGen       total 1040384K, used 93745K [0x00000000a0c00000, 0x00000000e0400000, 0x00000000e0400000)
  object space 1040384K, 9% used [0x00000000a0c00000,0x00000000a678c458,0x00000000e0400000)
 Metaspace       used 13044K, capacity 13234K, committed 13312K, reserved 1060864K
  class space    used 1469K, capacity 1501K, committed 1536K, reserved 1048576K
}
{Heap before GC invocations=1009 (full 0):
 PSYoungGen      total 517120K, used 517120K [0x00000000e0400000, 0x0000000100000000, 0x0000000100000000)
  eden space 515072K, 100% used [0x00000000e0400000,0x00000000ffb00000,0x00000000ffb00000)
  from space 2048K, 100% used [0x00000000ffe00000,0x0000000100000000,0x0000000100000000)
  to   space 2560K, 0% used [0x00000000ffb00000,0x00000000ffb00000,0x00000000ffd80000)
 ParOldGen       total 1040384K, used 93745K [0x00000000a0c00000, 0x00000000e0400000, 0x00000000e0400000)
  object space 1040384K, 9% used [0x00000000a0c00000,0x00000000a678c458,0x00000000e0400000)
 Metaspace       used 13044K, capacity 13234K, committed 13312K, reserved 1060864K
  class space    used 1469K, capacity 1501K, committed 1536K, reserved 1048576K
7051.017: [GC (Allocation Failure) [PSYoungGen: 517120K->160K(517632K)] 610865K->93921K(1558016K), 0.0017603 secs] [Times: user=0.00 sys=0.00, real=0.00 secs] 
Heap after GC invocations=1009 (full 0):
 PSYoungGen      total 517632K, used 160K [0x00000000e0400000, 0x0000000100000000, 0x0000000100000000)
  eden space 515072K, 0% used [0x00000000e0400000,0x00000000e0400000,0x00000000ffb00000)
  from space 2560K, 6% used [0x00000000ffb00000,0x00000000ffb28000,0x00000000ffd80000)
  to   space 2048K, 0% used [0x00000000ffe00000,0x00000000ffe00000,0x0000000100000000)
 ParOldGen       total 1040384K, used 93761K [0x00000000a0c00000, 0x00000000e0400000, 0x00000000e0400000)
  object space 1040384K, 9% used [0x00000000a0c00000,0x00000000a6790458,0x00000000e0400000)
 Metaspace       used 13044K, capacity 13234K, committed 13312K, reserved 1060864K
  class space    used 1469K, capacity 1501K, committed 1536K, reserved 1048576K
}
{Heap before GC invocations=1010 (full 0):
 PSYoungGen      total 517632K, used 515232K [0x00000000e0400000, 0x0000000100000000, 0x0000000100000000)
  eden space 515072K, 100% used [0x00000000e0400000,0x00000000ffb00000,0x00000000ffb00000)
  from space 2560K, 6% used [0x00000000ffb00000,0x00000000ffb28000,0x00000000ffd80000)
  to   space 2048K, 0% used [0x00000000ffe00000,0x00000000ffe00000,0x0000000100000000)
 ParOldGen       total 1040384K, used 93761K [0x00000000a0c00000, 0x00000000e0400000, 0x00000000e0400000)
  object space 1040384K, 9% used [0x00000000a0c00000,0x00000000a6790458,0x00000000e0400000)
 Metaspace       used 13044K, capacity 13234K, committed 13312K, reserved 1060864K
  class space    used 1469K, capacity 1501K, committed 1536K, reserved 1048576K
7057.984: [GC (Allocation Failure) [PSYoungGen: 515232K->96K(518144K)] 608993K->93857K(1558528K), 0.0018595 secs] [Times: user=0.00 sys=0.00, real=0.00 secs] 
Heap after GC invocations=1010 (full 0):
 PSYoungGen      total 518144K, used 96K [0x00000000e0400000, 0x0000000100000000, 0x0000000100000000)
  eden space 516096K, 0% used [0x00000000e0400000,0x00000000e0400000,0x00000000ffc00000)
  from space 2048K, 4% used [0x00000000ffe00000,0x00000000ffe18000,0x0000000100000000)
  to   space 2048K, 0% used [0x00000000ffc00000,0x00000000ffc00000,0x00000000ffe00000)
 ParOldGen       total 1040384K, used 93761K [0x00000000a0c00000, 0x00000000e0400000, 0x00000000e0400000)
  object space 1040384K, 9% used [0x00000000a0c00000,0x00000000a6790458,0x00000000e0400000)
 Metaspace       used 13044K, capacity 13234K, committed 13312K, reserved 1060864K
  class space    used 1469K, capacity 1501K, committed 1536K, reserved 1048576K
}
{Heap before GC invocations=1011 (full 0):
 PSYoungGen      total 518144K, used 516192K [0x00000000e0400000, 0x0000000100000000, 0x0000000100000000)
  eden space 516096K, 100% used [0x00000000e0400000,0x00000000ffc00000,0x00000000ffc00000)
  from space 2048K, 4% used [0x00000000ffe00000,0x00000000ffe18000,0x0000000100000000)
  to   space 2048K, 0% used [0x00000000ffc00000,0x00000000ffc00000,0x00000000ffe00000)
 ParOldGen       total 1040384K, used 93761K [0x00000000a0c00000, 0x00000000e0400000, 0x00000000e0400000)
  object space 1040384K, 9% used [0x00000000a0c00000,0x00000000a6790458,0x00000000e0400000)
 Metaspace       used 13044K, capacity 13234K, committed 13312K, reserved 1060864K
  class space    used 1469K, capacity 1501K, committed 1536K, reserved 1048576K
7064.879: [GC (Allocation Failure) [PSYoungGen: 516192K->160K(518144K)] 609953K->93929K(1558528K), 0.0015684 secs] [Times: user=0.11 sys=0.00, real=0.00 secs] 
Heap after GC invocations=1011 (full 0):
 PSYoungGen      total 518144K, used 160K [0x00000000e0400000, 0x0000000100000000, 0x0000000100000000)
  eden space 516096K, 0% used [0x00000000e0400000,0x00000000e0400000,0x00000000ffc00000)
  from space 2048K, 7% used [0x00000000ffc00000,0x00000000ffc28000,0x00000000ffe00000)
  to   space 2048K, 0% used [0x00000000ffe00000,0x00000000ffe00000,0x0000000100000000)
 ParOldGen       total 1040384K, used 93769K [0x00000000a0c00000, 0x00000000e0400000, 0x00000000e0400000)
  object space 1040384K, 9% used [0x00000000a0c00000,0x00000000a6792458,0x00000000e0400000)
 Metaspace       used 13044K, capacity 13234K, committed 13312K, reserved 1060864K
  class space    used 1469K, capacity 1501K, committed 1536K, reserved 1048576K
}
{Heap before GC invocations=1012 (full 0):
 PSYoungGen      total 518144K, used 516256K [0x00000000e0400000, 0x0000000100000000, 0x0000000100000000)
  eden space 516096K, 100% used [0x00000000e0400000,0x00000000ffc00000,0x00000000ffc00000)
  from space 2048K, 7% used [0x00000000ffc00000,0x00000000ffc28000,0x00000000ffe00000)
  to   space 2048K, 0% used [0x00000000ffe00000,0x00000000ffe00000,0x0000000100000000)
 ParOldGen       total 1040384K, used 93769K [0x00000000a0c00000, 0x00000000e0400000, 0x00000000e0400000)
  object space 1040384K, 9% used [0x00000000a0c00000,0x00000000a6792458,0x00000000e0400000)
 Metaspace       used 13044K, capacity 13234K, committed 13312K, reserved 1060864K
  class space    used 1469K, capacity 1501K, committed 1536K, reserved 1048576K
7071.856: [GC (Allocation Failure) [PSYoungGen: 516256K->384K(518144K)] 610025K->94153K(1558528K), 0.0020483 secs] [Times: user=0.00 sys=0.00, real=0.00 secs] 
Heap after GC invocations=1012 (full 0):
 PSYoungGen      total 518144K, used 384K [0x00000000e0400000, 0x0000000100000000, 0x0000000100000000)
  eden space 516096K, 0% used [0x00000000e0400000,0x00000000e0400000,0x00000000ffc00000)
  from space 2048K, 18% used [0x00000000ffe00000,0x00000000ffe60000,0x0000000100000000)
  to   space 2048K, 0% used [0x00000000ffc00000,0x00000000ffc00000,0x00000000ffe00000)
 ParOldGen       total 1040384K, used 93769K [0x00000000a0c00000, 0x00000000e0400000, 0x00000000e0400000)
  object space 1040384K, 9% used [0x00000000a0c00000,0x00000000a6792458,0x00000000e0400000)
 Metaspace       used 13044K, capacity 13234K, committed 13312K, reserved 1060864K
  class space    used 1469K, capacity 1501K, committed 1536K, reserved 1048576K
}
{Heap before GC invocations=1013 (full 0):
 PSYoungGen      total 518144K, used 516480K [0x00000000e0400000, 0x0000000100000000, 0x0000000100000000)
  eden space 516096K, 100% used [0x00000000e0400000,0x00000000ffc00000,0x00000000ffc00000)
  from space 2048K, 18% used [0x00000000ffe00000,0x00000000ffe60000,0x0000000100000000)
  to   space 2048K, 0% used [0x00000000ffc00000,0x00000000ffc00000,0x00000000ffe00000)
 ParOldGen       total 1040384K, used 93769K [0x00000000a0c00000, 0x00000000e0400000, 0x00000000e0400000)
  object space 1040384K, 9% used [0x00000000a0c00000,0x00000000a6792458,0x00000000e0400000)
 Metaspace       used 13044K, capacity 13234K, committed 13312K, reserved 1060864K
  class space    used 1469K, capacity 1501K, committed 1536K, reserved 1048576K
7078.877: [GC (Allocation Failure) [PSYoungGen: 516480K->256K(518144K)] 610249K->94025K(1558528K), 0.0012898 secs] [Times: user=0.00 sys=0.00, real=0.00 secs] 
Heap after GC invocations=1013 (full 0):
 PSYoungGen      total 518144K, used 256K [0x00000000e0400000, 0x0000000100000000, 0x0000000100000000)
  eden space 516096K, 0% used [0x00000000e0400000,0x00000000e0400000,0x00000000ffc00000)
  from space 2048K, 12% used [0x00000000ffc00000,0x00000000ffc40000,0x00000000ffe00000)
  to   space 2048K, 0% used [0x00000000ffe00000,0x00000000ffe00000,0x0000000100000000)
 ParOldGen       total 1040384K, used 93769K [0x00000000a0c00000, 0x00000000e0400000, 0x00000000e0400000)
  object space 1040384K, 9% used [0x00000000a0c00000,0x00000000a6792458,0x00000000e0400000)
 Metaspace       used 13044K, capacity 13234K, committed 13312K, reserved 1060864K
  class space    used 1469K, capacity 1501K, committed 1536K, reserved 1048576K
}
{Heap before GC invocations=1014 (full 0):
 PSYoungGen      total 518144K, used 516352K [0x00000000e0400000, 0x0000000100000000, 0x0000000100000000)
  eden space 516096K, 100% used [0x00000000e0400000,0x00000000ffc00000,0x00000000ffc00000)
  from space 2048K, 12% used [0x00000000ffc00000,0x00000000ffc40000,0x00000000ffe00000)
  to   space 2048K, 0% used [0x00000000ffe00000,0x00000000ffe00000,0x0000000100000000)
 ParOldGen       total 1040384K, used 93769K [0x00000000a0c00000, 0x00000000e0400000, 0x00000000e0400000)
  object space 1040384K, 9% used [0x00000000a0c00000,0x00000000a6792458,0x00000000e0400000)
 Metaspace       used 13044K, capacity 13234K, committed 13312K, reserved 1060864K
  class space    used 1469K, capacity 1501K, committed 1536K, reserved 1048576K
7085.899: [GC (Allocation Failure) [PSYoungGen: 516352K->224K(518656K)] 610121K->93993K(1559040K), 0.0019544 secs] [Times: user=0.00 sys=0.00, real=0.00 secs] 
Heap after GC invocations=1014 (full 0):
 PSYoungGen      total 518656K, used 224K [0x00000000e0400000, 0x0000000100000000, 0x0000000100000000)
  eden space 516608K, 0% used [0x00000000e0400000,0x00000000e0400000,0x00000000ffc80000)
  from space 2048K, 10% used [0x00000000ffe00000,0x00000000ffe38000,0x0000000100000000)
  to   space 1536K, 0% used [0x00000000ffc80000,0x00000000ffc80000,0x00000000ffe00000)
 ParOldGen       total 1040384K, used 93769K [0x00000000a0c00000, 0x00000000e0400000, 0x00000000e0400000)
  object space 1040384K, 9% used [0x00000000a0c00000,0x00000000a6792458,0x00000000e0400000)
 Metaspace       used 13044K, capacity 13234K, committed 13312K, reserved 1060864K
  class space    used 1469K, capacity 1501K, committed 1536K, reserved 1048576K
}
{Heap before GC invocations=1015 (full 0):
 PSYoungGen      total 518656K, used 516832K [0x00000000e0400000, 0x0000000100000000, 0x0000000100000000)
  eden space 516608K, 100% used [0x00000000e0400000,0x00000000ffc80000,0x00000000ffc80000)
  from space 2048K, 10% used [0x00000000ffe00000,0x00000000ffe38000,0x0000000100000000)
  to   space 1536K, 0% used [0x00000000ffc80000,0x00000000ffc80000,0x00000000ffe00000)
 ParOldGen       total 1040384K, used 93769K [0x00000000a0c00000, 0x00000000e0400000, 0x00000000e0400000)
  object space 1040384K, 9% used [0x00000000a0c00000,0x00000000a6792458,0x00000000e0400000)
 Metaspace       used 13044K, capacity 13234K, committed 13312K, reserved 1060864K
  class space    used 1469K, capacity 1501K, committed 1536K, reserved 1048576K
7093.012: [GC (Allocation Failure) [PSYoungGen: 516832K->96K(518144K)] 610601K->93873K(1558528K), 0.0019298 secs] [Times: user=0.00 sys=0.00, real=0.00 secs] 
Heap after GC invocations=1015 (full 0):
 PSYoungGen      total 518144K, used 96K [0x00000000e0400000, 0x0000000100000000, 0x0000000100000000)
  eden space 516608K, 0% used [0x00000000e0400000,0x00000000e0400000,0x00000000ffc80000)
  from space 1536K, 6% used [0x00000000ffc80000,0x00000000ffc98000,0x00000000ffe00000)
  to   space 1536K, 0% used [0x00000000ffe80000,0x00000000ffe80000,0x0000000100000000)
 ParOldGen       total 1040384K, used 93777K [0x00000000a0c00000, 0x00000000e0400000, 0x00000000e0400000)
  object space 1040384K, 9% used [0x00000000a0c00000,0x00000000a6794458,0x00000000e0400000)
 Metaspace       used 13044K, capacity 13234K, committed 13312K, reserved 1060864K
  class space    used 1469K, capacity 1501K, committed 1536K, reserved 1048576K
}
{Heap before GC invocations=1016 (full 0):
 PSYoungGen      total 518144K, used 516704K [0x00000000e0400000, 0x0000000100000000, 0x0000000100000000)
  eden space 516608K, 100% used [0x00000000e0400000,0x00000000ffc80000,0x00000000ffc80000)
  from space 1536K, 6% used [0x00000000ffc80000,0x00000000ffc98000,0x00000000ffe00000)
  to   space 1536K, 0% used [0x00000000ffe80000,0x00000000ffe80000,0x0000000100000000)
 ParOldGen       total 1040384K, used 93777K [0x00000000a0c00000, 0x00000000e0400000, 0x00000000e0400000)
  object space 1040384K, 9% used [0x00000000a0c00000,0x00000000a6794458,0x00000000e0400000)
 Metaspace       used 13044K, capacity 13234K, committed 13312K, reserved 1060864K
  class space    used 1469K, capacity 1501K, committed 1536K, reserved 1048576K
7100.034: [GC (Allocation Failure) [PSYoungGen: 516704K->192K(518656K)] 610481K->93969K(1559040K), 0.0016972 secs] [Times: user=0.00 sys=0.00, real=0.00 secs] 
Heap after GC invocations=1016 (full 0):
 PSYoungGen      total 518656K, used 192K [0x00000000e0400000, 0x0000000100000000, 0x0000000100000000)
  eden space 517120K, 0% used [0x00000000e0400000,0x00000000e0400000,0x00000000ffd00000)
  from space 1536K, 12% used [0x00000000ffe80000,0x00000000ffeb0000,0x0000000100000000)
  to   space 1536K, 0% used [0x00000000ffd00000,0x00000000ffd00000,0x00000000ffe80000)
 ParOldGen       total 1040384K, used 93777K [0x00000000a0c00000, 0x00000000e0400000, 0x00000000e0400000)
  object space 1040384K, 9% used [0x00000000a0c00000,0x00000000a6794458,0x00000000e0400000)
 Metaspace       used 13044K, capacity 13234K, committed 13312K, reserved 1060864K
  class space    used 1469K, capacity 1501K, committed 1536K, reserved 1048576K
}
{Heap before GC invocations=1017 (full 0):
 PSYoungGen      total 518656K, used 517312K [0x00000000e0400000, 0x0000000100000000, 0x0000000100000000)
  eden space 517120K, 100% used [0x00000000e0400000,0x00000000ffd00000,0x00000000ffd00000)
  from space 1536K, 12% used [0x00000000ffe80000,0x00000000ffeb0000,0x0000000100000000)
  to   space 1536K, 0% used [0x00000000ffd00000,0x00000000ffd00000,0x00000000ffe80000)
 ParOldGen       total 1040384K, used 93777K [0x00000000a0c00000, 0x00000000e0400000, 0x00000000e0400000)
  object space 1040384K, 9% used [0x00000000a0c00000,0x00000000a6794458,0x00000000e0400000)
 Metaspace       used 13044K, capacity 13234K, committed 13312K, reserved 1060864K
  class space    used 1469K, capacity 1501K, committed 1536K, reserved 1048576K
7107.048: [GC (Allocation Failure) [PSYoungGen: 517312K->1056K(518656K)] 611089K->94833K(1559040K), 0.0021002 secs] [Times: user=0.00 sys=0.00, real=0.00 secs] 
Heap after GC invocations=1017 (full 0):
 PSYoungGen      total 518656K, used 1056K [0x00000000e0400000, 0x0000000100000000, 0x0000000100000000)
  eden space 517120K, 0% used [0x00000000e0400000,0x00000000e0400000,0x00000000ffd00000)
  from space 1536K, 68% used [0x00000000ffd00000,0x00000000ffe08000,0x00000000ffe80000)
  to   space 1536K, 0% used [0x00000000ffe80000,0x00000000ffe80000,0x0000000100000000)
 ParOldGen       total 1040384K, used 93777K [0x00000000a0c00000, 0x00000000e0400000, 0x00000000e0400000)
  object space 1040384K, 9% used [0x00000000a0c00000,0x00000000a6794458,0x00000000e0400000)
 Metaspace       used 13044K, capacity 13234K, committed 13312K, reserved 1060864K
  class space    used 1469K, capacity 1501K, committed 1536K, reserved 1048576K
}
{Heap before GC invocations=1018 (full 0):
 PSYoungGen      total 518656K, used 518176K [0x00000000e0400000, 0x0000000100000000, 0x0000000100000000)
  eden space 517120K, 100% used [0x00000000e0400000,0x00000000ffd00000,0x00000000ffd00000)
  from space 1536K, 68% used [0x00000000ffd00000,0x00000000ffe08000,0x00000000ffe80000)
  to   space 1536K, 0% used [0x00000000ffe80000,0x00000000ffe80000,0x0000000100000000)
 ParOldGen       total 1040384K, used 93777K [0x00000000a0c00000, 0x00000000e0400000, 0x00000000e0400000)
  object space 1040384K, 9% used [0x00000000a0c00000,0x00000000a6794458,0x00000000e0400000)
 Metaspace       used 13044K, capacity 13234K, committed 13312K, reserved 1060864K
  class space    used 1469K, capacity 1501K, committed 1536K, reserved 1048576K
7114.140: [GC (Allocation Failure) [PSYoungGen: 518176K->128K(518656K)] 611953K->93905K(1559040K), 0.0019674 secs] [Times: user=0.00 sys=0.00, real=0.00 secs] 
Heap after GC invocations=1018 (full 0):
 PSYoungGen      total 518656K, used 128K [0x00000000e0400000, 0x0000000100000000, 0x0000000100000000)
  eden space 517120K, 0% used [0x00000000e0400000,0x00000000e0400000,0x00000000ffd00000)
  from space 1536K, 8% used [0x00000000ffe80000,0x00000000ffea0000,0x0000000100000000)
  to   space 1536K, 0% used [0x00000000ffd00000,0x00000000ffd00000,0x00000000ffe80000)
 ParOldGen       total 1040384K, used 93777K [0x00000000a0c00000, 0x00000000e0400000, 0x00000000e0400000)
  object space 1040384K, 9% used [0x00000000a0c00000,0x00000000a6794458,0x00000000e0400000)
 Metaspace       used 13044K, capacity 13234K, committed 13312K, reserved 1060864K
  class space    used 1469K, capacity 1501K, committed 1536K, reserved 1048576K
}
{Heap before GC invocations=1019 (full 0):
 PSYoungGen      total 518656K, used 517248K [0x00000000e0400000, 0x0000000100000000, 0x0000000100000000)
  eden space 517120K, 100% used [0x00000000e0400000,0x00000000ffd00000,0x00000000ffd00000)
  from space 1536K, 8% used [0x00000000ffe80000,0x00000000ffea0000,0x0000000100000000)
  to   space 1536K, 0% used [0x00000000ffd00000,0x00000000ffd00000,0x00000000ffe80000)
 ParOldGen       total 1040384K, used 93777K [0x00000000a0c00000, 0x00000000e0400000, 0x00000000e0400000)
  object space 1040384K, 9% used [0x00000000a0c00000,0x00000000a6794458,0x00000000e0400000)
 Metaspace       used 13044K, capacity 13234K, committed 13312K, reserved 1060864K
  class space    used 1469K, capacity 1501K, committed 1536K, reserved 1048576K
7121.075: [GC (Allocation Failure) [PSYoungGen: 517248K->128K(518656K)] 611025K->93913K(1559040K), 0.0017199 secs] [Times: user=0.00 sys=0.00, real=0.00 secs] 
Heap after GC invocations=1019 (full 0):
 PSYoungGen      total 518656K, used 128K [0x00000000e0400000, 0x0000000100000000, 0x0000000100000000)
  eden space 517120K, 0% used [0x00000000e0400000,0x00000000e0400000,0x00000000ffd00000)
  from space 1536K, 8% used [0x00000000ffd00000,0x00000000ffd20000,0x00000000ffe80000)
  to   space 1536K, 0% used [0x00000000ffe80000,0x00000000ffe80000,0x0000000100000000)
 ParOldGen       total 1040384K, used 93785K [0x00000000a0c00000, 0x00000000e0400000, 0x00000000e0400000)
  object space 1040384K, 9% used [0x00000000a0c00000,0x00000000a6796458,0x00000000e0400000)
 Metaspace       used 13044K, capacity 13234K, committed 13312K, reserved 1060864K
  class space    used 1469K, capacity 1501K, committed 1536K, reserved 1048576K
}
{Heap before GC invocations=1020 (full 0):
 PSYoungGen      total 518656K, used 517248K [0x00000000e0400000, 0x0000000100000000, 0x0000000100000000)
  eden space 517120K, 100% used [0x00000000e0400000,0x00000000ffd00000,0x00000000ffd00000)
  from space 1536K, 8% used [0x00000000ffd00000,0x00000000ffd20000,0x00000000ffe80000)
  to   space 1536K, 0% used [0x00000000ffe80000,0x00000000ffe80000,0x0000000100000000)
 ParOldGen       total 1040384K, used 93785K [0x00000000a0c00000, 0x00000000e0400000, 0x00000000e0400000)
  object space 1040384K, 9% used [0x00000000a0c00000,0x00000000a6796458,0x00000000e0400000)
 Metaspace       used 13044K, capacity 13234K, committed 13312K, reserved 1060864K
  class space    used 1469K, capacity 1501K, committed 1536K, reserved 1048576K
7128.065: [GC (Allocation Failure) [PSYoungGen: 517248K->160K(518656K)] 611033K->93945K(1559040K), 0.0014443 secs] [Times: user=0.00 sys=0.00, real=0.00 secs] 
Heap after GC invocations=1020 (full 0):
 PSYoungGen      total 518656K, used 160K [0x00000000e0400000, 0x0000000100000000, 0x0000000100000000)
  eden space 517120K, 0% used [0x00000000e0400000,0x00000000e0400000,0x00000000ffd00000)
  from space 1536K, 10% used [0x00000000ffe80000,0x00000000ffea8000,0x0000000100000000)
  to   space 1536K, 0% used [0x00000000ffd00000,0x00000000ffd00000,0x00000000ffe80000)
 ParOldGen       total 1040384K, used 93785K [0x00000000a0c00000, 0x00000000e0400000, 0x00000000e0400000)
  object space 1040384K, 9% used [0x00000000a0c00000,0x00000000a6796458,0x00000000e0400000)
 Metaspace       used 13044K, capacity 13234K, committed 13312K, reserved 1060864K
  class space    used 1469K, capacity 1501K, committed 1536K, reserved 1048576K
}
{Heap before GC invocations=1021 (full 0):
 PSYoungGen      total 518656K, used 517280K [0x00000000e0400000, 0x0000000100000000, 0x0000000100000000)
  eden space 517120K, 100% used [0x00000000e0400000,0x00000000ffd00000,0x00000000ffd00000)
  from space 1536K, 10% used [0x00000000ffe80000,0x00000000ffea8000,0x0000000100000000)
  to   space 1536K, 0% used [0x00000000ffd00000,0x00000000ffd00000,0x00000000ffe80000)
 ParOldGen       total 1040384K, used 93785K [0x00000000a0c00000, 0x00000000e0400000, 0x00000000e0400000)
  object space 1040384K, 9% used [0x00000000a0c00000,0x00000000a6796458,0x00000000e0400000)
 Metaspace       used 13044K, capacity 13234K, committed 13312K, reserved 1060864K
  class space    used 1469K, capacity 1501K, committed 1536K, reserved 1048576K
7135.046: [GC (Allocation Failure) [PSYoungGen: 517280K->128K(518656K)] 611065K->93913K(1559040K), 0.0019108 secs] [Times: user=0.00 sys=0.00, real=0.00 secs] 
Heap after GC invocations=1021 (full 0):
 PSYoungGen      total 518656K, used 128K [0x00000000e0400000, 0x0000000100000000, 0x0000000100000000)
  eden space 517120K, 0% used [0x00000000e0400000,0x00000000e0400000,0x00000000ffd00000)
  from space 1536K, 8% used [0x00000000ffd00000,0x00000000ffd20000,0x00000000ffe80000)
  to   space 1536K, 0% used [0x00000000ffe80000,0x00000000ffe80000,0x0000000100000000)
 ParOldGen       total 1040384K, used 93785K [0x00000000a0c00000, 0x00000000e0400000, 0x00000000e0400000)
  object space 1040384K, 9% used [0x00000000a0c00000,0x00000000a6796458,0x00000000e0400000)
 Metaspace       used 13044K, capacity 13234K, committed 13312K, reserved 1060864K
  class space    used 1469K, capacity 1501K, committed 1536K, reserved 1048576K
}
{Heap before GC invocations=1022 (full 0):
 PSYoungGen      total 518656K, used 517248K [0x00000000e0400000, 0x0000000100000000, 0x0000000100000000)
  eden space 517120K, 100% used [0x00000000e0400000,0x00000000ffd00000,0x00000000ffd00000)
  from space 1536K, 8% used [0x00000000ffd00000,0x00000000ffd20000,0x00000000ffe80000)
  to   space 1536K, 0% used [0x00000000ffe80000,0x00000000ffe80000,0x0000000100000000)
 ParOldGen       total 1040384K, used 93785K [0x00000000a0c00000, 0x00000000e0400000, 0x00000000e0400000)
  object space 1040384K, 9% used [0x00000000a0c00000,0x00000000a6796458,0x00000000e0400000)
 Metaspace       used 13044K, capacity 13234K, committed 13312K, reserved 1060864K
  class space    used 1469K, capacity 1501K, committed 1536K, reserved 1048576K
7142.010: [GC (Allocation Failure) [PSYoungGen: 517248K->672K(518656K)] 611033K->94457K(1559040K), 0.0018150 secs] [Times: user=0.00 sys=0.00, real=0.00 secs] 
Heap after GC invocations=1022 (full 0):
 PSYoungGen      total 518656K, used 672K [0x00000000e0400000, 0x0000000100000000, 0x0000000100000000)
  eden space 517120K, 0% used [0x00000000e0400000,0x00000000e0400000,0x00000000ffd00000)
  from space 1536K, 43% used [0x00000000ffe80000,0x00000000fff28000,0x0000000100000000)
  to   space 1536K, 0% used [0x00000000ffd00000,0x00000000ffd00000,0x00000000ffe80000)
 ParOldGen       total 1040384K, used 93785K [0x00000000a0c00000, 0x00000000e0400000, 0x00000000e0400000)
  object space 1040384K, 9% used [0x00000000a0c00000,0x00000000a6796458,0x00000000e0400000)
 Metaspace       used 13044K, capacity 13234K, committed 13312K, reserved 1060864K
  class space    used 1469K, capacity 1501K, committed 1536K, reserved 1048576K
}
{Heap before GC invocations=1023 (full 0):
 PSYoungGen      total 518656K, used 517792K [0x00000000e0400000, 0x0000000100000000, 0x0000000100000000)
  eden space 517120K, 100% used [0x00000000e0400000,0x00000000ffd00000,0x00000000ffd00000)
  from space 1536K, 43% used [0x00000000ffe80000,0x00000000fff28000,0x0000000100000000)
  to   space 1536K, 0% used [0x00000000ffd00000,0x00000000ffd00000,0x00000000ffe80000)
 ParOldGen       total 1040384K, used 93785K [0x00000000a0c00000, 0x00000000e0400000, 0x00000000e0400000)
  object space 1040384K, 9% used [0x00000000a0c00000,0x00000000a6796458,0x00000000e0400000)
 Metaspace       used 13044K, capacity 13234K, committed 13312K, reserved 1060864K
  class space    used 1469K, capacity 1501K, committed 1536K, reserved 1048576K
7149.090: [GC (Allocation Failure) [PSYoungGen: 517792K->192K(518656K)] 611577K->93985K(1559040K), 0.0017731 secs] [Times: user=0.00 sys=0.00, real=0.00 secs] 
Heap after GC invocations=1023 (full 0):
 PSYoungGen      total 518656K, used 192K [0x00000000e0400000, 0x0000000100000000, 0x0000000100000000)
  eden space 517120K, 0% used [0x00000000e0400000,0x00000000e0400000,0x00000000ffd00000)
  from space 1536K, 12% used [0x00000000ffd00000,0x00000000ffd30000,0x00000000ffe80000)
  to   space 1536K, 0% used [0x00000000ffe80000,0x00000000ffe80000,0x0000000100000000)
 ParOldGen       total 1040384K, used 93793K [0x00000000a0c00000, 0x00000000e0400000, 0x00000000e0400000)
  object space 1040384K, 9% used [0x00000000a0c00000,0x00000000a6798458,0x00000000e0400000)
 Metaspace       used 13044K, capacity 13234K, committed 13312K, reserved 1060864K
  class space    used 1469K, capacity 1501K, committed 1536K, reserved 1048576K
}
{Heap before GC invocations=1024 (full 0):
 PSYoungGen      total 518656K, used 517312K [0x00000000e0400000, 0x0000000100000000, 0x0000000100000000)
  eden space 517120K, 100% used [0x00000000e0400000,0x00000000ffd00000,0x00000000ffd00000)
  from space 1536K, 12% used [0x00000000ffd00000,0x00000000ffd30000,0x00000000ffe80000)
  to   space 1536K, 0% used [0x00000000ffe80000,0x00000000ffe80000,0x0000000100000000)
 ParOldGen       total 1040384K, used 93793K [0x00000000a0c00000, 0x00000000e0400000, 0x00000000e0400000)
  object space 1040384K, 9% used [0x00000000a0c00000,0x00000000a6798458,0x00000000e0400000)
 Metaspace       used 13044K, capacity 13234K, committed 13312K, reserved 1060864K
  class space    used 1469K, capacity 1501K, committed 1536K, reserved 1048576K
7156.173: [GC (Allocation Failure) [PSYoungGen: 517312K->160K(518656K)] 611105K->93953K(1559040K), 0.0017217 secs] [Times: user=0.00 sys=0.00, real=0.00 secs] 
Heap after GC invocations=1024 (full 0):
 PSYoungGen      total 518656K, used 160K [0x00000000e0400000, 0x0000000100000000, 0x0000000100000000)
  eden space 517120K, 0% used [0x00000000e0400000,0x00000000e0400000,0x00000000ffd00000)
  from space 1536K, 10% used [0x00000000ffe80000,0x00000000ffea8000,0x0000000100000000)
  to   space 1536K, 0% used [0x00000000ffd00000,0x00000000ffd00000,0x00000000ffe80000)
 ParOldGen       total 1040384K, used 93793K [0x00000000a0c00000, 0x00000000e0400000, 0x00000000e0400000)
  object space 1040384K, 9% used [0x00000000a0c00000,0x00000000a6798458,0x00000000e0400000)
 Metaspace       used 13044K, capacity 13234K, committed 13312K, reserved 1060864K
  class space    used 1469K, capacity 1501K, committed 1536K, reserved 1048576K
}
{Heap before GC invocations=1025 (full 0):
 PSYoungGen      total 518656K, used 517280K [0x00000000e0400000, 0x0000000100000000, 0x0000000100000000)
  eden space 517120K, 100% used [0x00000000e0400000,0x00000000ffd00000,0x00000000ffd00000)
  from space 1536K, 10% used [0x00000000ffe80000,0x00000000ffea8000,0x0000000100000000)
  to   space 1536K, 0% used [0x00000000ffd00000,0x00000000ffd00000,0x00000000ffe80000)
 ParOldGen       total 1040384K, used 93793K [0x00000000a0c00000, 0x00000000e0400000, 0x00000000e0400000)
  object space 1040384K, 9% used [0x00000000a0c00000,0x00000000a6798458,0x00000000e0400000)
 Metaspace       used 13044K, capacity 13234K, committed 13312K, reserved 1060864K
  class space    used 1469K, capacity 1501K, committed 1536K, reserved 1048576K
7163.169: [GC (Allocation Failure) [PSYoungGen: 517280K->160K(518656K)] 611073K->93953K(1559040K), 0.0017301 secs] [Times: user=0.00 sys=0.00, real=0.00 secs] 
Heap after GC invocations=1025 (full 0):
 PSYoungGen      total 518656K, used 160K [0x00000000e0400000, 0x0000000100000000, 0x0000000100000000)
  eden space 517120K, 0% used [0x00000000e0400000,0x00000000e0400000,0x00000000ffd00000)
  from space 1536K, 10% used [0x00000000ffd00000,0x00000000ffd28000,0x00000000ffe80000)
  to   space 1536K, 0% used [0x00000000ffe80000,0x00000000ffe80000,0x0000000100000000)
 ParOldGen       total 1040384K, used 93793K [0x00000000a0c00000, 0x00000000e0400000, 0x00000000e0400000)
  object space 1040384K, 9% used [0x00000000a0c00000,0x00000000a6798458,0x00000000e0400000)
 Metaspace       used 13044K, capacity 13234K, committed 13312K, reserved 1060864K
  class space    used 1469K, capacity 1501K, committed 1536K, reserved 1048576K
}
{Heap before GC invocations=1026 (full 0):
 PSYoungGen      total 518656K, used 517280K [0x00000000e0400000, 0x0000000100000000, 0x0000000100000000)
  eden space 517120K, 100% used [0x00000000e0400000,0x00000000ffd00000,0x00000000ffd00000)
  from space 1536K, 10% used [0x00000000ffd00000,0x00000000ffd28000,0x00000000ffe80000)
  to   space 1536K, 0% used [0x00000000ffe80000,0x00000000ffe80000,0x0000000100000000)
 ParOldGen       total 1040384K, used 93793K [0x00000000a0c00000, 0x00000000e0400000, 0x00000000e0400000)
  object space 1040384K, 9% used [0x00000000a0c00000,0x00000000a6798458,0x00000000e0400000)
 Metaspace       used 13044K, capacity 13234K, committed 13312K, reserved 1060864K
  class space    used 1469K, capacity 1501K, committed 1536K, reserved 1048576K
7170.155: [GC (Allocation Failure) [PSYoungGen: 517280K->160K(518656K)] 611073K->93953K(1559040K), 0.0018272 secs] [Times: user=0.00 sys=0.00, real=0.00 secs] 
Heap after GC invocations=1026 (full 0):
 PSYoungGen      total 518656K, used 160K [0x00000000e0400000, 0x0000000100000000, 0x0000000100000000)
  eden space 517120K, 0% used [0x00000000e0400000,0x00000000e0400000,0x00000000ffd00000)
  from space 1536K, 10% used [0x00000000ffe80000,0x00000000ffea8000,0x0000000100000000)
  to   space 1536K, 0% used [0x00000000ffd00000,0x00000000ffd00000,0x00000000ffe80000)
 ParOldGen       total 1040384K, used 93793K [0x00000000a0c00000, 0x00000000e0400000, 0x00000000e0400000)
  object space 1040384K, 9% used [0x00000000a0c00000,0x00000000a6798458,0x00000000e0400000)
 Metaspace       used 13044K, capacity 13234K, committed 13312K, reserved 1060864K
  class space    used 1469K, capacity 1501K, committed 1536K, reserved 1048576K
}
{Heap before GC invocations=1027 (full 0):
 PSYoungGen      total 518656K, used 517280K [0x00000000e0400000, 0x0000000100000000, 0x0000000100000000)
  eden space 517120K, 100% used [0x00000000e0400000,0x00000000ffd00000,0x00000000ffd00000)
  from space 1536K, 10% used [0x00000000ffe80000,0x00000000ffea8000,0x0000000100000000)
  to   space 1536K, 0% used [0x00000000ffd00000,0x00000000ffd00000,0x00000000ffe80000)
 ParOldGen       total 1040384K, used 93793K [0x00000000a0c00000, 0x00000000e0400000, 0x00000000e0400000)
  object space 1040384K, 9% used [0x00000000a0c00000,0x00000000a6798458,0x00000000e0400000)
 Metaspace       used 13044K, capacity 13234K, committed 13312K, reserved 1060864K
  class space    used 1469K, capacity 1501K, committed 1536K, reserved 1048576K
7177.171: [GC (Allocation Failure) [PSYoungGen: 517280K->992K(518656K)] 611073K->94785K(1559040K), 0.0021627 secs] [Times: user=0.00 sys=0.00, real=0.00 secs] 
Heap after GC invocations=1027 (full 0):
 PSYoungGen      total 518656K, used 992K [0x00000000e0400000, 0x0000000100000000, 0x0000000100000000)
  eden space 517120K, 0% used [0x00000000e0400000,0x00000000e0400000,0x00000000ffd00000)
  from space 1536K, 64% used [0x00000000ffd00000,0x00000000ffdf8000,0x00000000ffe80000)
  to   space 1536K, 0% used [0x00000000ffe80000,0x00000000ffe80000,0x0000000100000000)
 ParOldGen       total 1040384K, used 93793K [0x00000000a0c00000, 0x00000000e0400000, 0x00000000e0400000)
  object space 1040384K, 9% used [0x00000000a0c00000,0x00000000a6798458,0x00000000e0400000)
 Metaspace       used 13044K, capacity 13234K, committed 13312K, reserved 1060864K
  class space    used 1469K, capacity 1501K, committed 1536K, reserved 1048576K
}
{Heap before GC invocations=1028 (full 0):
 PSYoungGen      total 518656K, used 518112K [0x00000000e0400000, 0x0000000100000000, 0x0000000100000000)
  eden space 517120K, 100% used [0x00000000e0400000,0x00000000ffd00000,0x00000000ffd00000)
  from space 1536K, 64% used [0x00000000ffd00000,0x00000000ffdf8000,0x00000000ffe80000)
  to   space 1536K, 0% used [0x00000000ffe80000,0x00000000ffe80000,0x0000000100000000)
 ParOldGen       total 1040384K, used 93793K [0x00000000a0c00000, 0x00000000e0400000, 0x00000000e0400000)
  object space 1040384K, 9% used [0x00000000a0c00000,0x00000000a6798458,0x00000000e0400000)
 Metaspace       used 13044K, capacity 13234K, committed 13312K, reserved 1060864K
  class space    used 1469K, capacity 1501K, committed 1536K, reserved 1048576K
7184.143: [GC (Allocation Failure) [PSYoungGen: 518112K->128K(518656K)] 611905K->93929K(1559040K), 0.0018999 secs] [Times: user=0.00 sys=0.00, real=0.00 secs] 
Heap after GC invocations=1028 (full 0):
 PSYoungGen      total 518656K, used 128K [0x00000000e0400000, 0x0000000100000000, 0x0000000100000000)
  eden space 517120K, 0% used [0x00000000e0400000,0x00000000e0400000,0x00000000ffd00000)
  from space 1536K, 8% used [0x00000000ffe80000,0x00000000ffea0000,0x0000000100000000)
  to   space 1536K, 0% used [0x00000000ffd00000,0x00000000ffd00000,0x00000000ffe80000)
 ParOldGen       total 1040384K, used 93801K [0x00000000a0c00000, 0x00000000e0400000, 0x00000000e0400000)
  object space 1040384K, 9% used [0x00000000a0c00000,0x00000000a679a458,0x00000000e0400000)
 Metaspace       used 13044K, capacity 13234K, committed 13312K, reserved 1060864K
  class space    used 1469K, capacity 1501K, committed 1536K, reserved 1048576K
}
{Heap before GC invocations=1029 (full 0):
 PSYoungGen      total 518656K, used 517248K [0x00000000e0400000, 0x0000000100000000, 0x0000000100000000)
  eden space 517120K, 100% used [0x00000000e0400000,0x00000000ffd00000,0x00000000ffd00000)
  from space 1536K, 8% used [0x00000000ffe80000,0x00000000ffea0000,0x0000000100000000)
  to   space 1536K, 0% used [0x00000000ffd00000,0x00000000ffd00000,0x00000000ffe80000)
 ParOldGen       total 1040384K, used 93801K [0x00000000a0c00000, 0x00000000e0400000, 0x00000000e0400000)
  object space 1040384K, 9% used [0x00000000a0c00000,0x00000000a679a458,0x00000000e0400000)
 Metaspace       used 13044K, capacity 13234K, committed 13312K, reserved 1060864K
  class space    used 1469K, capacity 1501K, committed 1536K, reserved 1048576K
7191.119: [GC (Allocation Failure) [PSYoungGen: 517248K->160K(518656K)] 611049K->93961K(1559040K), 0.0017224 secs] [Times: user=0.00 sys=0.00, real=0.00 secs] 
Heap after GC invocations=1029 (full 0):
 PSYoungGen      total 518656K, used 160K [0x00000000e0400000, 0x0000000100000000, 0x0000000100000000)
  eden space 517120K, 0% used [0x00000000e0400000,0x00000000e0400000,0x00000000ffd00000)
  from space 1536K, 10% used [0x00000000ffd00000,0x00000000ffd28000,0x00000000ffe80000)
  to   space 1536K, 0% used [0x00000000ffe80000,0x00000000ffe80000,0x0000000100000000)
 ParOldGen       total 1040384K, used 93801K [0x00000000a0c00000, 0x00000000e0400000, 0x00000000e0400000)
  object space 1040384K, 9% used [0x00000000a0c00000,0x00000000a679a458,0x00000000e0400000)
 Metaspace       used 13044K, capacity 13234K, committed 13312K, reserved 1060864K
  class space    used 1469K, capacity 1501K, committed 1536K, reserved 1048576K
}
{Heap before GC invocations=1030 (full 0):
 PSYoungGen      total 518656K, used 517280K [0x00000000e0400000, 0x0000000100000000, 0x0000000100000000)
  eden space 517120K, 100% used [0x00000000e0400000,0x00000000ffd00000,0x00000000ffd00000)
  from space 1536K, 10% used [0x00000000ffd00000,0x00000000ffd28000,0x00000000ffe80000)
  to   space 1536K, 0% used [0x00000000ffe80000,0x00000000ffe80000,0x0000000100000000)
 ParOldGen       total 1040384K, used 93801K [0x00000000a0c00000, 0x00000000e0400000, 0x00000000e0400000)
  object space 1040384K, 9% used [0x00000000a0c00000,0x00000000a679a458,0x00000000e0400000)
 Metaspace       used 13044K, capacity 13234K, committed 13312K, reserved 1060864K
  class space    used 1469K, capacity 1501K, committed 1536K, reserved 1048576K
7198.247: [GC (Allocation Failure) [PSYoungGen: 517280K->192K(518656K)] 611081K->93993K(1559040K), 0.0014148 secs] [Times: user=0.00 sys=0.00, real=0.00 secs] 
Heap after GC invocations=1030 (full 0):
 PSYoungGen      total 518656K, used 192K [0x00000000e0400000, 0x0000000100000000, 0x0000000100000000)
  eden space 517120K, 0% used [0x00000000e0400000,0x00000000e0400000,0x00000000ffd00000)
  from space 1536K, 12% used [0x00000000ffe80000,0x00000000ffeb0000,0x0000000100000000)
  to   space 1536K, 0% used [0x00000000ffd00000,0x00000000ffd00000,0x00000000ffe80000)
 ParOldGen       total 1040384K, used 93801K [0x00000000a0c00000, 0x00000000e0400000, 0x00000000e0400000)
  object space 1040384K, 9% used [0x00000000a0c00000,0x00000000a679a458,0x00000000e0400000)
 Metaspace       used 13044K, capacity 13234K, committed 13312K, reserved 1060864K
  class space    used 1469K, capacity 1501K, committed 1536K, reserved 1048576K
}
{Heap before GC invocations=1031 (full 0):
 PSYoungGen      total 518656K, used 517312K [0x00000000e0400000, 0x0000000100000000, 0x0000000100000000)
  eden space 517120K, 100% used [0x00000000e0400000,0x00000000ffd00000,0x00000000ffd00000)
  from space 1536K, 12% used [0x00000000ffe80000,0x00000000ffeb0000,0x0000000100000000)
  to   space 1536K, 0% used [0x00000000ffd00000,0x00000000ffd00000,0x00000000ffe80000)
 ParOldGen       total 1040384K, used 93801K [0x00000000a0c00000, 0x00000000e0400000, 0x00000000e0400000)
  object space 1040384K, 9% used [0x00000000a0c00000,0x00000000a679a458,0x00000000e0400000)
 Metaspace       used 13044K, capacity 13234K, committed 13312K, reserved 1060864K
  class space    used 1469K, capacity 1501K, committed 1536K, reserved 1048576K
7205.205: [GC (Allocation Failure) [PSYoungGen: 517312K->192K(518656K)] 611113K->93993K(1559040K), 0.0013569 secs] [Times: user=0.00 sys=0.00, real=0.00 secs] 
Heap after GC invocations=1031 (full 0):
 PSYoungGen      total 518656K, used 192K [0x00000000e0400000, 0x0000000100000000, 0x0000000100000000)
  eden space 517120K, 0% used [0x00000000e0400000,0x00000000e0400000,0x00000000ffd00000)
  from space 1536K, 12% used [0x00000000ffd00000,0x00000000ffd30000,0x00000000ffe80000)
  to   space 1536K, 0% used [0x00000000ffe80000,0x00000000ffe80000,0x0000000100000000)
 ParOldGen       total 1040384K, used 93801K [0x00000000a0c00000, 0x00000000e0400000, 0x00000000e0400000)
  object space 1040384K, 9% used [0x00000000a0c00000,0x00000000a679a458,0x00000000e0400000)
 Metaspace       used 13044K, capacity 13234K, committed 13312K, reserved 1060864K
  class space    used 1469K, capacity 1501K, committed 1536K, reserved 1048576K
}
{Heap before GC invocations=1032 (full 0):
 PSYoungGen      total 518656K, used 517312K [0x00000000e0400000, 0x0000000100000000, 0x0000000100000000)
  eden space 517120K, 100% used [0x00000000e0400000,0x00000000ffd00000,0x00000000ffd00000)
  from space 1536K, 12% used [0x00000000ffd00000,0x00000000ffd30000,0x00000000ffe80000)
  to   space 1536K, 0% used [0x00000000ffe80000,0x00000000ffe80000,0x0000000100000000)
 ParOldGen       total 1040384K, used 93803K [0x00000000a0c00000, 0x00000000e0400000, 0x00000000e0400000)
  object space 1040384K, 9% used [0x00000000a0c00000,0x00000000a679acb0,0x00000000e0400000)
 Metaspace       used 13044K, capacity 13234K, committed 13312K, reserved 1060864K
  class space    used 1469K, capacity 1501K, committed 1536K, reserved 1048576K
7212.145: [GC (GCLocker Initiated GC) [PSYoungGen: 517312K->1120K(518656K)] 611115K->94931K(1559040K), 0.0019258 secs] [Times: user=0.11 sys=0.00, real=0.00 secs] 
Heap after GC invocations=1032 (full 0):
 PSYoungGen      total 518656K, used 1120K [0x00000000e0400000, 0x0000000100000000, 0x0000000100000000)
  eden space 517120K, 0% used [0x00000000e0400000,0x00000000e0400000,0x00000000ffd00000)
  from space 1536K, 72% used [0x00000000ffe80000,0x00000000fff98000,0x0000000100000000)
  to   space 1536K, 0% used [0x00000000ffd00000,0x00000000ffd00000,0x00000000ffe80000)
 ParOldGen       total 1040384K, used 93811K [0x00000000a0c00000, 0x00000000e0400000, 0x00000000e0400000)
  object space 1040384K, 9% used [0x00000000a0c00000,0x00000000a679ccb0,0x00000000e0400000)
 Metaspace       used 13044K, capacity 13234K, committed 13312K, reserved 1060864K
  class space    used 1469K, capacity 1501K, committed 1536K, reserved 1048576K
}
{Heap before GC invocations=1033 (full 0):
 PSYoungGen      total 518656K, used 518240K [0x00000000e0400000, 0x0000000100000000, 0x0000000100000000)
  eden space 517120K, 100% used [0x00000000e0400000,0x00000000ffd00000,0x00000000ffd00000)
  from space 1536K, 72% used [0x00000000ffe80000,0x00000000fff98000,0x0000000100000000)
  to   space 1536K, 0% used [0x00000000ffd00000,0x00000000ffd00000,0x00000000ffe80000)
 ParOldGen       total 1040384K, used 93814K [0x00000000a0c00000, 0x00000000e0400000, 0x00000000e0400000)
  object space 1040384K, 9% used [0x00000000a0c00000,0x00000000a679d958,0x00000000e0400000)
 Metaspace       used 13044K, capacity 13234K, committed 13312K, reserved 1060864K
  class space    used 1469K, capacity 1501K, committed 1536K, reserved 1048576K
7219.227: [GC (Allocation Failure) [PSYoungGen: 518240K->128K(518656K)] 612054K->93950K(1559040K), 0.0017768 secs] [Times: user=0.00 sys=0.00, real=0.00 secs] 
Heap after GC invocations=1033 (full 0):
 PSYoungGen      total 518656K, used 128K [0x00000000e0400000, 0x0000000100000000, 0x0000000100000000)
  eden space 517120K, 0% used [0x00000000e0400000,0x00000000e0400000,0x00000000ffd00000)
  from space 1536K, 8% used [0x00000000ffd00000,0x00000000ffd20000,0x00000000ffe80000)
  to   space 1536K, 0% used [0x00000000ffe80000,0x00000000ffe80000,0x0000000100000000)
 ParOldGen       total 1040384K, used 93822K [0x00000000a0c00000, 0x00000000e0400000, 0x00000000e0400000)
  object space 1040384K, 9% used [0x00000000a0c00000,0x00000000a679f958,0x00000000e0400000)
 Metaspace       used 13044K, capacity 13234K, committed 13312K, reserved 1060864K
  class space    used 1469K, capacity 1501K, committed 1536K, reserved 1048576K
}
{Heap before GC invocations=1034 (full 0):
 PSYoungGen      total 518656K, used 517248K [0x00000000e0400000, 0x0000000100000000, 0x0000000100000000)
  eden space 517120K, 100% used [0x00000000e0400000,0x00000000ffd00000,0x00000000ffd00000)
  from space 1536K, 8% used [0x00000000ffd00000,0x00000000ffd20000,0x00000000ffe80000)
  to   space 1536K, 0% used [0x00000000ffe80000,0x00000000ffe80000,0x0000000100000000)
 ParOldGen       total 1040384K, used 93822K [0x00000000a0c00000, 0x00000000e0400000, 0x00000000e0400000)
  object space 1040384K, 9% used [0x00000000a0c00000,0x00000000a679f958,0x00000000e0400000)
 Metaspace       used 13044K, capacity 13234K, committed 13312K, reserved 1060864K
  class space    used 1469K, capacity 1501K, committed 1536K, reserved 1048576K
7226.127: [GC (Allocation Failure) [PSYoungGen: 517248K->160K(518656K)] 611070K->93998K(1559040K), 0.0018682 secs] [Times: user=0.00 sys=0.00, real=0.00 secs] 
Heap after GC invocations=1034 (full 0):
 PSYoungGen      total 518656K, used 160K [0x00000000e0400000, 0x0000000100000000, 0x0000000100000000)
  eden space 517120K, 0% used [0x00000000e0400000,0x00000000e0400000,0x00000000ffd00000)
  from space 1536K, 10% used [0x00000000ffe80000,0x00000000ffea8000,0x0000000100000000)
  to   space 1536K, 0% used [0x00000000ffd00000,0x00000000ffd00000,0x00000000ffe80000)
 ParOldGen       total 1040384K, used 93838K [0x00000000a0c00000, 0x00000000e0400000, 0x00000000e0400000)
  object space 1040384K, 9% used [0x00000000a0c00000,0x00000000a67a3958,0x00000000e0400000)
 Metaspace       used 13044K, capacity 13234K, committed 13312K, reserved 1060864K
  class space    used 1469K, capacity 1501K, committed 1536K, reserved 1048576K
}
{Heap before GC invocations=1035 (full 0):
 PSYoungGen      total 518656K, used 517280K [0x00000000e0400000, 0x0000000100000000, 0x0000000100000000)
  eden space 517120K, 100% used [0x00000000e0400000,0x00000000ffd00000,0x00000000ffd00000)
  from space 1536K, 10% used [0x00000000ffe80000,0x00000000ffea8000,0x0000000100000000)
  to   space 1536K, 0% used [0x00000000ffd00000,0x00000000ffd00000,0x00000000ffe80000)
 ParOldGen       total 1040384K, used 93838K [0x00000000a0c00000, 0x00000000e0400000, 0x00000000e0400000)
  object space 1040384K, 9% used [0x00000000a0c00000,0x00000000a67a3958,0x00000000e0400000)
 Metaspace       used 13044K, capacity 13234K, committed 13312K, reserved 1060864K
  class space    used 1469K, capacity 1501K, committed 1536K, reserved 1048576K
7233.146: [GC (Allocation Failure) [PSYoungGen: 517280K->192K(518656K)] 611118K->94038K(1559040K), 0.0015924 secs] [Times: user=0.11 sys=0.00, real=0.00 secs] 
Heap after GC invocations=1035 (full 0):
 PSYoungGen      total 518656K, used 192K [0x00000000e0400000, 0x0000000100000000, 0x0000000100000000)
  eden space 517120K, 0% used [0x00000000e0400000,0x00000000e0400000,0x00000000ffd00000)
  from space 1536K, 12% used [0x00000000ffd00000,0x00000000ffd30000,0x00000000ffe80000)
  to   space 1536K, 0% used [0x00000000ffe80000,0x00000000ffe80000,0x0000000100000000)
 ParOldGen       total 1040384K, used 93846K [0x00000000a0c00000, 0x00000000e0400000, 0x00000000e0400000)
  object space 1040384K, 9% used [0x00000000a0c00000,0x00000000a67a5958,0x00000000e0400000)
 Metaspace       used 13044K, capacity 13234K, committed 13312K, reserved 1060864K
  class space    used 1469K, capacity 1501K, committed 1536K, reserved 1048576K
}
{Heap before GC invocations=1036 (full 0):
 PSYoungGen      total 518656K, used 517312K [0x00000000e0400000, 0x0000000100000000, 0x0000000100000000)
  eden space 517120K, 100% used [0x00000000e0400000,0x00000000ffd00000,0x00000000ffd00000)
  from space 1536K, 12% used [0x00000000ffd00000,0x00000000ffd30000,0x00000000ffe80000)
  to   space 1536K, 0% used [0x00000000ffe80000,0x00000000ffe80000,0x0000000100000000)
 ParOldGen       total 1040384K, used 93846K [0x00000000a0c00000, 0x00000000e0400000, 0x00000000e0400000)
  object space 1040384K, 9% used [0x00000000a0c00000,0x00000000a67a5958,0x00000000e0400000)
 Metaspace       used 13044K, capacity 13234K, committed 13312K, reserved 1060864K
  class space    used 1469K, capacity 1501K, committed 1536K, reserved 1048576K
7240.270: [GC (Allocation Failure) [PSYoungGen: 517312K->192K(518656K)] 611158K->94046K(1559040K), 0.0017351 secs] [Times: user=0.11 sys=0.00, real=0.00 secs] 
Heap after GC invocations=1036 (full 0):
 PSYoungGen      total 518656K, used 192K [0x00000000e0400000, 0x0000000100000000, 0x0000000100000000)
  eden space 517120K, 0% used [0x00000000e0400000,0x00000000e0400000,0x00000000ffd00000)
  from space 1536K, 12% used [0x00000000ffe80000,0x00000000ffeb0000,0x0000000100000000)
  to   space 1536K, 0% used [0x00000000ffd00000,0x00000000ffd00000,0x00000000ffe80000)
 ParOldGen       total 1040384K, used 93854K [0x00000000a0c00000, 0x00000000e0400000, 0x00000000e0400000)
  object space 1040384K, 9% used [0x00000000a0c00000,0x00000000a67a7958,0x00000000e0400000)
 Metaspace       used 13044K, capacity 13234K, committed 13312K, reserved 1060864K
  class space    used 1469K, capacity 1501K, committed 1536K, reserved 1048576K
}
{Heap before GC invocations=1037 (full 0):
 PSYoungGen      total 518656K, used 517312K [0x00000000e0400000, 0x0000000100000000, 0x0000000100000000)
  eden space 517120K, 100% used [0x00000000e0400000,0x00000000ffd00000,0x00000000ffd00000)
  from space 1536K, 12% used [0x00000000ffe80000,0x00000000ffeb0000,0x0000000100000000)
  to   space 1536K, 0% used [0x00000000ffd00000,0x00000000ffd00000,0x00000000ffe80000)
 ParOldGen       total 1040384K, used 93854K [0x00000000a0c00000, 0x00000000e0400000, 0x00000000e0400000)
  object space 1040384K, 9% used [0x00000000a0c00000,0x00000000a67a7958,0x00000000e0400000)
 Metaspace       used 13044K, capacity 13234K, committed 13312K, reserved 1060864K
  class space    used 1469K, capacity 1501K, committed 1536K, reserved 1048576K
7247.310: [GC (Allocation Failure) [PSYoungGen: 517312K->1056K(518656K)] 611166K->94910K(1559040K), 0.0018838 secs] [Times: user=0.00 sys=0.00, real=0.00 secs] 
Heap after GC invocations=1037 (full 0):
 PSYoungGen      total 518656K, used 1056K [0x00000000e0400000, 0x0000000100000000, 0x0000000100000000)
  eden space 517120K, 0% used [0x00000000e0400000,0x00000000e0400000,0x00000000ffd00000)
  from space 1536K, 68% used [0x00000000ffd00000,0x00000000ffe08000,0x00000000ffe80000)
  to   space 1536K, 0% used [0x00000000ffe80000,0x00000000ffe80000,0x0000000100000000)
 ParOldGen       total 1040384K, used 93854K [0x00000000a0c00000, 0x00000000e0400000, 0x00000000e0400000)
  object space 1040384K, 9% used [0x00000000a0c00000,0x00000000a67a7958,0x00000000e0400000)
 Metaspace       used 13044K, capacity 13234K, committed 13312K, reserved 1060864K
  class space    used 1469K, capacity 1501K, committed 1536K, reserved 1048576K
}
{Heap before GC invocations=1038 (full 0):
 PSYoungGen      total 518656K, used 518176K [0x00000000e0400000, 0x0000000100000000, 0x0000000100000000)
  eden space 517120K, 100% used [0x00000000e0400000,0x00000000ffd00000,0x00000000ffd00000)
  from space 1536K, 68% used [0x00000000ffd00000,0x00000000ffe08000,0x00000000ffe80000)
  to   space 1536K, 0% used [0x00000000ffe80000,0x00000000ffe80000,0x0000000100000000)
 ParOldGen       total 1040384K, used 93854K [0x00000000a0c00000, 0x00000000e0400000, 0x00000000e0400000)
  object space 1040384K, 9% used [0x00000000a0c00000,0x00000000a67a7958,0x00000000e0400000)
 Metaspace       used 13044K, capacity 13234K, committed 13312K, reserved 1060864K
  class space    used 1469K, capacity 1501K, committed 1536K, reserved 1048576K
7254.211: [GC (Allocation Failure) [PSYoungGen: 518176K->192K(518656K)] 612030K->94046K(1559040K), 0.0018623 secs] [Times: user=0.00 sys=0.00, real=0.00 secs] 
Heap after GC invocations=1038 (full 0):
 PSYoungGen      total 518656K, used 192K [0x00000000e0400000, 0x0000000100000000, 0x0000000100000000)
  eden space 517120K, 0% used [0x00000000e0400000,0x00000000e0400000,0x00000000ffd00000)
  from space 1536K, 12% used [0x00000000ffe80000,0x00000000ffeb0000,0x0000000100000000)
  to   space 1536K, 0% used [0x00000000ffd00000,0x00000000ffd00000,0x00000000ffe80000)
 ParOldGen       total 1040384K, used 93854K [0x00000000a0c00000, 0x00000000e0400000, 0x00000000e0400000)
  object space 1040384K, 9% used [0x00000000a0c00000,0x00000000a67a7958,0x00000000e0400000)
 Metaspace       used 13044K, capacity 13234K, committed 13312K, reserved 1060864K
  class space    used 1469K, capacity 1501K, committed 1536K, reserved 1048576K
}
{Heap before GC invocations=1039 (full 0):
 PSYoungGen      total 518656K, used 517312K [0x00000000e0400000, 0x0000000100000000, 0x0000000100000000)
  eden space 517120K, 100% used [0x00000000e0400000,0x00000000ffd00000,0x00000000ffd00000)
  from space 1536K, 12% used [0x00000000ffe80000,0x00000000ffeb0000,0x0000000100000000)
  to   space 1536K, 0% used [0x00000000ffd00000,0x00000000ffd00000,0x00000000ffe80000)
 ParOldGen       total 1040384K, used 93854K [0x00000000a0c00000, 0x00000000e0400000, 0x00000000e0400000)
  object space 1040384K, 9% used [0x00000000a0c00000,0x00000000a67a7958,0x00000000e0400000)
 Metaspace       used 13044K, capacity 13234K, committed 13312K, reserved 1060864K
  class space    used 1469K, capacity 1501K, committed 1536K, reserved 1048576K
7261.197: [GC (Allocation Failure) [PSYoungGen: 517312K->128K(518656K)] 611166K->93982K(1559040K), 0.0018256 secs] [Times: user=0.00 sys=0.00, real=0.00 secs] 
Heap after GC invocations=1039 (full 0):
 PSYoungGen      total 518656K, used 128K [0x00000000e0400000, 0x0000000100000000, 0x0000000100000000)
  eden space 517120K, 0% used [0x00000000e0400000,0x00000000e0400000,0x00000000ffd00000)
  from space 1536K, 8% used [0x00000000ffd00000,0x00000000ffd20000,0x00000000ffe80000)
  to   space 1536K, 0% used [0x00000000ffe80000,0x00000000ffe80000,0x0000000100000000)
 ParOldGen       total 1040384K, used 93854K [0x00000000a0c00000, 0x00000000e0400000, 0x00000000e0400000)
  object space 1040384K, 9% used [0x00000000a0c00000,0x00000000a67a7958,0x00000000e0400000)
 Metaspace       used 13044K, capacity 13234K, committed 13312K, reserved 1060864K
  class space    used 1469K, capacity 1501K, committed 1536K, reserved 1048576K
}
{Heap before GC invocations=1040 (full 0):
 PSYoungGen      total 518656K, used 517248K [0x00000000e0400000, 0x0000000100000000, 0x0000000100000000)
  eden space 517120K, 100% used [0x00000000e0400000,0x00000000ffd00000,0x00000000ffd00000)
  from space 1536K, 8% used [0x00000000ffd00000,0x00000000ffd20000,0x00000000ffe80000)
  to   space 1536K, 0% used [0x00000000ffe80000,0x00000000ffe80000,0x0000000100000000)
 ParOldGen       total 1040384K, used 93854K [0x00000000a0c00000, 0x00000000e0400000, 0x00000000e0400000)
  object space 1040384K, 9% used [0x00000000a0c00000,0x00000000a67a7958,0x00000000e0400000)
 Metaspace       used 13044K, capacity 13234K, committed 13312K, reserved 1060864K
  class space    used 1469K, capacity 1501K, committed 1536K, reserved 1048576K
7268.253: [GC (Allocation Failure) [PSYoungGen: 517248K->224K(518656K)] 611102K->94078K(1559040K), 0.0013327 secs] [Times: user=0.00 sys=0.00, real=0.00 secs] 
Heap after GC invocations=1040 (full 0):
 PSYoungGen      total 518656K, used 224K [0x00000000e0400000, 0x0000000100000000, 0x0000000100000000)
  eden space 517120K, 0% used [0x00000000e0400000,0x00000000e0400000,0x00000000ffd00000)
  from space 1536K, 14% used [0x00000000ffe80000,0x00000000ffeb8000,0x0000000100000000)
  to   space 1536K, 0% used [0x00000000ffd00000,0x00000000ffd00000,0x00000000ffe80000)
 ParOldGen       total 1040384K, used 93854K [0x00000000a0c00000, 0x00000000e0400000, 0x00000000e0400000)
  object space 1040384K, 9% used [0x00000000a0c00000,0x00000000a67a7958,0x00000000e0400000)
 Metaspace       used 13044K, capacity 13234K, committed 13312K, reserved 1060864K
  class space    used 1469K, capacity 1501K, committed 1536K, reserved 1048576K
}
{Heap before GC invocations=1041 (full 0):
 PSYoungGen      total 518656K, used 517344K [0x00000000e0400000, 0x0000000100000000, 0x0000000100000000)
  eden space 517120K, 100% used [0x00000000e0400000,0x00000000ffd00000,0x00000000ffd00000)
  from space 1536K, 14% used [0x00000000ffe80000,0x00000000ffeb8000,0x0000000100000000)
  to   space 1536K, 0% used [0x00000000ffd00000,0x00000000ffd00000,0x00000000ffe80000)
 ParOldGen       total 1040384K, used 93854K [0x00000000a0c00000, 0x00000000e0400000, 0x00000000e0400000)
  object space 1040384K, 9% used [0x00000000a0c00000,0x00000000a67a7958,0x00000000e0400000)
 Metaspace       used 13044K, capacity 13234K, committed 13312K, reserved 1060864K
  class space    used 1469K, capacity 1501K, committed 1536K, reserved 1048576K
7275.192: [GC (Allocation Failure) [PSYoungGen: 517344K->224K(518656K)] 611198K->94086K(1559040K), 0.0013501 secs] [Times: user=0.13 sys=0.00, real=0.00 secs] 
Heap after GC invocations=1041 (full 0):
 PSYoungGen      total 518656K, used 224K [0x00000000e0400000, 0x0000000100000000, 0x0000000100000000)
  eden space 517120K, 0% used [0x00000000e0400000,0x00000000e0400000,0x00000000ffd00000)
  from space 1536K, 14% used [0x00000000ffd00000,0x00000000ffd38000,0x00000000ffe80000)
  to   space 1536K, 0% used [0x00000000ffe80000,0x00000000ffe80000,0x0000000100000000)
 ParOldGen       total 1040384K, used 93862K [0x00000000a0c00000, 0x00000000e0400000, 0x00000000e0400000)
  object space 1040384K, 9% used [0x00000000a0c00000,0x00000000a67a9958,0x00000000e0400000)
 Metaspace       used 13044K, capacity 13234K, committed 13312K, reserved 1060864K
  class space    used 1469K, capacity 1501K, committed 1536K, reserved 1048576K
}
{Heap before GC invocations=1042 (full 0):
 PSYoungGen      total 518656K, used 517344K [0x00000000e0400000, 0x0000000100000000, 0x0000000100000000)
  eden space 517120K, 100% used [0x00000000e0400000,0x00000000ffd00000,0x00000000ffd00000)
  from space 1536K, 14% used [0x00000000ffd00000,0x00000000ffd38000,0x00000000ffe80000)
  to   space 1536K, 0% used [0x00000000ffe80000,0x00000000ffe80000,0x0000000100000000)
 ParOldGen       total 1040384K, used 93862K [0x00000000a0c00000, 0x00000000e0400000, 0x00000000e0400000)
  object space 1040384K, 9% used [0x00000000a0c00000,0x00000000a67a99b8,0x00000000e0400000)
 Metaspace       used 13044K, capacity 13234K, committed 13312K, reserved 1060864K
  class space    used 1469K, capacity 1501K, committed 1536K, reserved 1048576K
7282.193: [GC (GCLocker Initiated GC) [PSYoungGen: 517344K->1408K(518656K)] 611206K->95270K(1559040K), 0.0025098 secs] [Times: user=0.00 sys=0.00, real=0.00 secs] 
Heap after GC invocations=1042 (full 0):
 PSYoungGen      total 518656K, used 1408K [0x00000000e0400000, 0x0000000100000000, 0x0000000100000000)
  eden space 517120K, 0% used [0x00000000e0400000,0x00000000e0400000,0x00000000ffd00000)
  from space 1536K, 91% used [0x00000000ffe80000,0x00000000fffe0000,0x0000000100000000)
  to   space 1536K, 0% used [0x00000000ffd00000,0x00000000ffd00000,0x00000000ffe80000)
 ParOldGen       total 1040384K, used 93862K [0x00000000a0c00000, 0x00000000e0400000, 0x00000000e0400000)
  object space 1040384K, 9% used [0x00000000a0c00000,0x00000000a67a99b8,0x00000000e0400000)
 Metaspace       used 13044K, capacity 13234K, committed 13312K, reserved 1060864K
  class space    used 1469K, capacity 1501K, committed 1536K, reserved 1048576K
}
{Heap before GC invocations=1043 (full 0):
 PSYoungGen      total 518656K, used 518528K [0x00000000e0400000, 0x0000000100000000, 0x0000000100000000)
  eden space 517120K, 100% used [0x00000000e0400000,0x00000000ffd00000,0x00000000ffd00000)
  from space 1536K, 91% used [0x00000000ffe80000,0x00000000fffe0000,0x0000000100000000)
  to   space 1536K, 0% used [0x00000000ffd00000,0x00000000ffd00000,0x00000000ffe80000)
 ParOldGen       total 1040384K, used 93865K [0x00000000a0c00000, 0x00000000e0400000, 0x00000000e0400000)
  object space 1040384K, 9% used [0x00000000a0c00000,0x00000000a67aa798,0x00000000e0400000)
 Metaspace       used 13044K, capacity 13234K, committed 13312K, reserved 1060864K
  class space    used 1469K, capacity 1501K, committed 1536K, reserved 1048576K
7289.208: [GC (Allocation Failure) [PSYoungGen: 518528K->192K(518656K)] 612393K->94081K(1559040K), 0.0014658 secs] [Times: user=0.11 sys=0.00, real=0.00 secs] 
Heap after GC invocations=1043 (full 0):
 PSYoungGen      total 518656K, used 192K [0x00000000e0400000, 0x0000000100000000, 0x0000000100000000)
  eden space 517120K, 0% used [0x00000000e0400000,0x00000000e0400000,0x00000000ffd00000)
  from space 1536K, 12% used [0x00000000ffd00000,0x00000000ffd30000,0x00000000ffe80000)
  to   space 1536K, 0% used [0x00000000ffe80000,0x00000000ffe80000,0x0000000100000000)
 ParOldGen       total 1040384K, used 93889K [0x00000000a0c00000, 0x00000000e0400000, 0x00000000e0400000)
  object space 1040384K, 9% used [0x00000000a0c00000,0x00000000a67b0798,0x00000000e0400000)
 Metaspace       used 13044K, capacity 13234K, committed 13312K, reserved 1060864K
  class space    used 1469K, capacity 1501K, committed 1536K, reserved 1048576K
}
{Heap before GC invocations=1044 (full 0):
 PSYoungGen      total 518656K, used 517312K [0x00000000e0400000, 0x0000000100000000, 0x0000000100000000)
  eden space 517120K, 100% used [0x00000000e0400000,0x00000000ffd00000,0x00000000ffd00000)
  from space 1536K, 12% used [0x00000000ffd00000,0x00000000ffd30000,0x00000000ffe80000)
  to   space 1536K, 0% used [0x00000000ffe80000,0x00000000ffe80000,0x0000000100000000)
 ParOldGen       total 1040384K, used 93889K [0x00000000a0c00000, 0x00000000e0400000, 0x00000000e0400000)
  object space 1040384K, 9% used [0x00000000a0c00000,0x00000000a67b0798,0x00000000e0400000)
 Metaspace       used 13044K, capacity 13234K, committed 13312K, reserved 1060864K
  class space    used 1469K, capacity 1501K, committed 1536K, reserved 1048576K
7296.118: [GC (Allocation Failure) [PSYoungGen: 517312K->64K(518656K)] 611201K->93953K(1559040K), 0.0020085 secs] [Times: user=0.00 sys=0.00, real=0.00 secs] 
Heap after GC invocations=1044 (full 0):
 PSYoungGen      total 518656K, used 64K [0x00000000e0400000, 0x0000000100000000, 0x0000000100000000)
  eden space 517120K, 0% used [0x00000000e0400000,0x00000000e0400000,0x00000000ffd00000)
  from space 1536K, 4% used [0x00000000ffe80000,0x00000000ffe90000,0x0000000100000000)
  to   space 1536K, 0% used [0x00000000ffd00000,0x00000000ffd00000,0x00000000ffe80000)
 ParOldGen       total 1040384K, used 93889K [0x00000000a0c00000, 0x00000000e0400000, 0x00000000e0400000)
  object space 1040384K, 9% used [0x00000000a0c00000,0x00000000a67b0798,0x00000000e0400000)
 Metaspace       used 13044K, capacity 13234K, committed 13312K, reserved 1060864K
  class space    used 1469K, capacity 1501K, committed 1536K, reserved 1048576K
}
{Heap before GC invocations=1045 (full 0):
 PSYoungGen      total 518656K, used 517184K [0x00000000e0400000, 0x0000000100000000, 0x0000000100000000)
  eden space 517120K, 100% used [0x00000000e0400000,0x00000000ffd00000,0x00000000ffd00000)
  from space 1536K, 4% used [0x00000000ffe80000,0x00000000ffe90000,0x0000000100000000)
  to   space 1536K, 0% used [0x00000000ffd00000,0x00000000ffd00000,0x00000000ffe80000)
 ParOldGen       total 1040384K, used 93889K [0x00000000a0c00000, 0x00000000e0400000, 0x00000000e0400000)
  object space 1040384K, 9% used [0x00000000a0c00000,0x00000000a67b0798,0x00000000e0400000)
 Metaspace       used 13044K, capacity 13234K, committed 13312K, reserved 1060864K
  class space    used 1469K, capacity 1501K, committed 1536K, reserved 1048576K
7303.231: [GC (Allocation Failure) [PSYoungGen: 517184K->192K(518656K)] 611073K->94097K(1559040K), 0.0014117 secs] [Times: user=0.00 sys=0.00, real=0.00 secs] 
Heap after GC invocations=1045 (full 0):
 PSYoungGen      total 518656K, used 192K [0x00000000e0400000, 0x0000000100000000, 0x0000000100000000)
  eden space 517120K, 0% used [0x00000000e0400000,0x00000000e0400000,0x00000000ffd00000)
  from space 1536K, 12% used [0x00000000ffd00000,0x00000000ffd30000,0x00000000ffe80000)
  to   space 1536K, 0% used [0x00000000ffe80000,0x00000000ffe80000,0x0000000100000000)
 ParOldGen       total 1040384K, used 93905K [0x00000000a0c00000, 0x00000000e0400000, 0x00000000e0400000)
  object space 1040384K, 9% used [0x00000000a0c00000,0x00000000a67b4798,0x00000000e0400000)
 Metaspace       used 13044K, capacity 13234K, committed 13312K, reserved 1060864K
  class space    used 1469K, capacity 1501K, committed 1536K, reserved 1048576K
}
{Heap before GC invocations=1046 (full 0):
 PSYoungGen      total 518656K, used 517312K [0x00000000e0400000, 0x0000000100000000, 0x0000000100000000)
  eden space 517120K, 100% used [0x00000000e0400000,0x00000000ffd00000,0x00000000ffd00000)
  from space 1536K, 12% used [0x00000000ffd00000,0x00000000ffd30000,0x00000000ffe80000)
  to   space 1536K, 0% used [0x00000000ffe80000,0x00000000ffe80000,0x0000000100000000)
 ParOldGen       total 1040384K, used 93905K [0x00000000a0c00000, 0x00000000e0400000, 0x00000000e0400000)
  object space 1040384K, 9% used [0x00000000a0c00000,0x00000000a67b4798,0x00000000e0400000)
 Metaspace       used 13044K, capacity 13234K, committed 13312K, reserved 1060864K
  class space    used 1469K, capacity 1501K, committed 1536K, reserved 1048576K
7310.193: [GC (Allocation Failure) [PSYoungGen: 517312K->128K(518656K)] 611217K->94033K(1559040K), 0.0019059 secs] [Times: user=0.00 sys=0.00, real=0.00 secs] 
Heap after GC invocations=1046 (full 0):
 PSYoungGen      total 518656K, used 128K [0x00000000e0400000, 0x0000000100000000, 0x0000000100000000)
  eden space 517120K, 0% used [0x00000000e0400000,0x00000000e0400000,0x00000000ffd00000)
  from space 1536K, 8% used [0x00000000ffe80000,0x00000000ffea0000,0x0000000100000000)
  to   space 1536K, 0% used [0x00000000ffd00000,0x00000000ffd00000,0x00000000ffe80000)
 ParOldGen       total 1040384K, used 93905K [0x00000000a0c00000, 0x00000000e0400000, 0x00000000e0400000)
  object space 1040384K, 9% used [0x00000000a0c00000,0x00000000a67b4798,0x00000000e0400000)
 Metaspace       used 13044K, capacity 13234K, committed 13312K, reserved 1060864K
  class space    used 1469K, capacity 1501K, committed 1536K, reserved 1048576K
}
{Heap before GC invocations=1047 (full 0):
 PSYoungGen      total 518656K, used 517248K [0x00000000e0400000, 0x0000000100000000, 0x0000000100000000)
  eden space 517120K, 100% used [0x00000000e0400000,0x00000000ffd00000,0x00000000ffd00000)
  from space 1536K, 8% used [0x00000000ffe80000,0x00000000ffea0000,0x0000000100000000)
  to   space 1536K, 0% used [0x00000000ffd00000,0x00000000ffd00000,0x00000000ffe80000)
 ParOldGen       total 1040384K, used 93905K [0x00000000a0c00000, 0x00000000e0400000, 0x00000000e0400000)
  object space 1040384K, 9% used [0x00000000a0c00000,0x00000000a67b47f0,0x00000000e0400000)
 Metaspace       used 13044K, capacity 13234K, committed 13312K, reserved 1060864K
  class space    used 1469K, capacity 1501K, committed 1536K, reserved 1048576K
7317.271: [GC (GCLocker Initiated GC) [PSYoungGen: 517248K->1248K(518656K)] 611153K->95153K(1559040K), 0.0019718 secs] [Times: user=0.00 sys=0.00, real=0.00 secs] 
Heap after GC invocations=1047 (full 0):
 PSYoungGen      total 518656K, used 1248K [0x00000000e0400000, 0x0000000100000000, 0x0000000100000000)
  eden space 517120K, 0% used [0x00000000e0400000,0x00000000e0400000,0x00000000ffd00000)
  from space 1536K, 81% used [0x00000000ffd00000,0x00000000ffe38000,0x00000000ffe80000)
  to   space 1536K, 0% used [0x00000000ffe80000,0x00000000ffe80000,0x0000000100000000)
 ParOldGen       total 1040384K, used 93905K [0x00000000a0c00000, 0x00000000e0400000, 0x00000000e0400000)
  object space 1040384K, 9% used [0x00000000a0c00000,0x00000000a67b47f0,0x00000000e0400000)
 Metaspace       used 13044K, capacity 13234K, committed 13312K, reserved 1060864K
  class space    used 1469K, capacity 1501K, committed 1536K, reserved 1048576K
}
{Heap before GC invocations=1048 (full 0):
 PSYoungGen      total 518656K, used 518368K [0x00000000e0400000, 0x0000000100000000, 0x0000000100000000)
  eden space 517120K, 100% used [0x00000000e0400000,0x00000000ffd00000,0x00000000ffd00000)
  from space 1536K, 81% used [0x00000000ffd00000,0x00000000ffe38000,0x00000000ffe80000)
  to   space 1536K, 0% used [0x00000000ffe80000,0x00000000ffe80000,0x0000000100000000)
 ParOldGen       total 1040384K, used 93909K [0x00000000a0c00000, 0x00000000e0400000, 0x00000000e0400000)
  object space 1040384K, 9% used [0x00000000a0c00000,0x00000000a67b5600,0x00000000e0400000)
 Metaspace       used 13044K, capacity 13234K, committed 13312K, reserved 1060864K
  class space    used 1469K, capacity 1501K, committed 1536K, reserved 1048576K
7324.205: [GC (Allocation Failure) [PSYoungGen: 518368K->192K(518656K)] 612277K->94117K(1559040K), 0.0016937 secs] [Times: user=0.00 sys=0.00, real=0.00 secs] 
Heap after GC invocations=1048 (full 0):
 PSYoungGen      total 518656K, used 192K [0x00000000e0400000, 0x0000000100000000, 0x0000000100000000)
  eden space 517120K, 0% used [0x00000000e0400000,0x00000000e0400000,0x00000000ffd00000)
  from space 1536K, 12% used [0x00000000ffe80000,0x00000000ffeb0000,0x0000000100000000)
  to   space 1536K, 0% used [0x00000000ffd00000,0x00000000ffd00000,0x00000000ffe80000)
 ParOldGen       total 1040384K, used 93925K [0x00000000a0c00000, 0x00000000e0400000, 0x00000000e0400000)
  object space 1040384K, 9% used [0x00000000a0c00000,0x00000000a67b9600,0x00000000e0400000)
 Metaspace       used 13044K, capacity 13234K, committed 13312K, reserved 1060864K
  class space    used 1469K, capacity 1501K, committed 1536K, reserved 1048576K
}
{Heap before GC invocations=1049 (full 0):
 PSYoungGen      total 518656K, used 517312K [0x00000000e0400000, 0x0000000100000000, 0x0000000100000000)
  eden space 517120K, 100% used [0x00000000e0400000,0x00000000ffd00000,0x00000000ffd00000)
  from space 1536K, 12% used [0x00000000ffe80000,0x00000000ffeb0000,0x0000000100000000)
  to   space 1536K, 0% used [0x00000000ffd00000,0x00000000ffd00000,0x00000000ffe80000)
 ParOldGen       total 1040384K, used 93925K [0x00000000a0c00000, 0x00000000e0400000, 0x00000000e0400000)
  object space 1040384K, 9% used [0x00000000a0c00000,0x00000000a67b9600,0x00000000e0400000)
 Metaspace       used 13044K, capacity 13234K, committed 13312K, reserved 1060864K
  class space    used 1469K, capacity 1501K, committed 1536K, reserved 1048576K
7331.273: [GC (Allocation Failure) [PSYoungGen: 517312K->192K(518656K)] 611237K->94133K(1559040K), 0.0017628 secs] [Times: user=0.00 sys=0.00, real=0.00 secs] 
Heap after GC invocations=1049 (full 0):
 PSYoungGen      total 518656K, used 192K [0x00000000e0400000, 0x0000000100000000, 0x0000000100000000)
  eden space 517120K, 0% used [0x00000000e0400000,0x00000000e0400000,0x00000000ffd00000)
  from space 1536K, 12% used [0x00000000ffd00000,0x00000000ffd30000,0x00000000ffe80000)
  to   space 1536K, 0% used [0x00000000ffe80000,0x00000000ffe80000,0x0000000100000000)
 ParOldGen       total 1040384K, used 93941K [0x00000000a0c00000, 0x00000000e0400000, 0x00000000e0400000)
  object space 1040384K, 9% used [0x00000000a0c00000,0x00000000a67bd600,0x00000000e0400000)
 Metaspace       used 13044K, capacity 13234K, committed 13312K, reserved 1060864K
  class space    used 1469K, capacity 1501K, committed 1536K, reserved 1048576K
}
{Heap before GC invocations=1050 (full 0):
 PSYoungGen      total 518656K, used 517312K [0x00000000e0400000, 0x0000000100000000, 0x0000000100000000)
  eden space 517120K, 100% used [0x00000000e0400000,0x00000000ffd00000,0x00000000ffd00000)
  from space 1536K, 12% used [0x00000000ffd00000,0x00000000ffd30000,0x00000000ffe80000)
  to   space 1536K, 0% used [0x00000000ffe80000,0x00000000ffe80000,0x0000000100000000)
 ParOldGen       total 1040384K, used 93941K [0x00000000a0c00000, 0x00000000e0400000, 0x00000000e0400000)
  object space 1040384K, 9% used [0x00000000a0c00000,0x00000000a67bd600,0x00000000e0400000)
 Metaspace       used 13044K, capacity 13234K, committed 13312K, reserved 1060864K
  class space    used 1469K, capacity 1501K, committed 1536K, reserved 1048576K
7338.186: [GC (Allocation Failure) [PSYoungGen: 517312K->160K(518656K)] 611253K->94117K(1559040K), 0.0019037 secs] [Times: user=0.00 sys=0.00, real=0.00 secs] 
Heap after GC invocations=1050 (full 0):
 PSYoungGen      total 518656K, used 160K [0x00000000e0400000, 0x0000000100000000, 0x0000000100000000)
  eden space 517120K, 0% used [0x00000000e0400000,0x00000000e0400000,0x00000000ffd00000)
  from space 1536K, 10% used [0x00000000ffe80000,0x00000000ffea8000,0x0000000100000000)
  to   space 1536K, 0% used [0x00000000ffd00000,0x00000000ffd00000,0x00000000ffe80000)
 ParOldGen       total 1040384K, used 93957K [0x00000000a0c00000, 0x00000000e0400000, 0x00000000e0400000)
  object space 1040384K, 9% used [0x00000000a0c00000,0x00000000a67c1600,0x00000000e0400000)
 Metaspace       used 13044K, capacity 13234K, committed 13312K, reserved 1060864K
  class space    used 1469K, capacity 1501K, committed 1536K, reserved 1048576K
}
{Heap before GC invocations=1051 (full 0):
 PSYoungGen      total 518656K, used 517280K [0x00000000e0400000, 0x0000000100000000, 0x0000000100000000)
  eden space 517120K, 100% used [0x00000000e0400000,0x00000000ffd00000,0x00000000ffd00000)
  from space 1536K, 10% used [0x00000000ffe80000,0x00000000ffea8000,0x0000000100000000)
  to   space 1536K, 0% used [0x00000000ffd00000,0x00000000ffd00000,0x00000000ffe80000)
 ParOldGen       total 1040384K, used 93957K [0x00000000a0c00000, 0x00000000e0400000, 0x00000000e0400000)
  object space 1040384K, 9% used [0x00000000a0c00000,0x00000000a67c1600,0x00000000e0400000)
 Metaspace       used 13044K, capacity 13234K, committed 13312K, reserved 1060864K
  class space    used 1469K, capacity 1501K, committed 1536K, reserved 1048576K
7345.187: [GC (Allocation Failure) [PSYoungGen: 517280K->288K(518656K)] 611237K->94245K(1559040K), 0.0018169 secs] [Times: user=0.00 sys=0.00, real=0.00 secs] 
Heap after GC invocations=1051 (full 0):
 PSYoungGen      total 518656K, used 288K [0x00000000e0400000, 0x0000000100000000, 0x0000000100000000)
  eden space 517120K, 0% used [0x00000000e0400000,0x00000000e0400000,0x00000000ffd00000)
  from space 1536K, 18% used [0x00000000ffd00000,0x00000000ffd48000,0x00000000ffe80000)
  to   space 1536K, 0% used [0x00000000ffe80000,0x00000000ffe80000,0x0000000100000000)
 ParOldGen       total 1040384K, used 93957K [0x00000000a0c00000, 0x00000000e0400000, 0x00000000e0400000)
  object space 1040384K, 9% used [0x00000000a0c00000,0x00000000a67c1600,0x00000000e0400000)
 Metaspace       used 13044K, capacity 13234K, committed 13312K, reserved 1060864K
  class space    used 1469K, capacity 1501K, committed 1536K, reserved 1048576K
}
Heap
 PSYoungGen      total 518656K, used 40698K [0x00000000e0400000, 0x0000000100000000, 0x0000000100000000)
  eden space 517120K, 7% used [0x00000000e0400000,0x00000000e2b76be0,0x00000000ffd00000)
  from space 1536K, 18% used [0x00000000ffd00000,0x00000000ffd48000,0x00000000ffe80000)
  to   space 1536K, 0% used [0x00000000ffe80000,0x00000000ffe80000,0x0000000100000000)
 ParOldGen       total 1040384K, used 93957K [0x00000000a0c00000, 0x00000000e0400000, 0x00000000e0400000)
  object space 1040384K, 9% used [0x00000000a0c00000,0x00000000a67c1600,0x00000000e0400000)
 Metaspace       used 13057K, capacity 13234K, committed 13312K, reserved 1060864K
  class space    used 1471K, capacity 1501K, committed 1536K, reserved 1048576K
